Modules list:
-------------
main.o:
    CODE              Offs=000000  Size=0013A6  Align=00001  Fill=0000
    RODATA            Offs=000000  Size=000656  Align=00001  Fill=0000
    BSS               Offs=000000  Size=0006FE  Align=00001  Fill=0000
    DATA              Offs=000000  Size=000053  Align=00001  Fill=0000
screen.o:
    CODE              Offs=0013A6  Size=00022A  Align=00001  Fill=0000
    BSS               Offs=0006FE  Size=000003  Align=00001  Fill=0000
cat.o:
    CODE              Offs=0015D0  Size=000366  Align=00001  Fill=0000
    RODATA            Offs=000656  Size=00001C  Align=00001  Fill=0000
dir.o:
    CODE              Offs=001936  Size=000AFE  Align=00001  Fill=0000
    RODATA            Offs=000672  Size=000030  Align=00001  Fill=0000
base.o:
    CODE              Offs=002434  Size=000031  Align=00001  Fill=0000
    RODATA            Offs=0006A2  Size=000024  Align=00001  Fill=0000
ops.o:
    CODE              Offs=002465  Size=001269  Align=00001  Fill=0000
    RODATA            Offs=0006C6  Size=0003D0  Align=00001  Fill=0000
    BSS               Offs=000701  Size=0000DA  Align=00001  Fill=0000
    DATA              Offs=000053  Size=0000D4  Align=00001  Fill=0000
db.o:
    CODE              Offs=0036CE  Size=000C51  Align=00001  Fill=0000
    RODATA            Offs=000A96  Size=0000CB  Align=00001  Fill=0000
    DATA              Offs=000127  Size=000001  Align=00001  Fill=0000
/mnt/l/cc65/lib/c128.lib(_afailed.o):
    CODE              Offs=00431F  Size=000032  Align=00001  Fill=0000
    RODATA            Offs=000B61  Size=00001C  Align=00001  Fill=0000
/mnt/l/cc65/lib/c128.lib(_cursor.o):
    BSS               Offs=0007DB  Size=000001  Align=00001  Fill=0000
/mnt/l/cc65/lib/c128.lib(_directerrno.o):
    CODE              Offs=004351  Size=00000A  Align=00001  Fill=0000
/mnt/l/cc65/lib/c128.lib(_fdesc.o):
    CODE              Offs=00435B  Size=00001D  Align=00001  Fill=0000
/mnt/l/cc65/lib/c128.lib(_file.o):
    DATA              Offs=000128  Size=00001E  Align=00001  Fill=0000
/mnt/l/cc65/lib/c128.lib(_fopen.o):
    CODE              Offs=004378  Size=00007B  Align=00001  Fill=0000
    BSS               Offs=0007DC  Size=000002  Align=00001  Fill=0000
/mnt/l/cc65/lib/c128.lib(_heap.o):
    DATA              Offs=000146  Size=00000A  Align=00001  Fill=0000
    ONCE              Offs=000000  Size=000010  Align=00001  Fill=0000
/mnt/l/cc65/lib/c128.lib(_hextab.o):
    RODATA            Offs=000B7D  Size=000010  Align=00001  Fill=0000
/mnt/l/cc65/lib/c128.lib(_longminstr.o):
    RODATA            Offs=000B8D  Size=00000C  Align=00001  Fill=0000
/mnt/l/cc65/lib/c128.lib(_mappederrno.o):
    CODE              Offs=0043F3  Size=000010  Align=00001  Fill=0000
/mnt/l/cc65/lib/c128.lib(_oserror.o):
    BSS               Offs=0007DE  Size=000001  Align=00001  Fill=0000
/mnt/l/cc65/lib/c128.lib(_printf.o):
    CODE              Offs=004403  Size=0003A5  Align=00001  Fill=0000
    BSS               Offs=0007DF  Size=00002B  Align=00001  Fill=0000
    DATA              Offs=000150  Size=000003  Align=00001  Fill=0000
/mnt/l/cc65/lib/c128.lib(_seterrno.o):
    CODE              Offs=0047A8  Size=000009  Align=00001  Fill=0000
/mnt/l/cc65/lib/c128.lib(add.o):
    CODE              Offs=0047B1  Size=00001C  Align=00001  Fill=0000
/mnt/l/cc65/lib/c128.lib(addeqsp.o):
    CODE              Offs=0047CD  Size=000011  Align=00001  Fill=0000
/mnt/l/cc65/lib/c128.lib(addysp.o):
    CODE              Offs=0047DE  Size=00000E  Align=00001  Fill=0000
/mnt/l/cc65/lib/c128.lib(aslax1.o):
    CODE              Offs=0047EC  Size=000008  Align=00001  Fill=0000
/mnt/l/cc65/lib/c128.lib(atoi.o):
    CODE              Offs=0047F4  Size=000091  Align=00001  Fill=0000
/mnt/l/cc65/lib/c128.lib(axlong.o):
    CODE              Offs=004885  Size=00000D  Align=00001  Fill=0000
/mnt/l/cc65/lib/c128.lib(bneg.o):
    CODE              Offs=004892  Size=00000E  Align=00001  Fill=0000
/mnt/l/cc65/lib/c128.lib(c_basin.o):
    CODE              Offs=0048A0  Size=000006  Align=00001  Fill=0000
/mnt/l/cc65/lib/c128.lib(c_chkin.o):
    CODE              Offs=0048A6  Size=00000A  Align=00001  Fill=0000
/mnt/l/cc65/lib/c128.lib(c_close.o):
    CODE              Offs=0048B0  Size=000004  Align=00001  Fill=0000
/mnt/l/cc65/lib/c128.lib(c_clrch.o):
/mnt/l/cc65/lib/c128.lib(c_open.o):
    CODE              Offs=0048B4  Size=000009  Align=00001  Fill=0000
/mnt/l/cc65/lib/c128.lib(c_readst.o):
    CODE              Offs=0048BD  Size=000006  Align=00001  Fill=0000
/mnt/l/cc65/lib/c128.lib(c_setlfs.o):
    CODE              Offs=0048C3  Size=00000E  Align=00001  Fill=0000
/mnt/l/cc65/lib/c128.lib(c_setnam.o):
    CODE              Offs=0048D1  Size=000013  Align=00001  Fill=0000
/mnt/l/cc65/lib/c128.lib(callmain.o):
    CODE              Offs=0048E4  Size=000017  Align=00001  Fill=0000
    DATA              Offs=000153  Size=000004  Align=00001  Fill=0000
/mnt/l/cc65/lib/c128.lib(calloc.o):
    CODE              Offs=0048FB  Size=000021  Align=00001  Fill=0000
    BSS               Offs=00080A  Size=000002  Align=00001  Fill=0000
/mnt/l/cc65/lib/c128.lib(cbm_close.o):
/mnt/l/cc65/lib/c128.lib(cbm_dir.o):
    CODE              Offs=00491C  Size=000287  Align=00001  Fill=0000
    RODATA            Offs=000B99  Size=00000E  Align=00001  Fill=0000
/mnt/l/cc65/lib/c128.lib(cbm_filetype.o):
    CODE              Offs=004BA3  Size=000013  Align=00001  Fill=0000
    RODATA            Offs=000BA7  Size=000014  Align=00001  Fill=0000
/mnt/l/cc65/lib/c128.lib(cbm_open.o):
    CODE              Offs=004BB6  Size=000016  Align=00001  Fill=0000
/mnt/l/cc65/lib/c128.lib(cbm_read.o):
    CODE              Offs=004BCC  Size=00005D  Align=00001  Fill=0000
/mnt/l/cc65/lib/c128.lib(cclear.o):
    CODE              Offs=004C29  Size=000015  Align=00001  Fill=0000
/mnt/l/cc65/lib/c128.lib(cgetc.o):
    CODE              Offs=004C3E  Size=000030  Align=00001  Fill=0000
    INIT              Offs=000000  Size=000002  Align=00001  Fill=0000
    ONCE              Offs=000010  Size=000013  Align=00001  Fill=0000
/mnt/l/cc65/lib/c128.lib(chline.o):
    CODE              Offs=004C6E  Size=000015  Align=00001  Fill=0000
/mnt/l/cc65/lib/c128.lib(clinechars.o):
/mnt/l/cc65/lib/c128.lib(close.o):
    CODE              Offs=004C83  Size=000038  Align=00001  Fill=0000
/mnt/l/cc65/lib/c128.lib(clrscr.o):
/mnt/l/cc65/lib/c128.lib(color.o):
    CODE              Offs=004CBB  Size=000060  Align=00001  Fill=0000
/mnt/l/cc65/lib/c128.lib(condes.o):
    CODE              Offs=004D1B  Size=00000C  Align=00001  Fill=0000
    DATA              Offs=000157  Size=000025  Align=00001  Fill=0000
    ONCE              Offs=000023  Size=00000C  Align=00001  Fill=0000
/mnt/l/cc65/lib/c128.lib(conio.o):
/mnt/l/cc65/lib/c128.lib(cprintf.o):
    CODE              Offs=004D27  Size=00002A  Align=00001  Fill=0000
    BSS               Offs=00080C  Size=000001  Align=00001  Fill=0000
/mnt/l/cc65/lib/c128.lib(cputc.o):
    CODE              Offs=004D51  Size=000049  Align=00001  Fill=0000
/mnt/l/cc65/lib/c128.lib(cputhex.o):
    CODE              Offs=004D9A  Size=00001C  Align=00001  Fill=0000
/mnt/l/cc65/lib/c128.lib(cputs.o):
    CODE              Offs=004DB6  Size=000023  Align=00001  Fill=0000
/mnt/l/cc65/lib/c128.lib(crt0.o):
    BSS               Offs=00080D  Size=000002  Align=00001  Fill=0000
    STARTUP           Offs=000000  Size=000051  Align=00001  Fill=0000
    INIT              Offs=000002  Size=00001A  Align=00001  Fill=0000
/mnt/l/cc65/lib/c128.lib(ctype.o):
    RODATA            Offs=000BBB  Size=00008B  Align=00001  Fill=0000
/mnt/l/cc65/lib/c128.lib(ctypemask.o):
    CODE              Offs=004DD9  Size=00001E  Align=00001  Fill=0000
/mnt/l/cc65/lib/c128.lib(curdevice.o):
    CODE              Offs=004DF7  Size=000006  Align=00001  Fill=0000
/mnt/l/cc65/lib/c128.lib(cursor.o):
    CODE              Offs=004DFD  Size=00000A  Align=00001  Fill=0000
/mnt/l/cc65/lib/c128.lib(cvline.o):
    CODE              Offs=004E07  Size=000018  Align=00001  Fill=0000
/mnt/l/cc65/lib/c128.lib(decax1.o):
    CODE              Offs=004E1F  Size=000007  Align=00001  Fill=0000
/mnt/l/cc65/lib/c128.lib(decax2.o):
    CODE              Offs=004E26  Size=000007  Align=00001  Fill=0000
/mnt/l/cc65/lib/c128.lib(decax3.o):
    CODE              Offs=004E2D  Size=000007  Align=00001  Fill=0000
/mnt/l/cc65/lib/c128.lib(decax4.o):
    CODE              Offs=004E34  Size=000007  Align=00001  Fill=0000
/mnt/l/cc65/lib/c128.lib(decaxy.o):
    CODE              Offs=004E3B  Size=000009  Align=00001  Fill=0000
/mnt/l/cc65/lib/c128.lib(decsp1.o):
    CODE              Offs=004E44  Size=000009  Align=00001  Fill=0000
/mnt/l/cc65/lib/c128.lib(decsp2.o):
    CODE              Offs=004E4D  Size=00000D  Align=00001  Fill=0000
/mnt/l/cc65/lib/c128.lib(decsp3.o):
    CODE              Offs=004E5A  Size=00000D  Align=00001  Fill=0000
/mnt/l/cc65/lib/c128.lib(decsp4.o):
    CODE              Offs=004E67  Size=00000D  Align=00001  Fill=0000
/mnt/l/cc65/lib/c128.lib(decsp6.o):
    CODE              Offs=004E74  Size=00000D  Align=00001  Fill=0000
/mnt/l/cc65/lib/c128.lib(devnum.o):
/mnt/l/cc65/lib/c128.lib(diskcmd.o):
    CODE              Offs=004E81  Size=0000C4  Align=00001  Fill=0000
    BSS               Offs=00080F  Size=000017  Align=00001  Fill=0000
/mnt/l/cc65/lib/c128.lib(div.o):
    CODE              Offs=004F45  Size=000015  Align=00001  Fill=0000
/mnt/l/cc65/lib/c128.lib(enter.o):
    CODE              Offs=004F5A  Size=00000E  Align=00001  Fill=0000
/mnt/l/cc65/lib/c128.lib(errno.o):
    BSS               Offs=000826  Size=000002  Align=00001  Fill=0000
/mnt/l/cc65/lib/c128.lib(exehdr.o):
    EXEHDR            Offs=000000  Size=00000C  Align=00001  Fill=0000
/mnt/l/cc65/lib/c128.lib(fclose.o):
    CODE              Offs=004F68  Size=000022  Align=00001  Fill=0000
/mnt/l/cc65/lib/c128.lib(fgetc.o):
    CODE              Offs=004F8A  Size=00008A  Align=00001  Fill=0000
/mnt/l/cc65/lib/c128.lib(filedes.o):
    CODE              Offs=005014  Size=00000E  Align=00001  Fill=0000
    DATA              Offs=00017C  Size=000010  Align=00001  Fill=0000
/mnt/l/cc65/lib/c128.lib(filename.o):
    CODE              Offs=005022  Size=0000A0  Align=00001  Fill=0000
    BSS               Offs=000828  Size=000003  Align=00001  Fill=0000
    DATA              Offs=00018C  Size=000024  Align=00001  Fill=0000
/mnt/l/cc65/lib/c128.lib(filetype.o):
    DATA              Offs=0001B0  Size=000001  Align=00001  Fill=0000
/mnt/l/cc65/lib/c128.lib(filevars.o):
    INIT              Offs=00001C  Size=000001  Align=00001  Fill=0000
    ONCE              Offs=00002F  Size=00000C  Align=00001  Fill=0000
/mnt/l/cc65/lib/c128.lib(fopen.o):
    CODE              Offs=0050C2  Size=000018  Align=00001  Fill=0000
/mnt/l/cc65/lib/c128.lib(fprintf.o):
    CODE              Offs=0050DA  Size=00002B  Align=00001  Fill=0000
    BSS               Offs=00082B  Size=000001  Align=00001  Fill=0000
/mnt/l/cc65/lib/c128.lib(fputc.o):
    CODE              Offs=005105  Size=000057  Align=00001  Fill=0000
    RODATA            Offs=000C46  Size=000002  Align=00001  Fill=0000
/mnt/l/cc65/lib/c128.lib(fread.o):
    CODE              Offs=00515C  Size=0000D3  Align=00001  Fill=0000
    BSS               Offs=00082C  Size=000003  Align=00001  Fill=0000
/mnt/l/cc65/lib/c128.lib(free.o):
    CODE              Offs=00522F  Size=0001D3  Align=00001  Fill=0000
/mnt/l/cc65/lib/c128.lib(fwrite.o):
    CODE              Offs=005402  Size=00007B  Align=00001  Fill=0000
    BSS               Offs=00082F  Size=000002  Align=00001  Fill=0000
/mnt/l/cc65/lib/c128.lib(gotoxy.o):
    CODE              Offs=00547D  Size=00000D  Align=00001  Fill=0000
/mnt/l/cc65/lib/c128.lib(icmp.o):
    CODE              Offs=00548A  Size=00002E  Align=00001  Fill=0000
/mnt/l/cc65/lib/c128.lib(incax1.o):
    CODE              Offs=0054B8  Size=000007  Align=00001  Fill=0000
/mnt/l/cc65/lib/c128.lib(incax2.o):
    CODE              Offs=0054BF  Size=000007  Align=00001  Fill=0000
/mnt/l/cc65/lib/c128.lib(incax3.o):
    CODE              Offs=0054C6  Size=000005  Align=00001  Fill=0000
/mnt/l/cc65/lib/c128.lib(incaxy.o):
    CODE              Offs=0054CB  Size=00000B  Align=00001  Fill=0000
/mnt/l/cc65/lib/c128.lib(incsp1.o):
    CODE              Offs=0054D6  Size=000007  Align=00001  Fill=0000
/mnt/l/cc65/lib/c128.lib(incsp2.o):
    CODE              Offs=0054DD  Size=000016  Align=00001  Fill=0000
/mnt/l/cc65/lib/c128.lib(incsp3.o):
    CODE              Offs=0054F3  Size=000005  Align=00001  Fill=0000
/mnt/l/cc65/lib/c128.lib(incsp4.o):
    CODE              Offs=0054F8  Size=000005  Align=00001  Fill=0000
/mnt/l/cc65/lib/c128.lib(incsp5.o):
    CODE              Offs=0054FD  Size=000005  Align=00001  Fill=0000
/mnt/l/cc65/lib/c128.lib(incsp6.o):
    CODE              Offs=005502  Size=000005  Align=00001  Fill=0000
/mnt/l/cc65/lib/c128.lib(incsp7.o):
    CODE              Offs=005507  Size=000005  Align=00001  Fill=0000
/mnt/l/cc65/lib/c128.lib(incsp8.o):
    CODE              Offs=00550C  Size=000005  Align=00001  Fill=0000
/mnt/l/cc65/lib/c128.lib(isprint.o):
    CODE              Offs=005511  Size=00000A  Align=00001  Fill=0000
/mnt/l/cc65/lib/c128.lib(jmpvec.o):
    DATA              Offs=0001B1  Size=000003  Align=00001  Fill=0000
/mnt/l/cc65/lib/c128.lib(kernal.o):
/mnt/l/cc65/lib/c128.lib(ldaxi.o):
    CODE              Offs=00551B  Size=00000D  Align=00001  Fill=0000
/mnt/l/cc65/lib/c128.lib(ldaxsp.o):
    CODE              Offs=005528  Size=000009  Align=00001  Fill=0000
/mnt/l/cc65/lib/c128.lib(leaaxsp.o):
    CODE              Offs=005531  Size=00000C  Align=00001  Fill=0000
/mnt/l/cc65/lib/c128.lib(leave.o):
    CODE              Offs=00553D  Size=00001D  Align=00001  Fill=0000
/mnt/l/cc65/lib/c128.lib(lneg.o):
    CODE              Offs=00555A  Size=00001E  Align=00001  Fill=0000
/mnt/l/cc65/lib/c128.lib(loadaddr.o):
    LOADADDR          Offs=000000  Size=000002  Align=00001  Fill=0000
/mnt/l/cc65/lib/c128.lib(lpush.o):
    CODE              Offs=005578  Size=000021  Align=00001  Fill=0000
/mnt/l/cc65/lib/c128.lib(ltoa.o):
    CODE              Offs=005599  Size=000095  Align=00001  Fill=0000
/mnt/l/cc65/lib/c128.lib(makebool.o):
    CODE              Offs=00562E  Size=00002C  Align=00001  Fill=0000
/mnt/l/cc65/lib/c128.lib(malloc.o):
    CODE              Offs=00565A  Size=00010E  Align=00001  Fill=0000
/mnt/l/cc65/lib/c128.lib(memcpy.o):
    CODE              Offs=005768  Size=00003C  Align=00001  Fill=0000
/mnt/l/cc65/lib/c128.lib(memset.o):
    CODE              Offs=0057A4  Size=00005D  Align=00001  Fill=0000
/mnt/l/cc65/lib/c128.lib(mul.o):
    CODE              Offs=005801  Size=000045  Align=00001  Fill=0000
/mnt/l/cc65/lib/c128.lib(mul8.o):
    CODE              Offs=005846  Size=00003A  Align=00001  Fill=0000
/mnt/l/cc65/lib/c128.lib(mulax10.o):
    CODE              Offs=005880  Size=000019  Align=00001  Fill=0000
/mnt/l/cc65/lib/c128.lib(negabs.o):
    CODE              Offs=005899  Size=000012  Align=00001  Fill=0000
/mnt/l/cc65/lib/c128.lib(open.o):
    CODE              Offs=0058AB  Size=0000BE  Align=00001  Fill=0000
/mnt/l/cc65/lib/c128.lib(or.o):
    CODE              Offs=005969  Size=000012  Align=00001  Fill=0000
/mnt/l/cc65/lib/c128.lib(oserror.o):
    CODE              Offs=00597B  Size=000016  Align=00001  Fill=0000
    RODATA            Offs=000C48  Size=00005A  Align=00001  Fill=0000
/mnt/l/cc65/lib/c128.lib(popa.o):
    CODE              Offs=005991  Size=00000C  Align=00001  Fill=0000
/mnt/l/cc65/lib/c128.lib(popptr1.o):
    CODE              Offs=00599D  Size=00000E  Align=00001  Fill=0000
/mnt/l/cc65/lib/c128.lib(push1.o):
    CODE              Offs=0059AB  Size=000005  Align=00001  Fill=0000
/mnt/l/cc65/lib/c128.lib(pusha.o):
    CODE              Offs=0059B0  Size=000016  Align=00001  Fill=0000
/mnt/l/cc65/lib/c128.lib(pushax.o):
    CODE              Offs=0059C6  Size=00001A  Align=00001  Fill=0000
/mnt/l/cc65/lib/c128.lib(pushw.o):
    CODE              Offs=0059E0  Size=00000F  Align=00001  Fill=0000
/mnt/l/cc65/lib/c128.lib(pushwsp.o):
    CODE              Offs=0059EF  Size=00001C  Align=00001  Fill=0000
/mnt/l/cc65/lib/c128.lib(raise.o):
    CODE              Offs=005A0B  Size=00002B  Align=00001  Fill=0000
/mnt/l/cc65/lib/c128.lib(read.o):
    CODE              Offs=005A36  Size=00007E  Align=00001  Fill=0000
    BSS               Offs=000831  Size=000001  Align=00001  Fill=0000
    ONCE              Offs=00003B  Size=00000C  Align=00001  Fill=0000
/mnt/l/cc65/lib/c128.lib(regswap2.o):
    CODE              Offs=005AB4  Size=000016  Align=00001  Fill=0000
/mnt/l/cc65/lib/c128.lib(return0.o):
    CODE              Offs=005ACA  Size=000004  Align=00001  Fill=0000
/mnt/l/cc65/lib/c128.lib(revers.o):
    CODE              Offs=005ACE  Size=000014  Align=00001  Fill=0000
/mnt/l/cc65/lib/c128.lib(rwcommon.o):
    CODE              Offs=005AE2  Size=00001C  Align=00001  Fill=0000
/mnt/l/cc65/lib/c128.lib(scratch.o):
    CODE              Offs=005AFE  Size=000019  Align=00001  Fill=0000
/mnt/l/cc65/lib/c128.lib(shelp.o):
    CODE              Offs=005B17  Size=000020  Align=00001  Fill=0000
/mnt/l/cc65/lib/c128.lib(signal.o):
    CODE              Offs=005B37  Size=000030  Align=00001  Fill=0000
/mnt/l/cc65/lib/c128.lib(sigtable.o):
    DATA              Offs=0001B4  Size=00000C  Align=00001  Fill=0000
/mnt/l/cc65/lib/c128.lib(sprintf.o):
    CODE              Offs=005B67  Size=00002B  Align=00001  Fill=0000
    BSS               Offs=000832  Size=000001  Align=00001  Fill=0000
/mnt/l/cc65/lib/c128.lib(staspidx.o):
    CODE              Offs=005B92  Size=000016  Align=00001  Fill=0000
/mnt/l/cc65/lib/c128.lib(status.o):
/mnt/l/cc65/lib/c128.lib(staxsp.o):
    CODE              Offs=005BA8  Size=00000B  Align=00001  Fill=0000
/mnt/l/cc65/lib/c128.lib(staxspi.o):
    CODE              Offs=005BB3  Size=00001B  Align=00001  Fill=0000
/mnt/l/cc65/lib/c128.lib(strcat.o):
    CODE              Offs=005BCE  Size=000031  Align=00001  Fill=0000
/mnt/l/cc65/lib/c128.lib(strcpy.o):
    CODE              Offs=005BFF  Size=00001F  Align=00001  Fill=0000
/mnt/l/cc65/lib/c128.lib(strlen.o):
    CODE              Offs=005C1E  Size=000016  Align=00001  Fill=0000
/mnt/l/cc65/lib/c128.lib(strlower.o):
    CODE              Offs=005C34  Size=000027  Align=00001  Fill=0000
/mnt/l/cc65/lib/c128.lib(strncmp.o):
    CODE              Offs=005C5B  Size=000039  Align=00001  Fill=0000
/mnt/l/cc65/lib/c128.lib(strncpy.o):
    CODE              Offs=005C94  Size=000044  Align=00001  Fill=0000
/mnt/l/cc65/lib/c128.lib(strstr.o):
    CODE              Offs=005CD8  Size=000052  Align=00001  Fill=0000
/mnt/l/cc65/lib/c128.lib(sub.o):
    CODE              Offs=005D2A  Size=000015  Align=00001  Fill=0000
/mnt/l/cc65/lib/c128.lib(subeqsp.o):
    CODE              Offs=005D3F  Size=000015  Align=00001  Fill=0000
/mnt/l/cc65/lib/c128.lib(subysp.o):
    CODE              Offs=005D54  Size=00000D  Align=00001  Fill=0000
/mnt/l/cc65/lib/c128.lib(udiv.o):
    CODE              Offs=005D61  Size=00004F  Align=00001  Fill=0000
/mnt/l/cc65/lib/c128.lib(vcprintf.o):
    CODE              Offs=005DB0  Size=00007A  Align=00001  Fill=0000
    DATA              Offs=0001C0  Size=000008  Align=00001  Fill=0000
/mnt/l/cc65/lib/c128.lib(vfprintf.o):
    CODE              Offs=005E2A  Size=000061  Align=00001  Fill=0000
    DATA              Offs=0001C8  Size=000008  Align=00001  Fill=0000
/mnt/l/cc65/lib/c128.lib(vsnprintf.o):
    CODE              Offs=005E8B  Size=0000DA  Align=00001  Fill=0000
    DATA              Offs=0001D0  Size=000008  Align=00001  Fill=0000
/mnt/l/cc65/lib/c128.lib(vsprintf.o):
    CODE              Offs=005F65  Size=000012  Align=00001  Fill=0000
/mnt/l/cc65/lib/c128.lib(wherey.o):
    CODE              Offs=005F77  Size=000005  Align=00001  Fill=0000
/mnt/l/cc65/lib/c128.lib(write.o):
    CODE              Offs=005F7C  Size=000054  Align=00001  Fill=0000
    ONCE              Offs=000047  Size=000011  Align=00001  Fill=0000
/mnt/l/cc65/lib/c128.lib(zerobss.o):
    CODE              Offs=005FD0  Size=000023  Align=00001  Fill=0000
/mnt/l/cc65/lib/c128.lib(zeropage.o):
    ZEROPAGE          Offs=000000  Size=00001A  Align=00001  Fill=0000


Segment list:
-------------
Name                   Start     End    Size  Align
----------------------------------------------------
ZEROPAGE              000002  00001B  00001A  00001
LOADADDR              001BFF  001C00  000002  00001
EXEHDR                001C01  001C0C  00000C  00001
STARTUP               001C0D  001C5D  000051  00001
ONCE                  001C5E  001CBF  000062  00001
CODE                  001CC0  007CB2  005FF3  00001
RODATA                007CB3  008958  000CA6  00001
DATA                  008959  008B30  0001D8  00001
INIT                  008B31  008B4D  00001D  00001
BSS                   008B4E  009380  000833  00001


Exports list by name:
---------------------
BASIN                     00FFCF RLA    BSOUT                     00FFD2 RLA    
CHKIN                     00FFC6 RLA    CKOUT                     00FFC9 RLA    
CLOSE                     00FFC3 RLA    CLRCH                     00FFCC RLA    
CURS_X                    0000EC RLZ    CURS_Y                    0000EB RLZ    
OPEN                      00FFC0 RLA    READST                    00FFB7 RLA    
SETLFS                    00FFBA RLA    SETNAM                    00FFBD RLA    
ST                        000090 RLZ    _DIR1H                    008B4E RLA    
_DIR2H                    008B4F RLA    _DIR2X                    008B58 RLA    
_DIR2Y                    008B5A RLA    _MENUW                    008B56 RLA    
_MENUX                    008B52 RLA    _MENUXT                   008B54 RLA    
_SCREENW                  008B50 RLA    __BSS_RUN__               008B4E RLA    
__BSS_SIZE__              000833 REA    __CONSTRUCTOR_COUNT__     000005 REA    
__CONSTRUCTOR_TABLE__     001CB6 RLA    __DESTRUCTOR_COUNT__      000002 REA    
__DESTRUCTOR_TABLE__      008955 RLA    __EXEHDR__                000001 REA    
__LOADADDR__              000001 REA    __MAIN_SIZE__             009BF3 REA    
__MAIN_START__            001C0D RLA    __STACKSIZE__             000800 REA    
__STARTUP__               000001 REA    __afailed                 005FDF RLA    
__bzero                   007464 RLA    __cbm_filetype            006863 RLA    
__ctype                   00886E RLA    __ctypeidx                008879 RLA    
__directerrno             006011 RLA    __errno                   009374 RLA    
__fdesc                   00601B RLA    __filetab                 008A81 RLA    
__filetype                008B09 RLA    __fopen                   006038 RLA    
__heapend                 008AA3 RLA    __heapfirst               008AA5 RLA    
__heaplast                008AA7 RLA    __heapptr                 008AA1 RLA    
__hextab                  008830 RLA    __longminstr              008840 RLA    
__mappederrno             0060B3 RLA    __oserror                 00932C RLA    
__osmaperrno              00763B RLA    __printf                  0061B6 RLA    
__seterrno                006468 RLA    __sig_dfl                 007826 RLA    
_about                    004249 RLA    _atoi                     0064B4 RLA    
_bgcolor                  0069A4 RLA    _bordercolor              0069CA RLA    
_calloc                   0065BB RLA    _catasc                   00344D RLA    
_cathex                   003290 RLA    _cbm_close                006570 REA    
_cbm_closedir             006856 RLA    _cbm_k_basin              006560 RLA    
_cbm_k_chkin              006566 RLA    _cbm_k_close              006570 RLA    
_cbm_k_clrch              00FFCC REA    _cbm_k_open               006574 RLA    
_cbm_k_readst             00657D RLA    _cbm_k_setlfs             006583 RLA    
_cbm_k_setnam             006591 RLA    _cbm_open                 006876 RLA    
_cbm_opendir              0065DC RLA    _cbm_read                 00688C RLA    
_cclear                   0068EE RLA    _cclearxy                 0068E9 RLA    
_cgetc                    0068FE RLA    _changeDir                004859 RLA    
_chline                   006933 RLA    _clearArea                003066 RLA    
_close                    006943 RLA    _clrscr                   00C142 REA    
_cmd                      004125 RLA    _cprintf                  0069E7 RLA    
_cputc                    006A16 RLA    _cputcxy                  006A11 RLA    
_cputhex16                006A5A RLA    _cputhex8                 006A60 RLA    
_cputs                    006A80 RLA    _cputsxy                  006A76 RLA    
_cursor                   006ABD RLA    _cvlinexy                 006AC7 RLA    
_debugu                   005245 RLA    _depth                    008959 RLA    
_devices                  0089B2 RLA    _devicetype               00924F RLA    
_dirs                     0089AE RLA    _doDOScommand             005126 RLA    
_drawDirFrame             004C85 RLA    _drawFrame                003162 RLA    
_execute                  004144 RLA    _exit                     001C42 RLA    
_exitScreen               00327E RLA    _fclose                   006C28 RLA    
_fgetc                    006C4A RLA    _fopen                    006D82 RLA    
_fprintf                  006D9A RLA    _fputc                    006DC5 RLA    
_fread                    006E1C RLA    _free                     006EEF RLA    
_freeDir                  0035F6 RLA    _fwrite                   0070C2 RLA    
_getDeviceType            004D86 RLA    _getcurrentdevice         006AB7 RLA    
_gotoxy                   007140 RLA    _initScreen               003257 RLA    
_isprint                  0071D1 RLA    _linebuffer               00925B RLA    
_linebuffer2              0092AC RLA    _ltoa                     007271 RLA    
_main                     002F29 RLA    _mainLoopBrowse           0055E8 RLA    
_malloc                   00731A RLA    _memcpy                   007428 RLA    
_newscreen                0030AE RLA    _open                     00757F RLA    
_path                     008B5C RLA    _pathdevice               008BFC RLA    
_pathfile                 008BFD RLA    _pathrunboot              008C11 RLA    
_printDir                 004429 RLA    _printElement             004613 RLA    
_raise                    0076CB RLA    _read                     0076F6 RLA    
_readDir                  0036CC RLA    _revers                   00778E RLA    
_showDir                  004334 RLA    _sprintf                  007827 RLA    
_stderr                   008A9D RLA    _strcat                   00788E RLA    
_strcpy                   0078BF RLA    _strlen                   0078DE RLA    
_strlower                 0078F4 RLA    _strncmp                  00791B RLA    
_strncpy                  007954 RLA    _strstr                   007998 RLA    
_textInput                004E6B RLA    _textcolor                00697B RLA    
_trace                    00895A RLA    _ultoa                    0072B2 RLA    
_updateMenu               00538E RLA    _updateScreen             00420E RLA    
_vcprintf                 007ABA RLA    _vfprintf                 007B22 RLA    
_vsprintf                 007C25 RLA    _waitKey                  0040F4 RLA    
_wherey                   007C37 RLA    _write                    007C3C RLA    
addeq0sp                  00648D RLA    addeqysp                  00648F RLA    
addysp                    00649F RLA    addysp1                   00649E RLA    
aslax1                    0064AC RLA    axlong                    006545 RLA    
axulong                   00654B RLA    bnega                     006556 RLA    
booleq                    0072F4 RLA    callmain                  0065A4 RLA    
chlinechar                000040 REZ    closeallfiles             00756B  LAI   
closecmdchannel           006B77 RLA    cputdirect                006A32 RLA    
ctypemask                 006A99 RLA    ctypemaskdirect           006A9D RLA    
cursor                    009329 RLA    curunit                   008B4D RLA    
cvlinechar                00005D REZ    decax1                    006ADF RLA    
decax2                    006AE6 RLA    decax3                    006AED RLA    
decax4                    006AF4 RLA    decaxy                    006AFB RLA    
decsp1                    006B04 RLA    decsp2                    006B0D RLA    
decsp3                    006B1A RLA    decsp4                    006B27 RLA    
decsp6                    006B34 RLA    devnum                    0000BA RLZ    
donecgetc                 00691F  LAI   donelib                   0069DB RLA    
enter                     006C1A RLA    fdtab                     008AD5 RLA    
fnaddmode                 006D71 RLA    fncmd                     008AE5 RLA    
fncomplete                006D69 RLA    fnisfile                  009378 RLA    
fnlen                     009377 RLA    fnparse                   006CFD RLA    
fnset                     006D5F RLA    fnunit                    009376 RLA    
freefd                    006CD4 RLA    gotoxy                    00713D RLA    
incax1                    007178 RLA    incax2                    00717F RLA    
incax3                    007186 RLA    incax4                    00718B RLA    
incaxy                    00718D RLA    incsp1                    007196 RLA    
incsp2                    0071A5 RLA    incsp3                    0071B3 RLA    
incsp4                    0071B8 RLA    incsp5                    0071BD RLA    
incsp6                    0071C2 RLA    incsp7                    0071C7 RLA    
incsp8                    0071CC RLA    initcgetc                 001C6E  LAI   
initcurunit               001C8D  LAI   initheap                  001C5E  LAI   
initlib                   001C81 RLA    initstdin                 001C99  LAI   
initstdout                001CA5  LAI   jmpvec                    008B0A RLA    
ldax0sp                   0071E8 RLA    ldaxi                     0071DB RLA    
ldaxidx                   0071DD RLA    ldaxysp                   0071EA RLA    
leaa0sp                   0071F1 RLA    leavey                    007207 RLA    
mul8x16                   007508 RLA    mul8x16a                  007512 RLA    
mulax10                   007540 RLA    negax                     00755D RLA    
negeax                    00721A RLA    newline                   00C363 REA    
opencmdchannel            006B4A RLA    plot                      006A52 RLA    
popa                      007651 RLA    popax                     00719D RLA    
popptr1                   00765D RLA    popsargsudiv16            0077D7 RLA    
ptr1                      00000A RLZ    ptr2                      00000C RLZ    
ptr3                      00000E RLZ    ptr4                      000010 RLZ    
push0                     007686 RLA    push1                     00766B RLA    
pusha                     007674 RLA    pusha0                    007688 RLA    
pushax                    00768A RLA    pusheax                   007241 RLA    
pushw                     0076A0 RLA    pushw0sp                  0076AF RLA    
pushwidx                  0076A2 RLA    pushwysp                  0076B1 RLA    
putchar                   00CC2F REA    readdiskerror             006B92 RLA    
regbank                   000016 RLZ    regswap2                  007774 RLA    
return0                   00778A RLA    rwcommon                  0077A2 RLA    
scratch                   0077BE RLA    sigtable                  008B0D RLA    
sp                        000002 RLZ    sreg                      000004 RLZ    
staspidx                  007852 RLA    stax0sp                   007868 RLA    
staxspidx                 007873 RLA    staxysp                   00786A RLA    
subeqysp                  007A01 RLA    subysp                    007A14 RLA    
tmp1                      000012 RLZ    tmp2                      000013 RLZ    
tmp3                      000014 RLZ    tosaddax                  006473 RLA    
tosdiva0                  006C05 RLA    tosicmp                   00714C RLA    
tosicmp0                  00714A RLA    tosmula0                  007506 RLA    
tosorax                   00762B RLA    tossubax                  0079EC RLA    
tosudiva0                 007A21 RLA    tosudivax                 007A23 RLA    
tosumulax                 0074C1 RLA    udiv16                    007A32 RLA    
unittab                   008ADD RLA    vsnprintf                 007B4E RLA    
writefndiskcmd            006BCA RLA    zerobss                   007C90 RLA    



Exports list by value:
----------------------
__EXEHDR__                000001 REA    __LOADADDR__              000001 REA    
__STARTUP__               000001 REA    __DESTRUCTOR_COUNT__      000002 REA    
sp                        000002 RLZ    sreg                      000004 RLZ    
__CONSTRUCTOR_COUNT__     000005 REA    ptr1                      00000A RLZ    
ptr2                      00000C RLZ    ptr3                      00000E RLZ    
ptr4                      000010 RLZ    tmp1                      000012 RLZ    
tmp2                      000013 RLZ    tmp3                      000014 RLZ    
regbank                   000016 RLZ    chlinechar                000040 REZ    
cvlinechar                00005D REZ    ST                        000090 RLZ    
devnum                    0000BA RLZ    CURS_Y                    0000EB RLZ    
CURS_X                    0000EC RLZ    __STACKSIZE__             000800 REA    
__BSS_SIZE__              000833 REA    __MAIN_START__            001C0D RLA    
_exit                     001C42 RLA    initheap                  001C5E  LAI   
initcgetc                 001C6E  LAI   initlib                   001C81 RLA    
initcurunit               001C8D  LAI   initstdin                 001C99  LAI   
initstdout                001CA5  LAI   __CONSTRUCTOR_TABLE__     001CB6 RLA    
_main                     002F29 RLA    _clearArea                003066 RLA    
_newscreen                0030AE RLA    _drawFrame                003162 RLA    
_initScreen               003257 RLA    _exitScreen               00327E RLA    
_cathex                   003290 RLA    _catasc                   00344D RLA    
_freeDir                  0035F6 RLA    _readDir                  0036CC RLA    
_waitKey                  0040F4 RLA    _cmd                      004125 RLA    
_execute                  004144 RLA    _updateScreen             00420E RLA    
_about                    004249 RLA    _showDir                  004334 RLA    
_printDir                 004429 RLA    _printElement             004613 RLA    
_changeDir                004859 RLA    _drawDirFrame             004C85 RLA    
_getDeviceType            004D86 RLA    _textInput                004E6B RLA    
_doDOScommand             005126 RLA    _debugu                   005245 RLA    
_updateMenu               00538E RLA    _mainLoopBrowse           0055E8 RLA    
__afailed                 005FDF RLA    __directerrno             006011 RLA    
__fdesc                   00601B RLA    __fopen                   006038 RLA    
__mappederrno             0060B3 RLA    __printf                  0061B6 RLA    
__seterrno                006468 RLA    tosaddax                  006473 RLA    
addeq0sp                  00648D RLA    addeqysp                  00648F RLA    
addysp1                   00649E RLA    addysp                    00649F RLA    
aslax1                    0064AC RLA    _atoi                     0064B4 RLA    
axlong                    006545 RLA    axulong                   00654B RLA    
bnega                     006556 RLA    _cbm_k_basin              006560 RLA    
_cbm_k_chkin              006566 RLA    _cbm_close                006570 REA    
_cbm_k_close              006570 RLA    _cbm_k_open               006574 RLA    
_cbm_k_readst             00657D RLA    _cbm_k_setlfs             006583 RLA    
_cbm_k_setnam             006591 RLA    callmain                  0065A4 RLA    
_calloc                   0065BB RLA    _cbm_opendir              0065DC RLA    
_cbm_closedir             006856 RLA    __cbm_filetype            006863 RLA    
_cbm_open                 006876 RLA    _cbm_read                 00688C RLA    
_cclearxy                 0068E9 RLA    _cclear                   0068EE RLA    
_cgetc                    0068FE RLA    donecgetc                 00691F  LAI   
_chline                   006933 RLA    _close                    006943 RLA    
_textcolor                00697B RLA    _bgcolor                  0069A4 RLA    
_bordercolor              0069CA RLA    donelib                   0069DB RLA    
_cprintf                  0069E7 RLA    _cputcxy                  006A11 RLA    
_cputc                    006A16 RLA    cputdirect                006A32 RLA    
plot                      006A52 RLA    _cputhex16                006A5A RLA    
_cputhex8                 006A60 RLA    _cputsxy                  006A76 RLA    
_cputs                    006A80 RLA    ctypemask                 006A99 RLA    
ctypemaskdirect           006A9D RLA    _getcurrentdevice         006AB7 RLA    
_cursor                   006ABD RLA    _cvlinexy                 006AC7 RLA    
decax1                    006ADF RLA    decax2                    006AE6 RLA    
decax3                    006AED RLA    decax4                    006AF4 RLA    
decaxy                    006AFB RLA    decsp1                    006B04 RLA    
decsp2                    006B0D RLA    decsp3                    006B1A RLA    
decsp4                    006B27 RLA    decsp6                    006B34 RLA    
opencmdchannel            006B4A RLA    closecmdchannel           006B77 RLA    
readdiskerror             006B92 RLA    writefndiskcmd            006BCA RLA    
tosdiva0                  006C05 RLA    enter                     006C1A RLA    
_fclose                   006C28 RLA    _fgetc                    006C4A RLA    
freefd                    006CD4 RLA    fnparse                   006CFD RLA    
fnset                     006D5F RLA    fncomplete                006D69 RLA    
fnaddmode                 006D71 RLA    _fopen                    006D82 RLA    
_fprintf                  006D9A RLA    _fputc                    006DC5 RLA    
_fread                    006E1C RLA    _free                     006EEF RLA    
_fwrite                   0070C2 RLA    gotoxy                    00713D RLA    
_gotoxy                   007140 RLA    tosicmp0                  00714A RLA    
tosicmp                   00714C RLA    incax1                    007178 RLA    
incax2                    00717F RLA    incax3                    007186 RLA    
incax4                    00718B RLA    incaxy                    00718D RLA    
incsp1                    007196 RLA    popax                     00719D RLA    
incsp2                    0071A5 RLA    incsp3                    0071B3 RLA    
incsp4                    0071B8 RLA    incsp5                    0071BD RLA    
incsp6                    0071C2 RLA    incsp7                    0071C7 RLA    
incsp8                    0071CC RLA    _isprint                  0071D1 RLA    
ldaxi                     0071DB RLA    ldaxidx                   0071DD RLA    
ldax0sp                   0071E8 RLA    ldaxysp                   0071EA RLA    
leaa0sp                   0071F1 RLA    leavey                    007207 RLA    
negeax                    00721A RLA    pusheax                   007241 RLA    
_ltoa                     007271 RLA    _ultoa                    0072B2 RLA    
booleq                    0072F4 RLA    _malloc                   00731A RLA    
_memcpy                   007428 RLA    __bzero                   007464 RLA    
tosumulax                 0074C1 RLA    tosmula0                  007506 RLA    
mul8x16                   007508 RLA    mul8x16a                  007512 RLA    
mulax10                   007540 RLA    negax                     00755D RLA    
closeallfiles             00756B  LAI   _open                     00757F RLA    
tosorax                   00762B RLA    __osmaperrno              00763B RLA    
popa                      007651 RLA    popptr1                   00765D RLA    
push1                     00766B RLA    pusha                     007674 RLA    
push0                     007686 RLA    pusha0                    007688 RLA    
pushax                    00768A RLA    pushw                     0076A0 RLA    
pushwidx                  0076A2 RLA    pushw0sp                  0076AF RLA    
pushwysp                  0076B1 RLA    _raise                    0076CB RLA    
_read                     0076F6 RLA    regswap2                  007774 RLA    
return0                   00778A RLA    _revers                   00778E RLA    
rwcommon                  0077A2 RLA    scratch                   0077BE RLA    
popsargsudiv16            0077D7 RLA    __sig_dfl                 007826 RLA    
_sprintf                  007827 RLA    staspidx                  007852 RLA    
stax0sp                   007868 RLA    staxysp                   00786A RLA    
staxspidx                 007873 RLA    _strcat                   00788E RLA    
_strcpy                   0078BF RLA    _strlen                   0078DE RLA    
_strlower                 0078F4 RLA    _strncmp                  00791B RLA    
_strncpy                  007954 RLA    _strstr                   007998 RLA    
tossubax                  0079EC RLA    subeqysp                  007A01 RLA    
subysp                    007A14 RLA    tosudiva0                 007A21 RLA    
tosudivax                 007A23 RLA    udiv16                    007A32 RLA    
_vcprintf                 007ABA RLA    _vfprintf                 007B22 RLA    
vsnprintf                 007B4E RLA    _vsprintf                 007C25 RLA    
_wherey                   007C37 RLA    _write                    007C3C RLA    
zerobss                   007C90 RLA    __hextab                  008830 RLA    
__longminstr              008840 RLA    __ctype                   00886E RLA    
__ctypeidx                008879 RLA    __DESTRUCTOR_TABLE__      008955 RLA    
_depth                    008959 RLA    _trace                    00895A RLA    
_dirs                     0089AE RLA    _devices                  0089B2 RLA    
__filetab                 008A81 RLA    _stderr                   008A9D RLA    
__heapptr                 008AA1 RLA    __heapend                 008AA3 RLA    
__heapfirst               008AA5 RLA    __heaplast                008AA7 RLA    
fdtab                     008AD5 RLA    unittab                   008ADD RLA    
fncmd                     008AE5 RLA    __filetype                008B09 RLA    
jmpvec                    008B0A RLA    sigtable                  008B0D RLA    
curunit                   008B4D RLA    _DIR1H                    008B4E RLA    
__BSS_RUN__               008B4E RLA    _DIR2H                    008B4F RLA    
_SCREENW                  008B50 RLA    _MENUX                    008B52 RLA    
_MENUXT                   008B54 RLA    _MENUW                    008B56 RLA    
_DIR2X                    008B58 RLA    _DIR2Y                    008B5A RLA    
_path                     008B5C RLA    _pathdevice               008BFC RLA    
_pathfile                 008BFD RLA    _pathrunboot              008C11 RLA    
_devicetype               00924F RLA    _linebuffer               00925B RLA    
_linebuffer2              0092AC RLA    cursor                    009329 RLA    
__oserror                 00932C RLA    __errno                   009374 RLA    
fnunit                    009376 RLA    fnlen                     009377 RLA    
fnisfile                  009378 RLA    __MAIN_SIZE__             009BF3 REA    
_clrscr                   00C142 REA    newline                   00C363 REA    
putchar                   00CC2F REA    READST                    00FFB7 RLA    
SETLFS                    00FFBA RLA    SETNAM                    00FFBD RLA    
OPEN                      00FFC0 RLA    CLOSE                     00FFC3 RLA    
CHKIN                     00FFC6 RLA    CKOUT                     00FFC9 RLA    
CLRCH                     00FFCC RLA    _cbm_k_clrch              00FFCC REA    
BASIN                     00FFCF RLA    BSOUT                     00FFD2 RLA    



Imports list:
-------------
BASIN (kernal.o):
    diskcmd.o                 cbm/cbm.inc(47)
    read.o                    cbm/cbm.inc(47)
    cbm_read.o                cbm/cbm.inc(47)
    c_basin.o                 cbm/cbm.inc(47)
BSOUT (kernal.o):
    diskcmd.o                 cbm/cbm.inc(49)
    write.o                   cbm/cbm.inc(49)
    read.o                    cbm/cbm.inc(49)
    crt0.o                    c128/crt0.s(10)
CHKIN (kernal.o):
    diskcmd.o                 cbm/cbm.inc(44)
    read.o                    cbm/cbm.inc(44)
    cbm_read.o                cbm/cbm.inc(44)
    c_chkin.o                 cbm/cbm.inc(44)
CKOUT (kernal.o):
    diskcmd.o                 cbm/cbm.inc(45)
    write.o                   cbm/cbm.inc(45)
CLOSE (kernal.o):
    open.o                    cbm/cbm.inc(36)
    diskcmd.o                 cbm/cbm.inc(36)
    close.o                   cbm/cbm.inc(36)
    c_close.o                 cbm/cbm.inc(36)
CLRCH (kernal.o):
    diskcmd.o                 cbm/cbm.inc(46)
    write.o                   cbm/cbm.inc(46)
    read.o                    cbm/cbm.inc(46)
    cbm_read.o                cbm/cbm.inc(46)
    c_clrch.o                 cbm/cbm.inc(46)
CURS_X (conio.o):
    gotoxy.o                  cbm/gotoxy.s(9)
CURS_Y (conio.o):
    wherey.o                  cbm/wherey.s(8)
    gotoxy.o                  cbm/gotoxy.s(9)
OPEN (kernal.o):
    open.o                    cbm/cbm.inc(35)
    diskcmd.o                 cbm/cbm.inc(35)
    c_open.o                  cbm/cbm.inc(35)
    write.o                   cbm/cbm.inc(35)
    read.o                    cbm/cbm.inc(35)
READST (kernal.o):
    write.o                   cbm/cbm.inc(32)
    read.o                    cbm/cbm.inc(32)
    cbm_read.o                cbm/cbm.inc(32)
    c_readst.o                cbm/cbm.inc(32)
SETLFS (kernal.o):
    open.o                    cbm/cbm.inc(33)
    diskcmd.o                 cbm/cbm.inc(33)
    c_setlfs.o                cbm/cbm.inc(33)
    write.o                   cbm/cbm.inc(33)
    read.o                    cbm/cbm.inc(33)
SETNAM (kernal.o):
    filename.o                cbm/cbm.inc(34)
    diskcmd.o                 cbm/cbm.inc(34)
    c_setnam.o                cbm/cbm.inc(34)
ST (status.o):
    crt0.o                    c128/crt0.s(12)
_DIR1H (main.o):
    db.o                      src/db.s(14)
    ops.o                     src/ops.s(13)
_DIR2H (main.o):
    db.o                      src/db.s(15)
    ops.o                     src/ops.s(14)
_DIR2X (main.o):
    db.o                      src/db.s(20)
    ops.o                     src/ops.s(17)
    dir.o                     src/dir.s(31)
_DIR2Y (main.o):
    db.o                      src/db.s(21)
    ops.o                     src/ops.s(18)
    dir.o                     src/dir.s(32)
_MENUW (main.o):
    db.o                      src/db.s(19)
_MENUX (main.o):
    db.o                      src/db.s(17)
_MENUXT (main.o):
    db.o                      src/db.s(18)
    ops.o                     src/ops.s(16)
_SCREENW (main.o):
    db.o                      src/db.s(16)
    ops.o                     src/ops.s(15)
    screen.o                  src/screen.s(25)
__BSS_RUN__ ([linker generated]):
    _heap.o                   common/_heap.s(8)
    zerobss.o                 common/zerobss.s(8)
__BSS_SIZE__ ([linker generated]):
    _heap.o                   common/_heap.s(8)
    zerobss.o                 common/zerobss.s(8)
__CONSTRUCTOR_COUNT__ ([linker generated]):
    condes.o                  runtime/condes.s(18)
__CONSTRUCTOR_TABLE__ ([linker generated]):
    condes.o                  runtime/condes.s(18)
__DESTRUCTOR_COUNT__ ([linker generated]):
    condes.o                  runtime/condes.s(19)
__DESTRUCTOR_TABLE__ ([linker generated]):
    condes.o                  runtime/condes.s(19)
__EXEHDR__ (exehdr.o):
    [linker generated]        /mnt/l/cc65/cfg/c128.cfg(3)
__LOADADDR__ (loadaddr.o):
    [linker generated]        /mnt/l/cc65/cfg/c128.cfg(2)
__MAIN_SIZE__ ([linker generated]):
    crt0.o                    c128/crt0.s(11)
__MAIN_START__ ([linker generated]):
    crt0.o                    c128/crt0.s(11)
__STACKSIZE__ ([linker generated]):
    _heap.o                   common/_heap.s(8)
    crt0.o                    c128/crt0.s(11)
    [linker generated]        /mnt/l/cc65/cfg/c128.cfg(10)
__STARTUP__ (crt0.o):
    main.o                    src/main.s(13)
__afailed (_afailed.o):
    dir.o                     src/dir.s(13)
__bzero (memset.o):
    calloc.o                  common/calloc.s(10)
__cbm_filetype (cbm_filetype.o):
    cbm_dir.o                 ../libwrk/c128/cbm_dir.s(13)
__ctype (ctype.o):
    ctypemask.o               common/ctypemask.s(23)
__ctypeidx (ctype.o):
    ctypemask.o               common/ctypemask.s(24)
__directerrno (_directerrno.o):
    vsnprintf.o               /mnt/l/cc65/asminc/errno.inc(10)
    open.o                    /mnt/l/cc65/asminc/errno.inc(10)
    close.o                   /mnt/l/cc65/asminc/errno.inc(10)
    write.o                   /mnt/l/cc65/asminc/errno.inc(10)
    read.o                    /mnt/l/cc65/asminc/errno.inc(10)
__errno (errno.o):
    _seterrno.o               /mnt/l/cc65/asminc/errno.inc(7)
__fdesc (_fdesc.o):
    fopen.o                   common/fopen.s(10)
__filetab (_file.o):
    _fdesc.o                  /mnt/l/cc65/asminc/_file.inc(25)
__filetype (filetype.o):
    filename.o                cbm/filename.s(11)
    main.o                    src/main.s(25)
__fopen (_fopen.o):
    fopen.o                   common/fopen.s(10)
__heapend (_heap.o):
    malloc.o                  /mnt/l/cc65/asminc/_heap.inc(33)
__heapfirst (_heap.o):
    malloc.o                  /mnt/l/cc65/asminc/_heap.inc(34)
    free.o                    /mnt/l/cc65/asminc/_heap.inc(34)
__heaplast (_heap.o):
    malloc.o                  /mnt/l/cc65/asminc/_heap.inc(35)
    free.o                    /mnt/l/cc65/asminc/_heap.inc(35)
__heapptr (_heap.o):
    malloc.o                  /mnt/l/cc65/asminc/_heap.inc(32)
    free.o                    /mnt/l/cc65/asminc/_heap.inc(32)
__hextab (_hextab.o):
    ltoa.o                    common/ltoa.s(10)
    cputhex.o                 conio/cputhex.s(10)
__longminstr (_longminstr.o):
    ltoa.o                    common/ltoa.s(10)
__mappederrno (_mappederrno.o):
    open.o                    /mnt/l/cc65/asminc/errno.inc(10)
    close.o                   /mnt/l/cc65/asminc/errno.inc(10)
    write.o                   /mnt/l/cc65/asminc/errno.inc(10)
    read.o                    /mnt/l/cc65/asminc/errno.inc(10)
__oserror (_oserror.o):
    open.o                    /mnt/l/cc65/asminc/errno.inc(7)
    _mappederrno.o            /mnt/l/cc65/asminc/errno.inc(7)
    _directerrno.o            /mnt/l/cc65/asminc/errno.inc(7)
    write.o                   /mnt/l/cc65/asminc/errno.inc(7)
    read.o                    /mnt/l/cc65/asminc/errno.inc(7)
    cbm_read.o                cbm/cbm_read.s(44)
    cbm_open.o                cbm/cbm_open.s(24)
    cbm_dir.o                 ../libwrk/c128/cbm_dir.s(23)
    ops.o                     src/ops.s(76)
__osmaperrno (oserror.o):
    _mappederrno.o            /mnt/l/cc65/asminc/errno.inc(8)
__printf (_printf.o):
    vsnprintf.o               common/vsnprintf.s(10)
    vfprintf.o                common/vfprintf.s(10)
    vcprintf.o                conio/vcprintf.s(9)
__seterrno (_seterrno.o):
    _mappederrno.o            /mnt/l/cc65/asminc/errno.inc(9)
    _fopen.o                  /mnt/l/cc65/asminc/errno.inc(9)
    _directerrno.o            /mnt/l/cc65/asminc/errno.inc(9)
    signal.o                  /mnt/l/cc65/asminc/errno.inc(9)
    fwrite.o                  /mnt/l/cc65/asminc/errno.inc(9)
    fread.o                   /mnt/l/cc65/asminc/errno.inc(9)
    fopen.o                   /mnt/l/cc65/asminc/errno.inc(9)
    fclose.o                  /mnt/l/cc65/asminc/errno.inc(9)
__sig_dfl (signal.o):
    sigtable.o                /mnt/l/cc65/asminc/signal.inc(53)
    raise.o                   /mnt/l/cc65/asminc/signal.inc(53)
_about (ops.o):
    db.o                      src/db.s(42)
_atoi (atoi.o):
    ops.o                     src/ops.s(74)
    main.o                    src/main.s(33)
_bgcolor (color.o):
    screen.o                  src/screen.s(19)
_bordercolor (color.o):
    screen.o                  src/screen.s(20)
_calloc (calloc.o):
    dir.o                     src/dir.s(14)
_catasc (cat.o):
    db.o                      src/db.s(36)
_cathex (cat.o):
    db.o                      src/db.s(35)
_cbm_close (cbm_close.o):
    cbm_dir.o                 ../libwrk/c128/cbm_dir.s(19)
    db.o                      src/db.s(29)
    ops.o                     src/ops.s(23)
    cat.o                     src/cat.s(14)
_cbm_closedir (cbm_dir.o):
    db.o                      src/db.s(30)
    dir.o                     src/dir.s(25)
_cbm_k_basin (c_basin.o):
    cbm_dir.o                 ../libwrk/c128/cbm_dir.s(14)
    dir.o                     src/dir.s(20)
_cbm_k_chkin (c_chkin.o):
    cbm_dir.o                 ../libwrk/c128/cbm_dir.s(15)
    dir.o                     src/dir.s(21)
_cbm_k_close (c_close.o):
    cbm_close.o               cbm/cbm_close.s(7)
_cbm_k_clrch (c_clrch.o):
    cbm_dir.o                 ../libwrk/c128/cbm_dir.s(16)
    dir.o                     src/dir.s(22)
_cbm_k_open (c_open.o):
    cbm_open.o                cbm/cbm_open.s(23)
_cbm_k_readst (c_readst.o):
    cbm_dir.o                 ../libwrk/c128/cbm_dir.s(17)
    dir.o                     src/dir.s(23)
_cbm_k_setlfs (c_setlfs.o):
    cbm_open.o                cbm/cbm_open.s(23)
_cbm_k_setnam (c_setnam.o):
    cbm_open.o                cbm/cbm_open.s(23)
_cbm_open (cbm_open.o):
    cbm_dir.o                 ../libwrk/c128/cbm_dir.s(18)
    ops.o                     src/ops.s(22)
    cat.o                     src/cat.s(13)
_cbm_opendir (cbm_dir.o):
    dir.o                     src/dir.s(24)
_cbm_read (cbm_read.o):
    ops.o                     src/ops.s(24)
    cat.o                     src/cat.s(15)
_cclear (cclear.o):
    ops.o                     src/ops.s(69)
    dir.o                     src/dir.s(30)
_cclearxy (cclear.o):
    screen.o                  src/screen.s(23)
_cgetc (cgetc.o):
    db.o                      src/db.s(32)
    ops.o                     src/ops.s(65)
    base.o                    src/base.s(15)
    main.o                    src/main.s(30)
_changeDir (ops.o):
    db.o                      src/db.s(47)
_chline (chline.o):
    screen.o                  src/screen.s(21)
_clearArea (screen.o):
    ops.o                     src/ops.s(53)
_close (close.o):
    open.o                    cbm/open.s(14)
    fclose.o                  common/fclose.s(10)
_clrscr (clrscr.o):
    ops.o                     src/ops.s(58)
    cat.o                     src/cat.s(16)
    screen.o                  src/screen.s(13)
    main.o                    src/main.s(26)
_cmd (ops.o):
    main.o                    src/main.s(55)
_cprintf (cprintf.o):
    ops.o                     src/ops.s(64)
    dir.o                     src/dir.s(28)
    main.o                    src/main.s(29)
_cputc (cputc.o):
    vcprintf.o                conio/vcprintf.s(9)
    cputs.o                   conio/cputs.s(9)
    cputhex.o                 conio/cputhex.s(9)
    ops.o                     src/ops.s(60)
    dir.o                     src/dir.s(27)
    cat.o                     src/cat.s(19)
    screen.o                  src/screen.s(15)
_cputcxy (cputc.o):
    ops.o                     src/ops.s(61)
_cputhex16 (cputhex.o):
    cat.o                     src/cat.s(23)
_cputhex8 (cputhex.o):
    cat.o                     src/cat.s(22)
_cputs (cputs.o):
    ops.o                     src/ops.s(62)
    base.o                    src/base.s(14)
    cat.o                     src/cat.s(20)
    screen.o                  src/screen.s(16)
    main.o                    src/main.s(28)
_cputsxy (cputs.o):
    db.o                      src/db.s(31)
    ops.o                     src/ops.s(63)
_cursor (cursor.o):
    ops.o                     src/ops.s(66)
_cvlinexy (cvline.o):
    screen.o                  src/screen.s(22)
_debugu (ops.o):
    dir.o                     src/dir.s(39)
_depth (main.o):
    db.o                      src/db.s(26)
    ops.o                     src/ops.s(20)
_devices (ops.o):
    db.o                      src/db.s(52)
_devicetype (ops.o):
    db.o                      src/db.s(51)
    main.o                    src/main.s(59)
_dirs (ops.o):
    db.o                      src/db.s(53)
_doDOScommand (ops.o):
    db.o                      src/db.s(50)
_drawDirFrame (ops.o):
    db.o                      src/db.s(48)
_drawFrame (screen.o):
    db.o                      src/db.s(28)
    ops.o                     src/ops.s(55)
_execute (ops.o):
    db.o                      src/db.s(39)
    main.o                    src/main.s(56)
_exit (crt0.o):
    _afailed.o                ../libwrk/c128/_afailed.s(16)
    ops.o                     src/ops.s(75)
    main.o                    src/main.s(34)
_exitScreen (screen.o):
    ops.o                     src/ops.s(56)
    main.o                    src/main.s(61)
_fclose (fclose.o):
    main.o                    src/main.s(14)
_fgetc (fgetc.o):
    main.o                    src/main.s(15)
_fopen (fopen.o):
    main.o                    src/main.s(16)
_fprintf (fprintf.o):
    _afailed.o                ../libwrk/c128/_afailed.s(15)
_fputc (fputc.o):
    main.o                    src/main.s(17)
_fread (fread.o):
    main.o                    src/main.s(18)
_free (free.o):
    dir.o                     src/dir.s(15)
_freeDir (dir.o):
    db.o                      src/db.s(37)
_fwrite (fwrite.o):
    vfprintf.o                common/vfprintf.s(10)
    main.o                    src/main.s(19)
_getDeviceType (ops.o):
    db.o                      src/db.s(49)
_getcurrentdevice (curdevice.o):
    main.o                    src/main.s(35)
_gotoxy (gotoxy.o):
    ops.o                     src/ops.s(59)
    dir.o                     src/dir.s(26)
    cat.o                     src/cat.s(17)
    screen.o                  src/screen.s(14)
    main.o                    src/main.s(27)
_initScreen (screen.o):
    main.o                    src/main.s(60)
_isprint (isprint.o):
    ops.o                     src/ops.s(77)
_linebuffer (ops.o):
    dir.o                     src/dir.s(37)
_linebuffer2 (ops.o):
    dir.o                     src/dir.s(38)
_ltoa (ltoa.o):
    _printf.o                 common/_printf.s(12)
_main (main.o):
    callmain.o                runtime/callmain.s(11)
_mainLoopBrowse (db.o):
    main.o                    src/main.s(57)
_malloc (malloc.o):
    calloc.o                  common/calloc.s(10)
_memcpy (memcpy.o):
    vsnprintf.o               common/vsnprintf.s(10)
    dir.o                     src/dir.s(18)
_newscreen (screen.o):
    ops.o                     src/ops.s(54)
_open (open.o):
    _fopen.o                  common/_fopen.s(10)
_path (main.o):
    db.o                      src/db.s(22)
    ops.o                     src/ops.s(19)
_pathdevice (main.o):
    db.o                      src/db.s(23)
_pathfile (main.o):
    db.o                      src/db.s(24)
_pathrunboot (main.o):
    db.o                      src/db.s(25)
_printDir (ops.o):
    db.o                      src/db.s(45)
_printElement (ops.o):
    db.o                      src/db.s(46)
_raise (raise.o):
    _afailed.o                ../libwrk/c128/_afailed.s(13)
_read (read.o):
    fread.o                   common/fread.s(10)
    fgetc.o                   ../libwrk/c128/fgetc.s(14)
_readDir (dir.o):
    db.o                      src/db.s(38)
    ops.o                     src/ops.s(25)
_revers (revers.o):
    db.o                      src/db.s(33)
    ops.o                     src/ops.s(67)
    base.o                    src/base.s(16)
    dir.o                     src/dir.s(29)
    screen.o                  src/screen.s(17)
    main.o                    src/main.s(31)
_showDir (ops.o):
    db.o                      src/db.s(43)
_sprintf (sprintf.o):
    ops.o                     src/ops.s(70)
    main.o                    src/main.s(20)
_stderr (_file.o):
    _afailed.o                ../libwrk/c128/_afailed.s(14)
_strcat (strcat.o):
    main.o                    src/main.s(21)
_strcpy (strcpy.o):
    db.o                      src/db.s(13)
    ops.o                     src/ops.s(71)
    dir.o                     src/dir.s(16)
    main.o                    src/main.s(22)
_strlen (strlen.o):
    _printf.o                 common/_printf.s(13)
    ops.o                     src/ops.s(72)
    screen.o                  src/screen.s(24)
    main.o                    src/main.s(23)
_strlower (strlower.o):
    _printf.o                 common/_printf.s(13)
_strncmp (strncmp.o):
    dir.o                     src/dir.s(17)
_strncpy (strncpy.o):
    main.o                    src/main.s(24)
_strstr (strstr.o):
    ops.o                     src/ops.s(73)
_textInput (ops.o):
    main.o                    src/main.s(58)
_textcolor (color.o):
    db.o                      src/db.s(34)
    ops.o                     src/ops.s(68)
    base.o                    src/base.s(17)
    cat.o                     src/cat.s(21)
    screen.o                  src/screen.s(18)
    main.o                    src/main.s(32)
_trace (main.o):
    db.o                      src/db.s(27)
    ops.o                     src/ops.s(21)
_ultoa (ltoa.o):
    _printf.o                 common/_printf.s(12)
_updateMenu (db.o):
    ops.o                     src/ops.s(29)
_updateScreen (ops.o):
    db.o                      src/db.s(40)
_vcprintf (vcprintf.o):
    cprintf.o                 conio/cprintf.s(8)
_vfprintf (vfprintf.o):
    fprintf.o                 common/fprintf.s(8)
_vsprintf (vsprintf.o):
    sprintf.o                 common/sprintf.s(8)
_waitKey (base.o):
    ops.o                     src/ops.s(57)
    cat.o                     src/cat.s(27)
_wherey (wherey.o):
    cat.o                     src/cat.s(18)
_write (write.o):
    fwrite.o                  common/fwrite.s(10)
    fputc.o                   ../libwrk/c128/fputc.s(14)
addeq0sp (addeqsp.o):
    ops.o                     src/ops.s(2904)
    ops.o                     src/ops.s(2904)
    main.o                    src/main.s(2943)
    main.o                    src/main.s(2943)
    main.o                    src/main.s(2943)
    main.o                    src/main.s(2943)
    main.o                    src/main.s(2943)
    main.o                    src/main.s(2943)
addeqysp (addeqsp.o):
    db.o                      src/db.s(1577)
    ops.o                     src/ops.s(2904)
    cat.o                     src/cat.s(476)
    cat.o                     src/cat.s(476)
    screen.o                  src/screen.s(360)
    main.o                    src/main.s(2943)
addysp (addysp.o):
    open.o                    cbm/open.s(10)
    sprintf.o                 common/sprintf.s(8)
    leave.o                   runtime/leave.s(14)
    incsp8.o                  runtime/incsp8.s(8)
    incsp7.o                  runtime/incsp7.s(8)
    incsp6.o                  runtime/incsp6.s(8)
    incsp5.o                  runtime/incsp5.s(8)
    incsp4.o                  runtime/incsp4.s(8)
    incsp3.o                  runtime/incsp3.s(8)
    fwrite.o                  common/fwrite.s(11)
    fprintf.o                 common/fprintf.s(8)
    cprintf.o                 conio/cprintf.s(8)
    db.o                      src/db.s(1577)
    ops.o                     src/ops.s(2904)
    ops.o                     src/ops.s(2904)
    ops.o                     src/ops.s(2904)
    dir.o                     src/dir.s(1476)
    cat.o                     src/cat.s(476)
    cat.o                     src/cat.s(476)
    main.o                    src/main.s(2943)
    main.o                    src/main.s(2943)
    main.o                    src/main.s(2943)
addysp1 (addysp.o):
    sub.o                     runtime/sub.s(8)
    or.o                      runtime/or.s(9)
aslax1 (aslax1.o):
    main.o                    src/main.s(2943)
    main.o                    src/main.s(2943)
    main.o                    src/main.s(2943)
    main.o                    src/main.s(2943)
    main.o                    src/main.s(2943)
    main.o                    src/main.s(2943)
    main.o                    src/main.s(2943)
axlong (axlong.o):
    _printf.o                 common/_printf.s(11)
axulong (axlong.o):
    _printf.o                 common/_printf.s(11)
bnega (bneg.o):
    db.o                      src/db.s(1577)
    cat.o                     src/cat.s(476)
    main.o                    src/main.s(2943)
booleq (makebool.o):
    ops.o                     src/ops.s(2904)
callmain (callmain.o):
    crt0.o                    c128/crt0.s(9)
chlinechar (clinechars.o):
    chline.o                  cbm/chline.s(10)
closecmdchannel (diskcmd.o):
    scratch.o                 cbm/scratch.s(8)
    open.o                    cbm/open.s(12)
    close.o                   cbm/close.s(9)
cputdirect (cputc.o):
    chline.o                  cbm/chline.s(9)
    cclear.o                  cbm/cclear.s(9)
ctypemask (ctypemask.o):
    isprint.o                 common/isprint.s(15)
ctypemaskdirect (ctypemask.o):
    strlower.o                common/strlower.s(14)
    atoi.o                    common/atoi.s(11)
cursor (_cursor.o):
    cursor.o                  conio/cursor.s(8)
    cgetc.o                   c128/cgetc.s(11)
curunit (filevars.o):
    filename.o                cbm/filename.s(11)
    curdevice.o               cbm/curdevice.s(8)
cvlinechar (clinechars.o):
    cvline.o                  cbm/cvline.s(10)
decax1 (decax1.o):
    db.o                      src/db.s(1577)
    ops.o                     src/ops.s(2904)
    dir.o                     src/dir.s(1476)
    main.o                    src/main.s(2943)
decax2 (decax2.o):
    ops.o                     src/ops.s(2904)
    dir.o                     src/dir.s(1476)
decax3 (decax3.o):
    ops.o                     src/ops.s(2904)
    dir.o                     src/dir.s(1476)
decax4 (decax4.o):
    ops.o                     src/ops.s(2904)
    dir.o                     src/dir.s(1476)
decaxy (decaxy.o):
    ops.o                     src/ops.s(2904)
    cat.o                     src/cat.s(476)
    main.o                    src/main.s(2943)
    main.o                    src/main.s(2943)
    main.o                    src/main.s(2943)
    main.o                    src/main.s(2943)
    main.o                    src/main.s(2943)
decsp1 (decsp1.o):
    fgetc.o                   ../libwrk/c128/fgetc.s(95)
    cbm_dir.o                 ../libwrk/c128/cbm_dir.s(374)
    db.o                      src/db.s(1577)
    ops.o                     src/ops.s(2904)
    ops.o                     src/ops.s(2904)
    dir.o                     src/dir.s(1476)
    screen.o                  src/screen.s(360)
    main.o                    src/main.s(2943)
    main.o                    src/main.s(2943)
    main.o                    src/main.s(2943)
    main.o                    src/main.s(2943)
    main.o                    src/main.s(2943)
decsp2 (decsp2.o):
    cbm_dir.o                 ../libwrk/c128/cbm_dir.s(374)
    ops.o                     src/ops.s(2904)
    ops.o                     src/ops.s(2904)
    ops.o                     src/ops.s(2904)
    ops.o                     src/ops.s(2904)
    ops.o                     src/ops.s(2904)
    ops.o                     src/ops.s(2904)
    dir.o                     src/dir.s(1476)
    dir.o                     src/dir.s(1476)
    cat.o                     src/cat.s(476)
    cat.o                     src/cat.s(476)
    main.o                    src/main.s(2943)
    main.o                    src/main.s(2943)
    main.o                    src/main.s(2943)
    main.o                    src/main.s(2943)
    main.o                    src/main.s(2943)
    main.o                    src/main.s(2943)
    main.o                    src/main.s(2943)
    main.o                    src/main.s(2943)
decsp3 (decsp3.o):
    main.o                    src/main.s(2943)
decsp4 (decsp4.o):
    lpush.o                   runtime/lpush.s(12)
    sprintf.o                 common/sprintf.s(8)
    fprintf.o                 common/fprintf.s(8)
    dir.o                     src/dir.s(1476)
    main.o                    src/main.s(2943)
    main.o                    src/main.s(2943)
decsp6 (decsp6.o):
    _printf.o                 common/_printf.s(11)
devnum (devnum.o):
    filevars.o                cbm/filevars.s(9)
donelib (condes.o):
    crt0.o                    c128/crt0.s(7)
enter (enter.o):
    cbm_dir.o                 ../libwrk/c128/cbm_dir.s(374)
fdtab (filedes.o):
    open.o                    cbm/filedes.inc(7)
    close.o                   cbm/filedes.inc(7)
    write.o                   cbm/filedes.inc(7)
    read.o                    cbm/filedes.inc(7)
fnaddmode (filename.o):
    open.o                    cbm/open.s(11)
fncmd (filename.o):
    scratch.o                 cbm/scratch.s(9)
    diskcmd.o                 cbm/diskcmd.s(14)
fncomplete (filename.o):
    open.o                    cbm/open.s(11)
fnisfile (filename.o):
    open.o                    cbm/open.s(13)
fnlen (filename.o):
    diskcmd.o                 cbm/diskcmd.s(14)
fnparse (filename.o):
    open.o                    cbm/open.s(11)
fnset (filename.o):
    open.o                    cbm/open.s(11)
fnunit (filename.o):
    scratch.o                 cbm/scratch.s(9)
    open.o                    cbm/open.s(13)
    diskcmd.o                 cbm/diskcmd.s(14)
freefd (filedes.o):
    open.o                    cbm/filedes.inc(9)
gotoxy (gotoxy.o):
    cvline.o                  cbm/cvline.s(9)
    cputs.o                   conio/cputs.s(9)
    cputc.o                   c128/cputc.s(11)
    chline.o                  cbm/chline.s(9)
    cclear.o                  cbm/cclear.s(9)
incax1 (incax1.o):
    db.o                      src/db.s(1577)
    ops.o                     src/ops.s(2904)
    main.o                    src/main.s(2943)
incax2 (incax2.o):
    ops.o                     src/ops.s(2904)
    main.o                    src/main.s(2943)
    main.o                    src/main.s(2943)
incax3 (incax3.o):
    cbm_dir.o                 ../libwrk/c128/cbm_dir.s(374)
incax4 (incaxy.o):
    cbm_dir.o                 ../libwrk/c128/cbm_dir.s(374)
incaxy (incaxy.o):
    incax3.o                  runtime/incax3.s(8)
    ops.o                     src/ops.s(2904)
    dir.o                     src/dir.s(1476)
    cat.o                     src/cat.s(476)
incsp1 (incsp1.o):
    cbm_dir.o                 ../libwrk/c128/cbm_dir.s(374)
    db.o                      src/db.s(1577)
    db.o                      src/db.s(1577)
    ops.o                     src/ops.s(2904)
    ops.o                     src/ops.s(2904)
    ops.o                     src/ops.s(2904)
    ops.o                     src/ops.s(2904)
    base.o                    src/base.s(59)
    dir.o                     src/dir.s(1476)
    cat.o                     src/cat.s(476)
    screen.o                  src/screen.s(360)
incsp2 (incsp2.o):
    vsnprintf.o               common/vsnprintf.s(9)
    staxspi.o                 runtime/staxspi.s(9)
    staspidx.o                runtime/staspidx.s(8)
    popptr1.o                 runtime/popptr1.s(8)
    ops.o                     src/ops.s(2904)
    ops.o                     src/ops.s(2904)
    ops.o                     src/ops.s(2904)
    ops.o                     src/ops.s(2904)
    ops.o                     src/ops.s(2904)
    ops.o                     src/ops.s(2904)
    ops.o                     src/ops.s(2904)
    dir.o                     src/dir.s(1476)
    dir.o                     src/dir.s(1476)
    main.o                    src/main.s(2943)
    main.o                    src/main.s(2943)
    main.o                    src/main.s(2943)
    main.o                    src/main.s(2943)
    main.o                    src/main.s(2943)
    main.o                    src/main.s(2943)
incsp3 (incsp3.o):
    fgetc.o                   ../libwrk/c128/fgetc.s(95)
    ops.o                     src/ops.s(2904)
    ops.o                     src/ops.s(2904)
    dir.o                     src/dir.s(1476)
    screen.o                  src/screen.s(360)
incsp4 (incsp4.o):
    _fopen.o                  common/_fopen.s(11)
    fread.o                   common/fread.s(12)
    fputc.o                   ../libwrk/c128/fputc.s(75)
    _afailed.o                ../libwrk/c128/_afailed.s(57)
    ops.o                     src/ops.s(2904)
    screen.o                  src/screen.s(360)
    main.o                    src/main.s(2943)
    main.o                    src/main.s(2943)
    main.o                    src/main.s(2943)
incsp5 (incsp5.o):
    ops.o                     src/ops.s(2904)
    screen.o                  src/screen.s(360)
    main.o                    src/main.s(2943)
    main.o                    src/main.s(2943)
incsp6 (incsp6.o):
    vsnprintf.o               common/vsnprintf.s(9)
    vfprintf.o                common/vfprintf.s(9)
    fwrite.o                  common/fwrite.s(11)
    fread.o                   common/fread.s(12)
    ops.o                     src/ops.s(2904)
    ops.o                     src/ops.s(2904)
    ops.o                     src/ops.s(2904)
    dir.o                     src/dir.s(1476)
    dir.o                     src/dir.s(1476)
    main.o                    src/main.s(2943)
    main.o                    src/main.s(2943)
    main.o                    src/main.s(2943)
    main.o                    src/main.s(2943)
incsp7 (incsp7.o):
    cbm_dir.o                 ../libwrk/c128/cbm_dir.s(374)
    ops.o                     src/ops.s(2904)
    ops.o                     src/ops.s(2904)
    ops.o                     src/ops.s(2904)
incsp8 (incsp8.o):
    screen.o                  src/screen.s(360)
initlib (condes.o):
    crt0.o                    c128/crt0.s(7)
jmpvec (jmpvec.o):
    raise.o                   common/raise.s(7)
ldax0sp (ldaxsp.o):
    fread.o                   common/fread.s(13)
    ops.o                     src/ops.s(2904)
    ops.o                     src/ops.s(2904)
    ops.o                     src/ops.s(2904)
    ops.o                     src/ops.s(2904)
    ops.o                     src/ops.s(2904)
    ops.o                     src/ops.s(2904)
    ops.o                     src/ops.s(2904)
    dir.o                     src/dir.s(1476)
    dir.o                     src/dir.s(1476)
    dir.o                     src/dir.s(1476)
    screen.o                  src/screen.s(360)
    main.o                    src/main.s(2943)
    main.o                    src/main.s(2943)
    main.o                    src/main.s(2943)
    main.o                    src/main.s(2943)
    main.o                    src/main.s(2943)
    main.o                    src/main.s(2943)
    main.o                    src/main.s(2943)
    main.o                    src/main.s(2943)
    main.o                    src/main.s(2943)
    main.o                    src/main.s(2943)
ldaxi (ldaxi.o):
    cbm_dir.o                 ../libwrk/c128/cbm_dir.s(374)
    db.o                      src/db.s(1577)
    ops.o                     src/ops.s(2904)
    ops.o                     src/ops.s(2904)
    ops.o                     src/ops.s(2904)
    dir.o                     src/dir.s(1476)
    main.o                    src/main.s(2943)
    main.o                    src/main.s(2943)
ldaxidx (ldaxi.o):
    db.o                      src/db.s(1577)
    ops.o                     src/ops.s(2904)
    ops.o                     src/ops.s(2904)
    ops.o                     src/ops.s(2904)
    ops.o                     src/ops.s(2904)
    dir.o                     src/dir.s(1476)
    dir.o                     src/dir.s(1476)
    dir.o                     src/dir.s(1476)
ldaxysp (ldaxsp.o):
    vsnprintf.o               common/vsnprintf.s(9)
    fwrite.o                  common/fwrite.s(11)
    fread.o                   common/fread.s(13)
    cbm_dir.o                 ../libwrk/c128/cbm_dir.s(374)
    db.o                      src/db.s(1577)
    ops.o                     src/ops.s(2904)
    ops.o                     src/ops.s(2904)
    ops.o                     src/ops.s(2904)
    ops.o                     src/ops.s(2904)
    ops.o                     src/ops.s(2904)
    ops.o                     src/ops.s(2904)
    ops.o                     src/ops.s(2904)
    ops.o                     src/ops.s(2904)
    ops.o                     src/ops.s(2904)
    ops.o                     src/ops.s(2904)
    dir.o                     src/dir.s(1476)
    dir.o                     src/dir.s(1476)
    dir.o                     src/dir.s(1476)
    cat.o                     src/cat.s(476)
    cat.o                     src/cat.s(476)
    screen.o                  src/screen.s(360)
    screen.o                  src/screen.s(360)
    main.o                    src/main.s(2943)
    main.o                    src/main.s(2943)
    main.o                    src/main.s(2943)
    main.o                    src/main.s(2943)
    main.o                    src/main.s(2943)
    main.o                    src/main.s(2943)
    main.o                    src/main.s(2943)
    main.o                    src/main.s(2943)
    main.o                    src/main.s(2943)
    main.o                    src/main.s(2943)
leaa0sp (leaaxsp.o):
    fputc.o                   ../libwrk/c128/fputc.s(75)
    fgetc.o                   ../libwrk/c128/fgetc.s(95)
    cbm_dir.o                 ../libwrk/c128/cbm_dir.s(374)
    dir.o                     src/dir.s(1476)
    cat.o                     src/cat.s(476)
    cat.o                     src/cat.s(476)
    main.o                    src/main.s(2943)
    main.o                    src/main.s(2943)
leavey (leave.o):
    cbm_dir.o                 ../libwrk/c128/cbm_dir.s(374)
mul8x16 (mul8.o):
    mul.o                     runtime/mul.s(8)
mul8x16a (mul8.o):
    mul.o                     runtime/mul.s(8)
mulax10 (mulax10.o):
    ops.o                     src/ops.s(2904)
negax (negabs.o):
    shelp.o                   runtime/shelp.s(11)
    div.o                     runtime/div.s(11)
negeax (lneg.o):
    ltoa.o                    common/ltoa.s(9)
    atoi.o                    common/atoi.s(9)
newline (cputc.o):
    cvline.o                  cbm/cvline.s(9)
opencmdchannel (diskcmd.o):
    scratch.o                 cbm/scratch.s(8)
    open.o                    cbm/open.s(12)
plot (cputc.o):
    gotoxy.o                  cbm/gotoxy.s(8)
popa (popa.o):
    c_setlfs.o                cbm/c_setlfs.s(12)
    gotoxy.o                  cbm/gotoxy.s(8)
    cbm_read.o                cbm/cbm_read.s(43)
    cbm_open.o                cbm/cbm_open.s(22)
popax (incsp2.o):
    vsnprintf.o               common/vsnprintf.s(9)
    open.o                    cbm/open.s(10)
    ltoa.o                    common/ltoa.s(9)
    _printf.o                 common/_printf.s(11)
    vcprintf.o                conio/vcprintf.s(8)
    strncpy.o                 common/strncpy.s(8)
    strncmp.o                 common/strncmp.s(8)
    strcpy.o                  common/strcpy.s(8)
    strcat.o                  common/strcat.s(9)
    signal.o                  common/signal.s(7)
    shelp.o                   runtime/shelp.s(11)
    rwcommon.o                cbm/rwcommon.s(9)
    memset.o                  common/memset.s(19)
[...]
push0 (pushax.o):
    db.o                      src/db.s(1577)
    ops.o                     src/ops.s(2904)
    ops.o                     src/ops.s(2904)
    dir.o                     src/dir.s(1476)
    cat.o                     src/cat.s(476)
    cat.o                     src/cat.s(476)
    main.o                    src/main.s(2943)
    main.o                    src/main.s(2943)
    main.o                    src/main.s(2943)
    main.o                    src/main.s(2943)
    main.o                    src/main.s(2943)
    main.o                    src/main.s(2943)
push1 (push1.o):
    _printf.o                 common/_printf.s(11)
    vfprintf.o                common/vfprintf.s(9)
pusha (pusha.o):
    cbm_dir.o                 ../libwrk/c128/cbm_dir.s(374)
    cbm_dir.o                 ../libwrk/c128/cbm_dir.s(374)
    cbm_dir.o                 ../libwrk/c128/cbm_dir.s(374)
    db.o                      src/db.s(1577)
    db.o                      src/db.s(1577)
    ops.o                     src/ops.s(2904)
    ops.o                     src/ops.s(2904)
    ops.o                     src/ops.s(2904)
    ops.o                     src/ops.s(2904)
    ops.o                     src/ops.s(2904)
    ops.o                     src/ops.s(2904)
    ops.o                     src/ops.s(2904)
    ops.o                     src/ops.s(2904)
    ops.o                     src/ops.s(2904)
    ops.o                     src/ops.s(2904)
    ops.o                     src/ops.s(2904)
    ops.o                     src/ops.s(2904)
    ops.o                     src/ops.s(2904)
    ops.o                     src/ops.s(2904)
    ops.o                     src/ops.s(2904)
    ops.o                     src/ops.s(2904)
    ops.o                     src/ops.s(2904)
    ops.o                     src/ops.s(2904)
    ops.o                     src/ops.s(2904)
    ops.o                     src/ops.s(2904)
    base.o                    src/base.s(59)
    dir.o                     src/dir.s(1476)
    dir.o                     src/dir.s(1476)
    cat.o                     src/cat.s(476)
    cat.o                     src/cat.s(476)
    cat.o                     src/cat.s(476)
    screen.o                  src/screen.s(360)
    screen.o                  src/screen.s(360)
    screen.o                  src/screen.s(360)
    screen.o                  src/screen.s(360)
    main.o                    src/main.s(2943)
    main.o                    src/main.s(2943)
    main.o                    src/main.s(2943)
    main.o                    src/main.s(2943)
    main.o                    src/main.s(2943)
    main.o                    src/main.s(2943)
    main.o                    src/main.s(2943)
    main.o                    src/main.s(2943)
    main.o                    src/main.s(2943)
    main.o                    src/main.s(2943)
    main.o                    src/main.s(2943)
pusha0 (pushax.o):
    push1.o                   runtime/push1.s(8)
    fread.o                   common/fread.s(11)
    fputc.o                   ../libwrk/c128/fputc.s(75)
    fgetc.o                   ../libwrk/c128/fgetc.s(95)
    db.o                      src/db.s(1577)
    ops.o                     src/ops.s(2904)
    ops.o                     src/ops.s(2904)
    ops.o                     src/ops.s(2904)
    ops.o                     src/ops.s(2904)
    ops.o                     src/ops.s(2904)
    ops.o                     src/ops.s(2904)
    dir.o                     src/dir.s(1476)
    screen.o                  src/screen.s(360)
    screen.o                  src/screen.s(360)
    main.o                    src/main.s(2943)
    main.o                    src/main.s(2943)
    main.o                    src/main.s(2943)
    main.o                    src/main.s(2943)
    main.o                    src/main.s(2943)
    main.o                    src/main.s(2943)
    main.o                    src/main.s(2943)
    main.o                    src/main.s(2943)
pushax (pushax.o):
    callmain.o                runtime/callmain.s(11)
    _printf.o                 common/_printf.s(11)
    vcprintf.o                conio/vcprintf.s(8)
    pushw.o                   runtime/pushw.s(8)
    fwrite.o                  common/fwrite.s(11)
    fread.o                   common/fread.s(11)
    fputc.o                   ../libwrk/c128/fputc.s(75)
    fopen.o                   common/fopen.s(11)
    fgetc.o                   ../libwrk/c128/fgetc.s(95)
    cprintf.o                 conio/cprintf.s(8)
    cbm_dir.o                 ../libwrk/c128/cbm_dir.s(374)
    cbm_dir.o                 ../libwrk/c128/cbm_dir.s(374)
    calloc.o                  common/calloc.s(11)
    _afailed.o                ../libwrk/c128/_afailed.s(57)
    db.o                      src/db.s(1577)
    db.o                      src/db.s(1577)
    ops.o                     src/ops.s(2904)
    ops.o                     src/ops.s(2904)
    ops.o                     src/ops.s(2904)
    ops.o                     src/ops.s(2904)
    ops.o                     src/ops.s(2904)
    ops.o                     src/ops.s(2904)
    ops.o                     src/ops.s(2904)
    ops.o                     src/ops.s(2904)
    ops.o                     src/ops.s(2904)
    ops.o                     src/ops.s(2904)
    ops.o                     src/ops.s(2904)
    ops.o                     src/ops.s(2904)
    ops.o                     src/ops.s(2904)
    dir.o                     src/dir.s(1476)
    dir.o                     src/dir.s(1476)
    dir.o                     src/dir.s(1476)
    dir.o                     src/dir.s(1476)
    cat.o                     src/cat.s(476)
    cat.o                     src/cat.s(476)
    screen.o                  src/screen.s(360)
    screen.o                  src/screen.s(360)
    main.o                    src/main.s(2943)
    main.o                    src/main.s(2943)
    main.o                    src/main.s(2943)
    main.o                    src/main.s(2943)
    main.o                    src/main.s(2943)
    main.o                    src/main.s(2943)
    main.o                    src/main.s(2943)
    main.o                    src/main.s(2943)
    main.o                    src/main.s(2943)
    main.o                    src/main.s(2943)
    main.o                    src/main.s(2943)
    main.o                    src/main.s(2943)
    main.o                    src/main.s(2943)
    main.o                    src/main.s(2943)
    main.o                    src/main.s(2943)
    main.o                    src/main.s(2943)
    main.o                    src/main.s(2943)
pusheax (lpush.o):
    _printf.o                 common/_printf.s(11)
pushw (pushw.o):
    db.o                      src/db.s(1577)
    ops.o                     src/ops.s(2904)
    ops.o                     src/ops.s(2904)
    ops.o                     src/ops.s(2904)
    ops.o                     src/ops.s(2904)
    ops.o                     src/ops.s(2904)
    main.o                    src/main.s(2943)
pushw0sp (pushwsp.o):
    vsprintf.o                common/vsprintf.s(8)
    ops.o                     src/ops.s(2904)
    dir.o                     src/dir.s(1476)
    main.o                    src/main.s(2943)
    main.o                    src/main.s(2943)
    main.o                    src/main.s(2943)
    main.o                    src/main.s(2943)
pushwidx (pushw.o):
    db.o                      src/db.s(1577)
    ops.o                     src/ops.s(2904)
    ops.o                     src/ops.s(2904)
    dir.o                     src/dir.s(1476)
    dir.o                     src/dir.s(1476)
pushwysp (pushwsp.o):
    vfprintf.o                common/vfprintf.s(9)
    fwrite.o                  common/fwrite.s(11)
    fread.o                   common/fread.s(14)
    _afailed.o                ../libwrk/c128/_afailed.s(57)
    db.o                      src/db.s(1577)
    ops.o                     src/ops.s(2904)
    ops.o                     src/ops.s(2904)
    ops.o                     src/ops.s(2904)
    ops.o                     src/ops.s(2904)
    ops.o                     src/ops.s(2904)
    ops.o                     src/ops.s(2904)
    ops.o                     src/ops.s(2904)
    ops.o                     src/ops.s(2904)
    ops.o                     src/ops.s(2904)
    ops.o                     src/ops.s(2904)
    dir.o                     src/dir.s(1476)
    dir.o                     src/dir.s(1476)
    main.o                    src/main.s(2943)
    main.o                    src/main.s(2943)
    main.o                    src/main.s(2943)
    main.o                    src/main.s(2943)
    main.o                    src/main.s(2943)
    main.o                    src/main.s(2943)
    main.o                    src/main.s(2943)
    main.o                    src/main.s(2943)
    main.o                    src/main.s(2943)
    main.o                    src/main.s(2943)
    main.o                    src/main.s(2943)
    main.o                    src/main.s(2943)
    main.o                    src/main.s(2943)
putchar (cputc.o):
    cvline.o                  cbm/cvline.s(9)
readdiskerror (diskcmd.o):
    open.o                    cbm/open.s(12)
    close.o                   cbm/close.s(9)
regbank (zeropage.o):
    _printf.o                 /mnt/l/cc65/asminc/zeropage.inc(14)
    regswap2.o                runtime/regswap2.s(8)
    fread.o                   common/fread.s(31)
    fputc.o                   ../libwrk/c128/fputc.s(10)
    fgetc.o                   ../libwrk/c128/fgetc.s(10)
    cbm_dir.o                 ../libwrk/c128/cbm_dir.s(10)
regswap2 (regswap2.o):
    fputc.o                   ../libwrk/c128/fputc.s(75)
    fgetc.o                   ../libwrk/c128/fgetc.s(95)
    cbm_dir.o                 ../libwrk/c128/cbm_dir.s(374)
return0 (return0.o):
    _fopen.o                  common/_fopen.s(11)
    _fdesc.o                  common/_fdesc.s(9)
    color.o                   c128/color.s(10)
rwcommon (rwcommon.o):
    write.o                   cbm/write.s(10)
    read.o                    cbm/read.s(11)
scratch (scratch.o):
    open.o                    cbm/open.s(11)
sigtable (sigtable.o):
    signal.o                  /mnt/l/cc65/asminc/signal.inc(49)
    raise.o                   /mnt/l/cc65/asminc/signal.inc(49)
sp (zeropage.o):
    vsnprintf.o               common/vsnprintf.s(11)
    lpush.o                   runtime/lpush.s(13)
    decsp6.o                  runtime/decsp6.s(8)
    _printf.o                 /mnt/l/cc65/asminc/zeropage.inc(11)
    _heap.o                   common/_heap.s(9)
    _fopen.o                  common/_fopen.s(12)
    vfprintf.o                common/vfprintf.s(11)
    vcprintf.o                conio/vcprintf.s(10)
    subysp.o                  runtime/subysp.s(9)
    subeqsp.o                 runtime/subeqsp.s(8)
    sub.o                     runtime/sub.s(9)
    staxspi.o                 runtime/staxspi.s(10)
    staxsp.o                  runtime/staxsp.s(8)
    staspidx.o                runtime/staspidx.s(9)
    sprintf.o                 common/sprintf.s(9)
    regswap2.o                runtime/regswap2.s(8)
    pushwsp.o                 runtime/pushwsp.s(8)
    pushax.o                  runtime/pushax.s(8)
    pusha.o                   runtime/pusha.s(8)
    popptr1.o                 runtime/popptr1.s(9)
    popa.o                    runtime/popa.s(8)
    or.o                      runtime/or.s(10)
    memset.o                  common/memset.s(20)
    memcpy.o                  common/memcpy.s(15)
    leave.o                   runtime/leave.s(15)
    leaaxsp.o                 runtime/leaaxsp.s(8)
    ldaxsp.o                  runtime/ldaxsp.s(8)
    incsp2.o                  runtime/incsp2.s(8)
    incsp1.o                  runtime/incsp1.s(8)
    icmp.o                    runtime/icmp.s(9)
    fread.o                   common/fread.s(17)
    fputc.o                   ../libwrk/c128/fputc.s(10)
    fprintf.o                 common/fprintf.s(9)
    fgetc.o                   ../libwrk/c128/fgetc.s(10)
    enter.o                   runtime/enter.s(8)
    decsp4.o                  runtime/decsp4.s(8)
    decsp3.o                  runtime/decsp3.s(8)
    decsp2.o                  runtime/decsp2.s(8)
    decsp1.o                  runtime/decsp1.s(8)
    crt0.o                    /mnt/l/cc65/asminc/zeropage.inc(11)
    cprintf.o                 conio/cprintf.s(9)
    cbm_dir.o                 ../libwrk/c128/cbm_dir.s(10)
    addysp.o                  runtime/addysp.s(8)
    addeqsp.o                 runtime/addeqsp.s(8)
    add.o                     runtime/add.s(12)
    db.o                      src/db.s(10)
    ops.o                     src/ops.s(10)
    base.o                    src/base.s(10)
    dir.o                     src/dir.s(10)
    cat.o                     src/cat.s(10)
    screen.o                  src/screen.s(10)
    main.o                    src/main.s(10)
sreg (zeropage.o):
    ltoa.o                    common/ltoa.s(11)
    lpush.o                   runtime/lpush.s(13)
    axlong.o                  runtime/axlong.s(9)
    _printf.o                 /mnt/l/cc65/asminc/zeropage.inc(11)
    udiv.o                    runtime/udiv.s(10)
    lneg.o                    runtime/lneg.s(11)
    icmp.o                    runtime/icmp.s(9)
    atoi.o                    common/atoi.s(10)
    db.o                      src/db.s(10)
    ops.o                     src/ops.s(10)
    dir.o                     src/dir.s(10)
    main.o                    src/main.s(10)
staspidx (staspidx.o):
    cbm_dir.o                 ../libwrk/c128/cbm_dir.s(374)
stax0sp (staxsp.o):
    cbm_dir.o                 ../libwrk/c128/cbm_dir.s(374)
    ops.o                     src/ops.s(2904)
    ops.o                     src/ops.s(2904)
    ops.o                     src/ops.s(2904)
    ops.o                     src/ops.s(2904)
    ops.o                     src/ops.s(2904)
    ops.o                     src/ops.s(2904)
    dir.o                     src/dir.s(1476)
    dir.o                     src/dir.s(1476)
    main.o                    src/main.s(2943)
    main.o                    src/main.s(2943)
    main.o                    src/main.s(2943)
    main.o                    src/main.s(2943)
    main.o                    src/main.s(2943)
    main.o                    src/main.s(2943)
    main.o                    src/main.s(2943)
staxspidx (staxspi.o):
    cbm_dir.o                 ../libwrk/c128/cbm_dir.s(374)
    db.o                      src/db.s(1577)
    ops.o                     src/ops.s(2904)
    dir.o                     src/dir.s(1476)
    main.o                    src/main.s(2943)
staxysp (staxsp.o):
    vsprintf.o                common/vsprintf.s(8)
    cbm_dir.o                 ../libwrk/c128/cbm_dir.s(374)
    db.o                      src/db.s(1577)
    ops.o                     src/ops.s(2904)
    ops.o                     src/ops.s(2904)
    ops.o                     src/ops.s(2904)
    dir.o                     src/dir.s(1476)
    dir.o                     src/dir.s(1476)
    cat.o                     src/cat.s(476)
    cat.o                     src/cat.s(476)
    main.o                    src/main.s(2943)
    main.o                    src/main.s(2943)
    main.o                    src/main.s(2943)
    main.o                    src/main.s(2943)
    main.o                    src/main.s(2943)
    main.o                    src/main.s(2943)
    main.o                    src/main.s(2943)
    main.o                    src/main.s(2943)
    main.o                    src/main.s(2943)
subeqysp (subeqsp.o):
    cbm_dir.o                 ../libwrk/c128/cbm_dir.s(374)
    ops.o                     src/ops.s(2904)
subysp (subysp.o):
    cat.o                     src/cat.s(476)
    cat.o                     src/cat.s(476)
    main.o                    src/main.s(2943)
    main.o                    src/main.s(2943)
tmp1 (zeropage.o):
    ltoa.o                    common/ltoa.s(11)
    filename.o                cbm/filename.s(12)
    diskcmd.o                 cbm/diskcmd.s(15)
    c_setlfs.o                cbm/c_setlfs.s(13)
    _printf.o                 /mnt/l/cc65/asminc/zeropage.inc(13)
    vcprintf.o                conio/vcprintf.s(10)
    strstr.o                  common/strstr.s(9)
    strncpy.o                 common/strncpy.s(9)
    staxspi.o                 runtime/staxspi.s(10)
    staspidx.o                runtime/staspidx.s(9)
    shelp.o                   runtime/shelp.s(12)
    read.o                    cbm/read.s(13)
    or.o                      runtime/or.s(10)
    mul.o                     runtime/mul.s(10)
    incaxy.o                  runtime/incaxy.s(8)
    div.o                     runtime/div.s(12)
    decaxy.o                  runtime/decaxy.s(8)
    cvline.o                  cbm/cvline.s(10)
    cputs.o                   conio/cputs.s(10)
    chline.o                  cbm/chline.s(10)
    cclear.o                  cbm/cclear.s(10)
    cbm_read.o                cbm/cbm_read.s(42)
    atoi.o                    common/atoi.s(10)
    aslax1.o                  runtime/aslax1.s(8)
    add.o                     runtime/add.s(12)
    ops.o                     src/ops.s(11)
    dir.o                     src/dir.s(11)
    main.o                    src/main.s(11)
tmp2 (zeropage.o):
    open.o                    cbm/open.s(15)
    close.o                   cbm/close.s(10)
    strncpy.o                 common/strncpy.s(9)
    shelp.o                   runtime/shelp.s(12)
    rwcommon.o                cbm/rwcommon.s(10)
    read.o                    cbm/read.s(13)
    div.o                     runtime/div.s(12)
tmp3 (zeropage.o):
    open.o                    cbm/open.s(15)
    strncpy.o                 common/strncpy.s(9)
    strcat.o                  common/strcat.s(10)
    read.o                    cbm/read.s(13)
tosaddax (add.o):
    screen.o                  src/screen.s(360)
tosdiva0 (div.o):
    ops.o                     src/ops.s(2904)
    ops.o                     src/ops.s(2904)
    screen.o                  src/screen.s(360)
tosicmp (icmp.o):
    ops.o                     src/ops.s(2904)
    ops.o                     src/ops.s(2904)
    ops.o                     src/ops.s(2904)
    screen.o                  src/screen.s(360)
tosicmp0 (icmp.o):
    ops.o                     src/ops.s(2904)
tosmula0 (mul8.o):
    db.o                      src/db.s(1577)
    ops.o                     src/ops.s(2904)
    ops.o                     src/ops.s(2904)
    ops.o                     src/ops.s(2904)
    main.o                    src/main.s(2943)
    main.o                    src/main.s(2943)
    main.o                    src/main.s(2943)
    main.o                    src/main.s(2943)
    main.o                    src/main.s(2943)
    main.o                    src/main.s(2943)
    main.o                    src/main.s(2943)
    main.o                    src/main.s(2943)
    main.o                    src/main.s(2943)
tosorax (or.o):
    cbm_dir.o                 ../libwrk/c128/cbm_dir.s(374)
    dir.o                     src/dir.s(1476)
tossubax (sub.o):
    ops.o                     src/ops.s(2904)
    ops.o                     src/ops.s(2904)
tosudiva0 (udiv.o):
    db.o                      src/db.s(1577)
tosudivax (udiv.o):
    fwrite.o                  common/fwrite.s(12)
    fread.o                   common/fread.s(15)
tosumulax (mul.o):
    fwrite.o                  common/fwrite.s(12)
    fread.o                   common/fread.s(15)
    calloc.o                  common/calloc.s(11)
udiv16 (udiv.o):
    shelp.o                   runtime/shelp.s(11)
unittab (filedes.o):
    open.o                    cbm/filedes.inc(8)
    close.o                   cbm/filedes.inc(8)
    read.o                    cbm/filedes.inc(8)
vsnprintf (vsnprintf.o):
    vsprintf.o                common/vsprintf.s(9)
writefndiskcmd (diskcmd.o):
    scratch.o                 cbm/scratch.s(8)
zerobss (zerobss.o):
    crt0.o                    c128/crt0.s(8)

