Modules list:
-------------
main.o:
    CODE              Offs=000000  Size=001C3B  Align=00001  Fill=0000
    RODATA            Offs=000000  Size=0006E8  Align=00001  Fill=0000
    BSS               Offs=000000  Size=000CBC  Align=00001  Fill=0000
    DATA              Offs=000000  Size=000055  Align=00001  Fill=0000
screen.o:
    CODE              Offs=001C3B  Size=00022F  Align=00001  Fill=0000
    BSS               Offs=000CBC  Size=000003  Align=00001  Fill=0000
cat.o:
    CODE              Offs=001E6A  Size=000366  Align=00001  Fill=0000
    RODATA            Offs=0006E8  Size=00001C  Align=00001  Fill=0000
dir.o:
    CODE              Offs=0021D0  Size=000AFE  Align=00001  Fill=0000
    RODATA            Offs=000704  Size=000030  Align=00001  Fill=0000
base.o:
    CODE              Offs=002CCE  Size=000031  Align=00001  Fill=0000
    RODATA            Offs=000734  Size=000024  Align=00001  Fill=0000
ops.o:
    CODE              Offs=002CFF  Size=001204  Align=00001  Fill=0000
    RODATA            Offs=000758  Size=000189  Align=00001  Fill=0000
    BSS               Offs=000CBF  Size=0000DA  Align=00001  Fill=0000
    DATA              Offs=000055  Size=00003A  Align=00001  Fill=0000
db.o:
    CODE              Offs=003F03  Size=000D4C  Align=00001  Fill=0000
    RODATA            Offs=0008E1  Size=0000F7  Align=00001  Fill=0000
    DATA              Offs=00008F  Size=000001  Align=00001  Fill=0000
/mnt/l/cc65/lib/c128.lib(_afailed.o):
    CODE              Offs=004C4F  Size=000032  Align=00001  Fill=0000
    RODATA            Offs=0009D8  Size=00001C  Align=00001  Fill=0000
/mnt/l/cc65/lib/c128.lib(_cursor.o):
    BSS               Offs=000D99  Size=000001  Align=00001  Fill=0000
/mnt/l/cc65/lib/c128.lib(_directerrno.o):
    CODE              Offs=004C81  Size=00000A  Align=00001  Fill=0000
/mnt/l/cc65/lib/c128.lib(_fdesc.o):
    CODE              Offs=004C8B  Size=00001D  Align=00001  Fill=0000
/mnt/l/cc65/lib/c128.lib(_file.o):
    DATA              Offs=000090  Size=00001E  Align=00001  Fill=0000
/mnt/l/cc65/lib/c128.lib(_fopen.o):
    CODE              Offs=004CA8  Size=00007B  Align=00001  Fill=0000
    BSS               Offs=000D9A  Size=000002  Align=00001  Fill=0000
/mnt/l/cc65/lib/c128.lib(_heap.o):
    DATA              Offs=0000AE  Size=00000A  Align=00001  Fill=0000
    ONCE              Offs=000000  Size=000010  Align=00001  Fill=0000
/mnt/l/cc65/lib/c128.lib(_hextab.o):
    RODATA            Offs=0009F4  Size=000010  Align=00001  Fill=0000
/mnt/l/cc65/lib/c128.lib(_longminstr.o):
    RODATA            Offs=000A04  Size=00000C  Align=00001  Fill=0000
/mnt/l/cc65/lib/c128.lib(_mappederrno.o):
    CODE              Offs=004D23  Size=000010  Align=00001  Fill=0000
/mnt/l/cc65/lib/c128.lib(_oserror.o):
    BSS               Offs=000D9C  Size=000001  Align=00001  Fill=0000
/mnt/l/cc65/lib/c128.lib(_printf.o):
    CODE              Offs=004D33  Size=0003A5  Align=00001  Fill=0000
    BSS               Offs=000D9D  Size=00002B  Align=00001  Fill=0000
    DATA              Offs=0000B8  Size=000003  Align=00001  Fill=0000
/mnt/l/cc65/lib/c128.lib(_seterrno.o):
    CODE              Offs=0050D8  Size=000009  Align=00001  Fill=0000
/mnt/l/cc65/lib/c128.lib(acc_c128_speed.o):
    CODE              Offs=0050E1  Size=000010  Align=00001  Fill=0000
/mnt/l/cc65/lib/c128.lib(add.o):
    CODE              Offs=0050F1  Size=00001C  Align=00001  Fill=0000
/mnt/l/cc65/lib/c128.lib(addeqsp.o):
    CODE              Offs=00510D  Size=000011  Align=00001  Fill=0000
/mnt/l/cc65/lib/c128.lib(addysp.o):
    CODE              Offs=00511E  Size=00000E  Align=00001  Fill=0000
/mnt/l/cc65/lib/c128.lib(aslax1.o):
    CODE              Offs=00512C  Size=000008  Align=00001  Fill=0000
/mnt/l/cc65/lib/c128.lib(atoi.o):
    CODE              Offs=005134  Size=000091  Align=00001  Fill=0000
/mnt/l/cc65/lib/c128.lib(axlong.o):
    CODE              Offs=0051C5  Size=00000D  Align=00001  Fill=0000
/mnt/l/cc65/lib/c128.lib(bneg.o):
    CODE              Offs=0051D2  Size=00000E  Align=00001  Fill=0000
/mnt/l/cc65/lib/c128.lib(c_basin.o):
    CODE              Offs=0051E0  Size=000006  Align=00001  Fill=0000
/mnt/l/cc65/lib/c128.lib(c_chkin.o):
    CODE              Offs=0051E6  Size=00000A  Align=00001  Fill=0000
/mnt/l/cc65/lib/c128.lib(c_close.o):
    CODE              Offs=0051F0  Size=000004  Align=00001  Fill=0000
/mnt/l/cc65/lib/c128.lib(c_clrch.o):
/mnt/l/cc65/lib/c128.lib(c_open.o):
    CODE              Offs=0051F4  Size=000009  Align=00001  Fill=0000
/mnt/l/cc65/lib/c128.lib(c_readst.o):
    CODE              Offs=0051FD  Size=000006  Align=00001  Fill=0000
/mnt/l/cc65/lib/c128.lib(c_setlfs.o):
    CODE              Offs=005203  Size=00000E  Align=00001  Fill=0000
/mnt/l/cc65/lib/c128.lib(c_setnam.o):
    CODE              Offs=005211  Size=000013  Align=00001  Fill=0000
/mnt/l/cc65/lib/c128.lib(callmain.o):
    CODE              Offs=005224  Size=000017  Align=00001  Fill=0000
    DATA              Offs=0000BB  Size=000004  Align=00001  Fill=0000
/mnt/l/cc65/lib/c128.lib(calloc.o):
    CODE              Offs=00523B  Size=000021  Align=00001  Fill=0000
    BSS               Offs=000DC8  Size=000002  Align=00001  Fill=0000
/mnt/l/cc65/lib/c128.lib(cbm_close.o):
/mnt/l/cc65/lib/c128.lib(cbm_dir.o):
    CODE              Offs=00525C  Size=000287  Align=00001  Fill=0000
    RODATA            Offs=000A10  Size=00000E  Align=00001  Fill=0000
/mnt/l/cc65/lib/c128.lib(cbm_filetype.o):
    CODE              Offs=0054E3  Size=000013  Align=00001  Fill=0000
    RODATA            Offs=000A1E  Size=000014  Align=00001  Fill=0000
/mnt/l/cc65/lib/c128.lib(cbm_open.o):
    CODE              Offs=0054F6  Size=000016  Align=00001  Fill=0000
/mnt/l/cc65/lib/c128.lib(cbm_read.o):
    CODE              Offs=00550C  Size=00005D  Align=00001  Fill=0000
/mnt/l/cc65/lib/c128.lib(cclear.o):
    CODE              Offs=005569  Size=000015  Align=00001  Fill=0000
/mnt/l/cc65/lib/c128.lib(cgetc.o):
    CODE              Offs=00557E  Size=000030  Align=00001  Fill=0000
    INIT              Offs=000000  Size=000002  Align=00001  Fill=0000
    ONCE              Offs=000010  Size=000013  Align=00001  Fill=0000
/mnt/l/cc65/lib/c128.lib(chline.o):
    CODE              Offs=0055AE  Size=000015  Align=00001  Fill=0000
/mnt/l/cc65/lib/c128.lib(clinechars.o):
/mnt/l/cc65/lib/c128.lib(close.o):
    CODE              Offs=0055C3  Size=000038  Align=00001  Fill=0000
/mnt/l/cc65/lib/c128.lib(clrscr.o):
/mnt/l/cc65/lib/c128.lib(color.o):
    CODE              Offs=0055FB  Size=000060  Align=00001  Fill=0000
/mnt/l/cc65/lib/c128.lib(condes.o):
    CODE              Offs=00565B  Size=00000C  Align=00001  Fill=0000
    DATA              Offs=0000BF  Size=000025  Align=00001  Fill=0000
    ONCE              Offs=000023  Size=00000C  Align=00001  Fill=0000
/mnt/l/cc65/lib/c128.lib(conio.o):
/mnt/l/cc65/lib/c128.lib(cprintf.o):
    CODE              Offs=005667  Size=00002A  Align=00001  Fill=0000
    BSS               Offs=000DCA  Size=000001  Align=00001  Fill=0000
/mnt/l/cc65/lib/c128.lib(cputc.o):
    CODE              Offs=005691  Size=000049  Align=00001  Fill=0000
/mnt/l/cc65/lib/c128.lib(cputhex.o):
    CODE              Offs=0056DA  Size=00001C  Align=00001  Fill=0000
/mnt/l/cc65/lib/c128.lib(cputs.o):
    CODE              Offs=0056F6  Size=000023  Align=00001  Fill=0000
/mnt/l/cc65/lib/c128.lib(crt0.o):
    BSS               Offs=000DCB  Size=000002  Align=00001  Fill=0000
    STARTUP           Offs=000000  Size=000051  Align=00001  Fill=0000
    INIT              Offs=000002  Size=00001A  Align=00001  Fill=0000
/mnt/l/cc65/lib/c128.lib(ctype.o):
    RODATA            Offs=000A32  Size=00008B  Align=00001  Fill=0000
/mnt/l/cc65/lib/c128.lib(ctypemask.o):
    CODE              Offs=005719  Size=00001E  Align=00001  Fill=0000
/mnt/l/cc65/lib/c128.lib(curdevice.o):
    CODE              Offs=005737  Size=000006  Align=00001  Fill=0000
/mnt/l/cc65/lib/c128.lib(cursor.o):
    CODE              Offs=00573D  Size=00000A  Align=00001  Fill=0000
/mnt/l/cc65/lib/c128.lib(cvline.o):
    CODE              Offs=005747  Size=000018  Align=00001  Fill=0000
/mnt/l/cc65/lib/c128.lib(decax1.o):
    CODE              Offs=00575F  Size=000007  Align=00001  Fill=0000
/mnt/l/cc65/lib/c128.lib(decax2.o):
    CODE              Offs=005766  Size=000007  Align=00001  Fill=0000
/mnt/l/cc65/lib/c128.lib(decax3.o):
    CODE              Offs=00576D  Size=000007  Align=00001  Fill=0000
/mnt/l/cc65/lib/c128.lib(decax4.o):
    CODE              Offs=005774  Size=000007  Align=00001  Fill=0000
/mnt/l/cc65/lib/c128.lib(decaxy.o):
    CODE              Offs=00577B  Size=000009  Align=00001  Fill=0000
/mnt/l/cc65/lib/c128.lib(decsp1.o):
    CODE              Offs=005784  Size=000009  Align=00001  Fill=0000
/mnt/l/cc65/lib/c128.lib(decsp2.o):
    CODE              Offs=00578D  Size=00000D  Align=00001  Fill=0000
/mnt/l/cc65/lib/c128.lib(decsp3.o):
    CODE              Offs=00579A  Size=00000D  Align=00001  Fill=0000
/mnt/l/cc65/lib/c128.lib(decsp4.o):
    CODE              Offs=0057A7  Size=00000D  Align=00001  Fill=0000
/mnt/l/cc65/lib/c128.lib(decsp6.o):
    CODE              Offs=0057B4  Size=00000D  Align=00001  Fill=0000
/mnt/l/cc65/lib/c128.lib(devnum.o):
/mnt/l/cc65/lib/c128.lib(diskcmd.o):
    CODE              Offs=0057C1  Size=0000C4  Align=00001  Fill=0000
    BSS               Offs=000DCD  Size=000017  Align=00001  Fill=0000
/mnt/l/cc65/lib/c128.lib(div.o):
    CODE              Offs=005885  Size=000015  Align=00001  Fill=0000
/mnt/l/cc65/lib/c128.lib(enter.o):
    CODE              Offs=00589A  Size=00000E  Align=00001  Fill=0000
/mnt/l/cc65/lib/c128.lib(errno.o):
    BSS               Offs=000DE4  Size=000002  Align=00001  Fill=0000
/mnt/l/cc65/lib/c128.lib(exehdr.o):
    EXEHDR            Offs=000000  Size=00000C  Align=00001  Fill=0000
/mnt/l/cc65/lib/c128.lib(fclose.o):
    CODE              Offs=0058A8  Size=000022  Align=00001  Fill=0000
/mnt/l/cc65/lib/c128.lib(fgetc.o):
    CODE              Offs=0058CA  Size=00008A  Align=00001  Fill=0000
/mnt/l/cc65/lib/c128.lib(filedes.o):
    CODE              Offs=005954  Size=00000E  Align=00001  Fill=0000
    DATA              Offs=0000E4  Size=000010  Align=00001  Fill=0000
/mnt/l/cc65/lib/c128.lib(filename.o):
    CODE              Offs=005962  Size=0000A0  Align=00001  Fill=0000
    BSS               Offs=000DE6  Size=000003  Align=00001  Fill=0000
    DATA              Offs=0000F4  Size=000024  Align=00001  Fill=0000
/mnt/l/cc65/lib/c128.lib(filetype.o):
    DATA              Offs=000118  Size=000001  Align=00001  Fill=0000
/mnt/l/cc65/lib/c128.lib(filevars.o):
    INIT              Offs=00001C  Size=000001  Align=00001  Fill=0000
    ONCE              Offs=00002F  Size=00000C  Align=00001  Fill=0000
/mnt/l/cc65/lib/c128.lib(fopen.o):
    CODE              Offs=005A02  Size=000018  Align=00001  Fill=0000
/mnt/l/cc65/lib/c128.lib(fprintf.o):
    CODE              Offs=005A1A  Size=00002B  Align=00001  Fill=0000
    BSS               Offs=000DE9  Size=000001  Align=00001  Fill=0000
/mnt/l/cc65/lib/c128.lib(fputc.o):
    CODE              Offs=005A45  Size=000057  Align=00001  Fill=0000
    RODATA            Offs=000ABD  Size=000002  Align=00001  Fill=0000
/mnt/l/cc65/lib/c128.lib(fread.o):
    CODE              Offs=005A9C  Size=0000D3  Align=00001  Fill=0000
    BSS               Offs=000DEA  Size=000003  Align=00001  Fill=0000
/mnt/l/cc65/lib/c128.lib(free.o):
    CODE              Offs=005B6F  Size=0001D3  Align=00001  Fill=0000
/mnt/l/cc65/lib/c128.lib(fwrite.o):
    CODE              Offs=005D42  Size=00007B  Align=00001  Fill=0000
    BSS               Offs=000DED  Size=000002  Align=00001  Fill=0000
/mnt/l/cc65/lib/c128.lib(gotoxy.o):
    CODE              Offs=005DBD  Size=00000D  Align=00001  Fill=0000
/mnt/l/cc65/lib/c128.lib(icmp.o):
    CODE              Offs=005DCA  Size=00002E  Align=00001  Fill=0000
/mnt/l/cc65/lib/c128.lib(incax1.o):
    CODE              Offs=005DF8  Size=000007  Align=00001  Fill=0000
/mnt/l/cc65/lib/c128.lib(incax2.o):
    CODE              Offs=005DFF  Size=000007  Align=00001  Fill=0000
/mnt/l/cc65/lib/c128.lib(incax3.o):
    CODE              Offs=005E06  Size=000005  Align=00001  Fill=0000
/mnt/l/cc65/lib/c128.lib(incaxy.o):
    CODE              Offs=005E0B  Size=00000B  Align=00001  Fill=0000
/mnt/l/cc65/lib/c128.lib(incsp1.o):
    CODE              Offs=005E16  Size=000007  Align=00001  Fill=0000
/mnt/l/cc65/lib/c128.lib(incsp2.o):
    CODE              Offs=005E1D  Size=000016  Align=00001  Fill=0000
/mnt/l/cc65/lib/c128.lib(incsp3.o):
    CODE              Offs=005E33  Size=000005  Align=00001  Fill=0000
/mnt/l/cc65/lib/c128.lib(incsp4.o):
    CODE              Offs=005E38  Size=000005  Align=00001  Fill=0000
/mnt/l/cc65/lib/c128.lib(incsp5.o):
    CODE              Offs=005E3D  Size=000005  Align=00001  Fill=0000
/mnt/l/cc65/lib/c128.lib(incsp6.o):
    CODE              Offs=005E42  Size=000005  Align=00001  Fill=0000
/mnt/l/cc65/lib/c128.lib(incsp7.o):
    CODE              Offs=005E47  Size=000005  Align=00001  Fill=0000
/mnt/l/cc65/lib/c128.lib(incsp8.o):
    CODE              Offs=005E4C  Size=000005  Align=00001  Fill=0000
/mnt/l/cc65/lib/c128.lib(isprint.o):
    CODE              Offs=005E51  Size=00000A  Align=00001  Fill=0000
/mnt/l/cc65/lib/c128.lib(jmpvec.o):
    DATA              Offs=000119  Size=000003  Align=00001  Fill=0000
/mnt/l/cc65/lib/c128.lib(kernal.o):
/mnt/l/cc65/lib/c128.lib(ldaxi.o):
    CODE              Offs=005E5B  Size=00000D  Align=00001  Fill=0000
/mnt/l/cc65/lib/c128.lib(ldaxsp.o):
    CODE              Offs=005E68  Size=000009  Align=00001  Fill=0000
/mnt/l/cc65/lib/c128.lib(leaaxsp.o):
    CODE              Offs=005E71  Size=00000C  Align=00001  Fill=0000
/mnt/l/cc65/lib/c128.lib(leave.o):
    CODE              Offs=005E7D  Size=00001D  Align=00001  Fill=0000
/mnt/l/cc65/lib/c128.lib(lneg.o):
    CODE              Offs=005E9A  Size=00001E  Align=00001  Fill=0000
/mnt/l/cc65/lib/c128.lib(loadaddr.o):
    LOADADDR          Offs=000000  Size=000002  Align=00001  Fill=0000
/mnt/l/cc65/lib/c128.lib(lpush.o):
    CODE              Offs=005EB8  Size=000021  Align=00001  Fill=0000
/mnt/l/cc65/lib/c128.lib(lsave.o):
    CODE              Offs=005ED9  Size=00001A  Align=00001  Fill=0000
/mnt/l/cc65/lib/c128.lib(ltoa.o):
    CODE              Offs=005EF3  Size=000095  Align=00001  Fill=0000
/mnt/l/cc65/lib/c128.lib(makebool.o):
    CODE              Offs=005F88  Size=00002C  Align=00001  Fill=0000
/mnt/l/cc65/lib/c128.lib(malloc.o):
    CODE              Offs=005FB4  Size=00010E  Align=00001  Fill=0000
/mnt/l/cc65/lib/c128.lib(memcpy.o):
    CODE              Offs=0060C2  Size=00003C  Align=00001  Fill=0000
/mnt/l/cc65/lib/c128.lib(memset.o):
    CODE              Offs=0060FE  Size=00005D  Align=00001  Fill=0000
/mnt/l/cc65/lib/c128.lib(mul.o):
    CODE              Offs=00615B  Size=000045  Align=00001  Fill=0000
/mnt/l/cc65/lib/c128.lib(mul8.o):
    CODE              Offs=0061A0  Size=00003A  Align=00001  Fill=0000
/mnt/l/cc65/lib/c128.lib(mulax10.o):
    CODE              Offs=0061DA  Size=000019  Align=00001  Fill=0000
/mnt/l/cc65/lib/c128.lib(negabs.o):
    CODE              Offs=0061F3  Size=000012  Align=00001  Fill=0000
/mnt/l/cc65/lib/c128.lib(open.o):
    CODE              Offs=006205  Size=0000BE  Align=00001  Fill=0000
/mnt/l/cc65/lib/c128.lib(or.o):
    CODE              Offs=0062C3  Size=000012  Align=00001  Fill=0000
/mnt/l/cc65/lib/c128.lib(oserror.o):
    CODE              Offs=0062D5  Size=000016  Align=00001  Fill=0000
    RODATA            Offs=000ABF  Size=00005A  Align=00001  Fill=0000
/mnt/l/cc65/lib/c128.lib(popa.o):
    CODE              Offs=0062EB  Size=00000C  Align=00001  Fill=0000
/mnt/l/cc65/lib/c128.lib(popptr1.o):
    CODE              Offs=0062F7  Size=00000E  Align=00001  Fill=0000
/mnt/l/cc65/lib/c128.lib(push1.o):
    CODE              Offs=006305  Size=000005  Align=00001  Fill=0000
/mnt/l/cc65/lib/c128.lib(pusha.o):
    CODE              Offs=00630A  Size=000016  Align=00001  Fill=0000
/mnt/l/cc65/lib/c128.lib(pushax.o):
    CODE              Offs=006320  Size=00001A  Align=00001  Fill=0000
/mnt/l/cc65/lib/c128.lib(pushw.o):
    CODE              Offs=00633A  Size=00000F  Align=00001  Fill=0000
/mnt/l/cc65/lib/c128.lib(pushwsp.o):
    CODE              Offs=006349  Size=00001C  Align=00001  Fill=0000
/mnt/l/cc65/lib/c128.lib(raise.o):
    CODE              Offs=006365  Size=00002B  Align=00001  Fill=0000
/mnt/l/cc65/lib/c128.lib(read.o):
    CODE              Offs=006390  Size=00007E  Align=00001  Fill=0000
    BSS               Offs=000DEF  Size=000001  Align=00001  Fill=0000
    ONCE              Offs=00003B  Size=00000C  Align=00001  Fill=0000
/mnt/l/cc65/lib/c128.lib(regswap2.o):
    CODE              Offs=00640E  Size=000016  Align=00001  Fill=0000
/mnt/l/cc65/lib/c128.lib(return0.o):
    CODE              Offs=006424  Size=000004  Align=00001  Fill=0000
/mnt/l/cc65/lib/c128.lib(revers.o):
    CODE              Offs=006428  Size=000014  Align=00001  Fill=0000
/mnt/l/cc65/lib/c128.lib(rwcommon.o):
    CODE              Offs=00643C  Size=00001C  Align=00001  Fill=0000
/mnt/l/cc65/lib/c128.lib(scratch.o):
    CODE              Offs=006458  Size=000019  Align=00001  Fill=0000
/mnt/l/cc65/lib/c128.lib(shelp.o):
    CODE              Offs=006471  Size=000020  Align=00001  Fill=0000
/mnt/l/cc65/lib/c128.lib(signal.o):
    CODE              Offs=006491  Size=000030  Align=00001  Fill=0000
/mnt/l/cc65/lib/c128.lib(sigtable.o):
    DATA              Offs=00011C  Size=00000C  Align=00001  Fill=0000
/mnt/l/cc65/lib/c128.lib(sprintf.o):
    CODE              Offs=0064C1  Size=00002B  Align=00001  Fill=0000
    BSS               Offs=000DF0  Size=000001  Align=00001  Fill=0000
/mnt/l/cc65/lib/c128.lib(staspidx.o):
    CODE              Offs=0064EC  Size=000016  Align=00001  Fill=0000
/mnt/l/cc65/lib/c128.lib(status.o):
/mnt/l/cc65/lib/c128.lib(staxsp.o):
    CODE              Offs=006502  Size=00000B  Align=00001  Fill=0000
/mnt/l/cc65/lib/c128.lib(staxspi.o):
    CODE              Offs=00650D  Size=00001B  Align=00001  Fill=0000
/mnt/l/cc65/lib/c128.lib(strcat.o):
    CODE              Offs=006528  Size=000031  Align=00001  Fill=0000
/mnt/l/cc65/lib/c128.lib(strcpy.o):
    CODE              Offs=006559  Size=00001F  Align=00001  Fill=0000
/mnt/l/cc65/lib/c128.lib(strlen.o):
    CODE              Offs=006578  Size=000016  Align=00001  Fill=0000
/mnt/l/cc65/lib/c128.lib(strlower.o):
    CODE              Offs=00658E  Size=000027  Align=00001  Fill=0000
/mnt/l/cc65/lib/c128.lib(strncmp.o):
    CODE              Offs=0065B5  Size=000039  Align=00001  Fill=0000
/mnt/l/cc65/lib/c128.lib(strncpy.o):
    CODE              Offs=0065EE  Size=000044  Align=00001  Fill=0000
/mnt/l/cc65/lib/c128.lib(strstr.o):
    CODE              Offs=006632  Size=000052  Align=00001  Fill=0000
/mnt/l/cc65/lib/c128.lib(sub.o):
    CODE              Offs=006684  Size=000015  Align=00001  Fill=0000
/mnt/l/cc65/lib/c128.lib(subeqsp.o):
    CODE              Offs=006699  Size=000015  Align=00001  Fill=0000
/mnt/l/cc65/lib/c128.lib(subysp.o):
    CODE              Offs=0066AE  Size=00000D  Align=00001  Fill=0000
/mnt/l/cc65/lib/c128.lib(udiv.o):
    CODE              Offs=0066BB  Size=00004F  Align=00001  Fill=0000
/mnt/l/cc65/lib/c128.lib(vcprintf.o):
    CODE              Offs=00670A  Size=00007A  Align=00001  Fill=0000
    DATA              Offs=000128  Size=000008  Align=00001  Fill=0000
/mnt/l/cc65/lib/c128.lib(vfprintf.o):
    CODE              Offs=006784  Size=000061  Align=00001  Fill=0000
    DATA              Offs=000130  Size=000008  Align=00001  Fill=0000
/mnt/l/cc65/lib/c128.lib(vsnprintf.o):
    CODE              Offs=0067E5  Size=0000DA  Align=00001  Fill=0000
    DATA              Offs=000138  Size=000008  Align=00001  Fill=0000
/mnt/l/cc65/lib/c128.lib(vsprintf.o):
    CODE              Offs=0068BF  Size=000012  Align=00001  Fill=0000
/mnt/l/cc65/lib/c128.lib(wherey.o):
    CODE              Offs=0068D1  Size=000005  Align=00001  Fill=0000
/mnt/l/cc65/lib/c128.lib(write.o):
    CODE              Offs=0068D6  Size=000054  Align=00001  Fill=0000
    ONCE              Offs=000047  Size=000011  Align=00001  Fill=0000
/mnt/l/cc65/lib/c128.lib(zerobss.o):
    CODE              Offs=00692A  Size=000023  Align=00001  Fill=0000
/mnt/l/cc65/lib/c128.lib(zeropage.o):
    ZEROPAGE          Offs=000000  Size=00001A  Align=00001  Fill=0000


Segment list:
-------------
Name                   Start     End    Size  Align
----------------------------------------------------
ZEROPAGE              000002  00001B  00001A  00001
LOADADDR              001BFF  001C00  000002  00001
EXEHDR                001C01  001C0C  00000C  00001
STARTUP               001C0D  001C5D  000051  00001
ONCE                  001C5E  001CBF  000062  00001
CODE                  001CC0  00860C  00694D  00001
RODATA                00860D  009129  000B1D  00001
DATA                  00912A  009269  000140  00001
INIT                  00926A  009286  00001D  00001
BSS                   009287  00A077  000DF1  00001


Exports list by name:
---------------------
BASIN                     00FFCF RLA    BSOUT                     00FFD2 RLA    
CHKIN                     00FFC6 RLA    CKOUT                     00FFC9 RLA    
CLOSE                     00FFC3 RLA    CLRCH                     00FFCC RLA    
CURS_X                    0000EC RLZ    CURS_Y                    0000EB RLZ    
OPEN                      00FFC0 RLA    READST                    00FFB7 RLA    
SETLFS                    00FFBA RLA    SETNAM                    00FFBD RLA    
ST                        000090 RLZ    _DIR1H                    009287 RLA    
_DIR2H                    009288 RLA    _DIR2X                    009291 RLA    
_DIR2Y                    009293 RLA    _MENUW                    00928F RLA    
_MENUX                    00928B RLA    _MENUXT                   00928D RLA    
_SCREENW                  009289 RLA    __BSS_RUN__               009287 RLA    
__BSS_SIZE__              000DF1 REA    __CONSTRUCTOR_COUNT__     000005 REA    
__CONSTRUCTOR_TABLE__     001CB6 RLA    __DESTRUCTOR_COUNT__      000002 REA    
__DESTRUCTOR_TABLE__      009126 RLA    __EXEHDR__                000001 REA    
__LOADADDR__              000001 REA    __MAIN_SIZE__             009BF3 REA    
__MAIN_START__            001C0D RLA    __STACKSIZE__             000800 REA    
__STARTUP__               000001 REA    __afailed                 00690F RLA    
__bzero                   007DBE RLA    __cbm_filetype            0071A3 RLA    
__ctype                   00903F RLA    __ctypeidx                00904A RLA    
__directerrno             006941 RLA    __errno                   00A06B RLA    
__fdesc                   00694B RLA    __filetab                 0091BA RLA    
__filetype                009242 RLA    __fopen                   006968 RLA    
__heapend                 0091DC RLA    __heapfirst               0091DE RLA    
__heaplast                0091E0 RLA    __heapptr                 0091DA RLA    
__hextab                  009001 RLA    __longminstr              009011 RLA    
__mappederrno             0069E3 RLA    __oserror                 00A023 RLA    
__osmaperrno              007F95 RLA    __printf                  006AE6 RLA    
__seterrno                006D98 RLA    __sig_dfl                 008180 RLA    
_atoi                     006DF4 RLA    _bgcolor                  0072E4 RLA    
_bordercolor              00730A RLA    _calloc                   006EFB RLA    
_catasc                   003CE7 RLA    _cathex                   003B2A RLA    
_cbm_close                006EB0 REA    _cbm_closedir             007196 RLA    
_cbm_k_basin              006EA0 RLA    _cbm_k_chkin              006EA6 RLA    
_cbm_k_close              006EB0 RLA    _cbm_k_clrch              00FFCC REA    
_cbm_k_open               006EB4 RLA    _cbm_k_readst             006EBD RLA    
_cbm_k_setlfs             006EC3 RLA    _cbm_k_setnam             006ED1 RLA    
_cbm_open                 0071B6 RLA    _cbm_opendir              006F1C RLA    
_cbm_read                 0071CC RLA    _cclear                   00722E RLA    
_cclearxy                 007229 RLA    _cgetc                    00723E RLA    
_changeDir                00508E RLA    _chline                   007273 RLA    
_clearArea                0038FB RLA    _close                    007283 RLA    
_clrscr                   00C142 REA    _cmd                      0049BF RLA    
_cprintf                  007327 RLA    _cputc                    007356 RLA    
_cputcxy                  007351 RLA    _cputhex16                00739A RLA    
_cputhex8                 0073A0 RLA    _cputs                    0073C0 RLA    
_cputsxy                  0073B6 RLA    _cursor                   0073FD RLA    
_cvlinexy                 007407 RLA    _debugu                   005A7A RLA    
_depth                    00912A RLA    _devices                  009185 RLA    
_devicetype               009F46 RLA    _dirs                     009181 RLA    
_doDOScommand             00595B RLA    _drawDirFrame             0054BA RLA    
_drawFrame                0039F7 RLA    _execute                  0049DE RLA    
_exit                     001C42 RLA    _exitScreen               003B13 RLA    
_fastflag                 00912D RLA    _fclose                   007568 RLA    
_fgetc                    00758A RLA    _fopen                    0076C2 RLA    
_forceeight               00912C RLA    _fprintf                  0076DA RLA    
_fputc                    007705 RLA    _fread                    00775C RLA    
_free                     00782F RLA    _freeDir                  003E90 RLA    
_fwrite                   007A02 RLA    _getDeviceType            0055BB RLA    
_getcurrentdevice         0073F7 RLA    _gotoxy                   007A80 RLA    
_initScreen               003AEC RLA    _isprint                  007B11 RLA    
_linebuffer               009F52 RLA    _linebuffer2              009FA3 RLA    
_ltoa                     007BCB RLA    _main                     0037B3 RLA    
_mainLoopBrowse           005E9F RLA    _malloc                   007C74 RLA    
_memcpy                   007D82 RLA    _newscreen                003943 RLA    
_open                     007ED9 RLA    _path                     009295 RLA    
_pathdevice               009335 RLA    _pathfile                 009336 RLA    
_pathrunboot              00934A RLA    _printDir                 004C5E RLA    
_printElement             004E48 RLA    _raise                    008025 RLA    
_read                     008050 RLA    _readDir                  003F66 RLA    
_revers                   0080E8 RLA    _set_c128_speed           006DA1 RLA    
_showDir                  004B69 RLA    _sprintf                  008181 RLA    
_stderr                   0091D6 RLA    _strcat                   0081E8 RLA    
_strcpy                   008219 RLA    _strlen                   008238 RLA    
_strlower                 00824E RLA    _strncmp                  008275 RLA    
_strncpy                  0082AE RLA    _strstr                   0082F2 RLA    
_textInput                0056A0 RLA    _textcolor                0072BB RLA    
_trace                    00912B RLA    _ultoa                    007C0C RLA    
_updateMenu               005BC3 RLA    _updateScreen             004B2E RLA    
_vcprintf                 008414 RLA    _vfprintf                 00847C RLA    
_vsprintf                 00857F RLA    _waitKey                  00498E RLA    
_wherey                   008591 RLA    _write                    008596 RLA    
addeq0sp                  006DCD RLA    addeqysp                  006DCF RLA    
addysp                    006DDF RLA    addysp1                   006DDE RLA    
aslax1                    006DEC RLA    axlong                    006E85 RLA    
axulong                   006E8B RLA    bnega                     006E96 RLA    
booleq                    007C4E RLA    callmain                  006EE4 RLA    
chlinechar                000040 REZ    closeallfiles             007EC5  LAI   
closecmdchannel           0074B7 RLA    cputdirect                007372 RLA    
ctypemask                 0073D9 RLA    ctypemaskdirect           0073DD RLA    
cursor                    00A020 RLA    curunit                   009286 RLA    
cvlinechar                00005D REZ    decax1                    00741F RLA    
decax2                    007426 RLA    decax3                    00742D RLA    
decax4                    007434 RLA    decaxy                    00743B RLA    
decsp1                    007444 RLA    decsp2                    00744D RLA    
decsp3                    00745A RLA    decsp4                    007467 RLA    
decsp6                    007474 RLA    devnum                    0000BA RLZ    
donecgetc                 00725F  LAI   donelib                   00731B RLA    
enter                     00755A RLA    fdtab                     00920E RLA    
fnaddmode                 0076B1 RLA    fncmd                     00921E RLA    
fncomplete                0076A9 RLA    fnisfile                  00A06F RLA    
fnlen                     00A06E RLA    fnparse                   00763D RLA    
fnset                     00769F RLA    fnunit                    00A06D RLA    
freefd                    007614 RLA    gotoxy                    007A7D RLA    
incax1                    007AB8 RLA    incax2                    007ABF RLA    
incax3                    007AC6 RLA    incax4                    007ACB RLA    
incaxy                    007ACD RLA    incsp1                    007AD6 RLA    
incsp2                    007AE5 RLA    incsp3                    007AF3 RLA    
incsp4                    007AF8 RLA    incsp5                    007AFD RLA    
incsp6                    007B02 RLA    incsp7                    007B07 RLA    
incsp8                    007B0C RLA    initcgetc                 001C6E  LAI   
initcurunit               001C8D  LAI   initheap                  001C5E  LAI   
initlib                   001C81 RLA    initstdin                 001C99  LAI   
initstdout                001CA5  LAI   jmpvec                    009243 RLA    
ldax0sp                   007B28 RLA    ldaxi                     007B1B RLA    
ldaxidx                   007B1D RLA    ldaxysp                   007B2A RLA    
leaa0sp                   007B31 RLA    leavey                    007B47 RLA    
mul8x16                   007E62 RLA    mul8x16a                  007E6C RLA    
mulax10                   007E9A RLA    negax                     007EB7 RLA    
negeax                    007B5A RLA    newline                   00C363 REA    
opencmdchannel            00748A RLA    plot                      007392 RLA    
popa                      007FAB RLA    popax                     007ADD RLA    
popptr1                   007FB7 RLA    popsargsudiv16            008131 RLA    
ptr1                      00000A RLZ    ptr2                      00000C RLZ    
ptr3                      00000E RLZ    ptr4                      000010 RLZ    
push0                     007FE0 RLA    push1                     007FC5 RLA    
pusha                     007FCE RLA    pusha0                    007FE2 RLA    
pushax                    007FE4 RLA    pusheax                   007B81 RLA    
pushw                     007FFA RLA    pushw0sp                  008009 RLA    
pushwidx                  007FFC RLA    pushwysp                  00800B RLA    
putchar                   00CC2F REA    readdiskerror             0074D2 RLA    
regbank                   000016 RLZ    regsave                   000006 RLZ    
regswap2                  0080CE RLA    resteax                   007BA6 RLA    
return0                   0080E4 RLA    rwcommon                  0080FC RLA    
saveeax                   007B99 RLA    scratch                   008118 RLA    
sigtable                  009246 RLA    sp                        000002 RLZ    
sreg                      000004 RLZ    staspidx                  0081AC RLA    
stax0sp                   0081C2 RLA    staxspidx                 0081CD RLA    
staxysp                   0081C4 RLA    subeqysp                  00835B RLA    
subysp                    00836E RLA    tmp1                      000012 RLZ    
tmp2                      000013 RLZ    tmp3                      000014 RLZ    
tosaddax                  006DB3 RLA    tosdiva0                  007545 RLA    
tosicmp                   007A8C RLA    tosicmp0                  007A8A RLA    
tosmula0                  007E60 RLA    tosorax                   007F85 RLA    
tossubax                  008346 RLA    tosudiva0                 00837B RLA    
tosudivax                 00837D RLA    tosumulax                 007E1B RLA    
udiv16                    00838C RLA    unittab                   009216 RLA    
vsnprintf                 0084A8 RLA    writefndiskcmd            00750A RLA    
zerobss                   0085EA RLA    


Exports list by value:
----------------------
__EXEHDR__                000001 REA    __LOADADDR__              000001 REA    
__STARTUP__               000001 REA    __DESTRUCTOR_COUNT__      000002 REA    
sp                        000002 RLZ    sreg                      000004 RLZ    
__CONSTRUCTOR_COUNT__     000005 REA    regsave                   000006 RLZ    
ptr1                      00000A RLZ    ptr2                      00000C RLZ    
ptr3                      00000E RLZ    ptr4                      000010 RLZ    
tmp1                      000012 RLZ    tmp2                      000013 RLZ    
tmp3                      000014 RLZ    regbank                   000016 RLZ    
chlinechar                000040 REZ    cvlinechar                00005D REZ    
ST                        000090 RLZ    devnum                    0000BA RLZ    
CURS_Y                    0000EB RLZ    CURS_X                    0000EC RLZ    
__STACKSIZE__             000800 REA    __BSS_SIZE__              000DF1 REA    
__MAIN_START__            001C0D RLA    _exit                     001C42 RLA    
initheap                  001C5E  LAI   initcgetc                 001C6E  LAI   
initlib                   001C81 RLA    initcurunit               001C8D  LAI   
initstdin                 001C99  LAI   initstdout                001CA5  LAI   
__CONSTRUCTOR_TABLE__     001CB6 RLA    _main                     0037B3 RLA    
_clearArea                0038FB RLA    _newscreen                003943 RLA    
_drawFrame                0039F7 RLA    _initScreen               003AEC RLA    
_exitScreen               003B13 RLA    _cathex                   003B2A RLA    
_catasc                   003CE7 RLA    _freeDir                  003E90 RLA    
_readDir                  003F66 RLA    _waitKey                  00498E RLA    
_cmd                      0049BF RLA    _execute                  0049DE RLA    
_updateScreen             004B2E RLA    _showDir                  004B69 RLA    
_printDir                 004C5E RLA    _printElement             004E48 RLA    
_changeDir                00508E RLA    _drawDirFrame             0054BA RLA    
_getDeviceType            0055BB RLA    _textInput                0056A0 RLA    
_doDOScommand             00595B RLA    _debugu                   005A7A RLA    
_updateMenu               005BC3 RLA    _mainLoopBrowse           005E9F RLA    
__afailed                 00690F RLA    __directerrno             006941 RLA    
__fdesc                   00694B RLA    __fopen                   006968 RLA    
__mappederrno             0069E3 RLA    __printf                  006AE6 RLA    
__seterrno                006D98 RLA    _set_c128_speed           006DA1 RLA    
tosaddax                  006DB3 RLA    addeq0sp                  006DCD RLA    
addeqysp                  006DCF RLA    addysp1                   006DDE RLA    
addysp                    006DDF RLA    aslax1                    006DEC RLA    
_atoi                     006DF4 RLA    axlong                    006E85 RLA    
axulong                   006E8B RLA    bnega                     006E96 RLA    
_cbm_k_basin              006EA0 RLA    _cbm_k_chkin              006EA6 RLA    
_cbm_close                006EB0 REA    _cbm_k_close              006EB0 RLA    
_cbm_k_open               006EB4 RLA    _cbm_k_readst             006EBD RLA    
_cbm_k_setlfs             006EC3 RLA    _cbm_k_setnam             006ED1 RLA    
callmain                  006EE4 RLA    _calloc                   006EFB RLA    
_cbm_opendir              006F1C RLA    _cbm_closedir             007196 RLA    
__cbm_filetype            0071A3 RLA    _cbm_open                 0071B6 RLA    
_cbm_read                 0071CC RLA    _cclearxy                 007229 RLA    
_cclear                   00722E RLA    _cgetc                    00723E RLA    
donecgetc                 00725F  LAI   _chline                   007273 RLA    
_close                    007283 RLA    _textcolor                0072BB RLA    
_bgcolor                  0072E4 RLA    _bordercolor              00730A RLA    
donelib                   00731B RLA    _cprintf                  007327 RLA    
_cputcxy                  007351 RLA    _cputc                    007356 RLA    
cputdirect                007372 RLA    plot                      007392 RLA    
_cputhex16                00739A RLA    _cputhex8                 0073A0 RLA    
_cputsxy                  0073B6 RLA    _cputs                    0073C0 RLA    
ctypemask                 0073D9 RLA    ctypemaskdirect           0073DD RLA    
_getcurrentdevice         0073F7 RLA    _cursor                   0073FD RLA    
_cvlinexy                 007407 RLA    decax1                    00741F RLA    
decax2                    007426 RLA    decax3                    00742D RLA    
decax4                    007434 RLA    decaxy                    00743B RLA    
decsp1                    007444 RLA    decsp2                    00744D RLA    
decsp3                    00745A RLA    decsp4                    007467 RLA    
decsp6                    007474 RLA    opencmdchannel            00748A RLA    
closecmdchannel           0074B7 RLA    readdiskerror             0074D2 RLA    
writefndiskcmd            00750A RLA    tosdiva0                  007545 RLA    
enter                     00755A RLA    _fclose                   007568 RLA    
_fgetc                    00758A RLA    freefd                    007614 RLA    
fnparse                   00763D RLA    fnset                     00769F RLA    
fncomplete                0076A9 RLA    fnaddmode                 0076B1 RLA    
_fopen                    0076C2 RLA    _fprintf                  0076DA RLA    
_fputc                    007705 RLA    _fread                    00775C RLA    
_free                     00782F RLA    _fwrite                   007A02 RLA    
gotoxy                    007A7D RLA    _gotoxy                   007A80 RLA    
tosicmp0                  007A8A RLA    tosicmp                   007A8C RLA    
incax1                    007AB8 RLA    incax2                    007ABF RLA    
incax3                    007AC6 RLA    incax4                    007ACB RLA    
incaxy                    007ACD RLA    incsp1                    007AD6 RLA    
popax                     007ADD RLA    incsp2                    007AE5 RLA    
incsp3                    007AF3 RLA    incsp4                    007AF8 RLA    
incsp5                    007AFD RLA    incsp6                    007B02 RLA    
incsp7                    007B07 RLA    incsp8                    007B0C RLA    
_isprint                  007B11 RLA    ldaxi                     007B1B RLA    
ldaxidx                   007B1D RLA    ldax0sp                   007B28 RLA    
ldaxysp                   007B2A RLA    leaa0sp                   007B31 RLA    
leavey                    007B47 RLA    negeax                    007B5A RLA    
pusheax                   007B81 RLA    saveeax                   007B99 RLA    
resteax                   007BA6 RLA    _ltoa                     007BCB RLA    
_ultoa                    007C0C RLA    booleq                    007C4E RLA    
_malloc                   007C74 RLA    _memcpy                   007D82 RLA    
__bzero                   007DBE RLA    tosumulax                 007E1B RLA    
tosmula0                  007E60 RLA    mul8x16                   007E62 RLA    
mul8x16a                  007E6C RLA    mulax10                   007E9A RLA    
negax                     007EB7 RLA    closeallfiles             007EC5  LAI   
_open                     007ED9 RLA    tosorax                   007F85 RLA    
__osmaperrno              007F95 RLA    popa                      007FAB RLA    
popptr1                   007FB7 RLA    push1                     007FC5 RLA    
pusha                     007FCE RLA    push0                     007FE0 RLA    
pusha0                    007FE2 RLA    pushax                    007FE4 RLA    
pushw                     007FFA RLA    pushwidx                  007FFC RLA    
pushw0sp                  008009 RLA    pushwysp                  00800B RLA    
_raise                    008025 RLA    _read                     008050 RLA    
regswap2                  0080CE RLA    return0                   0080E4 RLA    
_revers                   0080E8 RLA    rwcommon                  0080FC RLA    
scratch                   008118 RLA    popsargsudiv16            008131 RLA    
__sig_dfl                 008180 RLA    _sprintf                  008181 RLA    
staspidx                  0081AC RLA    stax0sp                   0081C2 RLA    
staxysp                   0081C4 RLA    staxspidx                 0081CD RLA    
_strcat                   0081E8 RLA    _strcpy                   008219 RLA    
_strlen                   008238 RLA    _strlower                 00824E RLA    
_strncmp                  008275 RLA    _strncpy                  0082AE RLA    
_strstr                   0082F2 RLA    tossubax                  008346 RLA    
subeqysp                  00835B RLA    subysp                    00836E RLA    
tosudiva0                 00837B RLA    tosudivax                 00837D RLA    
udiv16                    00838C RLA    _vcprintf                 008414 RLA    
_vfprintf                 00847C RLA    vsnprintf                 0084A8 RLA    
_vsprintf                 00857F RLA    _wherey                   008591 RLA    
_write                    008596 RLA    zerobss                   0085EA RLA    
__hextab                  009001 RLA    __longminstr              009011 RLA    
__ctype                   00903F RLA    __ctypeidx                00904A RLA    
__DESTRUCTOR_TABLE__      009126 RLA    _depth                    00912A RLA    
_trace                    00912B RLA    _forceeight               00912C RLA    
_fastflag                 00912D RLA    _dirs                     009181 RLA    
_devices                  009185 RLA    __filetab                 0091BA RLA    
_stderr                   0091D6 RLA    __heapptr                 0091DA RLA    
__heapend                 0091DC RLA    __heapfirst               0091DE RLA    
__heaplast                0091E0 RLA    fdtab                     00920E RLA    
unittab                   009216 RLA    fncmd                     00921E RLA    
__filetype                009242 RLA    jmpvec                    009243 RLA    
sigtable                  009246 RLA    curunit                   009286 RLA    
_DIR1H                    009287 RLA    __BSS_RUN__               009287 RLA    
_DIR2H                    009288 RLA    _SCREENW                  009289 RLA    
_MENUX                    00928B RLA    _MENUXT                   00928D RLA    
_MENUW                    00928F RLA    _DIR2X                    009291 RLA    
_DIR2Y                    009293 RLA    _path                     009295 RLA    
_pathdevice               009335 RLA    _pathfile                 009336 RLA    
_pathrunboot              00934A RLA    __MAIN_SIZE__             009BF3 REA    
_devicetype               009F46 RLA    _linebuffer               009F52 RLA    
_linebuffer2              009FA3 RLA    cursor                    00A020 RLA    
__oserror                 00A023 RLA    __errno                   00A06B RLA    
fnunit                    00A06D RLA    fnlen                     00A06E RLA    
fnisfile                  00A06F RLA    _clrscr                   00C142 REA    
newline                   00C363 REA    putchar                   00CC2F REA    
READST                    00FFB7 RLA    SETLFS                    00FFBA RLA    
SETNAM                    00FFBD RLA    OPEN                      00FFC0 RLA    
CLOSE                     00FFC3 RLA    CHKIN                     00FFC6 RLA    
CKOUT                     00FFC9 RLA    CLRCH                     00FFCC RLA    
_cbm_k_clrch              00FFCC REA    BASIN                     00FFCF RLA    
BSOUT                     00FFD2 RLA    


Imports list:
-------------
BASIN (kernal.o):
    diskcmd.o                 cbm/cbm.inc(47)
    read.o                    cbm/cbm.inc(47)
    cbm_read.o                cbm/cbm.inc(47)
    c_basin.o                 cbm/cbm.inc(47)
BSOUT (kernal.o):
    diskcmd.o                 cbm/cbm.inc(49)
    write.o                   cbm/cbm.inc(49)
    read.o                    cbm/cbm.inc(49)
    crt0.o                    c128/crt0.s(10)
CHKIN (kernal.o):
    diskcmd.o                 cbm/cbm.inc(44)
    read.o                    cbm/cbm.inc(44)
    cbm_read.o                cbm/cbm.inc(44)
    c_chkin.o                 cbm/cbm.inc(44)
CKOUT (kernal.o):
    diskcmd.o                 cbm/cbm.inc(45)
    write.o                   cbm/cbm.inc(45)
CLOSE (kernal.o):
    open.o                    cbm/cbm.inc(36)
    diskcmd.o                 cbm/cbm.inc(36)
    close.o                   cbm/cbm.inc(36)
    c_close.o                 cbm/cbm.inc(36)
CLRCH (kernal.o):
    diskcmd.o                 cbm/cbm.inc(46)
    write.o                   cbm/cbm.inc(46)
    read.o                    cbm/cbm.inc(46)
    cbm_read.o                cbm/cbm.inc(46)
    c_clrch.o                 cbm/cbm.inc(46)
CURS_X (conio.o):
    gotoxy.o                  cbm/gotoxy.s(9)
CURS_Y (conio.o):
    wherey.o                  cbm/wherey.s(8)
    gotoxy.o                  cbm/gotoxy.s(9)
OPEN (kernal.o):
    open.o                    cbm/cbm.inc(35)
    diskcmd.o                 cbm/cbm.inc(35)
    c_open.o                  cbm/cbm.inc(35)
    write.o                   cbm/cbm.inc(35)
    read.o                    cbm/cbm.inc(35)
READST (kernal.o):
    write.o                   cbm/cbm.inc(32)
    read.o                    cbm/cbm.inc(32)
    cbm_read.o                cbm/cbm.inc(32)
    c_readst.o                cbm/cbm.inc(32)
SETLFS (kernal.o):
    open.o                    cbm/cbm.inc(33)
    diskcmd.o                 cbm/cbm.inc(33)
    c_setlfs.o                cbm/cbm.inc(33)
    write.o                   cbm/cbm.inc(33)
    read.o                    cbm/cbm.inc(33)
SETNAM (kernal.o):
    filename.o                cbm/cbm.inc(34)
    diskcmd.o                 cbm/cbm.inc(34)
    c_setnam.o                cbm/cbm.inc(34)
ST (status.o):
    crt0.o                    c128/crt0.s(12)
_DIR1H (main.o):
    db.o                      src/db.s(14)
    ops.o                     src/ops.s(13)
_DIR2H (main.o):
    db.o                      src/db.s(15)
    ops.o                     src/ops.s(14)
_DIR2X (main.o):
    db.o                      src/db.s(20)
    ops.o                     src/ops.s(17)
    dir.o                     src/dir.s(31)
_DIR2Y (main.o):
    db.o                      src/db.s(21)
    ops.o                     src/ops.s(18)
    dir.o                     src/dir.s(32)
_MENUW (main.o):
    db.o                      src/db.s(19)
_MENUX (main.o):
    db.o                      src/db.s(17)
_MENUXT (main.o):
    db.o                      src/db.s(18)
    ops.o                     src/ops.s(16)
_SCREENW (main.o):
    db.o                      src/db.s(16)
    ops.o                     src/ops.s(15)
    screen.o                  src/screen.s(26)
__BSS_RUN__ ([linker generated]):
    _heap.o                   common/_heap.s(8)
    zerobss.o                 common/zerobss.s(8)
__BSS_SIZE__ ([linker generated]):
    _heap.o                   common/_heap.s(8)
    zerobss.o                 common/zerobss.s(8)
__CONSTRUCTOR_COUNT__ ([linker generated]):
    condes.o                  runtime/condes.s(18)
__CONSTRUCTOR_TABLE__ ([linker generated]):
    condes.o                  runtime/condes.s(18)
__DESTRUCTOR_COUNT__ ([linker generated]):
    condes.o                  runtime/condes.s(19)
__DESTRUCTOR_TABLE__ ([linker generated]):
    condes.o                  runtime/condes.s(19)
__EXEHDR__ (exehdr.o):
    [linker generated]        /mnt/l/cc65/cfg/c128.cfg(3)
__LOADADDR__ (loadaddr.o):
    [linker generated]        /mnt/l/cc65/cfg/c128.cfg(2)
__MAIN_SIZE__ ([linker generated]):
    crt0.o                    c128/crt0.s(11)
__MAIN_START__ ([linker generated]):
    crt0.o                    c128/crt0.s(11)
__STACKSIZE__ ([linker generated]):
    _heap.o                   common/_heap.s(8)
    crt0.o                    c128/crt0.s(11)
    [linker generated]        /mnt/l/cc65/cfg/c128.cfg(10)
__STARTUP__ (crt0.o):
    main.o                    src/main.s(13)
__afailed (_afailed.o):
    dir.o                     src/dir.s(13)
__bzero (memset.o):
    calloc.o                  common/calloc.s(10)
__cbm_filetype (cbm_filetype.o):
    cbm_dir.o                 ../libwrk/c128/cbm_dir.s(13)
__ctype (ctype.o):
    ctypemask.o               common/ctypemask.s(23)
__ctypeidx (ctype.o):
    ctypemask.o               common/ctypemask.s(24)
__directerrno (_directerrno.o):
    vsnprintf.o               /mnt/l/cc65/asminc/errno.inc(10)
    open.o                    /mnt/l/cc65/asminc/errno.inc(10)
    close.o                   /mnt/l/cc65/asminc/errno.inc(10)
    write.o                   /mnt/l/cc65/asminc/errno.inc(10)
    read.o                    /mnt/l/cc65/asminc/errno.inc(10)
__errno (errno.o):
    _seterrno.o               /mnt/l/cc65/asminc/errno.inc(7)
__fdesc (_fdesc.o):
    fopen.o                   common/fopen.s(10)
__filetab (_file.o):
    _fdesc.o                  /mnt/l/cc65/asminc/_file.inc(25)
__filetype (filetype.o):
    filename.o                cbm/filename.s(11)
    main.o                    src/main.s(25)
__fopen (_fopen.o):
    fopen.o                   common/fopen.s(10)
__heapend (_heap.o):
    malloc.o                  /mnt/l/cc65/asminc/_heap.inc(33)
__heapfirst (_heap.o):
    malloc.o                  /mnt/l/cc65/asminc/_heap.inc(34)
    free.o                    /mnt/l/cc65/asminc/_heap.inc(34)
__heaplast (_heap.o):
    malloc.o                  /mnt/l/cc65/asminc/_heap.inc(35)
    free.o                    /mnt/l/cc65/asminc/_heap.inc(35)
__heapptr (_heap.o):
    malloc.o                  /mnt/l/cc65/asminc/_heap.inc(32)
    free.o                    /mnt/l/cc65/asminc/_heap.inc(32)
__hextab (_hextab.o):
    ltoa.o                    common/ltoa.s(10)
    cputhex.o                 conio/cputhex.s(10)
__longminstr (_longminstr.o):
    ltoa.o                    common/ltoa.s(10)
__mappederrno (_mappederrno.o):
    open.o                    /mnt/l/cc65/asminc/errno.inc(10)
    close.o                   /mnt/l/cc65/asminc/errno.inc(10)
    write.o                   /mnt/l/cc65/asminc/errno.inc(10)
    read.o                    /mnt/l/cc65/asminc/errno.inc(10)
__oserror (_oserror.o):
    open.o                    /mnt/l/cc65/asminc/errno.inc(7)
    _mappederrno.o            /mnt/l/cc65/asminc/errno.inc(7)
    _directerrno.o            /mnt/l/cc65/asminc/errno.inc(7)
    write.o                   /mnt/l/cc65/asminc/errno.inc(7)
    read.o                    /mnt/l/cc65/asminc/errno.inc(7)
    cbm_read.o                cbm/cbm_read.s(44)
    cbm_open.o                cbm/cbm_open.s(24)
    cbm_dir.o                 ../libwrk/c128/cbm_dir.s(23)
    ops.o                     src/ops.s(75)
__osmaperrno (oserror.o):
    _mappederrno.o            /mnt/l/cc65/asminc/errno.inc(8)
__printf (_printf.o):
    vsnprintf.o               common/vsnprintf.s(10)
    vfprintf.o                common/vfprintf.s(10)
    vcprintf.o                conio/vcprintf.s(9)
__seterrno (_seterrno.o):
    _mappederrno.o            /mnt/l/cc65/asminc/errno.inc(9)
    _fopen.o                  /mnt/l/cc65/asminc/errno.inc(9)
    _directerrno.o            /mnt/l/cc65/asminc/errno.inc(9)
    signal.o                  /mnt/l/cc65/asminc/errno.inc(9)
    fwrite.o                  /mnt/l/cc65/asminc/errno.inc(9)
    fread.o                   /mnt/l/cc65/asminc/errno.inc(9)
    fopen.o                   /mnt/l/cc65/asminc/errno.inc(9)
    fclose.o                  /mnt/l/cc65/asminc/errno.inc(9)
__sig_dfl (signal.o):
    sigtable.o                /mnt/l/cc65/asminc/signal.inc(53)
    raise.o                   /mnt/l/cc65/asminc/signal.inc(53)
_atoi (atoi.o):
    ops.o                     src/ops.s(73)
    main.o                    src/main.s(33)
_bgcolor (color.o):
    screen.o                  src/screen.s(19)
_bordercolor (color.o):
    screen.o                  src/screen.s(20)
_calloc (calloc.o):
    dir.o                     src/dir.s(14)
_catasc (cat.o):
    db.o                      src/db.s(38)
_cathex (cat.o):
    db.o                      src/db.s(37)
_cbm_close (cbm_close.o):
    cbm_dir.o                 ../libwrk/c128/cbm_dir.s(19)
    db.o                      src/db.s(31)
    ops.o                     src/ops.s(23)
    cat.o                     src/cat.s(14)
_cbm_closedir (cbm_dir.o):
    db.o                      src/db.s(32)
    dir.o                     src/dir.s(25)
_cbm_k_basin (c_basin.o):
    cbm_dir.o                 ../libwrk/c128/cbm_dir.s(14)
    dir.o                     src/dir.s(20)
_cbm_k_chkin (c_chkin.o):
    cbm_dir.o                 ../libwrk/c128/cbm_dir.s(15)
    dir.o                     src/dir.s(21)
_cbm_k_close (c_close.o):
    cbm_close.o               cbm/cbm_close.s(7)
_cbm_k_clrch (c_clrch.o):
    cbm_dir.o                 ../libwrk/c128/cbm_dir.s(16)
    dir.o                     src/dir.s(22)
_cbm_k_open (c_open.o):
    cbm_open.o                cbm/cbm_open.s(23)
_cbm_k_readst (c_readst.o):
    cbm_dir.o                 ../libwrk/c128/cbm_dir.s(17)
    dir.o                     src/dir.s(23)
_cbm_k_setlfs (c_setlfs.o):
    cbm_open.o                cbm/cbm_open.s(23)
_cbm_k_setnam (c_setnam.o):
    cbm_open.o                cbm/cbm_open.s(23)
_cbm_open (cbm_open.o):
    cbm_dir.o                 ../libwrk/c128/cbm_dir.s(18)
    ops.o                     src/ops.s(22)
    cat.o                     src/cat.s(13)
_cbm_opendir (cbm_dir.o):
    dir.o                     src/dir.s(24)
_cbm_read (cbm_read.o):
    ops.o                     src/ops.s(24)
    cat.o                     src/cat.s(15)
_cclear (cclear.o):
    ops.o                     src/ops.s(68)
    dir.o                     src/dir.s(30)
_cclearxy (cclear.o):
    screen.o                  src/screen.s(23)
_cgetc (cgetc.o):
    db.o                      src/db.s(34)
    ops.o                     src/ops.s(64)
    base.o                    src/base.s(15)
    main.o                    src/main.s(30)
_changeDir (ops.o):
    db.o                      src/db.s(48)
_chline (chline.o):
    screen.o                  src/screen.s(21)
_clearArea (screen.o):
    ops.o                     src/ops.s(52)
    main.o                    src/main.s(63)
_close (close.o):
    open.o                    cbm/open.s(14)
    fclose.o                  common/fclose.s(10)
_clrscr (clrscr.o):
    ops.o                     src/ops.s(57)
    cat.o                     src/cat.s(16)
    screen.o                  src/screen.s(13)
    main.o                    src/main.s(26)
_cmd (ops.o):
    main.o                    src/main.s(58)
_cprintf (cprintf.o):
    ops.o                     src/ops.s(63)
    dir.o                     src/dir.s(28)
    main.o                    src/main.s(29)
_cputc (cputc.o):
    vcprintf.o                conio/vcprintf.s(9)
    cputs.o                   conio/cputs.s(9)
    cputhex.o                 conio/cputhex.s(9)
    ops.o                     src/ops.s(59)
    dir.o                     src/dir.s(27)
    cat.o                     src/cat.s(19)
    screen.o                  src/screen.s(15)
_cputcxy (cputc.o):
    ops.o                     src/ops.s(60)
_cputhex16 (cputhex.o):
    cat.o                     src/cat.s(23)
_cputhex8 (cputhex.o):
    cat.o                     src/cat.s(22)
_cputs (cputs.o):
    ops.o                     src/ops.s(61)
    base.o                    src/base.s(14)
    cat.o                     src/cat.s(20)
    screen.o                  src/screen.s(16)
    main.o                    src/main.s(28)
_cputsxy (cputs.o):
    db.o                      src/db.s(33)
    ops.o                     src/ops.s(62)
_cursor (cursor.o):
    ops.o                     src/ops.s(65)
_cvlinexy (cvline.o):
    screen.o                  src/screen.s(22)
_debugu (ops.o):
    dir.o                     src/dir.s(39)
_depth (main.o):
    db.o                      src/db.s(26)
    ops.o                     src/ops.s(20)
_devices (ops.o):
    db.o                      src/db.s(53)
_devicetype (ops.o):
    db.o                      src/db.s(52)
    main.o                    src/main.s(62)
_dirs (ops.o):
    db.o                      src/db.s(54)
_doDOScommand (ops.o):
    db.o                      src/db.s(51)
_drawDirFrame (ops.o):
    db.o                      src/db.s(49)
_drawFrame (screen.o):
    db.o                      src/db.s(30)
    ops.o                     src/ops.s(54)
_execute (ops.o):
    db.o                      src/db.s(41)
    main.o                    src/main.s(59)
_exit (crt0.o):
    _afailed.o                ../libwrk/c128/_afailed.s(16)
    ops.o                     src/ops.s(74)
    main.o                    src/main.s(34)
_exitScreen (screen.o):
    ops.o                     src/ops.s(55)
    main.o                    src/main.s(65)
_fastflag (main.o):
    db.o                      src/db.s(29)
_fclose (fclose.o):
    main.o                    src/main.s(14)
_fgetc (fgetc.o):
    main.o                    src/main.s(15)
_fopen (fopen.o):
    main.o                    src/main.s(16)
_forceeight (main.o):
    db.o                      src/db.s(28)
_fprintf (fprintf.o):
    _afailed.o                ../libwrk/c128/_afailed.s(15)
_fputc (fputc.o):
    main.o                    src/main.s(17)
_fread (fread.o):
    main.o                    src/main.s(18)
_free (free.o):
    dir.o                     src/dir.s(15)
_freeDir (dir.o):
    db.o                      src/db.s(39)
_fwrite (fwrite.o):
    vfprintf.o                common/vfprintf.s(10)
    main.o                    src/main.s(19)
_getDeviceType (ops.o):
    db.o                      src/db.s(50)
_getcurrentdevice (curdevice.o):
    main.o                    src/main.s(35)
_gotoxy (gotoxy.o):
    ops.o                     src/ops.s(58)
    dir.o                     src/dir.s(26)
    cat.o                     src/cat.s(17)
    screen.o                  src/screen.s(14)
    main.o                    src/main.s(27)
_initScreen (screen.o):
    main.o                    src/main.s(64)
_isprint (isprint.o):
    ops.o                     src/ops.s(76)
_linebuffer (ops.o):
    dir.o                     src/dir.s(37)
_linebuffer2 (ops.o):
    dir.o                     src/dir.s(38)
_ltoa (ltoa.o):
    _printf.o                 common/_printf.s(12)
_main (main.o):
    callmain.o                runtime/callmain.s(11)
_mainLoopBrowse (db.o):
    main.o                    src/main.s(60)
_malloc (malloc.o):
    calloc.o                  common/calloc.s(10)
_memcpy (memcpy.o):
    vsnprintf.o               common/vsnprintf.s(10)
    dir.o                     src/dir.s(18)
_newscreen (screen.o):
    ops.o                     src/ops.s(53)
_open (open.o):
    _fopen.o                  common/_fopen.s(10)
_path (main.o):
    db.o                      src/db.s(22)
    ops.o                     src/ops.s(19)
_pathdevice (main.o):
    db.o                      src/db.s(23)
_pathfile (main.o):
    db.o                      src/db.s(24)
_pathrunboot (main.o):
    db.o                      src/db.s(25)
_printDir (ops.o):
    db.o                      src/db.s(46)
_printElement (ops.o):
    db.o                      src/db.s(47)
_raise (raise.o):
    _afailed.o                ../libwrk/c128/_afailed.s(13)
_read (read.o):
    fread.o                   common/fread.s(10)
    fgetc.o                   ../libwrk/c128/fgetc.s(14)
_readDir (dir.o):
    db.o                      src/db.s(40)
    ops.o                     src/ops.s(25)
_revers (revers.o):
    db.o                      src/db.s(35)
    ops.o                     src/ops.s(66)
    base.o                    src/base.s(16)
    dir.o                     src/dir.s(29)
    screen.o                  src/screen.s(17)
    main.o                    src/main.s(31)
_set_c128_speed (acc_c128_speed.o):
    screen.o                  src/screen.s(25)
    main.o                    src/main.s(36)
_showDir (ops.o):
    db.o                      src/db.s(44)
_sprintf (sprintf.o):
    ops.o                     src/ops.s(69)
    main.o                    src/main.s(20)
_stderr (_file.o):
    _afailed.o                ../libwrk/c128/_afailed.s(14)
_strcat (strcat.o):
    main.o                    src/main.s(21)
_strcpy (strcpy.o):
    db.o                      src/db.s(13)
    ops.o                     src/ops.s(70)
    dir.o                     src/dir.s(16)
    main.o                    src/main.s(22)
_strlen (strlen.o):
    _printf.o                 common/_printf.s(13)
    ops.o                     src/ops.s(71)
    screen.o                  src/screen.s(24)
    main.o                    src/main.s(23)
_strlower (strlower.o):
    _printf.o                 common/_printf.s(13)
_strncmp (strncmp.o):
    dir.o                     src/dir.s(17)
_strncpy (strncpy.o):
    main.o                    src/main.s(24)
_strstr (strstr.o):
    ops.o                     src/ops.s(72)
_textInput (ops.o):
    main.o                    src/main.s(61)
_textcolor (color.o):
    db.o                      src/db.s(36)
    ops.o                     src/ops.s(67)
    base.o                    src/base.s(17)
    cat.o                     src/cat.s(21)
    screen.o                  src/screen.s(18)
    main.o                    src/main.s(32)
_trace (main.o):
    db.o                      src/db.s(27)
    ops.o                     src/ops.s(21)
_ultoa (ltoa.o):
    _printf.o                 common/_printf.s(12)
_updateMenu (db.o):
    ops.o                     src/ops.s(29)
_updateScreen (ops.o):
    db.o                      src/db.s(42)
_vcprintf (vcprintf.o):
    cprintf.o                 conio/cprintf.s(8)
_vfprintf (vfprintf.o):
    fprintf.o                 common/fprintf.s(8)
_vsprintf (vsprintf.o):
    sprintf.o                 common/sprintf.s(8)
_waitKey (base.o):
    ops.o                     src/ops.s(56)
    cat.o                     src/cat.s(27)
_wherey (wherey.o):
    cat.o                     src/cat.s(18)
_write (write.o):
    fwrite.o                  common/fwrite.s(10)
    fputc.o                   ../libwrk/c128/fputc.s(14)
addeq0sp (addeqsp.o):
    ops.o                     src/ops.s(2625)
    main.o                    src/main.s(4087)
    main.o                    src/main.s(4087)
    main.o                    src/main.s(4087)
    main.o                    src/main.s(4087)
    main.o                    src/main.s(4087)
    main.o                    src/main.s(4087)
    main.o                    src/main.s(4087)
addeqysp (addeqsp.o):
    db.o                      src/db.s(1691)
    ops.o                     src/ops.s(2625)
    cat.o                     src/cat.s(476)
    cat.o                     src/cat.s(476)
    screen.o                  src/screen.s(363)
    main.o                    src/main.s(4087)
    main.o                    src/main.s(4087)
addysp (addysp.o):
    open.o                    cbm/open.s(10)
    sprintf.o                 common/sprintf.s(8)
    leave.o                   runtime/leave.s(14)
    incsp8.o                  runtime/incsp8.s(8)
    incsp7.o                  runtime/incsp7.s(8)
    incsp6.o                  runtime/incsp6.s(8)
    incsp5.o                  runtime/incsp5.s(8)
    incsp4.o                  runtime/incsp4.s(8)
    incsp3.o                  runtime/incsp3.s(8)
    fwrite.o                  common/fwrite.s(11)
    fprintf.o                 common/fprintf.s(8)
    cprintf.o                 conio/cprintf.s(8)
    db.o                      src/db.s(1691)
    ops.o                     src/ops.s(2625)
    ops.o                     src/ops.s(2625)
    ops.o                     src/ops.s(2625)
    dir.o                     src/dir.s(1476)
    cat.o                     src/cat.s(476)
    cat.o                     src/cat.s(476)
    main.o                    src/main.s(4087)
    main.o                    src/main.s(4087)
    main.o                    src/main.s(4087)
    main.o                    src/main.s(4087)
addysp1 (addysp.o):
    sub.o                     runtime/sub.s(8)
    or.o                      runtime/or.s(9)
aslax1 (aslax1.o):
    main.o                    src/main.s(4087)
    main.o                    src/main.s(4087)
    main.o                    src/main.s(4087)
    main.o                    src/main.s(4087)
    main.o                    src/main.s(4087)
    main.o                    src/main.s(4087)
    main.o                    src/main.s(4087)
    main.o                    src/main.s(4087)
axlong (axlong.o):
    _printf.o                 common/_printf.s(11)
axulong (axlong.o):
    _printf.o                 common/_printf.s(11)
bnega (bneg.o):
    db.o                      src/db.s(1691)
    cat.o                     src/cat.s(476)
    main.o                    src/main.s(4087)
booleq (makebool.o):
    ops.o                     src/ops.s(2625)
callmain (callmain.o):
    crt0.o                    c128/crt0.s(9)
chlinechar (clinechars.o):
    chline.o                  cbm/chline.s(10)
closecmdchannel (diskcmd.o):
    scratch.o                 cbm/scratch.s(8)
    open.o                    cbm/open.s(12)
    close.o                   cbm/close.s(9)
cputdirect (cputc.o):
    chline.o                  cbm/chline.s(9)
    cclear.o                  cbm/cclear.s(9)
ctypemask (ctypemask.o):
    isprint.o                 common/isprint.s(15)
ctypemaskdirect (ctypemask.o):
    strlower.o                common/strlower.s(14)
    atoi.o                    common/atoi.s(11)
cursor (_cursor.o):
    cursor.o                  conio/cursor.s(8)
    cgetc.o                   c128/cgetc.s(11)
curunit (filevars.o):
    filename.o                cbm/filename.s(11)
    curdevice.o               cbm/curdevice.s(8)
cvlinechar (clinechars.o):
    cvline.o                  cbm/cvline.s(10)
decax1 (decax1.o):
    db.o                      src/db.s(1691)
    ops.o                     src/ops.s(2625)
    dir.o                     src/dir.s(1476)
    main.o                    src/main.s(4087)
    main.o                    src/main.s(4087)
decax2 (decax2.o):
    ops.o                     src/ops.s(2625)
    dir.o                     src/dir.s(1476)
    main.o                    src/main.s(4087)
decax3 (decax3.o):
    ops.o                     src/ops.s(2625)
    dir.o                     src/dir.s(1476)
decax4 (decax4.o):
    ops.o                     src/ops.s(2625)
    dir.o                     src/dir.s(1476)
decaxy (decaxy.o):
    ops.o                     src/ops.s(2625)
    cat.o                     src/cat.s(476)
    main.o                    src/main.s(4087)
    main.o                    src/main.s(4087)
    main.o                    src/main.s(4087)
    main.o                    src/main.s(4087)
    main.o                    src/main.s(4087)
    main.o                    src/main.s(4087)
decsp1 (decsp1.o):
    fgetc.o                   ../libwrk/c128/fgetc.s(95)
    cbm_dir.o                 ../libwrk/c128/cbm_dir.s(374)
    db.o                      src/db.s(1691)
    ops.o                     src/ops.s(2625)
    ops.o                     src/ops.s(2625)
    dir.o                     src/dir.s(1476)
    screen.o                  src/screen.s(363)
    main.o                    src/main.s(4087)
    main.o                    src/main.s(4087)
    main.o                    src/main.s(4087)
    main.o                    src/main.s(4087)
    main.o                    src/main.s(4087)
    main.o                    src/main.s(4087)
decsp2 (decsp2.o):
    cbm_dir.o                 ../libwrk/c128/cbm_dir.s(374)
    ops.o                     src/ops.s(2625)
    ops.o                     src/ops.s(2625)
    ops.o                     src/ops.s(2625)
    ops.o                     src/ops.s(2625)
    ops.o                     src/ops.s(2625)
    ops.o                     src/ops.s(2625)
    dir.o                     src/dir.s(1476)
    dir.o                     src/dir.s(1476)
    cat.o                     src/cat.s(476)
    cat.o                     src/cat.s(476)
    main.o                    src/main.s(4087)
    main.o                    src/main.s(4087)
    main.o                    src/main.s(4087)
    main.o                    src/main.s(4087)
    main.o                    src/main.s(4087)
    main.o                    src/main.s(4087)
    main.o                    src/main.s(4087)
    main.o                    src/main.s(4087)
decsp3 (decsp3.o):
    main.o                    src/main.s(4087)
decsp4 (decsp4.o):
    lpush.o                   runtime/lpush.s(12)
    sprintf.o                 common/sprintf.s(8)
    fprintf.o                 common/fprintf.s(8)
    dir.o                     src/dir.s(1476)
    main.o                    src/main.s(4087)
    main.o                    src/main.s(4087)
    main.o                    src/main.s(4087)
decsp6 (decsp6.o):
    _printf.o                 common/_printf.s(11)
devnum (devnum.o):
    filevars.o                cbm/filevars.s(9)
donelib (condes.o):
    crt0.o                    c128/crt0.s(7)
enter (enter.o):
    cbm_dir.o                 ../libwrk/c128/cbm_dir.s(374)
fdtab (filedes.o):
    open.o                    cbm/filedes.inc(7)
    close.o                   cbm/filedes.inc(7)
    write.o                   cbm/filedes.inc(7)
    read.o                    cbm/filedes.inc(7)
fnaddmode (filename.o):
    open.o                    cbm/open.s(11)
fncmd (filename.o):
    scratch.o                 cbm/scratch.s(9)
    diskcmd.o                 cbm/diskcmd.s(14)
fncomplete (filename.o):
    open.o                    cbm/open.s(11)
fnisfile (filename.o):
    open.o                    cbm/open.s(13)
fnlen (filename.o):
    diskcmd.o                 cbm/diskcmd.s(14)
fnparse (filename.o):
    open.o                    cbm/open.s(11)
fnset (filename.o):
    open.o                    cbm/open.s(11)
fnunit (filename.o):
    scratch.o                 cbm/scratch.s(9)
    open.o                    cbm/open.s(13)
    diskcmd.o                 cbm/diskcmd.s(14)
freefd (filedes.o):
    open.o                    cbm/filedes.inc(9)
gotoxy (gotoxy.o):
    cvline.o                  cbm/cvline.s(9)
    cputs.o                   conio/cputs.s(9)
    cputc.o                   c128/cputc.s(11)
    chline.o                  cbm/chline.s(9)
    cclear.o                  cbm/cclear.s(9)
incax1 (incax1.o):
    db.o                      src/db.s(1691)
    ops.o                     src/ops.s(2625)
    main.o                    src/main.s(4087)
    main.o                    src/main.s(4087)
incax2 (incax2.o):
    main.o                    src/main.s(4087)
incax3 (incax3.o):
    cbm_dir.o                 ../libwrk/c128/cbm_dir.s(374)
incax4 (incaxy.o):
    cbm_dir.o                 ../libwrk/c128/cbm_dir.s(374)
incaxy (incaxy.o):
    incax3.o                  runtime/incax3.s(8)
    ops.o                     src/ops.s(2625)
    dir.o                     src/dir.s(1476)
    cat.o                     src/cat.s(476)
incsp1 (incsp1.o):
    cbm_dir.o                 ../libwrk/c128/cbm_dir.s(374)
    db.o                      src/db.s(1691)
    db.o                      src/db.s(1691)
    ops.o                     src/ops.s(2625)
    ops.o                     src/ops.s(2625)
    ops.o                     src/ops.s(2625)
    ops.o                     src/ops.s(2625)
    base.o                    src/base.s(59)
    dir.o                     src/dir.s(1476)
    cat.o                     src/cat.s(476)
    screen.o                  src/screen.s(363)
incsp2 (incsp2.o):
    vsnprintf.o               common/vsnprintf.s(9)
    staxspi.o                 runtime/staxspi.s(9)
    staspidx.o                runtime/staspidx.s(8)
    popptr1.o                 runtime/popptr1.s(8)
    ops.o                     src/ops.s(2625)
    ops.o                     src/ops.s(2625)
    ops.o                     src/ops.s(2625)
    ops.o                     src/ops.s(2625)
    ops.o                     src/ops.s(2625)
    ops.o                     src/ops.s(2625)
    ops.o                     src/ops.s(2625)
    dir.o                     src/dir.s(1476)
    dir.o                     src/dir.s(1476)
    main.o                    src/main.s(4087)
    main.o                    src/main.s(4087)
    main.o                    src/main.s(4087)
    main.o                    src/main.s(4087)
    main.o                    src/main.s(4087)
    main.o                    src/main.s(4087)
incsp3 (incsp3.o):
    fgetc.o                   ../libwrk/c128/fgetc.s(95)
    ops.o                     src/ops.s(2625)
    ops.o                     src/ops.s(2625)
    dir.o                     src/dir.s(1476)
    screen.o                  src/screen.s(363)
incsp4 (incsp4.o):
    _fopen.o                  common/_fopen.s(11)
    fread.o                   common/fread.s(12)
    fputc.o                   ../libwrk/c128/fputc.s(75)
    _afailed.o                ../libwrk/c128/_afailed.s(57)
    ops.o                     src/ops.s(2625)
    screen.o                  src/screen.s(363)
    main.o                    src/main.s(4087)
    main.o                    src/main.s(4087)
    main.o                    src/main.s(4087)
incsp5 (incsp5.o):
    ops.o                     src/ops.s(2625)
    screen.o                  src/screen.s(363)
    main.o                    src/main.s(4087)
    main.o                    src/main.s(4087)
incsp6 (incsp6.o):
    vsnprintf.o               common/vsnprintf.s(9)
    vfprintf.o                common/vfprintf.s(9)
    fwrite.o                  common/fwrite.s(11)
    fread.o                   common/fread.s(12)
    ops.o                     src/ops.s(2625)
    ops.o                     src/ops.s(2625)
    dir.o                     src/dir.s(1476)
    dir.o                     src/dir.s(1476)
    main.o                    src/main.s(4087)
    main.o                    src/main.s(4087)
    main.o                    src/main.s(4087)
    main.o                    src/main.s(4087)
    main.o                    src/main.s(4087)
incsp7 (incsp7.o):
    cbm_dir.o                 ../libwrk/c128/cbm_dir.s(374)
    ops.o                     src/ops.s(2625)
    ops.o                     src/ops.s(2625)
    ops.o                     src/ops.s(2625)
incsp8 (incsp8.o):
    screen.o                  src/screen.s(363)
initlib (condes.o):
    crt0.o                    c128/crt0.s(7)
jmpvec (jmpvec.o):
    raise.o                   common/raise.s(7)
ldax0sp (ldaxsp.o):
    fread.o                   common/fread.s(13)
    ops.o                     src/ops.s(2625)
    ops.o                     src/ops.s(2625)
    ops.o                     src/ops.s(2625)
    ops.o                     src/ops.s(2625)
    ops.o                     src/ops.s(2625)
    ops.o                     src/ops.s(2625)
    dir.o                     src/dir.s(1476)
    dir.o                     src/dir.s(1476)
    dir.o                     src/dir.s(1476)
    screen.o                  src/screen.s(363)
    main.o                    src/main.s(4087)
    main.o                    src/main.s(4087)
    main.o                    src/main.s(4087)
    main.o                    src/main.s(4087)
    main.o                    src/main.s(4087)
    main.o                    src/main.s(4087)
    main.o                    src/main.s(4087)
    main.o                    src/main.s(4087)
    main.o                    src/main.s(4087)
    main.o                    src/main.s(4087)
    main.o                    src/main.s(4087)
    main.o                    src/main.s(4087)
ldaxi (ldaxi.o):
    cbm_dir.o                 ../libwrk/c128/cbm_dir.s(374)
    db.o                      src/db.s(1691)
    ops.o                     src/ops.s(2625)
    ops.o                     src/ops.s(2625)
    dir.o                     src/dir.s(1476)
    main.o                    src/main.s(4087)
    main.o                    src/main.s(4087)
    main.o                    src/main.s(4087)
ldaxidx (ldaxi.o):
    db.o                      src/db.s(1691)
    ops.o                     src/ops.s(2625)
    ops.o                     src/ops.s(2625)
    ops.o                     src/ops.s(2625)
    ops.o                     src/ops.s(2625)
    dir.o                     src/dir.s(1476)
    dir.o                     src/dir.s(1476)
    dir.o                     src/dir.s(1476)
ldaxysp (ldaxsp.o):
    vsnprintf.o               common/vsnprintf.s(9)
    fwrite.o                  common/fwrite.s(11)
    fread.o                   common/fread.s(13)
    cbm_dir.o                 ../libwrk/c128/cbm_dir.s(374)
    db.o                      src/db.s(1691)
    ops.o                     src/ops.s(2625)
    ops.o                     src/ops.s(2625)
    ops.o                     src/ops.s(2625)
    ops.o                     src/ops.s(2625)
    ops.o                     src/ops.s(2625)
    ops.o                     src/ops.s(2625)
    ops.o                     src/ops.s(2625)
    ops.o                     src/ops.s(2625)
    ops.o                     src/ops.s(2625)
    dir.o                     src/dir.s(1476)
    dir.o                     src/dir.s(1476)
    dir.o                     src/dir.s(1476)
    cat.o                     src/cat.s(476)
    cat.o                     src/cat.s(476)
    screen.o                  src/screen.s(363)
    screen.o                  src/screen.s(363)
    main.o                    src/main.s(4087)
    main.o                    src/main.s(4087)
    main.o                    src/main.s(4087)
    main.o                    src/main.s(4087)
    main.o                    src/main.s(4087)
    main.o                    src/main.s(4087)
    main.o                    src/main.s(4087)
    main.o                    src/main.s(4087)
    main.o                    src/main.s(4087)
    main.o                    src/main.s(4087)
    main.o                    src/main.s(4087)
leaa0sp (leaaxsp.o):
    fputc.o                   ../libwrk/c128/fputc.s(75)
    fgetc.o                   ../libwrk/c128/fgetc.s(95)
    cbm_dir.o                 ../libwrk/c128/cbm_dir.s(374)
    dir.o                     src/dir.s(1476)
    cat.o                     src/cat.s(476)
    cat.o                     src/cat.s(476)
    main.o                    src/main.s(4087)
    main.o                    src/main.s(4087)
    main.o                    src/main.s(4087)
leavey (leave.o):
    cbm_dir.o                 ../libwrk/c128/cbm_dir.s(374)
mul8x16 (mul8.o):
    mul.o                     runtime/mul.s(8)
mul8x16a (mul8.o):
    mul.o                     runtime/mul.s(8)
mulax10 (mulax10.o):
    db.o                      src/db.s(1691)
    ops.o                     src/ops.s(2625)
[...]
    cbm_dir.o                 ../libwrk/c128/cbm_dir.s(374)
    cbm_dir.o                 ../libwrk/c128/cbm_dir.s(374)
    db.o                      src/db.s(1691)
    db.o                      src/db.s(1691)
    ops.o                     src/ops.s(2625)
    ops.o                     src/ops.s(2625)
    ops.o                     src/ops.s(2625)
    ops.o                     src/ops.s(2625)
    ops.o                     src/ops.s(2625)
    ops.o                     src/ops.s(2625)
    ops.o                     src/ops.s(2625)
    ops.o                     src/ops.s(2625)
    ops.o                     src/ops.s(2625)
    ops.o                     src/ops.s(2625)
    ops.o                     src/ops.s(2625)
    ops.o                     src/ops.s(2625)
    ops.o                     src/ops.s(2625)
    ops.o                     src/ops.s(2625)
    ops.o                     src/ops.s(2625)
    ops.o                     src/ops.s(2625)
    ops.o                     src/ops.s(2625)
    ops.o                     src/ops.s(2625)
    ops.o                     src/ops.s(2625)
    base.o                    src/base.s(59)
    dir.o                     src/dir.s(1476)
    dir.o                     src/dir.s(1476)
    cat.o                     src/cat.s(476)
    cat.o                     src/cat.s(476)
    cat.o                     src/cat.s(476)
    screen.o                  src/screen.s(363)
    screen.o                  src/screen.s(363)
    screen.o                  src/screen.s(363)
    screen.o                  src/screen.s(363)
    main.o                    src/main.s(4087)
    main.o                    src/main.s(4087)
    main.o                    src/main.s(4087)
    main.o                    src/main.s(4087)
    main.o                    src/main.s(4087)
    main.o                    src/main.s(4087)
    main.o                    src/main.s(4087)
    main.o                    src/main.s(4087)
    main.o                    src/main.s(4087)
    main.o                    src/main.s(4087)
    main.o                    src/main.s(4087)
    main.o                    src/main.s(4087)
    main.o                    src/main.s(4087)
pusha0 (pushax.o):
    push1.o                   runtime/push1.s(8)
    fread.o                   common/fread.s(11)
    fputc.o                   ../libwrk/c128/fputc.s(75)
    fgetc.o                   ../libwrk/c128/fgetc.s(95)
    db.o                      src/db.s(1691)
    ops.o                     src/ops.s(2625)
    ops.o                     src/ops.s(2625)
    ops.o                     src/ops.s(2625)
    ops.o                     src/ops.s(2625)
    ops.o                     src/ops.s(2625)
    ops.o                     src/ops.s(2625)
    dir.o                     src/dir.s(1476)
    screen.o                  src/screen.s(363)
    screen.o                  src/screen.s(363)
    main.o                    src/main.s(4087)
    main.o                    src/main.s(4087)
    main.o                    src/main.s(4087)
    main.o                    src/main.s(4087)
    main.o                    src/main.s(4087)
    main.o                    src/main.s(4087)
    main.o                    src/main.s(4087)
    main.o                    src/main.s(4087)
    main.o                    src/main.s(4087)
pushax (pushax.o):
    callmain.o                runtime/callmain.s(11)
    _printf.o                 common/_printf.s(11)
    vcprintf.o                conio/vcprintf.s(8)
    pushw.o                   runtime/pushw.s(8)
    fwrite.o                  common/fwrite.s(11)
    fread.o                   common/fread.s(11)
    fputc.o                   ../libwrk/c128/fputc.s(75)
    fopen.o                   common/fopen.s(11)
    fgetc.o                   ../libwrk/c128/fgetc.s(95)
    cprintf.o                 conio/cprintf.s(8)
    cbm_dir.o                 ../libwrk/c128/cbm_dir.s(374)
    cbm_dir.o                 ../libwrk/c128/cbm_dir.s(374)
    calloc.o                  common/calloc.s(11)
    _afailed.o                ../libwrk/c128/_afailed.s(57)
    db.o                      src/db.s(1691)
    db.o                      src/db.s(1691)
    ops.o                     src/ops.s(2625)
    ops.o                     src/ops.s(2625)
    ops.o                     src/ops.s(2625)
    ops.o                     src/ops.s(2625)
    ops.o                     src/ops.s(2625)
    ops.o                     src/ops.s(2625)
    ops.o                     src/ops.s(2625)
    ops.o                     src/ops.s(2625)
    ops.o                     src/ops.s(2625)
    ops.o                     src/ops.s(2625)
    ops.o                     src/ops.s(2625)
    ops.o                     src/ops.s(2625)
    dir.o                     src/dir.s(1476)
    dir.o                     src/dir.s(1476)
    dir.o                     src/dir.s(1476)
    dir.o                     src/dir.s(1476)
    cat.o                     src/cat.s(476)
    cat.o                     src/cat.s(476)
    screen.o                  src/screen.s(363)
    screen.o                  src/screen.s(363)
    main.o                    src/main.s(4087)
    main.o                    src/main.s(4087)
    main.o                    src/main.s(4087)
    main.o                    src/main.s(4087)
    main.o                    src/main.s(4087)
    main.o                    src/main.s(4087)
    main.o                    src/main.s(4087)
    main.o                    src/main.s(4087)
    main.o                    src/main.s(4087)
    main.o                    src/main.s(4087)
    main.o                    src/main.s(4087)
    main.o                    src/main.s(4087)
    main.o                    src/main.s(4087)
    main.o                    src/main.s(4087)
    main.o                    src/main.s(4087)
    main.o                    src/main.s(4087)
    main.o                    src/main.s(4087)
    main.o                    src/main.s(4087)
    main.o                    src/main.s(4087)
pusheax (lpush.o):
    _printf.o                 common/_printf.s(11)
pushw (pushw.o):
    db.o                      src/db.s(1691)
    ops.o                     src/ops.s(2625)
    ops.o                     src/ops.s(2625)
    ops.o                     src/ops.s(2625)
    ops.o                     src/ops.s(2625)
    ops.o                     src/ops.s(2625)
    main.o                    src/main.s(4087)
    main.o                    src/main.s(4087)
pushw0sp (pushwsp.o):
    vsprintf.o                common/vsprintf.s(8)
    ops.o                     src/ops.s(2625)
    dir.o                     src/dir.s(1476)
    main.o                    src/main.s(4087)
    main.o                    src/main.s(4087)
    main.o                    src/main.s(4087)
    main.o                    src/main.s(4087)
    main.o                    src/main.s(4087)
pushwidx (pushw.o):
    db.o                      src/db.s(1691)
    ops.o                     src/ops.s(2625)
    ops.o                     src/ops.s(2625)
    dir.o                     src/dir.s(1476)
    dir.o                     src/dir.s(1476)
pushwysp (pushwsp.o):
    vfprintf.o                common/vfprintf.s(9)
    fwrite.o                  common/fwrite.s(11)
    fread.o                   common/fread.s(14)
    _afailed.o                ../libwrk/c128/_afailed.s(57)
    db.o                      src/db.s(1691)
    ops.o                     src/ops.s(2625)
    ops.o                     src/ops.s(2625)
    ops.o                     src/ops.s(2625)
    ops.o                     src/ops.s(2625)
    ops.o                     src/ops.s(2625)
    ops.o                     src/ops.s(2625)
    ops.o                     src/ops.s(2625)
    ops.o                     src/ops.s(2625)
    ops.o                     src/ops.s(2625)
    dir.o                     src/dir.s(1476)
    dir.o                     src/dir.s(1476)
    main.o                    src/main.s(4087)
    main.o                    src/main.s(4087)
    main.o                    src/main.s(4087)
    main.o                    src/main.s(4087)
    main.o                    src/main.s(4087)
    main.o                    src/main.s(4087)
    main.o                    src/main.s(4087)
    main.o                    src/main.s(4087)
    main.o                    src/main.s(4087)
    main.o                    src/main.s(4087)
    main.o                    src/main.s(4087)
    main.o                    src/main.s(4087)
    main.o                    src/main.s(4087)
    main.o                    src/main.s(4087)
    main.o                    src/main.s(4087)
putchar (cputc.o):
    cvline.o                  cbm/cvline.s(9)
readdiskerror (diskcmd.o):
    open.o                    cbm/open.s(12)
    close.o                   cbm/close.s(9)
regbank (zeropage.o):
    _printf.o                 /mnt/l/cc65/asminc/zeropage.inc(14)
    regswap2.o                runtime/regswap2.s(8)
    fread.o                   common/fread.s(31)
    fputc.o                   ../libwrk/c128/fputc.s(10)
    fgetc.o                   ../libwrk/c128/fgetc.s(10)
    cbm_dir.o                 ../libwrk/c128/cbm_dir.s(10)
regsave (zeropage.o):
    lsave.o                   runtime/lsave.s(9)
regswap2 (regswap2.o):
    fputc.o                   ../libwrk/c128/fputc.s(75)
    fgetc.o                   ../libwrk/c128/fgetc.s(95)
    cbm_dir.o                 ../libwrk/c128/cbm_dir.s(374)
resteax (lsave.o):
    main.o                    src/main.s(4087)
return0 (return0.o):
    _fopen.o                  common/_fopen.s(11)
    _fdesc.o                  common/_fdesc.s(9)
    color.o                   c128/color.s(10)
rwcommon (rwcommon.o):
    write.o                   cbm/write.s(10)
    read.o                    cbm/read.s(11)
saveeax (lsave.o):
    main.o                    src/main.s(4087)
scratch (scratch.o):
    open.o                    cbm/open.s(11)
sigtable (sigtable.o):
    signal.o                  /mnt/l/cc65/asminc/signal.inc(49)
    raise.o                   /mnt/l/cc65/asminc/signal.inc(49)
sp (zeropage.o):
    vsnprintf.o               common/vsnprintf.s(11)
    lpush.o                   runtime/lpush.s(13)
    decsp6.o                  runtime/decsp6.s(8)
    _printf.o                 /mnt/l/cc65/asminc/zeropage.inc(11)
    _heap.o                   common/_heap.s(9)
    _fopen.o                  common/_fopen.s(12)
    vfprintf.o                common/vfprintf.s(11)
    vcprintf.o                conio/vcprintf.s(10)
    subysp.o                  runtime/subysp.s(9)
    subeqsp.o                 runtime/subeqsp.s(8)
    sub.o                     runtime/sub.s(9)
    staxspi.o                 runtime/staxspi.s(10)
    staxsp.o                  runtime/staxsp.s(8)
    staspidx.o                runtime/staspidx.s(9)
    sprintf.o                 common/sprintf.s(9)
    regswap2.o                runtime/regswap2.s(8)
    pushwsp.o                 runtime/pushwsp.s(8)
    pushax.o                  runtime/pushax.s(8)
    pusha.o                   runtime/pusha.s(8)
    popptr1.o                 runtime/popptr1.s(9)
    popa.o                    runtime/popa.s(8)
    or.o                      runtime/or.s(10)
    memset.o                  common/memset.s(20)
    memcpy.o                  common/memcpy.s(15)
    leave.o                   runtime/leave.s(15)
    leaaxsp.o                 runtime/leaaxsp.s(8)
    ldaxsp.o                  runtime/ldaxsp.s(8)
    incsp2.o                  runtime/incsp2.s(8)
    incsp1.o                  runtime/incsp1.s(8)
    icmp.o                    runtime/icmp.s(9)
    fread.o                   common/fread.s(17)
    fputc.o                   ../libwrk/c128/fputc.s(10)
    fprintf.o                 common/fprintf.s(9)
    fgetc.o                   ../libwrk/c128/fgetc.s(10)
    enter.o                   runtime/enter.s(8)
    decsp4.o                  runtime/decsp4.s(8)
    decsp3.o                  runtime/decsp3.s(8)
    decsp2.o                  runtime/decsp2.s(8)
    decsp1.o                  runtime/decsp1.s(8)
    crt0.o                    /mnt/l/cc65/asminc/zeropage.inc(11)
    cprintf.o                 conio/cprintf.s(9)
    cbm_dir.o                 ../libwrk/c128/cbm_dir.s(10)
    addysp.o                  runtime/addysp.s(8)
    addeqsp.o                 runtime/addeqsp.s(8)
    add.o                     runtime/add.s(12)
    db.o                      src/db.s(10)
    ops.o                     src/ops.s(10)
    base.o                    src/base.s(10)
    dir.o                     src/dir.s(10)
    cat.o                     src/cat.s(10)
    screen.o                  src/screen.s(10)
    main.o                    src/main.s(10)
sreg (zeropage.o):
    ltoa.o                    common/ltoa.s(11)
    lpush.o                   runtime/lpush.s(13)
    axlong.o                  runtime/axlong.s(9)
    _printf.o                 /mnt/l/cc65/asminc/zeropage.inc(11)
    udiv.o                    runtime/udiv.s(10)
    lsave.o                   runtime/lsave.s(9)
    lneg.o                    runtime/lneg.s(11)
    icmp.o                    runtime/icmp.s(9)
    atoi.o                    common/atoi.s(10)
    db.o                      src/db.s(10)
    ops.o                     src/ops.s(10)
    dir.o                     src/dir.s(10)
    main.o                    src/main.s(10)
staspidx (staspidx.o):
    cbm_dir.o                 ../libwrk/c128/cbm_dir.s(374)
stax0sp (staxsp.o):
    cbm_dir.o                 ../libwrk/c128/cbm_dir.s(374)
    ops.o                     src/ops.s(2625)
    ops.o                     src/ops.s(2625)
    ops.o                     src/ops.s(2625)
    ops.o                     src/ops.s(2625)
    ops.o                     src/ops.s(2625)
    ops.o                     src/ops.s(2625)
    dir.o                     src/dir.s(1476)
    dir.o                     src/dir.s(1476)
    main.o                    src/main.s(4087)
    main.o                    src/main.s(4087)
    main.o                    src/main.s(4087)
    main.o                    src/main.s(4087)
    main.o                    src/main.s(4087)
    main.o                    src/main.s(4087)
    main.o                    src/main.s(4087)
    main.o                    src/main.s(4087)
staxspidx (staxspi.o):
    cbm_dir.o                 ../libwrk/c128/cbm_dir.s(374)
    db.o                      src/db.s(1691)
    ops.o                     src/ops.s(2625)
    dir.o                     src/dir.s(1476)
    main.o                    src/main.s(4087)
staxysp (staxsp.o):
    vsprintf.o                common/vsprintf.s(8)
    cbm_dir.o                 ../libwrk/c128/cbm_dir.s(374)
    db.o                      src/db.s(1691)
    ops.o                     src/ops.s(2625)
    ops.o                     src/ops.s(2625)
    ops.o                     src/ops.s(2625)
    dir.o                     src/dir.s(1476)
    dir.o                     src/dir.s(1476)
    cat.o                     src/cat.s(476)
    cat.o                     src/cat.s(476)
    main.o                    src/main.s(4087)
    main.o                    src/main.s(4087)
    main.o                    src/main.s(4087)
    main.o                    src/main.s(4087)
    main.o                    src/main.s(4087)
    main.o                    src/main.s(4087)
    main.o                    src/main.s(4087)
    main.o                    src/main.s(4087)
    main.o                    src/main.s(4087)
    main.o                    src/main.s(4087)
subeqysp (subeqsp.o):
    cbm_dir.o                 ../libwrk/c128/cbm_dir.s(374)
    ops.o                     src/ops.s(2625)
    main.o                    src/main.s(4087)
subysp (subysp.o):
    cat.o                     src/cat.s(476)
    cat.o                     src/cat.s(476)
    main.o                    src/main.s(4087)
    main.o                    src/main.s(4087)
    main.o                    src/main.s(4087)
tmp1 (zeropage.o):
    ltoa.o                    common/ltoa.s(11)
    filename.o                cbm/filename.s(12)
    diskcmd.o                 cbm/diskcmd.s(15)
    c_setlfs.o                cbm/c_setlfs.s(13)
    _printf.o                 /mnt/l/cc65/asminc/zeropage.inc(13)
    vcprintf.o                conio/vcprintf.s(10)
    strstr.o                  common/strstr.s(9)
    strncpy.o                 common/strncpy.s(9)
    staxspi.o                 runtime/staxspi.s(10)
    staspidx.o                runtime/staspidx.s(9)
    shelp.o                   runtime/shelp.s(12)
    read.o                    cbm/read.s(13)
    or.o                      runtime/or.s(10)
    mul.o                     runtime/mul.s(10)
    incaxy.o                  runtime/incaxy.s(8)
    div.o                     runtime/div.s(12)
    decaxy.o                  runtime/decaxy.s(8)
    cvline.o                  cbm/cvline.s(10)
    cputs.o                   conio/cputs.s(10)
    chline.o                  cbm/chline.s(10)
    cclear.o                  cbm/cclear.s(10)
    cbm_read.o                cbm/cbm_read.s(42)
    atoi.o                    common/atoi.s(10)
    aslax1.o                  runtime/aslax1.s(8)
    add.o                     runtime/add.s(12)
    ops.o                     src/ops.s(11)
    dir.o                     src/dir.s(11)
    main.o                    src/main.s(11)
tmp2 (zeropage.o):
    open.o                    cbm/open.s(15)
    close.o                   cbm/close.s(10)
    strncpy.o                 common/strncpy.s(9)
    shelp.o                   runtime/shelp.s(12)
    rwcommon.o                cbm/rwcommon.s(10)
    read.o                    cbm/read.s(13)
    div.o                     runtime/div.s(12)
tmp3 (zeropage.o):
    open.o                    cbm/open.s(15)
    strncpy.o                 common/strncpy.s(9)
    strcat.o                  common/strcat.s(10)
    read.o                    cbm/read.s(13)
tosaddax (add.o):
    db.o                      src/db.s(1691)
    screen.o                  src/screen.s(363)
tosdiva0 (div.o):
    ops.o                     src/ops.s(2625)
    ops.o                     src/ops.s(2625)
    screen.o                  src/screen.s(363)
tosicmp (icmp.o):
    ops.o                     src/ops.s(2625)
    ops.o                     src/ops.s(2625)
    ops.o                     src/ops.s(2625)
    screen.o                  src/screen.s(363)
tosicmp0 (icmp.o):
    ops.o                     src/ops.s(2625)
tosmula0 (mul8.o):
    db.o                      src/db.s(1691)
    ops.o                     src/ops.s(2625)
    ops.o                     src/ops.s(2625)
    ops.o                     src/ops.s(2625)
    main.o                    src/main.s(4087)
    main.o                    src/main.s(4087)
    main.o                    src/main.s(4087)
    main.o                    src/main.s(4087)
    main.o                    src/main.s(4087)
    main.o                    src/main.s(4087)
    main.o                    src/main.s(4087)
    main.o                    src/main.s(4087)
    main.o                    src/main.s(4087)
    main.o                    src/main.s(4087)
tosorax (or.o):
    cbm_dir.o                 ../libwrk/c128/cbm_dir.s(374)
    dir.o                     src/dir.s(1476)
tossubax (sub.o):
    ops.o                     src/ops.s(2625)
tosudiva0 (udiv.o):
    db.o                      src/db.s(1691)
tosudivax (udiv.o):
    fwrite.o                  common/fwrite.s(12)
    fread.o                   common/fread.s(15)
tosumulax (mul.o):
    fwrite.o                  common/fwrite.s(12)
    fread.o                   common/fread.s(15)
    calloc.o                  common/calloc.s(11)
udiv16 (udiv.o):
    shelp.o                   runtime/shelp.s(11)
unittab (filedes.o):
    open.o                    cbm/filedes.inc(8)
    close.o                   cbm/filedes.inc(8)
    read.o                    cbm/filedes.inc(8)
vsnprintf (vsnprintf.o):
    vsprintf.o                common/vsprintf.s(9)
writefndiskcmd (diskcmd.o):
    scratch.o                 cbm/scratch.s(8)
zerobss (zerobss.o):
    crt0.o                    c128/crt0.s(8)

