Modules list:
-------------
dmb-confupd-1-2.o:
    CODE              Offs=000000  Size=0003A6  Align=00001  Fill=0000
    RODATA            Offs=000000  Size=00009B  Align=00001  Fill=0000
    BSS               Offs=000000  Size=0000F5  Align=00001  Fill=0000
c128-ram.o:
    CODE              Offs=0003A6  Size=00012B  Align=00001  Fill=0000
    BSS               Offs=0000F5  Size=000102  Align=00001  Fill=0000
/home/xahmol/retro/cc65/lib/c128.lib(_directerrno.o):
    CODE              Offs=0004D1  Size=00000A  Align=00001  Fill=0000
/home/xahmol/retro/cc65/lib/c128.lib(_fdesc.o):
    CODE              Offs=0004DB  Size=00001D  Align=00001  Fill=0000
/home/xahmol/retro/cc65/lib/c128.lib(_file.o):
    DATA              Offs=000000  Size=00001E  Align=00001  Fill=0000
/home/xahmol/retro/cc65/lib/c128.lib(_fopen.o):
    CODE              Offs=0004F8  Size=00007B  Align=00001  Fill=0000
    BSS               Offs=0001F7  Size=000002  Align=00001  Fill=0000
/home/xahmol/retro/cc65/lib/c128.lib(_mappederrno.o):
    CODE              Offs=000573  Size=000010  Align=00001  Fill=0000
/home/xahmol/retro/cc65/lib/c128.lib(_oserror.o):
    BSS               Offs=0001F9  Size=000001  Align=00001  Fill=0000
/home/xahmol/retro/cc65/lib/c128.lib(_seterrno.o):
    CODE              Offs=000583  Size=000009  Align=00001  Fill=0000
/home/xahmol/retro/cc65/lib/c128.lib(addeqsp.o):
    CODE              Offs=00058C  Size=000011  Align=00001  Fill=0000
/home/xahmol/retro/cc65/lib/c128.lib(addysp.o):
    CODE              Offs=00059D  Size=00000E  Align=00001  Fill=0000
/home/xahmol/retro/cc65/lib/c128.lib(callmain.o):
    CODE              Offs=0005AB  Size=000017  Align=00001  Fill=0000
    DATA              Offs=00001E  Size=000004  Align=00001  Fill=0000
/home/xahmol/retro/cc65/lib/c128.lib(close.o):
    CODE              Offs=0005C2  Size=000038  Align=00001  Fill=0000
/home/xahmol/retro/cc65/lib/c128.lib(clrscr.o):
/home/xahmol/retro/cc65/lib/c128.lib(condes.o):
    CODE              Offs=0005FA  Size=00000C  Align=00001  Fill=0000
    DATA              Offs=000022  Size=000025  Align=00001  Fill=0000
    ONCE              Offs=000000  Size=00000C  Align=00001  Fill=0000
/home/xahmol/retro/cc65/lib/c128.lib(conio.o):
/home/xahmol/retro/cc65/lib/c128.lib(cputc.o):
    CODE              Offs=000606  Size=000049  Align=00001  Fill=0000
/home/xahmol/retro/cc65/lib/c128.lib(cputs.o):
    CODE              Offs=00064F  Size=000023  Align=00001  Fill=0000
/home/xahmol/retro/cc65/lib/c128.lib(crt0.o):
    BSS               Offs=0001FA  Size=000002  Align=00001  Fill=0000
    STARTUP           Offs=000000  Size=000051  Align=00001  Fill=0000
    INIT              Offs=000000  Size=00001A  Align=00001  Fill=0000
/home/xahmol/retro/cc65/lib/c128.lib(curdevice.o):
    CODE              Offs=000672  Size=000006  Align=00001  Fill=0000
/home/xahmol/retro/cc65/lib/c128.lib(decsp1.o):
    CODE              Offs=000678  Size=000009  Align=00001  Fill=0000
/home/xahmol/retro/cc65/lib/c128.lib(decsp4.o):
    CODE              Offs=000681  Size=00000D  Align=00001  Fill=0000
/home/xahmol/retro/cc65/lib/c128.lib(devnum.o):
/home/xahmol/retro/cc65/lib/c128.lib(diskcmd.o):
    CODE              Offs=00068E  Size=0000C4  Align=00001  Fill=0000
    BSS               Offs=0001FC  Size=000017  Align=00001  Fill=0000
/home/xahmol/retro/cc65/lib/c128.lib(em-kernel.o):
    RODATA            Offs=00009B  Size=000051  Align=00001  Fill=0000
    BSS               Offs=000213  Size=000002  Align=00001  Fill=0000
    DATA              Offs=000047  Size=000018  Align=00001  Fill=0000
/home/xahmol/retro/cc65/lib/c128.lib(em_commit.o):
/home/xahmol/retro/cc65/lib/c128.lib(em_map.o):
/home/xahmol/retro/cc65/lib/c128.lib(em_use.o):
/home/xahmol/retro/cc65/lib/c128.lib(errno.o):
    BSS               Offs=000215  Size=000002  Align=00001  Fill=0000
/home/xahmol/retro/cc65/lib/c128.lib(exehdr.o):
    EXEHDR            Offs=000000  Size=00000C  Align=00001  Fill=0000
/home/xahmol/retro/cc65/lib/c128.lib(fclose.o):
    CODE              Offs=000752  Size=000022  Align=00001  Fill=0000
/home/xahmol/retro/cc65/lib/c128.lib(fgetc.o):
    CODE              Offs=000774  Size=00008A  Align=00001  Fill=0000
/home/xahmol/retro/cc65/lib/c128.lib(filedes.o):
    CODE              Offs=0007FE  Size=00000E  Align=00001  Fill=0000
    DATA              Offs=00005F  Size=000010  Align=00001  Fill=0000
/home/xahmol/retro/cc65/lib/c128.lib(filename.o):
    CODE              Offs=00080C  Size=0000A0  Align=00001  Fill=0000
    BSS               Offs=000217  Size=000003  Align=00001  Fill=0000
    DATA              Offs=00006F  Size=000024  Align=00001  Fill=0000
/home/xahmol/retro/cc65/lib/c128.lib(filetype.o):
    DATA              Offs=000093  Size=000001  Align=00001  Fill=0000
/home/xahmol/retro/cc65/lib/c128.lib(filevars.o):
    INIT              Offs=00001A  Size=000001  Align=00001  Fill=0000
    ONCE              Offs=00000C  Size=00000C  Align=00001  Fill=0000
/home/xahmol/retro/cc65/lib/c128.lib(fopen.o):
    CODE              Offs=0008AC  Size=000018  Align=00001  Fill=0000
/home/xahmol/retro/cc65/lib/c128.lib(fputc.o):
    CODE              Offs=0008C4  Size=000057  Align=00001  Fill=0000
    RODATA            Offs=0000EC  Size=000002  Align=00001  Fill=0000
/home/xahmol/retro/cc65/lib/c128.lib(fread.o):
    CODE              Offs=00091B  Size=0000D3  Align=00001  Fill=0000
    BSS               Offs=00021A  Size=000003  Align=00001  Fill=0000
/home/xahmol/retro/cc65/lib/c128.lib(fwrite.o):
    CODE              Offs=0009EE  Size=00007B  Align=00001  Fill=0000
    BSS               Offs=00021D  Size=000002  Align=00001  Fill=0000
/home/xahmol/retro/cc65/lib/c128.lib(gotoxy.o):
    CODE              Offs=000A69  Size=00000D  Align=00001  Fill=0000
/home/xahmol/retro/cc65/lib/c128.lib(incaxy.o):
    CODE              Offs=000A76  Size=00000B  Align=00001  Fill=0000
/home/xahmol/retro/cc65/lib/c128.lib(incsp2.o):
    CODE              Offs=000A81  Size=000016  Align=00001  Fill=0000
/home/xahmol/retro/cc65/lib/c128.lib(incsp3.o):
    CODE              Offs=000A97  Size=000005  Align=00001  Fill=0000
/home/xahmol/retro/cc65/lib/c128.lib(incsp4.o):
    CODE              Offs=000A9C  Size=000005  Align=00001  Fill=0000
/home/xahmol/retro/cc65/lib/c128.lib(incsp6.o):
    CODE              Offs=000AA1  Size=000005  Align=00001  Fill=0000
/home/xahmol/retro/cc65/lib/c128.lib(kernal.o):
/home/xahmol/retro/cc65/lib/c128.lib(ldaxsp.o):
    CODE              Offs=000AA6  Size=000009  Align=00001  Fill=0000
/home/xahmol/retro/cc65/lib/c128.lib(leaaxsp.o):
    CODE              Offs=000AAF  Size=00000C  Align=00001  Fill=0000
/home/xahmol/retro/cc65/lib/c128.lib(libref.o):
/home/xahmol/retro/cc65/lib/c128.lib(loadaddr.o):
    LOADADDR          Offs=000000  Size=000002  Align=00001  Fill=0000
/home/xahmol/retro/cc65/lib/c128.lib(mul.o):
    CODE              Offs=000ABB  Size=000045  Align=00001  Fill=0000
/home/xahmol/retro/cc65/lib/c128.lib(mul8.o):
    CODE              Offs=000B00  Size=00003A  Align=00001  Fill=0000
/home/xahmol/retro/cc65/lib/c128.lib(open.o):
    CODE              Offs=000B3A  Size=0000BE  Align=00001  Fill=0000
/home/xahmol/retro/cc65/lib/c128.lib(oserror.o):
    CODE              Offs=000BF8  Size=000016  Align=00001  Fill=0000
    RODATA            Offs=0000EE  Size=00005A  Align=00001  Fill=0000
/home/xahmol/retro/cc65/lib/c128.lib(popa.o):
    CODE              Offs=000C0E  Size=00000C  Align=00001  Fill=0000
/home/xahmol/retro/cc65/lib/c128.lib(popptr1.o):
    CODE              Offs=000C1A  Size=00000E  Align=00001  Fill=0000
/home/xahmol/retro/cc65/lib/c128.lib(pushax.o):
    CODE              Offs=000C28  Size=00001A  Align=00001  Fill=0000
/home/xahmol/retro/cc65/lib/c128.lib(pushwsp.o):
    CODE              Offs=000C42  Size=00001C  Align=00001  Fill=0000
/home/xahmol/retro/cc65/lib/c128.lib(read.o):
    CODE              Offs=000C5E  Size=00007E  Align=00001  Fill=0000
    BSS               Offs=00021F  Size=000001  Align=00001  Fill=0000
    ONCE              Offs=000018  Size=00000C  Align=00001  Fill=0000
/home/xahmol/retro/cc65/lib/c128.lib(regswap2.o):
    CODE              Offs=000CDC  Size=000016  Align=00001  Fill=0000
/home/xahmol/retro/cc65/lib/c128.lib(return0.o):
    CODE              Offs=000CF2  Size=000004  Align=00001  Fill=0000
/home/xahmol/retro/cc65/lib/c128.lib(rwcommon.o):
    CODE              Offs=000CF6  Size=00001A  Align=00001  Fill=0000
/home/xahmol/retro/cc65/lib/c128.lib(scratch.o):
    CODE              Offs=000D10  Size=000019  Align=00001  Fill=0000
/home/xahmol/retro/cc65/lib/c128.lib(status.o):
/home/xahmol/retro/cc65/lib/c128.lib(staxsp.o):
    CODE              Offs=000D29  Size=00000B  Align=00001  Fill=0000
/home/xahmol/retro/cc65/lib/c128.lib(strcpy.o):
    CODE              Offs=000D34  Size=00001F  Align=00001  Fill=0000
/home/xahmol/retro/cc65/lib/c128.lib(udiv.o):
    CODE              Offs=000D53  Size=00004F  Align=00001  Fill=0000
/home/xahmol/retro/cc65/lib/c128.lib(write.o):
    CODE              Offs=000DA2  Size=000054  Align=00001  Fill=0000
    ONCE              Offs=000024  Size=000011  Align=00001  Fill=0000
/home/xahmol/retro/cc65/lib/c128.lib(zerobss.o):
    CODE              Offs=000DF6  Size=000023  Align=00001  Fill=0000
/home/xahmol/retro/cc65/lib/c128.lib(zeropage.o):
    ZEROPAGE          Offs=000000  Size=00001A  Align=00001  Fill=0000


Segment list:
-------------
Name                   Start     End    Size  Align
----------------------------------------------------
ZEROPAGE              000002  00001B  00001A  00001
LOADADDR              001BFF  001C00  000002  00001
EXEHDR                001C01  001C0C  00000C  00001
STARTUP               001C0D  001C5D  000051  00001
ONCE                  001C5E  001C98  00003B  00001
CODE                  001C99  002AB1  000E19  00001
RODATA                002AB2  002BFB  00014A  00001
DATA                  002BFC  002C8F  000094  00001
INIT                  002C90  002CAA  00001B  00001
BSS                   002CAB  002ECA  000220  00001


Exports list by name:
---------------------
BASIN                     00FFCF RLA    BSOUT                     00FFD2 RLA    
CHKIN                     00FFC6 RLA    CKOUT                     00FFC9 RLA    
CLOSE                     00FFC3 RLA    CLRCH                     00FFCC RLA    
CURS_X                    0000EC RLZ    CURS_Y                    0000EB RLZ    
OPEN                      00FFC0 RLA    READST                    00FFB7 RLA    
SETLFS                    00FFBA RLA    SETNAM                    00FFBD RLA    
ST                        000090 RLZ    __BSS_RUN__               002CAB RLA    
__BSS_SIZE__              000220 REA    __CONSTRUCTOR_COUNT__     000003 REA    
__CONSTRUCTOR_TABLE__     001C93 RLA    __DESTRUCTOR_COUNT__      000001 REA    
__DESTRUCTOR_TABLE__      002BFA RLA    __EXEHDR__                000001 REA    
__LOADADDR__              000001 REA    __MAIN_SIZE__             009BF3 REA    
__MAIN_START__            001C0D RLA    __STACKSIZE__             000800 REA    
__STARTUP__               000001 REA    __ZP_START__              000002 RLA    
__directerrno             00216A RLA    __errno                   002EC0 RLA    
__fdesc                   002174 RLA    __filetab                 002BFC RLA    
__filetype                002C8F RLA    __fopen                   002191 RLA    
__mappederrno             00220C RLA    __oserror                 002EA4 RLA    
__osmaperrno              002891 RLA    __seterrno                00221C RLA    
_c128_ram                 00203F RLA    _close                    00225B RLA    
_clrscr                   00C142 REA    _cputc                    0022A4 RLA    
_cputs                    0022F2 RLA    _em_commit                002C52 REA    
_em_install               002B51 RLA    _em_map                   002C4C REA    
_em_uninstall             002B91 RLA    _em_use                   002C4F REA    
_exit                     001C42 RLA    _fclose                   0023EB RLA    
_fgetc                    00240D RLA    _fopen                    002545 RLA    
_fputc                    00255D RLA    _fread                    0025B4 RLA    
_fwrite                   002687 RLA    _getcurrentdevice         00230B RLA    
_main                     001FF7 RLA    _open                     0027E7 RLA    
_read                     0028F7 RLA    _strcpy                   0029CD RLA    
_write                    002A3B RLA    addeq0sp                  002225 RLA    
addysp                    002237 RLA    callmain                  002244 RLA    
closeallfiles             0027D3  LAI   closecmdchannel           00235D RLA    
curunit                   002CAA RLA    decsp1                    002311 RLA    
decsp4                    00231A RLA    devnum                    0000BA RLZ    
donelib                   002293 RLA    em_libref                 001C42 RLA    
emd_commit                002C52 RLA    emd_map                   002C4C RLA    
emd_use                   002C4F RLA    fdtab                     002C5B RLA    
fnaddmode                 002534 RLA    fncmd                     002C6B RLA    
fncomplete                00252C RLA    fnisfile                  002EC4 RLA    
fnlen                     002EC3 RLA    fnparse                   0024C0 RLA    
fnset                     002522 RLA    fnunit                    002EC2 RLA    
freefd                    002497 RLA    gotoxy                    002702 RLA    
incaxy                    002711 RLA    incsp2                    002722 RLA    
incsp3                    002730 RLA    incsp4                    002735 RLA    
incsp6                    00273A RLA    initcurunit               001C6A  LAI   
initlib                   001C5E RLA    initstdin                 001C76  LAI   
initstdout                001C82  LAI   ldax0sp                   00273F RLA    
ldaxysp                   002741 RLA    leaa0sp                   002748 RLA    
mul8x16                   00279B RLA    mul8x16a                  0027A5 RLA    
opencmdchannel            002330 RLA    plot                      0022E0 RLA    
popa                      0028A7 RLA    popax                     00271A RLA    
popptr1                   0028B3 RLA    ptr1                      00000A RLZ    
ptr2                      00000C RLZ    ptr3                      00000E RLZ    
ptr4                      000010 RLZ    pusha0                    0028C3 RLA    
pushax                    0028C5 RLA    pushw0sp                  0028DB RLA    
pushwysp                  0028DD RLA    readdiskerror             002378 RLA    
regbank                   000016 RLZ    regswap2                  002975 RLA    
return0                   00298B RLA    rwcommon                  00298F RLA    
scratch                   0029A9 RLA    sp                        000002 RLZ    
sreg                      000004 RLZ    stax0sp                   0029C2 RLA    
staxysp                   0029C4 RLA    tmp1                      000012 RLZ    
tmp2                      000013 RLZ    tmp3                      000014 RLZ    
tosudivax                 0029EE RLA    tosumulax                 002754 RLA    
unittab                   002C63 RLA    writefndiskcmd            0023B0 RLA    
zerobss                   002A8F RLA    


Exports list by value:
----------------------
__DESTRUCTOR_COUNT__      000001 REA    __EXEHDR__                000001 REA    
__LOADADDR__              000001 REA    __STARTUP__               000001 REA    
__ZP_START__              000002 RLA    sp                        000002 RLZ    
__CONSTRUCTOR_COUNT__     000003 REA    sreg                      000004 RLZ    
ptr1                      00000A RLZ    ptr2                      00000C RLZ    
ptr3                      00000E RLZ    ptr4                      000010 RLZ    
tmp1                      000012 RLZ    tmp2                      000013 RLZ    
tmp3                      000014 RLZ    regbank                   000016 RLZ    
ST                        000090 RLZ    devnum                    0000BA RLZ    
CURS_Y                    0000EB RLZ    CURS_X                    0000EC RLZ    
__BSS_SIZE__              000220 REA    __STACKSIZE__             000800 REA    
__MAIN_START__            001C0D RLA    _exit                     001C42 RLA    
em_libref                 001C42 RLA    initlib                   001C5E RLA    
initcurunit               001C6A  LAI   initstdin                 001C76  LAI   
initstdout                001C82  LAI   __CONSTRUCTOR_TABLE__     001C93 RLA    
_main                     001FF7 RLA    _c128_ram                 00203F RLA    
__directerrno             00216A RLA    __fdesc                   002174 RLA    
__fopen                   002191 RLA    __mappederrno             00220C RLA    
__seterrno                00221C RLA    addeq0sp                  002225 RLA    
addysp                    002237 RLA    callmain                  002244 RLA    
_close                    00225B RLA    donelib                   002293 RLA    
_cputc                    0022A4 RLA    plot                      0022E0 RLA    
_cputs                    0022F2 RLA    _getcurrentdevice         00230B RLA    
decsp1                    002311 RLA    decsp4                    00231A RLA    
opencmdchannel            002330 RLA    closecmdchannel           00235D RLA    
readdiskerror             002378 RLA    writefndiskcmd            0023B0 RLA    
_fclose                   0023EB RLA    _fgetc                    00240D RLA    
freefd                    002497 RLA    fnparse                   0024C0 RLA    
fnset                     002522 RLA    fncomplete                00252C RLA    
fnaddmode                 002534 RLA    _fopen                    002545 RLA    
_fputc                    00255D RLA    _fread                    0025B4 RLA    
_fwrite                   002687 RLA    gotoxy                    002702 RLA    
incaxy                    002711 RLA    popax                     00271A RLA    
incsp2                    002722 RLA    incsp3                    002730 RLA    
incsp4                    002735 RLA    incsp6                    00273A RLA    
ldax0sp                   00273F RLA    ldaxysp                   002741 RLA    
leaa0sp                   002748 RLA    tosumulax                 002754 RLA    
mul8x16                   00279B RLA    mul8x16a                  0027A5 RLA    
closeallfiles             0027D3  LAI   _open                     0027E7 RLA    
__osmaperrno              002891 RLA    popa                      0028A7 RLA    
popptr1                   0028B3 RLA    pusha0                    0028C3 RLA    
pushax                    0028C5 RLA    pushw0sp                  0028DB RLA    
pushwysp                  0028DD RLA    _read                     0028F7 RLA    
regswap2                  002975 RLA    return0                   00298B RLA    
rwcommon                  00298F RLA    scratch                   0029A9 RLA    
stax0sp                   0029C2 RLA    staxysp                   0029C4 RLA    
_strcpy                   0029CD RLA    tosudivax                 0029EE RLA    
_write                    002A3B RLA    zerobss                   002A8F RLA    
_em_install               002B51 RLA    _em_uninstall             002B91 RLA    
__DESTRUCTOR_TABLE__      002BFA RLA    __filetab                 002BFC RLA    
_em_map                   002C4C REA    emd_map                   002C4C RLA    
_em_use                   002C4F REA    emd_use                   002C4F RLA    
_em_commit                002C52 REA    emd_commit                002C52 RLA    
fdtab                     002C5B RLA    unittab                   002C63 RLA    
fncmd                     002C6B RLA    __filetype                002C8F RLA    
curunit                   002CAA RLA    __BSS_RUN__               002CAB RLA    
__oserror                 002EA4 RLA    __errno                   002EC0 RLA    
fnunit                    002EC2 RLA    fnlen                     002EC3 RLA    
fnisfile                  002EC4 RLA    __MAIN_SIZE__             009BF3 REA    
_clrscr                   00C142 REA    READST                    00FFB7 RLA    
SETLFS                    00FFBA RLA    SETNAM                    00FFBD RLA    
OPEN                      00FFC0 RLA    CLOSE                     00FFC3 RLA    
CHKIN                     00FFC6 RLA    CKOUT                     00FFC9 RLA    
CLRCH                     00FFCC RLA    BASIN                     00FFCF RLA    
BSOUT                     00FFD2 RLA    


Imports list:
-------------
BASIN (kernal.o):
    diskcmd.o                 cbm/cbm.inc:47
    read.o                    cbm/cbm.inc:47
BSOUT (kernal.o):
    diskcmd.o                 cbm/cbm.inc:49
    write.o                   cbm/cbm.inc:49
    read.o                    cbm/cbm.inc:49
    crt0.o                    c128/crt0.s:10
CHKIN (kernal.o):
    diskcmd.o                 cbm/cbm.inc:44
    read.o                    cbm/cbm.inc:44
CKOUT (kernal.o):
    diskcmd.o                 cbm/cbm.inc:45
    write.o                   cbm/cbm.inc:45
CLOSE (kernal.o):
    open.o                    cbm/cbm.inc:36
    diskcmd.o                 cbm/cbm.inc:36
    close.o                   cbm/cbm.inc:36
CLRCH (kernal.o):
    diskcmd.o                 cbm/cbm.inc:46
    write.o                   cbm/cbm.inc:46
    read.o                    cbm/cbm.inc:46
CURS_X (conio.o):
    gotoxy.o                  cbm/gotoxy.s:9
CURS_Y (conio.o):
    gotoxy.o                  cbm/gotoxy.s:9
OPEN (kernal.o):
    open.o                    cbm/cbm.inc:35
    diskcmd.o                 cbm/cbm.inc:35
    write.o                   cbm/cbm.inc:35
    read.o                    cbm/cbm.inc:35
READST (kernal.o):
    write.o                   cbm/cbm.inc:32
    read.o                    cbm/cbm.inc:32
SETLFS (kernal.o):
    open.o                    cbm/cbm.inc:33
    diskcmd.o                 cbm/cbm.inc:33
    write.o                   cbm/cbm.inc:33
    read.o                    cbm/cbm.inc:33
SETNAM (kernal.o):
    filename.o                cbm/cbm.inc:34
    diskcmd.o                 cbm/cbm.inc:34
ST (status.o):
    crt0.o                    c128/crt0.s:12
__BSS_RUN__ ([linker generated]):
    zerobss.o                 common/zerobss.s:8
__BSS_SIZE__ ([linker generated]):
    zerobss.o                 common/zerobss.s:8
__CONSTRUCTOR_COUNT__ ([linker generated]):
    condes.o                  runtime/condes.s:18
__CONSTRUCTOR_TABLE__ ([linker generated]):
    condes.o                  runtime/condes.s:18
__DESTRUCTOR_COUNT__ ([linker generated]):
    condes.o                  runtime/condes.s:19
__DESTRUCTOR_TABLE__ ([linker generated]):
    condes.o                  runtime/condes.s:19
__EXEHDR__ (exehdr.o):
    [linker generated]        /home/xahmol/retro/cc65/cfg/c128.cfg:3
__LOADADDR__ (loadaddr.o):
    [linker generated]        /home/xahmol/retro/cc65/cfg/c128.cfg:2
__MAIN_SIZE__ ([linker generated]):
    crt0.o                    c128/crt0.s:11
__MAIN_START__ ([linker generated]):
    crt0.o                    c128/crt0.s:11
__STACKSIZE__ ([linker generated]):
    crt0.o                    c128/crt0.s:11
    [linker generated]        /home/xahmol/retro/cc65/cfg/c128.cfg:10
__STARTUP__ (crt0.o):
    dmb-confupd-1-2.o         src/dmb-confupd-1-2.s:13
__ZP_START__ ([linker generated]):
    c128-ram.o                c128-ram.s:312
__directerrno (_directerrno.o):
    open.o                    /home/xahmol/retro/cc65/asminc/errno.inc:10
    close.o                   /home/xahmol/retro/cc65/asminc/errno.inc:10
    write.o                   /home/xahmol/retro/cc65/asminc/errno.inc:10
    read.o                    /home/xahmol/retro/cc65/asminc/errno.inc:10
__errno (errno.o):
    _seterrno.o               /home/xahmol/retro/cc65/asminc/errno.inc:7
__fdesc (_fdesc.o):
    fopen.o                   common/fopen.s:10
__filetab (_file.o):
    _fdesc.o                  /home/xahmol/retro/cc65/asminc/_file.inc:25
__filetype (filetype.o):
    filename.o                cbm/filename.s:11
    dmb-confupd-1-2.o         src/dmb-confupd-1-2.s:21
__fopen (_fopen.o):
    fopen.o                   common/fopen.s:10
__mappederrno (_mappederrno.o):
    open.o                    /home/xahmol/retro/cc65/asminc/errno.inc:10
    close.o                   /home/xahmol/retro/cc65/asminc/errno.inc:10
    write.o                   /home/xahmol/retro/cc65/asminc/errno.inc:10
    read.o                    /home/xahmol/retro/cc65/asminc/errno.inc:10
__oserror (_oserror.o):
    open.o                    /home/xahmol/retro/cc65/asminc/errno.inc:7
    _mappederrno.o            /home/xahmol/retro/cc65/asminc/errno.inc:7
    _directerrno.o            /home/xahmol/retro/cc65/asminc/errno.inc:7
    write.o                   /home/xahmol/retro/cc65/asminc/errno.inc:7
    read.o                    /home/xahmol/retro/cc65/asminc/errno.inc:7
__osmaperrno (oserror.o):
    _mappederrno.o            /home/xahmol/retro/cc65/asminc/errno.inc:8
__seterrno (_seterrno.o):
    _mappederrno.o            /home/xahmol/retro/cc65/asminc/errno.inc:9
    _fopen.o                  /home/xahmol/retro/cc65/asminc/errno.inc:9
    _directerrno.o            /home/xahmol/retro/cc65/asminc/errno.inc:9
    fwrite.o                  /home/xahmol/retro/cc65/asminc/errno.inc:9
    fread.o                   /home/xahmol/retro/cc65/asminc/errno.inc:9
    fopen.o                   /home/xahmol/retro/cc65/asminc/errno.inc:9
    fclose.o                  /home/xahmol/retro/cc65/asminc/errno.inc:9
_c128_ram (c128-ram.o):
    dmb-confupd-1-2.o         src/dmb-confupd-1-2.s:30
_close (close.o):
    open.o                    cbm/open.s:14
    fclose.o                  common/fclose.s:10
_clrscr (clrscr.o):
    dmb-confupd-1-2.o         src/dmb-confupd-1-2.s:22
_cputc (cputc.o):
    cputs.o                   conio/cputs.s:9
_cputs (cputs.o):
    dmb-confupd-1-2.o         src/dmb-confupd-1-2.s:23
_em_commit (em_commit.o):
    dmb-confupd-1-2.o         src/dmb-confupd-1-2.s:29
_em_install (em-kernel.o):
    dmb-confupd-1-2.o         src/dmb-confupd-1-2.s:25
_em_map (em_map.o):
    dmb-confupd-1-2.o         src/dmb-confupd-1-2.s:27
_em_uninstall (em-kernel.o):
    dmb-confupd-1-2.o         src/dmb-confupd-1-2.s:26
_em_use (em_use.o):
    dmb-confupd-1-2.o         src/dmb-confupd-1-2.s:28
_exit (crt0.o):
    libref.o                  c128/libref.s:11
_fclose (fclose.o):
    dmb-confupd-1-2.o         src/dmb-confupd-1-2.s:14
_fgetc (fgetc.o):
    dmb-confupd-1-2.o         src/dmb-confupd-1-2.s:15
_fopen (fopen.o):
    dmb-confupd-1-2.o         src/dmb-confupd-1-2.s:16
_fputc (fputc.o):
    dmb-confupd-1-2.o         src/dmb-confupd-1-2.s:17
_fread (fread.o):
    dmb-confupd-1-2.o         src/dmb-confupd-1-2.s:18
_fwrite (fwrite.o):
    dmb-confupd-1-2.o         src/dmb-confupd-1-2.s:19
_getcurrentdevice (curdevice.o):
    dmb-confupd-1-2.o         src/dmb-confupd-1-2.s:24
_main (dmb-confupd-1-2.o):
    callmain.o                runtime/callmain.s:11
_open (open.o):
    _fopen.o                  common/_fopen.s:10
_read (read.o):
    fread.o                   common/fread.s:10
    fgetc.o                   ../libwrk/c128/fgetc.s:14
_strcpy (strcpy.o):
    dmb-confupd-1-2.o         src/dmb-confupd-1-2.s:20
_write (write.o):
    fwrite.o                  common/fwrite.s:10
    fputc.o                   ../libwrk/c128/fputc.s:14
addeq0sp (addeqsp.o):
    dmb-confupd-1-2.o         src/dmb-confupd-1-2.s:514
    dmb-confupd-1-2.o         src/dmb-confupd-1-2.s:514
    dmb-confupd-1-2.o         src/dmb-confupd-1-2.s:514
    dmb-confupd-1-2.o         src/dmb-confupd-1-2.s:514
addysp (addysp.o):
    open.o                    cbm/open.s:10
    incsp6.o                  runtime/incsp6.s:8
    incsp4.o                  runtime/incsp4.s:8
    incsp3.o                  runtime/incsp3.s:8
    fwrite.o                  common/fwrite.s:11
callmain (callmain.o):
    crt0.o                    c128/crt0.s:9
closecmdchannel (diskcmd.o):
    scratch.o                 cbm/scratch.s:8
    open.o                    cbm/open.s:12
    close.o                   cbm/close.s:9
curunit (filevars.o):
    filename.o                cbm/filename.s:11
    curdevice.o               cbm/curdevice.s:8
decsp1 (decsp1.o):
    fgetc.o                   ../libwrk/c128/fgetc.s:95
decsp4 (decsp4.o):
    dmb-confupd-1-2.o         src/dmb-confupd-1-2.s:514
    dmb-confupd-1-2.o         src/dmb-confupd-1-2.s:514
devnum (devnum.o):
    filevars.o                cbm/filevars.s:9
donelib (condes.o):
    crt0.o                    c128/crt0.s:7
em_libref (libref.o):
    em-kernel.o               em/em-kernel.s:7
emd_commit (em-kernel.o):
    em_commit.o               /home/xahmol/retro/cc65/asminc/em-kernel.inc:84
emd_map (em-kernel.o):
    em_map.o                  /home/xahmol/retro/cc65/asminc/em-kernel.inc:82
emd_use (em-kernel.o):
    em_use.o                  /home/xahmol/retro/cc65/asminc/em-kernel.inc:83
fdtab (filedes.o):
    open.o                    cbm/filedes.inc:7
    close.o                   cbm/filedes.inc:7
    write.o                   cbm/filedes.inc:7
    read.o                    cbm/filedes.inc:7
fnaddmode (filename.o):
    open.o                    cbm/open.s:11
fncmd (filename.o):
    scratch.o                 cbm/scratch.s:9
    diskcmd.o                 cbm/diskcmd.s:14
fncomplete (filename.o):
    open.o                    cbm/open.s:11
fnisfile (filename.o):
    open.o                    cbm/open.s:13
fnlen (filename.o):
    diskcmd.o                 cbm/diskcmd.s:14
fnparse (filename.o):
    open.o                    cbm/open.s:11
fnset (filename.o):
    open.o                    cbm/open.s:11
fnunit (filename.o):
    scratch.o                 cbm/scratch.s:9
    open.o                    cbm/open.s:13
    diskcmd.o                 cbm/diskcmd.s:14
freefd (filedes.o):
    open.o                    cbm/filedes.inc:9
gotoxy (gotoxy.o):
    cputc.o                   c128/cputc.s:11
    cputs.o                   conio/cputs.s:9
incaxy (incaxy.o):
    dmb-confupd-1-2.o         src/dmb-confupd-1-2.s:514
    dmb-confupd-1-2.o         src/dmb-confupd-1-2.s:514
incsp2 (incsp2.o):
    popptr1.o                 runtime/popptr1.s:8
incsp3 (incsp3.o):
    fgetc.o                   ../libwrk/c128/fgetc.s:95
incsp4 (incsp4.o):
    _fopen.o                  common/_fopen.s:11
    fread.o                   common/fread.s:12
    fputc.o                   ../libwrk/c128/fputc.s:75
    dmb-confupd-1-2.o         src/dmb-confupd-1-2.s:514
    dmb-confupd-1-2.o         src/dmb-confupd-1-2.s:514
incsp6 (incsp6.o):
    fwrite.o                  common/fwrite.s:11
    fread.o                   common/fread.s:12
    dmb-confupd-1-2.o         src/dmb-confupd-1-2.s:514
    dmb-confupd-1-2.o         src/dmb-confupd-1-2.s:514
initlib (condes.o):
    crt0.o                    c128/crt0.s:7
ldax0sp (ldaxsp.o):
    fread.o                   common/fread.s:13
    dmb-confupd-1-2.o         src/dmb-confupd-1-2.s:514
    dmb-confupd-1-2.o         src/dmb-confupd-1-2.s:514
    dmb-confupd-1-2.o         src/dmb-confupd-1-2.s:514
    dmb-confupd-1-2.o         src/dmb-confupd-1-2.s:514
ldaxysp (ldaxsp.o):
    fwrite.o                  common/fwrite.s:11
    fread.o                   common/fread.s:13
    dmb-confupd-1-2.o         src/dmb-confupd-1-2.s:514
    dmb-confupd-1-2.o         src/dmb-confupd-1-2.s:514
    dmb-confupd-1-2.o         src/dmb-confupd-1-2.s:514
leaa0sp (leaaxsp.o):
    fputc.o                   ../libwrk/c128/fputc.s:75
    fgetc.o                   ../libwrk/c128/fgetc.s:95
mul8x16 (mul8.o):
    mul.o                     runtime/mul.s:8
mul8x16a (mul8.o):
    mul.o                     runtime/mul.s:8
opencmdchannel (diskcmd.o):
    scratch.o                 cbm/scratch.s:8
    open.o                    cbm/open.s:12
plot (cputc.o):
    gotoxy.o                  cbm/gotoxy.s:8
popa (popa.o):
    gotoxy.o                  cbm/gotoxy.s:8
popax (incsp2.o):
    open.o                    cbm/open.s:10
    strcpy.o                  common/strcpy.s:8
    rwcommon.o                cbm/rwcommon.s:9
popptr1 (popptr1.o):
    udiv.o                    runtime/udiv.s:9
    rwcommon.o                cbm/rwcommon.s:9
    mul8.o                    runtime/mul8.s:9
    mul.o                     runtime/mul.s:9
ptr1 (zeropage.o):
    filename.o                cbm/filename.s:12
    diskcmd.o                 cbm/diskcmd.s:15
    _fopen.o                  common/_fopen.s:12
    zerobss.o                 common/zerobss.s:9
    write.o                   cbm/write.s:11
    udiv.o                    runtime/udiv.s:10
    strcpy.o                  common/strcpy.s:9
    read.o                    cbm/read.s:13
    popptr1.o                 runtime/popptr1.s:9
    mul8.o                    runtime/mul8.s:10
    mul.o                     runtime/mul.s:10
    fwrite.o                  common/fwrite.s:14
    fread.o                   common/fread.s:17
    fclose.o                  common/fclose.s:11
    em-kernel.o               em/em-kernel.s:8
    cputs.o                   conio/cputs.s:10
    dmb-confupd-1-2.o         src/dmb-confupd-1-2.s:11
ptr2 (zeropage.o):
    write.o                   cbm/write.s:11
    strcpy.o                  common/strcpy.s:9
    rwcommon.o                cbm/rwcommon.s:10
    read.o                    cbm/read.s:13
ptr3 (zeropage.o):
    write.o                   cbm/write.s:11
    rwcommon.o                cbm/rwcommon.s:10
    read.o                    cbm/read.s:13
ptr4 (zeropage.o):
    udiv.o                    runtime/udiv.s:10
    mul8.o                    runtime/mul8.s:10
    mul.o                     runtime/mul.s:10
pusha0 (pushax.o):
    fread.o                   common/fread.s:11
    fputc.o                   ../libwrk/c128/fputc.s:75
    fgetc.o                   ../libwrk/c128/fgetc.s:95
    dmb-confupd-1-2.o         src/dmb-confupd-1-2.s:514
    dmb-confupd-1-2.o         src/dmb-confupd-1-2.s:514
pushax (pushax.o):
    callmain.o                runtime/callmain.s:11
    fwrite.o                  common/fwrite.s:11
    fread.o                   common/fread.s:11
    fputc.o                   ../libwrk/c128/fputc.s:75
    fopen.o                   common/fopen.s:11
    fgetc.o                   ../libwrk/c128/fgetc.s:95
    dmb-confupd-1-2.o         src/dmb-confupd-1-2.s:514
    dmb-confupd-1-2.o         src/dmb-confupd-1-2.s:514
    dmb-confupd-1-2.o         src/dmb-confupd-1-2.s:514
    dmb-confupd-1-2.o         src/dmb-confupd-1-2.s:514
pushw0sp (pushwsp.o):
    dmb-confupd-1-2.o         src/dmb-confupd-1-2.s:514
pushwysp (pushwsp.o):
    fwrite.o                  common/fwrite.s:11
    fread.o                   common/fread.s:14
    dmb-confupd-1-2.o         src/dmb-confupd-1-2.s:514
    dmb-confupd-1-2.o         src/dmb-confupd-1-2.s:514
readdiskerror (diskcmd.o):
    open.o                    cbm/open.s:12
    close.o                   cbm/close.s:9
regbank (zeropage.o):
    regswap2.o                runtime/regswap2.s:8
    fread.o                   common/fread.s:31
    fputc.o                   ../libwrk/c128/fputc.s:10
    fgetc.o                   ../libwrk/c128/fgetc.s:10
regswap2 (regswap2.o):
    fputc.o                   ../libwrk/c128/fputc.s:75
    fgetc.o                   ../libwrk/c128/fgetc.s:95
return0 (return0.o):
    _fopen.o                  common/_fopen.s:11
    _fdesc.o                  common/_fdesc.s:9
    em-kernel.o               em/em-kernel.s:7
rwcommon (rwcommon.o):
    write.o                   cbm/write.s:10
    read.o                    cbm/read.s:11
scratch (scratch.o):
    open.o                    cbm/open.s:11
sp (zeropage.o):
    incsp2.o                  runtime/incsp2.s:8
    decsp1.o                  runtime/decsp1.s:8
    addysp.o                  runtime/addysp.s:8
    _fopen.o                  common/_fopen.s:12
    staxsp.o                  runtime/staxsp.s:8
    regswap2.o                runtime/regswap2.s:8
    pushwsp.o                 runtime/pushwsp.s:8
    pushax.o                  runtime/pushax.s:8
    popptr1.o                 runtime/popptr1.s:9
    popa.o                    runtime/popa.s:8
    leaaxsp.o                 runtime/leaaxsp.s:8
    ldaxsp.o                  runtime/ldaxsp.s:8
    fread.o                   common/fread.s:17
    fputc.o                   ../libwrk/c128/fputc.s:10
    fgetc.o                   ../libwrk/c128/fgetc.s:10
    decsp4.o                  runtime/decsp4.s:8
    crt0.o                    /home/xahmol/retro/cc65/asminc/zeropage.inc:11
    addeqsp.o                 runtime/addeqsp.s:8
sreg (zeropage.o):
    udiv.o                    runtime/udiv.s:10
stax0sp (staxsp.o):
    dmb-confupd-1-2.o         src/dmb-confupd-1-2.s:514
    dmb-confupd-1-2.o         src/dmb-confupd-1-2.s:514
    dmb-confupd-1-2.o         src/dmb-confupd-1-2.s:514
    dmb-confupd-1-2.o         src/dmb-confupd-1-2.s:514
staxysp (staxsp.o):
    dmb-confupd-1-2.o         src/dmb-confupd-1-2.s:514
    dmb-confupd-1-2.o         src/dmb-confupd-1-2.s:514
tmp1 (zeropage.o):
    filename.o                cbm/filename.s:12
    diskcmd.o                 cbm/diskcmd.s:15
    read.o                    cbm/read.s:13
    mul.o                     runtime/mul.s:10
    incaxy.o                  runtime/incaxy.s:8
    cputs.o                   conio/cputs.s:10
    dmb-confupd-1-2.o         src/dmb-confupd-1-2.s:11
tmp2 (zeropage.o):
    open.o                    cbm/open.s:15
    close.o                   cbm/close.s:10
    rwcommon.o                cbm/rwcommon.s:10
    read.o                    cbm/read.s:13
tmp3 (zeropage.o):
    open.o                    cbm/open.s:15
    read.o                    cbm/read.s:13
tosudivax (udiv.o):
    fwrite.o                  common/fwrite.s:12
    fread.o                   common/fread.s:15
tosumulax (mul.o):
    fwrite.o                  common/fwrite.s:12
    fread.o                   common/fread.s:15
unittab (filedes.o):
    open.o                    cbm/filedes.inc:8
    close.o                   cbm/filedes.inc:8
    read.o                    cbm/filedes.inc:8
writefndiskcmd (diskcmd.o):
    scratch.o                 cbm/scratch.s:8
zerobss (zerobss.o):
    crt0.o                    c128/crt0.s:8

