Modules list:
-------------
dmb-confupd-2-3.o:
    CODE              Offs=000000  Size=0002A0  Align=00001  Fill=0000
    RODATA            Offs=000000  Size=000099  Align=00001  Fill=0000
    BSS               Offs=000000  Size=0000F5  Align=00001  Fill=0000
c128-ram.o:
    CODE              Offs=0002A0  Size=00012B  Align=00001  Fill=0000
    BSS               Offs=0000F5  Size=000102  Align=00001  Fill=0000
/mnt/d/retro/cc65/lib/c128.lib(_directerrno.o):
    CODE              Offs=0003CB  Size=00000A  Align=00001  Fill=0000
/mnt/d/retro/cc65/lib/c128.lib(_fdesc.o):
    CODE              Offs=0003D5  Size=00001D  Align=00001  Fill=0000
/mnt/d/retro/cc65/lib/c128.lib(_file.o):
    DATA              Offs=000000  Size=00001E  Align=00001  Fill=0000
/mnt/d/retro/cc65/lib/c128.lib(_fopen.o):
    CODE              Offs=0003F2  Size=00007B  Align=00001  Fill=0000
    BSS               Offs=0001F7  Size=000002  Align=00001  Fill=0000
/mnt/d/retro/cc65/lib/c128.lib(_mappederrno.o):
    CODE              Offs=00046D  Size=000010  Align=00001  Fill=0000
/mnt/d/retro/cc65/lib/c128.lib(_oserror.o):
    BSS               Offs=0001F9  Size=000001  Align=00001  Fill=0000
/mnt/d/retro/cc65/lib/c128.lib(_seterrno.o):
    CODE              Offs=00047D  Size=000009  Align=00001  Fill=0000
/mnt/d/retro/cc65/lib/c128.lib(addeqsp.o):
    CODE              Offs=000486  Size=000011  Align=00001  Fill=0000
/mnt/d/retro/cc65/lib/c128.lib(addysp.o):
    CODE              Offs=000497  Size=00000E  Align=00001  Fill=0000
/mnt/d/retro/cc65/lib/c128.lib(c_save.o):
    CODE              Offs=0004A5  Size=000016  Align=00001  Fill=0000
/mnt/d/retro/cc65/lib/c128.lib(c_setlfs.o):
    CODE              Offs=0004BB  Size=00000E  Align=00001  Fill=0000
/mnt/d/retro/cc65/lib/c128.lib(c_setnam.o):
    CODE              Offs=0004C9  Size=000013  Align=00001  Fill=0000
/mnt/d/retro/cc65/lib/c128.lib(callmain.o):
    CODE              Offs=0004DC  Size=000017  Align=00001  Fill=0000
    DATA              Offs=00001E  Size=000004  Align=00001  Fill=0000
/mnt/d/retro/cc65/lib/c128.lib(close.o):
    CODE              Offs=0004F3  Size=000038  Align=00001  Fill=0000
/mnt/d/retro/cc65/lib/c128.lib(clrscr.o):
/mnt/d/retro/cc65/lib/c128.lib(condes.o):
    CODE              Offs=00052B  Size=00000C  Align=00001  Fill=0000
    DATA              Offs=000022  Size=000025  Align=00001  Fill=0000
    ONCE              Offs=000000  Size=00000C  Align=00001  Fill=0000
/mnt/d/retro/cc65/lib/c128.lib(conio.o):
/mnt/d/retro/cc65/lib/c128.lib(cputc.o):
    CODE              Offs=000537  Size=000049  Align=00001  Fill=0000
/mnt/d/retro/cc65/lib/c128.lib(cputs.o):
    CODE              Offs=000580  Size=000023  Align=00001  Fill=0000
/mnt/d/retro/cc65/lib/c128.lib(crt0.o):
    BSS               Offs=0001FA  Size=000002  Align=00001  Fill=0000
    STARTUP           Offs=000000  Size=000051  Align=00001  Fill=0000
    INIT              Offs=000000  Size=00001A  Align=00001  Fill=0000
/mnt/d/retro/cc65/lib/c128.lib(curdevice.o):
    CODE              Offs=0005A3  Size=000006  Align=00001  Fill=0000
/mnt/d/retro/cc65/lib/c128.lib(decsp1.o):
    CODE              Offs=0005A9  Size=000009  Align=00001  Fill=0000
/mnt/d/retro/cc65/lib/c128.lib(decsp4.o):
    CODE              Offs=0005B2  Size=00000D  Align=00001  Fill=0000
/mnt/d/retro/cc65/lib/c128.lib(devnum.o):
/mnt/d/retro/cc65/lib/c128.lib(diskcmd.o):
    CODE              Offs=0005BF  Size=0000C4  Align=00001  Fill=0000
    BSS               Offs=0001FC  Size=000017  Align=00001  Fill=0000
/mnt/d/retro/cc65/lib/c128.lib(em-kernel.o):
    RODATA            Offs=000099  Size=000051  Align=00001  Fill=0000
    BSS               Offs=000213  Size=000002  Align=00001  Fill=0000
    DATA              Offs=000047  Size=000018  Align=00001  Fill=0000
/mnt/d/retro/cc65/lib/c128.lib(em_commit.o):
/mnt/d/retro/cc65/lib/c128.lib(em_map.o):
/mnt/d/retro/cc65/lib/c128.lib(em_use.o):
/mnt/d/retro/cc65/lib/c128.lib(errno.o):
    BSS               Offs=000215  Size=000002  Align=00001  Fill=0000
/mnt/d/retro/cc65/lib/c128.lib(exehdr.o):
    EXEHDR            Offs=000000  Size=00000C  Align=00001  Fill=0000
/mnt/d/retro/cc65/lib/c128.lib(fclose.o):
    CODE              Offs=000683  Size=000022  Align=00001  Fill=0000
/mnt/d/retro/cc65/lib/c128.lib(fgetc.o):
    CODE              Offs=0006A5  Size=00008A  Align=00001  Fill=0000
/mnt/d/retro/cc65/lib/c128.lib(filedes.o):
    CODE              Offs=00072F  Size=00000E  Align=00001  Fill=0000
    DATA              Offs=00005F  Size=000010  Align=00001  Fill=0000
/mnt/d/retro/cc65/lib/c128.lib(filename.o):
    CODE              Offs=00073D  Size=0000A0  Align=00001  Fill=0000
    BSS               Offs=000217  Size=000003  Align=00001  Fill=0000
    DATA              Offs=00006F  Size=000024  Align=00001  Fill=0000
/mnt/d/retro/cc65/lib/c128.lib(filetype.o):
    DATA              Offs=000093  Size=000001  Align=00001  Fill=0000
/mnt/d/retro/cc65/lib/c128.lib(filevars.o):
    INIT              Offs=00001A  Size=000001  Align=00001  Fill=0000
    ONCE              Offs=00000C  Size=00000C  Align=00001  Fill=0000
/mnt/d/retro/cc65/lib/c128.lib(fopen.o):
    CODE              Offs=0007DD  Size=000018  Align=00001  Fill=0000
/mnt/d/retro/cc65/lib/c128.lib(fread.o):
    CODE              Offs=0007F5  Size=0000D3  Align=00001  Fill=0000
    BSS               Offs=00021A  Size=000003  Align=00001  Fill=0000
/mnt/d/retro/cc65/lib/c128.lib(gotoxy.o):
    CODE              Offs=0008C8  Size=00000D  Align=00001  Fill=0000
/mnt/d/retro/cc65/lib/c128.lib(incaxy.o):
    CODE              Offs=0008D5  Size=00000B  Align=00001  Fill=0000
/mnt/d/retro/cc65/lib/c128.lib(incsp2.o):
    CODE              Offs=0008E0  Size=000016  Align=00001  Fill=0000
/mnt/d/retro/cc65/lib/c128.lib(incsp3.o):
    CODE              Offs=0008F6  Size=000005  Align=00001  Fill=0000
/mnt/d/retro/cc65/lib/c128.lib(incsp4.o):
    CODE              Offs=0008FB  Size=000005  Align=00001  Fill=0000
/mnt/d/retro/cc65/lib/c128.lib(incsp6.o):
    CODE              Offs=000900  Size=000005  Align=00001  Fill=0000
/mnt/d/retro/cc65/lib/c128.lib(kernal.o):
/mnt/d/retro/cc65/lib/c128.lib(ldaxsp.o):
    CODE              Offs=000905  Size=000009  Align=00001  Fill=0000
/mnt/d/retro/cc65/lib/c128.lib(leaaxsp.o):
    CODE              Offs=00090E  Size=00000C  Align=00001  Fill=0000
/mnt/d/retro/cc65/lib/c128.lib(libref.o):
/mnt/d/retro/cc65/lib/c128.lib(loadaddr.o):
    LOADADDR          Offs=000000  Size=000002  Align=00001  Fill=0000
/mnt/d/retro/cc65/lib/c128.lib(mul.o):
    CODE              Offs=00091A  Size=000045  Align=00001  Fill=0000
/mnt/d/retro/cc65/lib/c128.lib(mul8.o):
    CODE              Offs=00095F  Size=00003A  Align=00001  Fill=0000
/mnt/d/retro/cc65/lib/c128.lib(open.o):
    CODE              Offs=000999  Size=0000BE  Align=00001  Fill=0000
/mnt/d/retro/cc65/lib/c128.lib(oserror.o):
    CODE              Offs=000A57  Size=000016  Align=00001  Fill=0000
    RODATA            Offs=0000EA  Size=00005A  Align=00001  Fill=0000
/mnt/d/retro/cc65/lib/c128.lib(popa.o):
    CODE              Offs=000A6D  Size=00000C  Align=00001  Fill=0000
/mnt/d/retro/cc65/lib/c128.lib(popptr1.o):
    CODE              Offs=000A79  Size=00000E  Align=00001  Fill=0000
/mnt/d/retro/cc65/lib/c128.lib(pusha.o):
    CODE              Offs=000A87  Size=000016  Align=00001  Fill=0000
/mnt/d/retro/cc65/lib/c128.lib(pushax.o):
    CODE              Offs=000A9D  Size=00001A  Align=00001  Fill=0000
/mnt/d/retro/cc65/lib/c128.lib(pushwsp.o):
    CODE              Offs=000AB7  Size=00001C  Align=00001  Fill=0000
/mnt/d/retro/cc65/lib/c128.lib(read.o):
    CODE              Offs=000AD3  Size=00007E  Align=00001  Fill=0000
    BSS               Offs=00021D  Size=000001  Align=00001  Fill=0000
    ONCE              Offs=000018  Size=00000C  Align=00001  Fill=0000
/mnt/d/retro/cc65/lib/c128.lib(regswap2.o):
    CODE              Offs=000B51  Size=000016  Align=00001  Fill=0000
/mnt/d/retro/cc65/lib/c128.lib(remove.o):
    CODE              Offs=000B67  Size=000006  Align=00001  Fill=0000
/mnt/d/retro/cc65/lib/c128.lib(return0.o):
    CODE              Offs=000B6D  Size=000004  Align=00001  Fill=0000
/mnt/d/retro/cc65/lib/c128.lib(rwcommon.o):
    CODE              Offs=000B71  Size=00001A  Align=00001  Fill=0000
/mnt/d/retro/cc65/lib/c128.lib(scratch.o):
    CODE              Offs=000B8B  Size=000019  Align=00001  Fill=0000
/mnt/d/retro/cc65/lib/c128.lib(status.o):
/mnt/d/retro/cc65/lib/c128.lib(staxsp.o):
    CODE              Offs=000BA4  Size=00000B  Align=00001  Fill=0000
/mnt/d/retro/cc65/lib/c128.lib(strcpy.o):
    CODE              Offs=000BAF  Size=00001F  Align=00001  Fill=0000
/mnt/d/retro/cc65/lib/c128.lib(sysremove.o):
    CODE              Offs=000BCE  Size=000009  Align=00001  Fill=0000
/mnt/d/retro/cc65/lib/c128.lib(udiv.o):
    CODE              Offs=000BD7  Size=00004F  Align=00001  Fill=0000
/mnt/d/retro/cc65/lib/c128.lib(zerobss.o):
    CODE              Offs=000C26  Size=000023  Align=00001  Fill=0000
/mnt/d/retro/cc65/lib/c128.lib(zeropage.o):
    ZEROPAGE          Offs=000000  Size=00001A  Align=00001  Fill=0000


Segment list:
-------------
Name                   Start     End    Size  Align
----------------------------------------------------
ZEROPAGE              000002  00001B  00001A  00001
LOADADDR              001BFF  001C00  000002  00001
EXEHDR                001C01  001C0C  00000C  00001
STARTUP               001C0D  001C5D  000051  00001
ONCE                  001C5E  001C85  000028  00001
CODE                  001C86  0028CE  000C49  00001
RODATA                0028CF  002A14  000146  00001
DATA                  002A15  002AA8  000094  00001
INIT                  002AA9  002AC3  00001B  00001
BSS                   002AC4  002CE1  00021E  00001


Exports list by name:
---------------------
BASIN                     00FFCF RLA    BSOUT                     00FFD2 RLA    
CHKIN                     00FFC6 RLA    CKOUT                     00FFC9 RLA    
CLOSE                     00FFC3 RLA    CLRCH                     00FFCC RLA    
CURS_X                    0000EC RLZ    CURS_Y                    0000EB RLZ    
OPEN                      00FFC0 RLA    READST                    00FFB7 RLA    
SAVE                      00FFD8 RLA    SETLFS                    00FFBA RLA    
SETNAM                    00FFBD RLA    ST                        000090 RLZ    
__BSS_RUN__               002AC4 RLA    __BSS_SIZE__              00021E REA    
__CONSTRUCTOR_COUNT__     000002 REA    __CONSTRUCTOR_TABLE__     001C82 RLA    
__DESTRUCTOR_COUNT__      000001 REA    __DESTRUCTOR_TABLE__      002A13 RLA    
__EXEHDR__                000001 REA    __LOADADDR__              000001 REA    
__MAIN_SIZE__             009BF3 REA    __MAIN_START__            001C0D RLA    
__STACKSIZE__             000800 REA    __STARTUP__               000001 REA    
__ZP_START__              000002 RLA    __directerrno             002051 RLA    
__errno                   002CD9 RLA    __fdesc                   00205B RLA    
__filetab                 002A15 RLA    __filetype                002AA8 RLA    
__fopen                   002078 RLA    __mappederrno             0020F3 RLA    
__oserror                 002CBD RLA    __osmaperrno              0026DD RLA    
__seterrno                002103 RLA    __sysremove               002854 RLA    
_c128_ram                 001F26 RLA    _cbm_k_save               00212B RLA    
_cbm_k_setlfs             002141 RLA    _cbm_k_setnam             00214F RLA    
_close                    002179 RLA    _clrscr                   00C142 REA    
_cputc                    0021C2 RLA    _cputs                    002210 RLA    
_em_commit                002A6B REA    _em_install               00296C RLA    
_em_map                   002A65 REA    _em_uninstall             0029AC RLA    
_em_use                   002A68 REA    _exit                     001C42 RLA    
_fclose                   002309 RLA    _fgetc                    00232B RLA    
_fopen                    002463 RLA    _fread                    00247B RLA    
_getcurrentdevice         002229 RLA    _main                     001EDE RLA    
_open                     002633 RLA    _read                     002759 RLA    
_remove                   0027ED RLA    _strcpy                   002835 RLA    
addeq0sp                  00210C RLA    addysp                    00211E RLA    
callmain                  002162 RLA    closeallfiles             00261F  LAI   
closecmdchannel           00227B RLA    curunit                   002AC3 RLA    
decsp1                    00222F RLA    decsp4                    002238 RLA    
devnum                    0000BA RLZ    donelib                   0021B1 RLA    
em_libref                 001C42 RLA    emd_commit                002A6B RLA    
emd_map                   002A65 RLA    emd_use                   002A68 RLA    
fdtab                     002A74 RLA    fnaddmode                 002452 RLA    
fncmd                     002A84 RLA    fncomplete                00244A RLA    
fnisfile                  002CDD RLA    fnlen                     002CDC RLA    
fnparse                   0023DE RLA    fnset                     002440 RLA    
fnunit                    002CDB RLA    freefd                    0023B5 RLA    
gotoxy                    00254E RLA    incaxy                    00255D RLA    
incsp2                    00256E RLA    incsp3                    00257C RLA    
incsp4                    002581 RLA    incsp6                    002586 RLA    
initcurunit               001C6A  LAI   initlib                   001C5E RLA    
initstdin                 001C76  LAI   ldax0sp                   00258B RLA    
ldaxysp                   00258D RLA    leaa0sp                   002594 RLA    
mul8x16                   0025E7 RLA    mul8x16a                  0025F1 RLA    
opencmdchannel            00224E RLA    plot                      0021FE RLA    
popa                      0026F3 RLA    popax                     002566 RLA    
popptr1                   0026FF RLA    ptr1                      00000A RLZ    
ptr2                      00000C RLZ    ptr3                      00000E RLZ    
ptr4                      000010 RLZ    pusha                     002711 RLA    
pusha0                    002725 RLA    pushax                    002727 RLA    
pushw0sp                  00273D RLA    pushwysp                  00273F RLA    
readdiskerror             002296 RLA    regbank                   000016 RLZ    
regswap2                  0027D7 RLA    return0                   0027F3 RLA    
rwcommon                  0027F7 RLA    scratch                   002811 RLA    
sp                        000002 RLZ    sreg                      000004 RLZ    
stax0sp                   00282A RLA    staxysp                   00282C RLA    
tmp1                      000012 RLZ    tmp2                      000013 RLZ    
tmp3                      000014 RLZ    tosudivax                 00285F RLA    
tosumulax                 0025A0 RLA    unittab                   002A7C RLA    
writefndiskcmd            0022CE RLA    zerobss                   0028AC RLA    



Exports list by value:
----------------------
__DESTRUCTOR_COUNT__      000001 REA    __EXEHDR__                000001 REA    
__LOADADDR__              000001 REA    __STARTUP__               000001 REA    
__CONSTRUCTOR_COUNT__     000002 REA    __ZP_START__              000002 RLA    
sp                        000002 RLZ    sreg                      000004 RLZ    
ptr1                      00000A RLZ    ptr2                      00000C RLZ    
ptr3                      00000E RLZ    ptr4                      000010 RLZ    
tmp1                      000012 RLZ    tmp2                      000013 RLZ    
tmp3                      000014 RLZ    regbank                   000016 RLZ    
ST                        000090 RLZ    devnum                    0000BA RLZ    
CURS_Y                    0000EB RLZ    CURS_X                    0000EC RLZ    
__BSS_SIZE__              00021E REA    __STACKSIZE__             000800 REA    
__MAIN_START__            001C0D RLA    _exit                     001C42 RLA    
em_libref                 001C42 RLA    initlib                   001C5E RLA    
initcurunit               001C6A  LAI   initstdin                 001C76  LAI   
__CONSTRUCTOR_TABLE__     001C82 RLA    _main                     001EDE RLA    
_c128_ram                 001F26 RLA    __directerrno             002051 RLA    
__fdesc                   00205B RLA    __fopen                   002078 RLA    
__mappederrno             0020F3 RLA    __seterrno                002103 RLA    
addeq0sp                  00210C RLA    addysp                    00211E RLA    
_cbm_k_save               00212B RLA    _cbm_k_setlfs             002141 RLA    
_cbm_k_setnam             00214F RLA    callmain                  002162 RLA    
_close                    002179 RLA    donelib                   0021B1 RLA    
_cputc                    0021C2 RLA    plot                      0021FE RLA    
_cputs                    002210 RLA    _getcurrentdevice         002229 RLA    
decsp1                    00222F RLA    decsp4                    002238 RLA    
opencmdchannel            00224E RLA    closecmdchannel           00227B RLA    
readdiskerror             002296 RLA    writefndiskcmd            0022CE RLA    
_fclose                   002309 RLA    _fgetc                    00232B RLA    
freefd                    0023B5 RLA    fnparse                   0023DE RLA    
fnset                     002440 RLA    fncomplete                00244A RLA    
fnaddmode                 002452 RLA    _fopen                    002463 RLA    
_fread                    00247B RLA    gotoxy                    00254E RLA    
incaxy                    00255D RLA    popax                     002566 RLA    
incsp2                    00256E RLA    incsp3                    00257C RLA    
incsp4                    002581 RLA    incsp6                    002586 RLA    
ldax0sp                   00258B RLA    ldaxysp                   00258D RLA    
leaa0sp                   002594 RLA    tosumulax                 0025A0 RLA    
mul8x16                   0025E7 RLA    mul8x16a                  0025F1 RLA    
closeallfiles             00261F  LAI   _open                     002633 RLA    
__osmaperrno              0026DD RLA    popa                      0026F3 RLA    
popptr1                   0026FF RLA    pusha                     002711 RLA    
pusha0                    002725 RLA    pushax                    002727 RLA    
pushw0sp                  00273D RLA    pushwysp                  00273F RLA    
_read                     002759 RLA    regswap2                  0027D7 RLA    
_remove                   0027ED RLA    return0                   0027F3 RLA    
rwcommon                  0027F7 RLA    scratch                   002811 RLA    
stax0sp                   00282A RLA    staxysp                   00282C RLA    
_strcpy                   002835 RLA    __sysremove               002854 RLA    
tosudivax                 00285F RLA    zerobss                   0028AC RLA    
_em_install               00296C RLA    _em_uninstall             0029AC RLA    
__DESTRUCTOR_TABLE__      002A13 RLA    __filetab                 002A15 RLA    
_em_map                   002A65 REA    emd_map                   002A65 RLA    
_em_use                   002A68 REA    emd_use                   002A68 RLA    
_em_commit                002A6B REA    emd_commit                002A6B RLA    
fdtab                     002A74 RLA    unittab                   002A7C RLA    
fncmd                     002A84 RLA    __filetype                002AA8 RLA    
curunit                   002AC3 RLA    __BSS_RUN__               002AC4 RLA    
__oserror                 002CBD RLA    __errno                   002CD9 RLA    
fnunit                    002CDB RLA    fnlen                     002CDC RLA    
fnisfile                  002CDD RLA    __MAIN_SIZE__             009BF3 REA    
_clrscr                   00C142 REA    READST                    00FFB7 RLA    
SETLFS                    00FFBA RLA    SETNAM                    00FFBD RLA    
OPEN                      00FFC0 RLA    CLOSE                     00FFC3 RLA    
CHKIN                     00FFC6 RLA    CKOUT                     00FFC9 RLA    
CLRCH                     00FFCC RLA    BASIN                     00FFCF RLA    
BSOUT                     00FFD2 RLA    SAVE                      00FFD8 RLA    



Imports list:
-------------
BASIN (kernal.o):
    diskcmd.o                 cbm/cbm.inc:47
    read.o                    cbm/cbm.inc:47
BSOUT (kernal.o):
    diskcmd.o                 cbm/cbm.inc:49
    read.o                    cbm/cbm.inc:49
    crt0.o                    c128/crt0.s:10
CHKIN (kernal.o):
    diskcmd.o                 cbm/cbm.inc:44
    read.o                    cbm/cbm.inc:44
CKOUT (kernal.o):
    diskcmd.o                 cbm/cbm.inc:45
CLOSE (kernal.o):
    open.o                    cbm/cbm.inc:36
    diskcmd.o                 cbm/cbm.inc:36
    close.o                   cbm/cbm.inc:36
CLRCH (kernal.o):
    diskcmd.o                 cbm/cbm.inc:46
    read.o                    cbm/cbm.inc:46
CURS_X (conio.o):
    gotoxy.o                  cbm/gotoxy.s:9
CURS_Y (conio.o):
    gotoxy.o                  cbm/gotoxy.s:9
OPEN (kernal.o):
    open.o                    cbm/cbm.inc:35
    diskcmd.o                 cbm/cbm.inc:35
    read.o                    cbm/cbm.inc:35
READST (kernal.o):
    read.o                    cbm/cbm.inc:32
SAVE (kernal.o):
    c_save.o                  cbm/cbm.inc:38
SETLFS (kernal.o):
    open.o                    cbm/cbm.inc:33
    diskcmd.o                 cbm/cbm.inc:33
    read.o                    cbm/cbm.inc:33
    c_setlfs.o                cbm/cbm.inc:33
SETNAM (kernal.o):
    filename.o                cbm/cbm.inc:34
    diskcmd.o                 cbm/cbm.inc:34
    c_setnam.o                cbm/cbm.inc:34
ST (status.o):
    crt0.o                    c128/crt0.s:12
__BSS_RUN__ ([linker generated]):
    zerobss.o                 common/zerobss.s:8
__BSS_SIZE__ ([linker generated]):
    zerobss.o                 common/zerobss.s:8
__CONSTRUCTOR_COUNT__ ([linker generated]):
    condes.o                  runtime/condes.s:18
__CONSTRUCTOR_TABLE__ ([linker generated]):
    condes.o                  runtime/condes.s:18
__DESTRUCTOR_COUNT__ ([linker generated]):
    condes.o                  runtime/condes.s:19
__DESTRUCTOR_TABLE__ ([linker generated]):
    condes.o                  runtime/condes.s:19
__EXEHDR__ (exehdr.o):
    [linker generated]        /mnt/d/retro/cc65/cfg/c128.cfg:3
__LOADADDR__ (loadaddr.o):
    [linker generated]        /mnt/d/retro/cc65/cfg/c128.cfg:2
__MAIN_SIZE__ ([linker generated]):
    crt0.o                    c128/crt0.s:11
__MAIN_START__ ([linker generated]):
    crt0.o                    c128/crt0.s:11
__STACKSIZE__ ([linker generated]):
    crt0.o                    c128/crt0.s:11
    [linker generated]        /mnt/d/retro/cc65/cfg/c128.cfg:10
__STARTUP__ (crt0.o):
    dmb-confupd-2-3.o         src/dmb-confupd-2-3.s:13
__ZP_START__ ([linker generated]):
    c128-ram.o                c128-ram.s:312
__directerrno (_directerrno.o):
    open.o                    /mnt/d/retro/cc65/asminc/errno.inc:10
    close.o                   /mnt/d/retro/cc65/asminc/errno.inc:10
    read.o                    /mnt/d/retro/cc65/asminc/errno.inc:10
__errno (errno.o):
    _seterrno.o               /mnt/d/retro/cc65/asminc/errno.inc:7
__fdesc (_fdesc.o):
    fopen.o                   common/fopen.s:10
__filetab (_file.o):
    _fdesc.o                  /mnt/d/retro/cc65/asminc/_file.inc:25
__filetype (filetype.o):
    filename.o                cbm/filename.s:11
    dmb-confupd-2-3.o         src/dmb-confupd-2-3.s:20
__fopen (_fopen.o):
    fopen.o                   common/fopen.s:10
__mappederrno (_mappederrno.o):
    open.o                    /mnt/d/retro/cc65/asminc/errno.inc:10
    close.o                   /mnt/d/retro/cc65/asminc/errno.inc:10
    remove.o                  common/remove.s:10
    read.o                    /mnt/d/retro/cc65/asminc/errno.inc:10
__oserror (_oserror.o):
    open.o                    /mnt/d/retro/cc65/asminc/errno.inc:7
    _mappederrno.o            /mnt/d/retro/cc65/asminc/errno.inc:7
    _directerrno.o            /mnt/d/retro/cc65/asminc/errno.inc:7
    read.o                    /mnt/d/retro/cc65/asminc/errno.inc:7
__osmaperrno (oserror.o):
    _mappederrno.o            /mnt/d/retro/cc65/asminc/errno.inc:8
__seterrno (_seterrno.o):
    _mappederrno.o            /mnt/d/retro/cc65/asminc/errno.inc:9
    _fopen.o                  /mnt/d/retro/cc65/asminc/errno.inc:9
    _directerrno.o            /mnt/d/retro/cc65/asminc/errno.inc:9
    fread.o                   /mnt/d/retro/cc65/asminc/errno.inc:9
    fopen.o                   /mnt/d/retro/cc65/asminc/errno.inc:9
    fclose.o                  /mnt/d/retro/cc65/asminc/errno.inc:9
__sysremove (sysremove.o):
    remove.o                  common/remove.s:9
_c128_ram (c128-ram.o):
    dmb-confupd-2-3.o         src/dmb-confupd-2-3.s:32
_cbm_k_save (c_save.o):
    dmb-confupd-2-3.o         src/dmb-confupd-2-3.s:21
_cbm_k_setlfs (c_setlfs.o):
    dmb-confupd-2-3.o         src/dmb-confupd-2-3.s:22
_cbm_k_setnam (c_setnam.o):
    dmb-confupd-2-3.o         src/dmb-confupd-2-3.s:23
_close (close.o):
    open.o                    cbm/open.s:14
    fclose.o                  common/fclose.s:10
_clrscr (clrscr.o):
    dmb-confupd-2-3.o         src/dmb-confupd-2-3.s:24
_cputc (cputc.o):
    cputs.o                   conio/cputs.s:9
_cputs (cputs.o):
    dmb-confupd-2-3.o         src/dmb-confupd-2-3.s:25
_em_commit (em_commit.o):
    dmb-confupd-2-3.o         src/dmb-confupd-2-3.s:31
_em_install (em-kernel.o):
    dmb-confupd-2-3.o         src/dmb-confupd-2-3.s:27
_em_map (em_map.o):
    dmb-confupd-2-3.o         src/dmb-confupd-2-3.s:29
_em_uninstall (em-kernel.o):
    dmb-confupd-2-3.o         src/dmb-confupd-2-3.s:28
_em_use (em_use.o):
    dmb-confupd-2-3.o         src/dmb-confupd-2-3.s:30
_exit (crt0.o):
    libref.o                  c128/libref.s:11
_fclose (fclose.o):
    dmb-confupd-2-3.o         src/dmb-confupd-2-3.s:14
_fgetc (fgetc.o):
    dmb-confupd-2-3.o         src/dmb-confupd-2-3.s:15
_fopen (fopen.o):
    dmb-confupd-2-3.o         src/dmb-confupd-2-3.s:16
_fread (fread.o):
    dmb-confupd-2-3.o         src/dmb-confupd-2-3.s:17
_getcurrentdevice (curdevice.o):
    dmb-confupd-2-3.o         src/dmb-confupd-2-3.s:26
_main (dmb-confupd-2-3.o):
    callmain.o                runtime/callmain.s:11
_open (open.o):
    _fopen.o                  common/_fopen.s:10
_read (read.o):
    fread.o                   common/fread.s:10
    fgetc.o                   ../libwrk/c128/fgetc.s:14
_remove (remove.o):
    dmb-confupd-2-3.o         src/dmb-confupd-2-3.s:18
_strcpy (strcpy.o):
    dmb-confupd-2-3.o         src/dmb-confupd-2-3.s:19
addeq0sp (addeqsp.o):
    dmb-confupd-2-3.o         src/dmb-confupd-2-3.s:402
    dmb-confupd-2-3.o         src/dmb-confupd-2-3.s:402
    dmb-confupd-2-3.o         src/dmb-confupd-2-3.s:402
addysp (addysp.o):
    open.o                    cbm/open.s:10
    incsp6.o                  runtime/incsp6.s:8
    incsp4.o                  runtime/incsp4.s:8
    incsp3.o                  runtime/incsp3.s:8
callmain (callmain.o):
    crt0.o                    c128/crt0.s:9
closecmdchannel (diskcmd.o):
    scratch.o                 cbm/scratch.s:8
    open.o                    cbm/open.s:12
    close.o                   cbm/close.s:9
curunit (filevars.o):
    filename.o                cbm/filename.s:11
    curdevice.o               cbm/curdevice.s:8
decsp1 (decsp1.o):
    fgetc.o                   ../libwrk/c128/fgetc.s:95
decsp4 (decsp4.o):
    dmb-confupd-2-3.o         src/dmb-confupd-2-3.s:402
devnum (devnum.o):
    filevars.o                cbm/filevars.s:9
donelib (condes.o):
    crt0.o                    c128/crt0.s:7
em_libref (libref.o):
    em-kernel.o               em/em-kernel.s:7
emd_commit (em-kernel.o):
    em_commit.o               /mnt/d/retro/cc65/asminc/em-kernel.inc:84
emd_map (em-kernel.o):
    em_map.o                  /mnt/d/retro/cc65/asminc/em-kernel.inc:82
emd_use (em-kernel.o):
    em_use.o                  /mnt/d/retro/cc65/asminc/em-kernel.inc:83
fdtab (filedes.o):
    open.o                    cbm/filedes.inc:7
    close.o                   cbm/filedes.inc:7
    read.o                    cbm/filedes.inc:7
fnaddmode (filename.o):
    open.o                    cbm/open.s:11
fncmd (filename.o):
    scratch.o                 cbm/scratch.s:9
    diskcmd.o                 cbm/diskcmd.s:14
fncomplete (filename.o):
    open.o                    cbm/open.s:11
fnisfile (filename.o):
    open.o                    cbm/open.s:13
fnlen (filename.o):
    diskcmd.o                 cbm/diskcmd.s:14
fnparse (filename.o):
    open.o                    cbm/open.s:11
    sysremove.o               cbm/sysremove.s:8
fnset (filename.o):
    open.o                    cbm/open.s:11
fnunit (filename.o):
    scratch.o                 cbm/scratch.s:9
    open.o                    cbm/open.s:13
    diskcmd.o                 cbm/diskcmd.s:14
freefd (filedes.o):
    open.o                    cbm/filedes.inc:9
gotoxy (gotoxy.o):
    cputc.o                   c128/cputc.s:11
    cputs.o                   conio/cputs.s:9
incaxy (incaxy.o):
    dmb-confupd-2-3.o         src/dmb-confupd-2-3.s:402
    dmb-confupd-2-3.o         src/dmb-confupd-2-3.s:402
incsp2 (incsp2.o):
    popptr1.o                 runtime/popptr1.s:8
    dmb-confupd-2-3.o         src/dmb-confupd-2-3.s:402
incsp3 (incsp3.o):
    fgetc.o                   ../libwrk/c128/fgetc.s:95
incsp4 (incsp4.o):
    _fopen.o                  common/_fopen.s:11
    fread.o                   common/fread.s:12
    dmb-confupd-2-3.o         src/dmb-confupd-2-3.s:402
    dmb-confupd-2-3.o         src/dmb-confupd-2-3.s:402
incsp6 (incsp6.o):
    fread.o                   common/fread.s:12
    dmb-confupd-2-3.o         src/dmb-confupd-2-3.s:402
initlib (condes.o):
    crt0.o                    c128/crt0.s:7
ldax0sp (ldaxsp.o):
    fread.o                   common/fread.s:13
    dmb-confupd-2-3.o         src/dmb-confupd-2-3.s:402
    dmb-confupd-2-3.o         src/dmb-confupd-2-3.s:402
    dmb-confupd-2-3.o         src/dmb-confupd-2-3.s:402
    dmb-confupd-2-3.o         src/dmb-confupd-2-3.s:402
ldaxysp (ldaxsp.o):
    fread.o                   common/fread.s:13
    dmb-confupd-2-3.o         src/dmb-confupd-2-3.s:402
    dmb-confupd-2-3.o         src/dmb-confupd-2-3.s:402
leaa0sp (leaaxsp.o):
    fgetc.o                   ../libwrk/c128/fgetc.s:95
mul8x16 (mul8.o):
    mul.o                     runtime/mul.s:8
mul8x16a (mul8.o):
    mul.o                     runtime/mul.s:8
opencmdchannel (diskcmd.o):
    scratch.o                 cbm/scratch.s:8
    open.o                    cbm/open.s:12
plot (cputc.o):
    gotoxy.o                  cbm/gotoxy.s:8
popa (popa.o):
    gotoxy.o                  cbm/gotoxy.s:8
    c_setlfs.o                cbm/c_setlfs.s:12
popax (incsp2.o):
    open.o                    cbm/open.s:10
    strcpy.o                  common/strcpy.s:8
    rwcommon.o                cbm/rwcommon.s:9
popptr1 (popptr1.o):
    udiv.o                    runtime/udiv.s:9
    rwcommon.o                cbm/rwcommon.s:9
    mul8.o                    runtime/mul8.s:9
    mul.o                     runtime/mul.s:9
    c_save.o                  cbm/c_save.s:10
ptr1 (zeropage.o):
    filename.o                cbm/filename.s:12
    diskcmd.o                 cbm/diskcmd.s:15
    _fopen.o                  common/_fopen.s:12
    zerobss.o                 common/zerobss.s:9
    udiv.o                    runtime/udiv.s:10
    strcpy.o                  common/strcpy.s:9
    read.o                    cbm/read.s:13
    popptr1.o                 runtime/popptr1.s:9
    mul8.o                    runtime/mul8.s:10
    mul.o                     runtime/mul.s:10
    fread.o                   common/fread.s:17
    fclose.o                  common/fclose.s:11
    em-kernel.o               em/em-kernel.s:8
    cputs.o                   conio/cputs.s:10
    c_setnam.o                cbm/c_setnam.s:10
    c_save.o                  cbm/c_save.s:11
    dmb-confupd-2-3.o         src/dmb-confupd-2-3.s:11
ptr2 (zeropage.o):
    strcpy.o                  common/strcpy.s:9
    rwcommon.o                cbm/rwcommon.s:10
    read.o                    cbm/read.s:13
ptr3 (zeropage.o):
    rwcommon.o                cbm/rwcommon.s:10
    read.o                    cbm/read.s:13
ptr4 (zeropage.o):
    udiv.o                    runtime/udiv.s:10
    mul8.o                    runtime/mul8.s:10
    mul.o                     runtime/mul.s:10
pusha (pusha.o):
    dmb-confupd-2-3.o         src/dmb-confupd-2-3.s:402
pusha0 (pushax.o):
    fread.o                   common/fread.s:11
    fgetc.o                   ../libwrk/c128/fgetc.s:95
    dmb-confupd-2-3.o         src/dmb-confupd-2-3.s:402
pushax (pushax.o):
    callmain.o                runtime/callmain.s:11
    fread.o                   common/fread.s:11
    fopen.o                   common/fopen.s:11
    fgetc.o                   ../libwrk/c128/fgetc.s:95
    dmb-confupd-2-3.o         src/dmb-confupd-2-3.s:402
    dmb-confupd-2-3.o         src/dmb-confupd-2-3.s:402
    dmb-confupd-2-3.o         src/dmb-confupd-2-3.s:402
    dmb-confupd-2-3.o         src/dmb-confupd-2-3.s:402
pushw0sp (pushwsp.o):
    dmb-confupd-2-3.o         src/dmb-confupd-2-3.s:402
pushwysp (pushwsp.o):
    fread.o                   common/fread.s:14
    dmb-confupd-2-3.o         src/dmb-confupd-2-3.s:402
readdiskerror (diskcmd.o):
    open.o                    cbm/open.s:12
    close.o                   cbm/close.s:9
regbank (zeropage.o):
    regswap2.o                runtime/regswap2.s:8
    fread.o                   common/fread.s:31
    fgetc.o                   ../libwrk/c128/fgetc.s:10
regswap2 (regswap2.o):
    fgetc.o                   ../libwrk/c128/fgetc.s:95
return0 (return0.o):
    _fopen.o                  common/_fopen.s:11
    _fdesc.o                  common/_fdesc.s:9
    em-kernel.o               em/em-kernel.s:7
rwcommon (rwcommon.o):
    read.o                    cbm/read.s:11
scratch (scratch.o):
    open.o                    cbm/open.s:11
    sysremove.o               cbm/sysremove.s:8
sp (zeropage.o):
    decsp1.o                  runtime/decsp1.s:8
    addysp.o                  runtime/addysp.s:8
    _fopen.o                  common/_fopen.s:12
    staxsp.o                  runtime/staxsp.s:8
    regswap2.o                runtime/regswap2.s:8
    pushwsp.o                 runtime/pushwsp.s:8
    pushax.o                  runtime/pushax.s:8
    pusha.o                   runtime/pusha.s:8
    popptr1.o                 runtime/popptr1.s:9
    popa.o                    runtime/popa.s:8
    leaaxsp.o                 runtime/leaaxsp.s:8
    ldaxsp.o                  runtime/ldaxsp.s:8
    incsp2.o                  runtime/incsp2.s:8
    fread.o                   common/fread.s:17
    fgetc.o                   ../libwrk/c128/fgetc.s:10
    decsp4.o                  runtime/decsp4.s:8
    crt0.o                    /mnt/d/retro/cc65/asminc/zeropage.inc:11
    addeqsp.o                 runtime/addeqsp.s:8
sreg (zeropage.o):
    udiv.o                    runtime/udiv.s:10
stax0sp (staxsp.o):
    dmb-confupd-2-3.o         src/dmb-confupd-2-3.s:402
    dmb-confupd-2-3.o         src/dmb-confupd-2-3.s:402
    dmb-confupd-2-3.o         src/dmb-confupd-2-3.s:402
staxysp (staxsp.o):
    dmb-confupd-2-3.o         src/dmb-confupd-2-3.s:402
tmp1 (zeropage.o):
    filename.o                cbm/filename.s:12
    diskcmd.o                 cbm/diskcmd.s:15
    read.o                    cbm/read.s:13
    mul.o                     runtime/mul.s:10
    incaxy.o                  runtime/incaxy.s:8
    cputs.o                   conio/cputs.s:10
    c_setlfs.o                cbm/c_setlfs.s:13
    c_save.o                  cbm/c_save.s:11
    dmb-confupd-2-3.o         src/dmb-confupd-2-3.s:11
tmp2 (zeropage.o):
    open.o                    cbm/open.s:15
    close.o                   cbm/close.s:10
    rwcommon.o                cbm/rwcommon.s:10
    read.o                    cbm/read.s:13
tmp3 (zeropage.o):
    open.o                    cbm/open.s:15
    read.o                    cbm/read.s:13
tosudivax (udiv.o):
    fread.o                   common/fread.s:15
tosumulax (mul.o):
    fread.o                   common/fread.s:15
unittab (filedes.o):
    open.o                    cbm/filedes.inc:8
    close.o                   cbm/filedes.inc:8
    read.o                    cbm/filedes.inc:8
writefndiskcmd (diskcmd.o):
    scratch.o                 cbm/scratch.s:8
zerobss (zerobss.o):
    crt0.o                    c128/crt0.s:8

