Modules list:
-------------
ultimate_lib.o:
    CODE              Offs=000000  Size=00149A  Align=00001  Fill=0000
    RODATA            Offs=000000  Size=00012F  Align=00001  Fill=0000
    BSS               Offs=000000  Size=000806  Align=00001  Fill=0000
    DATA              Offs=000000  Size=00000B  Align=00001  Fill=0000
configcommon.o:
    CODE              Offs=00149A  Size=00038A  Align=00001  Fill=0000
    RODATA            Offs=00012F  Size=0000B5  Align=00001  Fill=0000
    DATA              Offs=00000B  Size=00002A  Align=00001  Fill=0000
dmbconfig.o:
    CODE              Offs=001824  Size=000918  Align=00001  Fill=0000
    RODATA            Offs=0001E4  Size=0002B6  Align=00001  Fill=0000
    BSS               Offs=000806  Size=000054  Align=00001  Fill=0000
    DATA              Offs=000035  Size=000052  Align=00001  Fill=0000
/home/xahmol/retro/cc65/lib/c128.lib(_cursor.o):
    BSS               Offs=00085A  Size=000001  Align=00001  Fill=0000
/home/xahmol/retro/cc65/lib/c128.lib(_directerrno.o):
    CODE              Offs=00213C  Size=00000A  Align=00001  Fill=0000
/home/xahmol/retro/cc65/lib/c128.lib(_file.o):
    DATA              Offs=000087  Size=00001E  Align=00001  Fill=0000
/home/xahmol/retro/cc65/lib/c128.lib(_heap.o):
    DATA              Offs=0000A5  Size=00000A  Align=00001  Fill=0000
    ONCE              Offs=000000  Size=000010  Align=00001  Fill=0000
/home/xahmol/retro/cc65/lib/c128.lib(_hextab.o):
    RODATA            Offs=00049A  Size=000010  Align=00001  Fill=0000
/home/xahmol/retro/cc65/lib/c128.lib(_longminstr.o):
    RODATA            Offs=0004AA  Size=00000C  Align=00001  Fill=0000
/home/xahmol/retro/cc65/lib/c128.lib(_mappederrno.o):
    CODE              Offs=002146  Size=000010  Align=00001  Fill=0000
/home/xahmol/retro/cc65/lib/c128.lib(_oserror.o):
    BSS               Offs=00085B  Size=000001  Align=00001  Fill=0000
/home/xahmol/retro/cc65/lib/c128.lib(_printf.o):
    CODE              Offs=002156  Size=0003A5  Align=00001  Fill=0000
    BSS               Offs=00085C  Size=00002B  Align=00001  Fill=0000
    DATA              Offs=0000AF  Size=000003  Align=00001  Fill=0000
/home/xahmol/retro/cc65/lib/c128.lib(_seterrno.o):
    CODE              Offs=0024FB  Size=000009  Align=00001  Fill=0000
/home/xahmol/retro/cc65/lib/c128.lib(acc_c128_speed.o):
    CODE              Offs=002504  Size=000010  Align=00001  Fill=0000
/home/xahmol/retro/cc65/lib/c128.lib(add.o):
    CODE              Offs=002514  Size=00001C  Align=00001  Fill=0000
/home/xahmol/retro/cc65/lib/c128.lib(addeqsp.o):
    CODE              Offs=002530  Size=000011  Align=00001  Fill=0000
/home/xahmol/retro/cc65/lib/c128.lib(addysp.o):
    CODE              Offs=002541  Size=00000E  Align=00001  Fill=0000
/home/xahmol/retro/cc65/lib/c128.lib(aslax1.o):
    CODE              Offs=00254F  Size=000008  Align=00001  Fill=0000
/home/xahmol/retro/cc65/lib/c128.lib(axlong.o):
    CODE              Offs=002557  Size=00000D  Align=00001  Fill=0000
/home/xahmol/retro/cc65/lib/c128.lib(bneg.o):
    CODE              Offs=002564  Size=00000E  Align=00001  Fill=0000
/home/xahmol/retro/cc65/lib/c128.lib(c_close.o):
    CODE              Offs=002572  Size=000004  Align=00001  Fill=0000
/home/xahmol/retro/cc65/lib/c128.lib(c_open.o):
    CODE              Offs=002576  Size=000009  Align=00001  Fill=0000
/home/xahmol/retro/cc65/lib/c128.lib(c_setlfs.o):
    CODE              Offs=00257F  Size=00000E  Align=00001  Fill=0000
/home/xahmol/retro/cc65/lib/c128.lib(c_setnam.o):
    CODE              Offs=00258D  Size=000013  Align=00001  Fill=0000
/home/xahmol/retro/cc65/lib/c128.lib(callmain.o):
    CODE              Offs=0025A0  Size=000017  Align=00001  Fill=0000
    DATA              Offs=0000B2  Size=000004  Align=00001  Fill=0000
/home/xahmol/retro/cc65/lib/c128.lib(cbm_close.o):
/home/xahmol/retro/cc65/lib/c128.lib(cbm_open.o):
    CODE              Offs=0025B7  Size=000016  Align=00001  Fill=0000
/home/xahmol/retro/cc65/lib/c128.lib(cbm_read.o):
    CODE              Offs=0025CD  Size=00005B  Align=00001  Fill=0000
/home/xahmol/retro/cc65/lib/c128.lib(cclear.o):
    CODE              Offs=002628  Size=000015  Align=00001  Fill=0000
/home/xahmol/retro/cc65/lib/c128.lib(cgetc.o):
    CODE              Offs=00263D  Size=000030  Align=00001  Fill=0000
    INIT              Offs=000000  Size=000002  Align=00001  Fill=0000
    ONCE              Offs=000010  Size=000013  Align=00001  Fill=0000
/home/xahmol/retro/cc65/lib/c128.lib(clrscr.o):
/home/xahmol/retro/cc65/lib/c128.lib(color.o):
    CODE              Offs=00266D  Size=000060  Align=00001  Fill=0000
/home/xahmol/retro/cc65/lib/c128.lib(condes.o):
    CODE              Offs=0026CD  Size=00000C  Align=00001  Fill=0000
    DATA              Offs=0000B6  Size=000025  Align=00001  Fill=0000
    ONCE              Offs=000023  Size=00000C  Align=00001  Fill=0000
/home/xahmol/retro/cc65/lib/c128.lib(conio.o):
/home/xahmol/retro/cc65/lib/c128.lib(cprintf.o):
    CODE              Offs=0026D9  Size=00002A  Align=00001  Fill=0000
    BSS               Offs=000887  Size=000001  Align=00001  Fill=0000
/home/xahmol/retro/cc65/lib/c128.lib(cputc.o):
    CODE              Offs=002703  Size=000049  Align=00001  Fill=0000
/home/xahmol/retro/cc65/lib/c128.lib(cputs.o):
    CODE              Offs=00274C  Size=000023  Align=00001  Fill=0000
/home/xahmol/retro/cc65/lib/c128.lib(crt0.o):
    BSS               Offs=000888  Size=000002  Align=00001  Fill=0000
    STARTUP           Offs=000000  Size=000051  Align=00001  Fill=0000
    INIT              Offs=000002  Size=00001A  Align=00001  Fill=0000
/home/xahmol/retro/cc65/lib/c128.lib(ctype.o):
    RODATA            Offs=0004B6  Size=00008B  Align=00001  Fill=0000
/home/xahmol/retro/cc65/lib/c128.lib(ctypemask.o):
    CODE              Offs=00276F  Size=00001E  Align=00001  Fill=0000
/home/xahmol/retro/cc65/lib/c128.lib(curdevice.o):
    CODE              Offs=00278D  Size=000006  Align=00001  Fill=0000
/home/xahmol/retro/cc65/lib/c128.lib(cursor.o):
    CODE              Offs=002793  Size=00000A  Align=00001  Fill=0000
/home/xahmol/retro/cc65/lib/c128.lib(decax1.o):
    CODE              Offs=00279D  Size=000007  Align=00001  Fill=0000
/home/xahmol/retro/cc65/lib/c128.lib(decaxy.o):
    CODE              Offs=0027A4  Size=000009  Align=00001  Fill=0000
/home/xahmol/retro/cc65/lib/c128.lib(decsp1.o):
    CODE              Offs=0027AD  Size=000009  Align=00001  Fill=0000
/home/xahmol/retro/cc65/lib/c128.lib(decsp2.o):
    CODE              Offs=0027B6  Size=00000D  Align=00001  Fill=0000
/home/xahmol/retro/cc65/lib/c128.lib(decsp3.o):
    CODE              Offs=0027C3  Size=00000D  Align=00001  Fill=0000
/home/xahmol/retro/cc65/lib/c128.lib(decsp4.o):
    CODE              Offs=0027D0  Size=00000D  Align=00001  Fill=0000
/home/xahmol/retro/cc65/lib/c128.lib(decsp5.o):
    CODE              Offs=0027DD  Size=00000D  Align=00001  Fill=0000
/home/xahmol/retro/cc65/lib/c128.lib(decsp6.o):
    CODE              Offs=0027EA  Size=00000D  Align=00001  Fill=0000
/home/xahmol/retro/cc65/lib/c128.lib(devnum.o):
/home/xahmol/retro/cc65/lib/c128.lib(errno.o):
    BSS               Offs=00088A  Size=000002  Align=00001  Fill=0000
/home/xahmol/retro/cc65/lib/c128.lib(exehdr.o):
    EXEHDR            Offs=000000  Size=00000C  Align=00001  Fill=0000
/home/xahmol/retro/cc65/lib/c128.lib(filedes.o):
    CODE              Offs=0027F7  Size=00000E  Align=00001  Fill=0000
    DATA              Offs=0000DB  Size=000010  Align=00001  Fill=0000
/home/xahmol/retro/cc65/lib/c128.lib(filevars.o):
    INIT              Offs=00001C  Size=000001  Align=00001  Fill=0000
    ONCE              Offs=00002F  Size=00000C  Align=00001  Fill=0000
/home/xahmol/retro/cc65/lib/c128.lib(free.o):
    CODE              Offs=002805  Size=0001D3  Align=00001  Fill=0000
/home/xahmol/retro/cc65/lib/c128.lib(fwrite.o):
    CODE              Offs=0029D8  Size=00007B  Align=00001  Fill=0000
    BSS               Offs=00088C  Size=000002  Align=00001  Fill=0000
/home/xahmol/retro/cc65/lib/c128.lib(gotoxy.o):
    CODE              Offs=002A53  Size=00000D  Align=00001  Fill=0000
/home/xahmol/retro/cc65/lib/c128.lib(icmp.o):
    CODE              Offs=002A60  Size=00002E  Align=00001  Fill=0000
/home/xahmol/retro/cc65/lib/c128.lib(incax1.o):
    CODE              Offs=002A8E  Size=000007  Align=00001  Fill=0000
/home/xahmol/retro/cc65/lib/c128.lib(incax2.o):
    CODE              Offs=002A95  Size=000007  Align=00001  Fill=0000
/home/xahmol/retro/cc65/lib/c128.lib(incax3.o):
    CODE              Offs=002A9C  Size=000005  Align=00001  Fill=0000
/home/xahmol/retro/cc65/lib/c128.lib(incaxy.o):
    CODE              Offs=002AA1  Size=00000B  Align=00001  Fill=0000
/home/xahmol/retro/cc65/lib/c128.lib(incsp1.o):
    CODE              Offs=002AAC  Size=000007  Align=00001  Fill=0000
/home/xahmol/retro/cc65/lib/c128.lib(incsp2.o):
    CODE              Offs=002AB3  Size=000016  Align=00001  Fill=0000
/home/xahmol/retro/cc65/lib/c128.lib(incsp3.o):
    CODE              Offs=002AC9  Size=000005  Align=00001  Fill=0000
/home/xahmol/retro/cc65/lib/c128.lib(incsp4.o):
    CODE              Offs=002ACE  Size=000005  Align=00001  Fill=0000
/home/xahmol/retro/cc65/lib/c128.lib(incsp5.o):
    CODE              Offs=002AD3  Size=000005  Align=00001  Fill=0000
/home/xahmol/retro/cc65/lib/c128.lib(incsp6.o):
    CODE              Offs=002AD8  Size=000005  Align=00001  Fill=0000
/home/xahmol/retro/cc65/lib/c128.lib(incsp7.o):
    CODE              Offs=002ADD  Size=000005  Align=00001  Fill=0000
/home/xahmol/retro/cc65/lib/c128.lib(incsp8.o):
    CODE              Offs=002AE2  Size=000005  Align=00001  Fill=0000
/home/xahmol/retro/cc65/lib/c128.lib(isdigit.o):
    CODE              Offs=002AE7  Size=000008  Align=00001  Fill=0000
/home/xahmol/retro/cc65/lib/c128.lib(islower.o):
    CODE              Offs=002AEF  Size=000008  Align=00001  Fill=0000
/home/xahmol/retro/cc65/lib/c128.lib(isprint.o):
    CODE              Offs=002AF7  Size=00000A  Align=00001  Fill=0000
/home/xahmol/retro/cc65/lib/c128.lib(isspace.o):
    CODE              Offs=002B01  Size=000008  Align=00001  Fill=0000
/home/xahmol/retro/cc65/lib/c128.lib(isupper.o):
    CODE              Offs=002B09  Size=000008  Align=00001  Fill=0000
/home/xahmol/retro/cc65/lib/c128.lib(kernal.o):
/home/xahmol/retro/cc65/lib/c128.lib(ladd.o):
    CODE              Offs=002B11  Size=000025  Align=00001  Fill=0000
/home/xahmol/retro/cc65/lib/c128.lib(lcmp.o):
    CODE              Offs=002B36  Size=00003B  Align=00001  Fill=0000
/home/xahmol/retro/cc65/lib/c128.lib(ldaxsp.o):
    CODE              Offs=002B71  Size=000009  Align=00001  Fill=0000
/home/xahmol/retro/cc65/lib/c128.lib(ldeaxysp.o):
    CODE              Offs=002B7A  Size=000013  Align=00001  Fill=0000
/home/xahmol/retro/cc65/lib/c128.lib(leaaxsp.o):
    CODE              Offs=002B8D  Size=00000C  Align=00001  Fill=0000
/home/xahmol/retro/cc65/lib/c128.lib(leq.o):
    CODE              Offs=002B99  Size=000006  Align=00001  Fill=0000
/home/xahmol/retro/cc65/lib/c128.lib(lmul.o):
    CODE              Offs=002B9F  Size=00005C  Align=00001  Fill=0000
/home/xahmol/retro/cc65/lib/c128.lib(lneg.o):
    CODE              Offs=002BFB  Size=00001E  Align=00001  Fill=0000
/home/xahmol/retro/cc65/lib/c128.lib(loadaddr.o):
    LOADADDR          Offs=000000  Size=000002  Align=00001  Fill=0000
/home/xahmol/retro/cc65/lib/c128.lib(lpush.o):
    CODE              Offs=002C19  Size=000021  Align=00001  Fill=0000
/home/xahmol/retro/cc65/lib/c128.lib(ltoa.o):
    CODE              Offs=002C3A  Size=000095  Align=00001  Fill=0000
/home/xahmol/retro/cc65/lib/c128.lib(ludiv.o):
    CODE              Offs=002CCF  Size=00007A  Align=00001  Fill=0000
/home/xahmol/retro/cc65/lib/c128.lib(lugt.o):
    CODE              Offs=002D49  Size=000006  Align=00001  Fill=0000
/home/xahmol/retro/cc65/lib/c128.lib(lumod.o):
    CODE              Offs=002D4F  Size=000019  Align=00001  Fill=0000
/home/xahmol/retro/cc65/lib/c128.lib(makebool.o):
    CODE              Offs=002D68  Size=00002C  Align=00001  Fill=0000
/home/xahmol/retro/cc65/lib/c128.lib(malloc.o):
    CODE              Offs=002D94  Size=00010E  Align=00001  Fill=0000
/home/xahmol/retro/cc65/lib/c128.lib(memcpy.o):
    CODE              Offs=002EA2  Size=00003C  Align=00001  Fill=0000
/home/xahmol/retro/cc65/lib/c128.lib(memset.o):
    CODE              Offs=002EDE  Size=00005D  Align=00001  Fill=0000
/home/xahmol/retro/cc65/lib/c128.lib(mul.o):
    CODE              Offs=002F3B  Size=000045  Align=00001  Fill=0000
/home/xahmol/retro/cc65/lib/c128.lib(mul8.o):
    CODE              Offs=002F80  Size=00003A  Align=00001  Fill=0000
/home/xahmol/retro/cc65/lib/c128.lib(mulax10.o):
    CODE              Offs=002FBA  Size=000019  Align=00001  Fill=0000
/home/xahmol/retro/cc65/lib/c128.lib(oserror.o):
    CODE              Offs=002FD3  Size=000016  Align=00001  Fill=0000
    RODATA            Offs=000541  Size=00005A  Align=00001  Fill=0000
/home/xahmol/retro/cc65/lib/c128.lib(popa.o):
    CODE              Offs=002FE9  Size=00000C  Align=00001  Fill=0000
/home/xahmol/retro/cc65/lib/c128.lib(popptr1.o):
    CODE              Offs=002FF5  Size=00000E  Align=00001  Fill=0000
/home/xahmol/retro/cc65/lib/c128.lib(printf.o):
    CODE              Offs=003003  Size=000033  Align=00001  Fill=0000
    BSS               Offs=00088E  Size=000001  Align=00001  Fill=0000
/home/xahmol/retro/cc65/lib/c128.lib(push1.o):
    CODE              Offs=003036  Size=000005  Align=00001  Fill=0000
/home/xahmol/retro/cc65/lib/c128.lib(pusha.o):
    CODE              Offs=00303B  Size=000016  Align=00001  Fill=0000
/home/xahmol/retro/cc65/lib/c128.lib(pushax.o):
    CODE              Offs=003051  Size=00001A  Align=00001  Fill=0000
/home/xahmol/retro/cc65/lib/c128.lib(pushw.o):
    CODE              Offs=00306B  Size=00000F  Align=00001  Fill=0000
/home/xahmol/retro/cc65/lib/c128.lib(pushwsp.o):
    CODE              Offs=00307A  Size=00001C  Align=00001  Fill=0000
/home/xahmol/retro/cc65/lib/c128.lib(return0.o):
    CODE              Offs=003096  Size=000004  Align=00001  Fill=0000
/home/xahmol/retro/cc65/lib/c128.lib(revers.o):
    CODE              Offs=00309A  Size=000014  Align=00001  Fill=0000
/home/xahmol/retro/cc65/lib/c128.lib(rwcommon.o):
    CODE              Offs=0030AE  Size=00001A  Align=00001  Fill=0000
/home/xahmol/retro/cc65/lib/c128.lib(sprintf.o):
    CODE              Offs=0030C8  Size=00002B  Align=00001  Fill=0000
    BSS               Offs=00088F  Size=000001  Align=00001  Fill=0000
/home/xahmol/retro/cc65/lib/c128.lib(staspidx.o):
    CODE              Offs=0030F3  Size=000016  Align=00001  Fill=0000
/home/xahmol/retro/cc65/lib/c128.lib(status.o):
/home/xahmol/retro/cc65/lib/c128.lib(staxsp.o):
    CODE              Offs=003109  Size=00000B  Align=00001  Fill=0000
/home/xahmol/retro/cc65/lib/c128.lib(steaxsp.o):
    CODE              Offs=003114  Size=000015  Align=00001  Fill=0000
/home/xahmol/retro/cc65/lib/c128.lib(strcmp.o):
    CODE              Offs=003129  Size=000021  Align=00001  Fill=0000
/home/xahmol/retro/cc65/lib/c128.lib(strcpy.o):
    CODE              Offs=00314A  Size=00001F  Align=00001  Fill=0000
/home/xahmol/retro/cc65/lib/c128.lib(strlen.o):
    CODE              Offs=003169  Size=000016  Align=00001  Fill=0000
/home/xahmol/retro/cc65/lib/c128.lib(strlower.o):
    CODE              Offs=00317F  Size=000027  Align=00001  Fill=0000
/home/xahmol/retro/cc65/lib/c128.lib(strncpy.o):
    CODE              Offs=0031A6  Size=000042  Align=00001  Fill=0000
/home/xahmol/retro/cc65/lib/c128.lib(strtol.o):
    CODE              Offs=0031E8  Size=000273  Align=00001  Fill=0000
/home/xahmol/retro/cc65/lib/c128.lib(subysp.o):
    CODE              Offs=00345B  Size=00000D  Align=00001  Fill=0000
/home/xahmol/retro/cc65/lib/c128.lib(udiv.o):
    CODE              Offs=003468  Size=00004F  Align=00001  Fill=0000
/home/xahmol/retro/cc65/lib/c128.lib(vcprintf.o):
    CODE              Offs=0034B7  Size=000078  Align=00001  Fill=0000
    DATA              Offs=0000EB  Size=000008  Align=00001  Fill=0000
/home/xahmol/retro/cc65/lib/c128.lib(vfprintf.o):
    CODE              Offs=00352F  Size=000061  Align=00001  Fill=0000
    DATA              Offs=0000F3  Size=000008  Align=00001  Fill=0000
/home/xahmol/retro/cc65/lib/c128.lib(vsnprintf.o):
    CODE              Offs=003590  Size=0000DA  Align=00001  Fill=0000
    DATA              Offs=0000FB  Size=000008  Align=00001  Fill=0000
/home/xahmol/retro/cc65/lib/c128.lib(vsprintf.o):
    CODE              Offs=00366A  Size=000012  Align=00001  Fill=0000
/home/xahmol/retro/cc65/lib/c128.lib(write.o):
    CODE              Offs=00367C  Size=000054  Align=00001  Fill=0000
    ONCE              Offs=00003B  Size=000011  Align=00001  Fill=0000
/home/xahmol/retro/cc65/lib/c128.lib(zerobss.o):
    CODE              Offs=0036D0  Size=000023  Align=00001  Fill=0000
/home/xahmol/retro/cc65/lib/c128.lib(zeropage.o):
    ZEROPAGE          Offs=000000  Size=00001A  Align=00001  Fill=0000


Segment list:
-------------
Name                   Start     End    Size  Align
----------------------------------------------------
ZEROPAGE              000002  00001B  00001A  00001
LOADADDR              001BFF  001C00  000002  00001
EXEHDR                001C01  001C0C  00000C  00001
STARTUP               001C0D  001C5D  000051  00001
ONCE                  001C5E  001CB1  000054  00001
CODE                  001CB2  0053A4  0036F3  00001
RODATA                0053A5  005941  00059D  00001
DATA                  005942  005A44  000103  00001
INIT                  005A45  005A61  00001D  00001
BSS                   005A62  0062F1  000890  00001


Exports list by name:
---------------------
BASIN                     00FFCF RLA    BSOUT                     00FFD2 RLA    
CHKIN                     00FFC6 RLA    CKOUT                     00FFC9 RLA    
CLOSE                     00FFC3 RLA    CLRCH                     00FFCC RLA    
CURS_X                    0000EC RLZ    CURS_Y                    0000EB RLZ    
OPEN                      00FFC0 RLA    READST                    00FFB7 RLA    
SETLFS                    00FFBA RLA    SETNAM                    00FFBD RLA    
ST                        000090 RLZ    __BSS_RUN__               005A62 RLA    
__BSS_SIZE__              000890 REA    __CONSTRUCTOR_COUNT__     000004 REA    
__CONSTRUCTOR_TABLE__     001CAA RLA    __DESTRUCTOR_COUNT__      000001 REA    
__DESTRUCTOR_TABLE__      005940 RLA    __EXEHDR__                000001 REA    
__LOADADDR__              000001 REA    __MAIN_SIZE__             009BF3 REA    
__MAIN_START__            001C0D RLA    __STACKSIZE__             000800 REA    
__STARTUP__               000001 REA    __bzero                   004B90 RLA    
__ctype                   00585B RLA    __ctypeidx                005866 RLA    
__directerrno             003DEE RLA    __errno                   0062EC RLA    
__heapend                 0059EB RLA    __heapfirst               0059ED RLA    
__heaplast                0059EF RLA    __heapptr                 0059E9 RLA    
__hextab                  00583F RLA    __longminstr              00584F RLA    
__mappederrno             003DF8 RLA    __oserror                 0062BD RLA    
__osmaperrno              004C85 RLA    __printf                  003EFB RLA    
__seterrno                0041AD RLA    _bgcolor                  004348 RLA    
_bordercolor              00436E RLA    _cbm_close                004224 REA    
_cbm_k_close              004224 RLA    _cbm_k_open               004228 RLA    
_cbm_k_setlfs             004231 RLA    _cbm_k_setnam             00423F RLA    
_cbm_open                 004269 RLA    _cbm_read                 00427F RLA    
_cclearxy                 0042DA RLA    _cgetc                    0042EF RLA    
_clrscr                   00C142 REA    _cmd                      003291 RLA    
_cprintf                  00438B RLA    _cputc                    0043BA RLA    
_cputcxy                  0043B5 RLA    _cputs                    004408 RLA    
_cputsxy                  0043FE RLA    _cursor                   004445 RLA    
_exit                     001C42 RLA    _free                     0044B7 RLA    
_fwrite                   00468A RLA    _getcurrentdevice         00443F RLA    
_gotoxy                   004708 RLA    _isdigit                  004799 RLA    
_islower                  0047A1 RLA    _isprint                  0047A9 RLA    
_isspace                  0047B3 RLA    _isupper                  0047BB RLA    
_ltoa                     004904 RLA    _main                     003D0C RLA    
_malloc                   004A46 RLA    _memcpy                   004B54 RLA    
_mid                      00314C RLA    _printf                   004CB5 RLA    
_readconfigfile           003326 RLA    _reufilename              005952 RLA    
_reusize                  005966 RLA    _reusizelist              005967 RLA    
_revers                   004D4C RLA    _secondsfromutc           00594D RLA    
_set_c128_speed           0041B6 RLA    _sprintf                  004D7A RLA    
_stdout                   0059E3 RLA    _strcmp                   004DDB RLA    
_strcpy                   004DFC RLA    _strlen                   004E1B RLA    
_strlower                 004E31 RLA    _strncpy                  004E58 RLA    
_strtol                   004E9A RLA    _textcolor                00431F RLA    
_timeonflag               005951 RLA    _uii_accept               002A02 RLA    
_uii_change_dir           001D93 RLA    _uii_close_file           002105 RLA    
_uii_data                 005B62 RLA    _uii_delete_file          00222C RLA    
_uii_open_file            002045 RLA    _uii_read_file            002131 RLA    
_uii_readdata             002952 RLA    _uii_status               005A62 RLA    
_uii_write_file           002167 RLA    _ultoa                    004945 RLA    
_vcprintf                 0051B1 RLA    _vfprintf                 005219 RLA    
_vsprintf                 00531C RLA    _write                    00532E RLA    
_writeconfigfile          0032B0 RLA    addeq0sp                  0041E2 RLA    
addeqysp                  0041E4 RLA    addysp                    0041F4 RLA    
addysp1                   0041F3 RLA    aslax1                    004201 RLA    
axlong                    004209 RLA    axulong                   00420F RLA    
bnega                     00421A RLA    booleq                    004A20 RLA    
boolugt                   004A3F RLA    callmain                  004252 RLA    
cputdirect                0043D6 RLA    ctypemask                 004421 RLA    
ctypemaskdirect           004425 RLA    cursor                    0062BC RLA    
curunit                   005A61 RLA    decax1                    00444F RLA    
decaxy                    004456 RLA    decsp1                    00445F RLA    
decsp2                    004468 RLA    decsp3                    004475 RLA    
decsp4                    004482 RLA    decsp5                    00448F RLA    
decsp6                    00449C RLA    devnum                    0000BA RLZ    
donecgetc                 004310  LAI   donelib                   00437F RLA    
fdtab                     005A1D RLA    getlop                    004992 RLA    
gotoxy                    004705 RLA    incax1                    004740 RLA    
incax2                    004747 RLA    incax3                    00474E RLA    
incax4                    004753 RLA    incaxy                    004755 RLA    
incsp1                    00475E RLA    incsp2                    00476D RLA    
incsp3                    00477B RLA    incsp4                    004780 RLA    
incsp5                    004785 RLA    incsp6                    00478A RLA    
incsp7                    00478F RLA    incsp8                    004794 RLA    
initcgetc                 001C6E  LAI   initcurunit               001C8D  LAI   
initheap                  001C5E  LAI   initlib                   001C81 RLA    
initstdout                001C99  LAI   ldax0sp                   004823 RLA    
ldaxysp                   004825 RLA    ldeaxysp                  00482E RLA    
leaa0sp                   00483F RLA    leaaxsp                   004841 RLA    
mul8x16                   004C34 RLA    mul8x16a                  004C3E RLA    
mulax10                   004C6C RLA    negeax                    0048AD RLA    
plot                      0043F6 RLA    popa                      004C9B RLA    
popax                     004765 RLA    popptr1                   004CA7 RLA    
ptr1                      00000A RLZ    ptr2                      00000C RLZ    
ptr3                      00000E RLZ    ptr4                      000010 RLZ    
push0                     004D03 RLA    push1                     004CE8 RLA    
pusha                     004CF1 RLA    pusha0                    004D05 RLA    
pushax                    004D07 RLA    pusheax                   0048D4 RLA    
pushl0                    0048CB RLA    pushw                     004D1D RLA    
pushw0sp                  004D2C RLA    pushwysp                  004D2E RLA    
regbank                   000016 RLZ    return0                   004D48 RLA    
rwcommon                  004D60 RLA    sp                        000002 RLZ    
sreg                      000004 RLZ    staspidx                  004DA5 RLA    
stax0sp                   004DBB RLA    staxysp                   004DBD RLA    
steaxysp                  004DC8 RLA    subysp                    00510D RLA    
tmp1                      000012 RLZ    tmp2                      000013 RLZ    
tmp3                      000014 RLZ    tmp4                      000015 RLZ    
tosaddax                  0041C8 RLA    tosaddeax                 0047C9 RLA    
toseqeax                  00484B RLA    tosicmp                   004714 RLA    
toslcmp                   0047E8 RLA    tosudivax                 00511C RLA    
tosudiveax                004987 RLA    tosugteax                 0049FB RLA    
tosumodeax                004A07 RLA    tosumulax                 004BED RLA    
tosumuleax                004857 RLA    udiv32                    0049B6 RLA    
vsnprintf                 005245 RLA    zerobss                   005382 RLA    



Exports list by value:
----------------------
__DESTRUCTOR_COUNT__      000001 REA    __EXEHDR__                000001 REA    
__LOADADDR__              000001 REA    __STARTUP__               000001 REA    
sp                        000002 RLZ    __CONSTRUCTOR_COUNT__     000004 REA    
sreg                      000004 RLZ    ptr1                      00000A RLZ    
ptr2                      00000C RLZ    ptr3                      00000E RLZ    
ptr4                      000010 RLZ    tmp1                      000012 RLZ    
tmp2                      000013 RLZ    tmp3                      000014 RLZ    
tmp4                      000015 RLZ    regbank                   000016 RLZ    
ST                        000090 RLZ    devnum                    0000BA RLZ    
CURS_Y                    0000EB RLZ    CURS_X                    0000EC RLZ    
__STACKSIZE__             000800 REA    __BSS_SIZE__              000890 REA    
__MAIN_START__            001C0D RLA    _exit                     001C42 RLA    
initheap                  001C5E  LAI   initcgetc                 001C6E  LAI   
initlib                   001C81 RLA    initcurunit               001C8D  LAI   
initstdout                001C99  LAI   __CONSTRUCTOR_TABLE__     001CAA RLA    
_uii_change_dir           001D93 RLA    _uii_open_file            002045 RLA    
_uii_close_file           002105 RLA    _uii_read_file            002131 RLA    
_uii_write_file           002167 RLA    _uii_delete_file          00222C RLA    
_uii_readdata             002952 RLA    _uii_accept               002A02 RLA    
_mid                      00314C RLA    _cmd                      003291 RLA    
_writeconfigfile          0032B0 RLA    _readconfigfile           003326 RLA    
_main                     003D0C RLA    __directerrno             003DEE RLA    
__mappederrno             003DF8 RLA    __printf                  003EFB RLA    
__seterrno                0041AD RLA    _set_c128_speed           0041B6 RLA    
tosaddax                  0041C8 RLA    addeq0sp                  0041E2 RLA    
addeqysp                  0041E4 RLA    addysp1                   0041F3 RLA    
addysp                    0041F4 RLA    aslax1                    004201 RLA    
axlong                    004209 RLA    axulong                   00420F RLA    
bnega                     00421A RLA    _cbm_close                004224 REA    
_cbm_k_close              004224 RLA    _cbm_k_open               004228 RLA    
_cbm_k_setlfs             004231 RLA    _cbm_k_setnam             00423F RLA    
callmain                  004252 RLA    _cbm_open                 004269 RLA    
_cbm_read                 00427F RLA    _cclearxy                 0042DA RLA    
_cgetc                    0042EF RLA    donecgetc                 004310  LAI   
_textcolor                00431F RLA    _bgcolor                  004348 RLA    
_bordercolor              00436E RLA    donelib                   00437F RLA    
_cprintf                  00438B RLA    _cputcxy                  0043B5 RLA    
_cputc                    0043BA RLA    cputdirect                0043D6 RLA    
plot                      0043F6 RLA    _cputsxy                  0043FE RLA    
_cputs                    004408 RLA    ctypemask                 004421 RLA    
ctypemaskdirect           004425 RLA    _getcurrentdevice         00443F RLA    
_cursor                   004445 RLA    decax1                    00444F RLA    
decaxy                    004456 RLA    decsp1                    00445F RLA    
decsp2                    004468 RLA    decsp3                    004475 RLA    
decsp4                    004482 RLA    decsp5                    00448F RLA    
decsp6                    00449C RLA    _free                     0044B7 RLA    
_fwrite                   00468A RLA    gotoxy                    004705 RLA    
_gotoxy                   004708 RLA    tosicmp                   004714 RLA    
incax1                    004740 RLA    incax2                    004747 RLA    
incax3                    00474E RLA    incax4                    004753 RLA    
incaxy                    004755 RLA    incsp1                    00475E RLA    
popax                     004765 RLA    incsp2                    00476D RLA    
incsp3                    00477B RLA    incsp4                    004780 RLA    
incsp5                    004785 RLA    incsp6                    00478A RLA    
incsp7                    00478F RLA    incsp8                    004794 RLA    
_isdigit                  004799 RLA    _islower                  0047A1 RLA    
_isprint                  0047A9 RLA    _isspace                  0047B3 RLA    
_isupper                  0047BB RLA    tosaddeax                 0047C9 RLA    
toslcmp                   0047E8 RLA    ldax0sp                   004823 RLA    
ldaxysp                   004825 RLA    ldeaxysp                  00482E RLA    
leaa0sp                   00483F RLA    leaaxsp                   004841 RLA    
toseqeax                  00484B RLA    tosumuleax                004857 RLA    
negeax                    0048AD RLA    pushl0                    0048CB RLA    
pusheax                   0048D4 RLA    _ltoa                     004904 RLA    
_ultoa                    004945 RLA    tosudiveax                004987 RLA    
getlop                    004992 RLA    udiv32                    0049B6 RLA    
tosugteax                 0049FB RLA    tosumodeax                004A07 RLA    
booleq                    004A20 RLA    boolugt                   004A3F RLA    
_malloc                   004A46 RLA    _memcpy                   004B54 RLA    
__bzero                   004B90 RLA    tosumulax                 004BED RLA    
mul8x16                   004C34 RLA    mul8x16a                  004C3E RLA    
mulax10                   004C6C RLA    __osmaperrno              004C85 RLA    
popa                      004C9B RLA    popptr1                   004CA7 RLA    
_printf                   004CB5 RLA    push1                     004CE8 RLA    
pusha                     004CF1 RLA    push0                     004D03 RLA    
pusha0                    004D05 RLA    pushax                    004D07 RLA    
pushw                     004D1D RLA    pushw0sp                  004D2C RLA    
pushwysp                  004D2E RLA    return0                   004D48 RLA    
_revers                   004D4C RLA    rwcommon                  004D60 RLA    
_sprintf                  004D7A RLA    staspidx                  004DA5 RLA    
stax0sp                   004DBB RLA    staxysp                   004DBD RLA    
steaxysp                  004DC8 RLA    _strcmp                   004DDB RLA    
_strcpy                   004DFC RLA    _strlen                   004E1B RLA    
_strlower                 004E31 RLA    _strncpy                  004E58 RLA    
_strtol                   004E9A RLA    subysp                    00510D RLA    
tosudivax                 00511C RLA    _vcprintf                 0051B1 RLA    
_vfprintf                 005219 RLA    vsnprintf                 005245 RLA    
_vsprintf                 00531C RLA    _write                    00532E RLA    
zerobss                   005382 RLA    __hextab                  00583F RLA    
__longminstr              00584F RLA    __ctype                   00585B RLA    
__ctypeidx                005866 RLA    __DESTRUCTOR_TABLE__      005940 RLA    
_secondsfromutc           00594D RLA    _timeonflag               005951 RLA    
_reufilename              005952 RLA    _reusize                  005966 RLA    
_reusizelist              005967 RLA    _stdout                   0059E3 RLA    
__heapptr                 0059E9 RLA    __heapend                 0059EB RLA    
__heapfirst               0059ED RLA    __heaplast                0059EF RLA    
fdtab                     005A1D RLA    curunit                   005A61 RLA    
__BSS_RUN__               005A62 RLA    _uii_status               005A62 RLA    
_uii_data                 005B62 RLA    cursor                    0062BC RLA    
__oserror                 0062BD RLA    __errno                   0062EC RLA    
__MAIN_SIZE__             009BF3 REA    _clrscr                   00C142 REA    
READST                    00FFB7 RLA    SETLFS                    00FFBA RLA    
SETNAM                    00FFBD RLA    OPEN                      00FFC0 RLA    
CLOSE                     00FFC3 RLA    CHKIN                     00FFC6 RLA    
CKOUT                     00FFC9 RLA    CLRCH                     00FFCC RLA    
BASIN                     00FFCF RLA    BSOUT                     00FFD2 RLA    



Imports list:
-------------
BASIN (kernal.o):
    cbm_read.o                cbm/cbm.inc:47
BSOUT (kernal.o):
    write.o                   cbm/cbm.inc:49
    crt0.o                    c128/crt0.s:10
CHKIN (kernal.o):
    cbm_read.o                cbm/cbm.inc:44
CKOUT (kernal.o):
    write.o                   cbm/cbm.inc:45
CLOSE (kernal.o):
    c_close.o                 cbm/cbm.inc:36
CLRCH (kernal.o):
    write.o                   cbm/cbm.inc:46
    cbm_read.o                cbm/cbm.inc:46
CURS_X (conio.o):
    gotoxy.o                  cbm/gotoxy.s:9
CURS_Y (conio.o):
    gotoxy.o                  cbm/gotoxy.s:9
OPEN (kernal.o):
    write.o                   cbm/cbm.inc:35
    c_open.o                  cbm/cbm.inc:35
READST (kernal.o):
    write.o                   cbm/cbm.inc:32
    cbm_read.o                cbm/cbm.inc:32
SETLFS (kernal.o):
    write.o                   cbm/cbm.inc:33
    c_setlfs.o                cbm/cbm.inc:33
SETNAM (kernal.o):
    c_setnam.o                cbm/cbm.inc:34
ST (status.o):
    crt0.o                    c128/crt0.s:12
__BSS_RUN__ ([linker generated]):
    _heap.o                   common/_heap.s:8
    zerobss.o                 common/zerobss.s:8
__BSS_SIZE__ ([linker generated]):
    _heap.o                   common/_heap.s:8
    zerobss.o                 common/zerobss.s:8
__CONSTRUCTOR_COUNT__ ([linker generated]):
    condes.o                  runtime/condes.s:18
__CONSTRUCTOR_TABLE__ ([linker generated]):
    condes.o                  runtime/condes.s:18
__DESTRUCTOR_COUNT__ ([linker generated]):
    condes.o                  runtime/condes.s:19
__DESTRUCTOR_TABLE__ ([linker generated]):
    condes.o                  runtime/condes.s:19
__EXEHDR__ (exehdr.o):
    [linker generated]        /home/xahmol/retro/cc65/cfg/c128.cfg:3
__LOADADDR__ (loadaddr.o):
    [linker generated]        /home/xahmol/retro/cc65/cfg/c128.cfg:2
__MAIN_SIZE__ ([linker generated]):
    crt0.o                    c128/crt0.s:11
__MAIN_START__ ([linker generated]):
    crt0.o                    c128/crt0.s:11
__STACKSIZE__ ([linker generated]):
    _heap.o                   common/_heap.s:8
    crt0.o                    c128/crt0.s:11
    [linker generated]        /home/xahmol/retro/cc65/cfg/c128.cfg:10
__STARTUP__ (crt0.o):
    dmbconfig.o               src/dmbconfig.s:13
__bzero (memset.o):
    ultimate_lib.o            src/ultimate_lib.s:3384
__ctype (ctype.o):
    ctypemask.o               common/ctypemask.s:23
__ctypeidx (ctype.o):
    ctypemask.o               common/ctypemask.s:24
__directerrno (_directerrno.o):
    write.o                   /home/xahmol/retro/cc65/asminc/errno.inc:10
    vsnprintf.o               /home/xahmol/retro/cc65/asminc/errno.inc:10
__errno (errno.o):
    _seterrno.o               /home/xahmol/retro/cc65/asminc/errno.inc:7
__heapend (_heap.o):
    malloc.o                  /home/xahmol/retro/cc65/asminc/_heap.inc:33
__heapfirst (_heap.o):
    malloc.o                  /home/xahmol/retro/cc65/asminc/_heap.inc:34
    free.o                    /home/xahmol/retro/cc65/asminc/_heap.inc:34
__heaplast (_heap.o):
    malloc.o                  /home/xahmol/retro/cc65/asminc/_heap.inc:35
    free.o                    /home/xahmol/retro/cc65/asminc/_heap.inc:35
__heapptr (_heap.o):
    malloc.o                  /home/xahmol/retro/cc65/asminc/_heap.inc:32
    free.o                    /home/xahmol/retro/cc65/asminc/_heap.inc:32
__hextab (_hextab.o):
    ltoa.o                    common/ltoa.s:10
__longminstr (_longminstr.o):
    ltoa.o                    common/ltoa.s:10
__mappederrno (_mappederrno.o):
    write.o                   /home/xahmol/retro/cc65/asminc/errno.inc:10
__oserror (_oserror.o):
    _mappederrno.o            /home/xahmol/retro/cc65/asminc/errno.inc:7
    _directerrno.o            /home/xahmol/retro/cc65/asminc/errno.inc:7
    write.o                   /home/xahmol/retro/cc65/asminc/errno.inc:7
    cbm_read.o                cbm/cbm_read.s:44
    cbm_open.o                cbm/cbm_open.s:24
    configcommon.o            src/configcommon.s:23
__osmaperrno (oserror.o):
    _mappederrno.o            /home/xahmol/retro/cc65/asminc/errno.inc:8
__printf (_printf.o):
    vsnprintf.o               common/vsnprintf.s:10
    vfprintf.o                common/vfprintf.s:10
    vcprintf.o                conio/vcprintf.s:9
__seterrno (_seterrno.o):
    _mappederrno.o            /home/xahmol/retro/cc65/asminc/errno.inc:9
    _directerrno.o            /home/xahmol/retro/cc65/asminc/errno.inc:9
    fwrite.o                  /home/xahmol/retro/cc65/asminc/errno.inc:9
    strtol.o                  ../libwrk/c128/strtol.s:17
_bgcolor (color.o):
    dmbconfig.o               src/dmbconfig.s:26
_bordercolor (color.o):
    dmbconfig.o               src/dmbconfig.s:27
_cbm_close (cbm_close.o):
    configcommon.o            src/configcommon.s:20
_cbm_k_close (c_close.o):
    cbm_close.o               cbm/cbm_close.s:7
_cbm_k_open (c_open.o):
    cbm_open.o                cbm/cbm_open.s:23
_cbm_k_setlfs (c_setlfs.o):
    cbm_open.o                cbm/cbm_open.s:23
_cbm_k_setnam (c_setnam.o):
    cbm_open.o                cbm/cbm_open.s:23
_cbm_open (cbm_open.o):
    configcommon.o            src/configcommon.s:19
_cbm_read (cbm_read.o):
    configcommon.o            src/configcommon.s:21
_cclearxy (cclear.o):
    dmbconfig.o               src/dmbconfig.s:28
_cgetc (cgetc.o):
    dmbconfig.o               src/dmbconfig.s:22
_clrscr (clrscr.o):
    dmbconfig.o               src/dmbconfig.s:15
_cmd (configcommon.o):
    dmbconfig.o               src/dmbconfig.s:43
_cprintf (cprintf.o):
    dmbconfig.o               src/dmbconfig.s:21
_cputc (cputc.o):
    vcprintf.o                conio/vcprintf.s:9
    cputs.o                   conio/cputs.s:9
    dmbconfig.o               src/dmbconfig.s:17
_cputcxy (cputc.o):
    dmbconfig.o               src/dmbconfig.s:18
_cputs (cputs.o):
    dmbconfig.o               src/dmbconfig.s:19
_cputsxy (cputs.o):
    dmbconfig.o               src/dmbconfig.s:20
_cursor (cursor.o):
    dmbconfig.o               src/dmbconfig.s:23
_exit (crt0.o):
    dmbconfig.o               src/dmbconfig.s:29
_free (free.o):
    ultimate_lib.o            src/ultimate_lib.s:16
_fwrite (fwrite.o):
    vfprintf.o                common/vfprintf.s:10
_getcurrentdevice (curdevice.o):
    dmbconfig.o               src/dmbconfig.s:32
_gotoxy (gotoxy.o):
    dmbconfig.o               src/dmbconfig.s:16
_isdigit (isdigit.o):
    strtol.o                  ../libwrk/c128/strtol.s:13
_islower (islower.o):
    strtol.o                  ../libwrk/c128/strtol.s:14
_isprint (isprint.o):
    dmbconfig.o               src/dmbconfig.s:31
_isspace (isspace.o):
    strtol.o                  ../libwrk/c128/strtol.s:15
_isupper (isupper.o):
    strtol.o                  ../libwrk/c128/strtol.s:16
_ltoa (ltoa.o):
    _printf.o                 common/_printf.s:12
_main (dmbconfig.o):
    callmain.o                runtime/callmain.s:11
_malloc (malloc.o):
    ultimate_lib.o            src/ultimate_lib.s:15
_memcpy (memcpy.o):
    vsnprintf.o               common/vsnprintf.s:10
_mid (configcommon.o):
    dmbconfig.o               src/dmbconfig.s:42
_printf (printf.o):
    configcommon.o            src/configcommon.s:13
_readconfigfile (configcommon.o):
    dmbconfig.o               src/dmbconfig.s:45
_reufilename (configcommon.o):
    dmbconfig.o               src/dmbconfig.s:38
_reusize (configcommon.o):
    dmbconfig.o               src/dmbconfig.s:39
_reusizelist (configcommon.o):
    dmbconfig.o               src/dmbconfig.s:40
_revers (revers.o):
    dmbconfig.o               src/dmbconfig.s:24
_secondsfromutc (configcommon.o):
    dmbconfig.o               src/dmbconfig.s:36
_set_c128_speed (acc_c128_speed.o):
    dmbconfig.o               src/dmbconfig.s:33
_sprintf (sprintf.o):
    configcommon.o            src/configcommon.s:14
_stdout (_file.o):
    printf.o                  common/printf.s:8
_strcmp (strcmp.o):
    configcommon.o            src/configcommon.s:15
_strcpy (strcpy.o):
    configcommon.o            src/configcommon.s:16
_strlen (strlen.o):
    _printf.o                 common/_printf.s:13
    dmbconfig.o               src/dmbconfig.s:14
    configcommon.o            src/configcommon.s:17
    ultimate_lib.o            src/ultimate_lib.s:13
_strlower (strlower.o):
    _printf.o                 common/_printf.s:13
_strncpy (strncpy.o):
    configcommon.o            src/configcommon.s:18
_strtol (strtol.o):
    dmbconfig.o               src/dmbconfig.s:30
    configcommon.o            src/configcommon.s:22
_textcolor (color.o):
    dmbconfig.o               src/dmbconfig.s:25
_timeonflag (configcommon.o):
    dmbconfig.o               src/dmbconfig.s:37
_uii_accept (ultimate_lib.o):
    configcommon.o            src/configcommon.s:32
_uii_change_dir (ultimate_lib.o):
    dmbconfig.o               src/dmbconfig.s:34
_uii_close_file (ultimate_lib.o):
    configcommon.o            src/configcommon.s:27
_uii_data (ultimate_lib.o):
    configcommon.o            src/configcommon.s:25
_uii_delete_file (ultimate_lib.o):
    configcommon.o            src/configcommon.s:30
_uii_open_file (ultimate_lib.o):
    configcommon.o            src/configcommon.s:26
_uii_read_file (ultimate_lib.o):
    configcommon.o            src/configcommon.s:28
_uii_readdata (ultimate_lib.o):
    configcommon.o            src/configcommon.s:31
_uii_status (ultimate_lib.o):
    configcommon.o            src/configcommon.s:24
_uii_write_file (ultimate_lib.o):
    configcommon.o            src/configcommon.s:29
_ultoa (ltoa.o):
    _printf.o                 common/_printf.s:12
_vcprintf (vcprintf.o):
    cprintf.o                 conio/cprintf.s:8
_vfprintf (vfprintf.o):
    printf.o                  common/printf.s:8
_vsprintf (vsprintf.o):
    sprintf.o                 common/sprintf.s:8
_write (write.o):
    fwrite.o                  common/fwrite.s:10
_writeconfigfile (configcommon.o):
    dmbconfig.o               src/dmbconfig.s:44
addeq0sp (addeqsp.o):
    ultimate_lib.o            src/ultimate_lib.s:3384
    ultimate_lib.o            src/ultimate_lib.s:3384
    ultimate_lib.o            src/ultimate_lib.s:3384
addeqysp (addeqsp.o):
    strtol.o                  ../libwrk/c128/strtol.s:320
    ultimate_lib.o            src/ultimate_lib.s:3384
    ultimate_lib.o            src/ultimate_lib.s:3384
    ultimate_lib.o            src/ultimate_lib.s:3384
    ultimate_lib.o            src/ultimate_lib.s:3384
    ultimate_lib.o            src/ultimate_lib.s:3384
    ultimate_lib.o            src/ultimate_lib.s:3384
    ultimate_lib.o            src/ultimate_lib.s:3384
    ultimate_lib.o            src/ultimate_lib.s:3384
    ultimate_lib.o            src/ultimate_lib.s:3384
    ultimate_lib.o            src/ultimate_lib.s:3384
    ultimate_lib.o            src/ultimate_lib.s:3384
    ultimate_lib.o            src/ultimate_lib.s:3384
addysp (addysp.o):
    fwrite.o                  common/fwrite.s:11
    strtol.o                  ../libwrk/c128/strtol.s:320
    sprintf.o                 common/sprintf.s:8
    printf.o                  common/printf.s:8
    incsp8.o                  runtime/incsp8.s:8
    incsp7.o                  runtime/incsp7.s:8
    incsp6.o                  runtime/incsp6.s:8
    incsp5.o                  runtime/incsp5.s:8
    incsp4.o                  runtime/incsp4.s:8
    incsp3.o                  runtime/incsp3.s:8
    cprintf.o                 conio/cprintf.s:8
    dmbconfig.o               src/dmbconfig.s:1296
    dmbconfig.o               src/dmbconfig.s:1296
    configcommon.o            src/configcommon.s:579
    configcommon.o            src/configcommon.s:579
    configcommon.o            src/configcommon.s:579
    configcommon.o            src/configcommon.s:579
    ultimate_lib.o            src/ultimate_lib.s:3384
    ultimate_lib.o            src/ultimate_lib.s:3384
    ultimate_lib.o            src/ultimate_lib.s:3384
    ultimate_lib.o            src/ultimate_lib.s:3384
    ultimate_lib.o            src/ultimate_lib.s:3384
    ultimate_lib.o            src/ultimate_lib.s:3384
    ultimate_lib.o            src/ultimate_lib.s:3384
addysp1 (addysp.o):
    ludiv.o                   runtime/ludiv.s:9
    lmul.o                    runtime/lmul.s:9
    ladd.o                    runtime/ladd.s:8
aslax1 (aslax1.o):
    dmbconfig.o               src/dmbconfig.s:1296
    dmbconfig.o               src/dmbconfig.s:1296
axlong (axlong.o):
    _printf.o                 common/_printf.s:11
    strtol.o                  ../libwrk/c128/strtol.s:320
axulong (axlong.o):
    _printf.o                 common/_printf.s:11
    strtol.o                  ../libwrk/c128/strtol.s:320
bnega (bneg.o):
    ultimate_lib.o            src/ultimate_lib.s:3384
    ultimate_lib.o            src/ultimate_lib.s:3384
booleq (makebool.o):
    leq.o                     runtime/leq.s:8
    dmbconfig.o               src/dmbconfig.s:1296
boolugt (makebool.o):
    lugt.o                    runtime/lugt.s:8
callmain (callmain.o):
    crt0.o                    c128/crt0.s:9
cputdirect (cputc.o):
    cclear.o                  cbm/cclear.s:9
ctypemask (ctypemask.o):
    isupper.o                 common/isupper.s:15
    isspace.o                 common/isspace.s:15
    islower.o                 common/islower.s:15
    isdigit.o                 common/isdigit.s:15
    isprint.o                 common/isprint.s:15
ctypemaskdirect (ctypemask.o):
    strlower.o                common/strlower.s:14
cursor (_cursor.o):
    cursor.o                  conio/cursor.s:8
    cgetc.o                   c128/cgetc.s:11
curunit (filevars.o):
    curdevice.o               cbm/curdevice.s:8
decax1 (decax1.o):
    configcommon.o            src/configcommon.s:579
decaxy (decaxy.o):
    strtol.o                  ../libwrk/c128/strtol.s:320
    dmbconfig.o               src/dmbconfig.s:1296
    dmbconfig.o               src/dmbconfig.s:1296
    configcommon.o            src/configcommon.s:579
    configcommon.o            src/configcommon.s:579
decsp1 (decsp1.o):
    dmbconfig.o               src/dmbconfig.s:1296
    dmbconfig.o               src/dmbconfig.s:1296
    dmbconfig.o               src/dmbconfig.s:1296
    ultimate_lib.o            src/ultimate_lib.s:3384
decsp2 (decsp2.o):
    dmbconfig.o               src/dmbconfig.s:1296
    dmbconfig.o               src/dmbconfig.s:1296
    ultimate_lib.o            src/ultimate_lib.s:3384
    ultimate_lib.o            src/ultimate_lib.s:3384
    ultimate_lib.o            src/ultimate_lib.s:3384
    ultimate_lib.o            src/ultimate_lib.s:3384
    ultimate_lib.o            src/ultimate_lib.s:3384
    ultimate_lib.o            src/ultimate_lib.s:3384
    ultimate_lib.o            src/ultimate_lib.s:3384
    ultimate_lib.o            src/ultimate_lib.s:3384
    ultimate_lib.o            src/ultimate_lib.s:3384
    ultimate_lib.o            src/ultimate_lib.s:3384
    ultimate_lib.o            src/ultimate_lib.s:3384
    ultimate_lib.o            src/ultimate_lib.s:3384
    ultimate_lib.o            src/ultimate_lib.s:3384
    ultimate_lib.o            src/ultimate_lib.s:3384
    ultimate_lib.o            src/ultimate_lib.s:3384
    ultimate_lib.o            src/ultimate_lib.s:3384
    ultimate_lib.o            src/ultimate_lib.s:3384
    ultimate_lib.o            src/ultimate_lib.s:3384
    ultimate_lib.o            src/ultimate_lib.s:3384
    ultimate_lib.o            src/ultimate_lib.s:3384
decsp3 (decsp3.o):
    configcommon.o            src/configcommon.s:579
    ultimate_lib.o            src/ultimate_lib.s:3384
    ultimate_lib.o            src/ultimate_lib.s:3384
    ultimate_lib.o            src/ultimate_lib.s:3384
    ultimate_lib.o            src/ultimate_lib.s:3384
    ultimate_lib.o            src/ultimate_lib.s:3384
decsp4 (decsp4.o):
    sprintf.o                 common/sprintf.s:8
    lpush.o                   runtime/lpush.s:12
    ultimate_lib.o            src/ultimate_lib.s:3384
    ultimate_lib.o            src/ultimate_lib.s:3384
decsp5 (decsp5.o):
    ultimate_lib.o            src/ultimate_lib.s:3384
decsp6 (decsp6.o):
    _printf.o                 common/_printf.s:11
    strtol.o                  ../libwrk/c128/strtol.s:320
devnum (devnum.o):
    filevars.o                cbm/filevars.s:9
donelib (condes.o):
    crt0.o                    c128/crt0.s:7
fdtab (filedes.o):
    write.o                   cbm/filedes.inc:7
getlop (ludiv.o):
    lumod.o                   runtime/lumod.s:9
gotoxy (gotoxy.o):
    cputs.o                   conio/cputs.s:9
    cputc.o                   c128/cputc.s:11
    cclear.o                  cbm/cclear.s:9
incax1 (incax1.o):
    strtol.o                  ../libwrk/c128/strtol.s:320
    dmbconfig.o               src/dmbconfig.s:1296
    ultimate_lib.o            src/ultimate_lib.s:3384
    ultimate_lib.o            src/ultimate_lib.s:3384
    ultimate_lib.o            src/ultimate_lib.s:3384
    ultimate_lib.o            src/ultimate_lib.s:3384
    ultimate_lib.o            src/ultimate_lib.s:3384
    ultimate_lib.o            src/ultimate_lib.s:3384
    ultimate_lib.o            src/ultimate_lib.s:3384
    ultimate_lib.o            src/ultimate_lib.s:3384
    ultimate_lib.o            src/ultimate_lib.s:3384
    ultimate_lib.o            src/ultimate_lib.s:3384
    ultimate_lib.o            src/ultimate_lib.s:3384
incax2 (incax2.o):
    ultimate_lib.o            src/ultimate_lib.s:3384
    ultimate_lib.o            src/ultimate_lib.s:3384
    ultimate_lib.o            src/ultimate_lib.s:3384
    ultimate_lib.o            src/ultimate_lib.s:3384
    ultimate_lib.o            src/ultimate_lib.s:3384
    ultimate_lib.o            src/ultimate_lib.s:3384
    ultimate_lib.o            src/ultimate_lib.s:3384
    ultimate_lib.o            src/ultimate_lib.s:3384
    ultimate_lib.o            src/ultimate_lib.s:3384
    ultimate_lib.o            src/ultimate_lib.s:3384
    ultimate_lib.o            src/ultimate_lib.s:3384
    ultimate_lib.o            src/ultimate_lib.s:3384
incax3 (incax3.o):
    ultimate_lib.o            src/ultimate_lib.s:3384
    ultimate_lib.o            src/ultimate_lib.s:3384
    ultimate_lib.o            src/ultimate_lib.s:3384
    ultimate_lib.o            src/ultimate_lib.s:3384
    ultimate_lib.o            src/ultimate_lib.s:3384
    ultimate_lib.o            src/ultimate_lib.s:3384
    ultimate_lib.o            src/ultimate_lib.s:3384
incax4 (incaxy.o):
    ultimate_lib.o            src/ultimate_lib.s:3384
    ultimate_lib.o            src/ultimate_lib.s:3384
incaxy (incaxy.o):
    incax3.o                  runtime/incax3.s:8
    configcommon.o            src/configcommon.s:579
incsp1 (incsp1.o):
    dmbconfig.o               src/dmbconfig.s:1296
    dmbconfig.o               src/dmbconfig.s:1296
    dmbconfig.o               src/dmbconfig.s:1296
    ultimate_lib.o            src/ultimate_lib.s:3384
incsp2 (incsp2.o):
    vsnprintf.o               common/vsnprintf.s:9
    popptr1.o                 runtime/popptr1.s:8
    staspidx.o                runtime/staspidx.s:8
    dmbconfig.o               src/dmbconfig.s:1296
    ultimate_lib.o            src/ultimate_lib.s:3384
    ultimate_lib.o            src/ultimate_lib.s:3384
    ultimate_lib.o            src/ultimate_lib.s:3384
    ultimate_lib.o            src/ultimate_lib.s:3384
    ultimate_lib.o            src/ultimate_lib.s:3384
    ultimate_lib.o            src/ultimate_lib.s:3384
    ultimate_lib.o            src/ultimate_lib.s:3384
    ultimate_lib.o            src/ultimate_lib.s:3384
    ultimate_lib.o            src/ultimate_lib.s:3384
    ultimate_lib.o            src/ultimate_lib.s:3384
    ultimate_lib.o            src/ultimate_lib.s:3384
    ultimate_lib.o            src/ultimate_lib.s:3384
    ultimate_lib.o            src/ultimate_lib.s:3384
    ultimate_lib.o            src/ultimate_lib.s:3384
    ultimate_lib.o            src/ultimate_lib.s:3384
    ultimate_lib.o            src/ultimate_lib.s:3384
    ultimate_lib.o            src/ultimate_lib.s:3384
    ultimate_lib.o            src/ultimate_lib.s:3384
incsp3 (incsp3.o):
    configcommon.o            src/configcommon.s:579
    ultimate_lib.o            src/ultimate_lib.s:3384
    ultimate_lib.o            src/ultimate_lib.s:3384
    ultimate_lib.o            src/ultimate_lib.s:3384
    ultimate_lib.o            src/ultimate_lib.s:3384
    ultimate_lib.o            src/ultimate_lib.s:3384
    ultimate_lib.o            src/ultimate_lib.s:3384
    ultimate_lib.o            src/ultimate_lib.s:3384
    ultimate_lib.o            src/ultimate_lib.s:3384
incsp4 (incsp4.o):
    lcmp.o                    runtime/lcmp.s:9
    ultimate_lib.o            src/ultimate_lib.s:3384
    ultimate_lib.o            src/ultimate_lib.s:3384
    ultimate_lib.o            src/ultimate_lib.s:3384
    ultimate_lib.o            src/ultimate_lib.s:3384
    ultimate_lib.o            src/ultimate_lib.s:3384
    ultimate_lib.o            src/ultimate_lib.s:3384
    ultimate_lib.o            src/ultimate_lib.s:3384
incsp5 (incsp5.o):
    dmbconfig.o               src/dmbconfig.s:1296
    ultimate_lib.o            src/ultimate_lib.s:3384
    ultimate_lib.o            src/ultimate_lib.s:3384
incsp6 (incsp6.o):
    vsnprintf.o               common/vsnprintf.s:9
    fwrite.o                  common/fwrite.s:11
    vfprintf.o                common/vfprintf.s:9
    ultimate_lib.o            src/ultimate_lib.s:3384
    ultimate_lib.o            src/ultimate_lib.s:3384
    ultimate_lib.o            src/ultimate_lib.s:3384
    ultimate_lib.o            src/ultimate_lib.s:3384
incsp7 (incsp7.o):
    dmbconfig.o               src/dmbconfig.s:1296
    ultimate_lib.o            src/ultimate_lib.s:3384
    ultimate_lib.o            src/ultimate_lib.s:3384
    ultimate_lib.o            src/ultimate_lib.s:3384
incsp8 (incsp8.o):
    ultimate_lib.o            src/ultimate_lib.s:3384
    ultimate_lib.o            src/ultimate_lib.s:3384
initlib (condes.o):
    crt0.o                    c128/crt0.s:7
ldax0sp (ldaxsp.o):
    configcommon.o            src/configcommon.s:579
    ultimate_lib.o            src/ultimate_lib.s:3384
    ultimate_lib.o            src/ultimate_lib.s:3384
    ultimate_lib.o            src/ultimate_lib.s:3384
    ultimate_lib.o            src/ultimate_lib.s:3384
    ultimate_lib.o            src/ultimate_lib.s:3384
    ultimate_lib.o            src/ultimate_lib.s:3384
    ultimate_lib.o            src/ultimate_lib.s:3384
    ultimate_lib.o            src/ultimate_lib.s:3384
    ultimate_lib.o            src/ultimate_lib.s:3384
    ultimate_lib.o            src/ultimate_lib.s:3384
    ultimate_lib.o            src/ultimate_lib.s:3384
    ultimate_lib.o            src/ultimate_lib.s:3384
    ultimate_lib.o            src/ultimate_lib.s:3384
    ultimate_lib.o            src/ultimate_lib.s:3384
ldaxysp (ldaxsp.o):
    vsnprintf.o               common/vsnprintf.s:9
    fwrite.o                  common/fwrite.s:11
    strtol.o                  ../libwrk/c128/strtol.s:320
    dmbconfig.o               src/dmbconfig.s:1296
    configcommon.o            src/configcommon.s:579
    configcommon.o            src/configcommon.s:579
    configcommon.o            src/configcommon.s:579
    configcommon.o            src/configcommon.s:579
    configcommon.o            src/configcommon.s:579
    ultimate_lib.o            src/ultimate_lib.s:3384
    ultimate_lib.o            src/ultimate_lib.s:3384
    ultimate_lib.o            src/ultimate_lib.s:3384
    ultimate_lib.o            src/ultimate_lib.s:3384
    ultimate_lib.o            src/ultimate_lib.s:3384
    ultimate_lib.o            src/ultimate_lib.s:3384
    ultimate_lib.o            src/ultimate_lib.s:3384
    ultimate_lib.o            src/ultimate_lib.s:3384
    ultimate_lib.o            src/ultimate_lib.s:3384
    ultimate_lib.o            src/ultimate_lib.s:3384
    ultimate_lib.o            src/ultimate_lib.s:3384
    ultimate_lib.o            src/ultimate_lib.s:3384
    ultimate_lib.o            src/ultimate_lib.s:3384
    ultimate_lib.o            src/ultimate_lib.s:3384
    ultimate_lib.o            src/ultimate_lib.s:3384
ldeaxysp (ldeaxysp.o):
    strtol.o                  ../libwrk/c128/strtol.s:320
leaa0sp (leaaxsp.o):
    dmbconfig.o               src/dmbconfig.s:1296
    dmbconfig.o               src/dmbconfig.s:1296
    configcommon.o            src/configcommon.s:579
    configcommon.o            src/configcommon.s:579
    ultimate_lib.o            src/ultimate_lib.s:3384
    ultimate_lib.o            src/ultimate_lib.s:3384
leaaxsp (leaaxsp.o):
    configcommon.o            src/configcommon.s:579
mul8x16 (mul8.o):
    mul.o                     runtime/mul.s:8
mul8x16a (mul8.o):
    mul.o                     runtime/mul.s:8
mulax10 (mulax10.o):
    configcommon.o            src/configcommon.s:579
negeax (lneg.o):
    ltoa.o                    common/ltoa.s:9
    strtol.o                  ../libwrk/c128/strtol.s:320
plot (cputc.o):
    gotoxy.o                  cbm/gotoxy.s:8
popa (popa.o):
    c_setlfs.o                cbm/c_setlfs.s:12
    gotoxy.o                  cbm/gotoxy.s:8
    cbm_read.o                cbm/cbm_read.s:43
    cbm_open.o                cbm/cbm_open.s:22
popax (incsp2.o):
    rwcommon.o                cbm/rwcommon.s:9
    memcpy.o                  common/memcpy.s:14
    vsnprintf.o               common/vsnprintf.s:9
    ltoa.o                    common/ltoa.s:9
    _printf.o                 common/_printf.s:11
    vcprintf.o                conio/vcprintf.s:8
    strncpy.o                 common/strncpy.s:8
    strcpy.o                  common/strcpy.s:8
    memset.o                  common/memset.s:19
    cbm_read.o                cbm/cbm_read.s:43
popptr1 (popptr1.o):
    rwcommon.o                cbm/rwcommon.s:9
    memcpy.o                  common/memcpy.s:14
    udiv.o                    runtime/udiv.s:9
    mul8.o                    runtime/mul8.s:9
    mul.o                     runtime/mul.s:9
    ltoa.o                    common/ltoa.s:9
    vcprintf.o                conio/vcprintf.s:8
    strncpy.o                 common/strncpy.s:8
    strcmp.o                  common/strcmp.s:8
ptr1 (zeropage.o):
    memcpy.o                  common/memcpy.s:15
    lcmp.o                    runtime/lcmp.s:10
    write.o                   cbm/write.s:11
    vsnprintf.o               common/vsnprintf.s:11
    udiv.o                    runtime/udiv.s:10
    strlower.o                common/strlower.s:13
    popptr1.o                 runtime/popptr1.s:9
    mul8.o                    runtime/mul8.s:10
    mul.o                     runtime/mul.s:10
    ludiv.o                   runtime/ludiv.s:10
    ltoa.o                    common/ltoa.s:11
    lmul.o                    runtime/lmul.s:10
    fwrite.o                  common/fwrite.s:14
    c_setnam.o                cbm/c_setnam.s:10
    _printf.o                 /home/xahmol/retro/cc65/asminc/zeropage.inc:12
    zerobss.o                 common/zerobss.s:9
    vfprintf.o                common/vfprintf.s:11
    vcprintf.o                conio/vcprintf.s:10
    strtol.o                  ../libwrk/c128/strtol.s:11
    strncpy.o                 common/strncpy.s:9
    strcpy.o                  common/strcpy.s:9
    strcmp.o                  common/strcmp.s:9
    staspidx.o                runtime/staspidx.s:9
    sprintf.o                 common/sprintf.s:9
    pushw.o                   runtime/pushw.s:9
    printf.o                  common/printf.s:9
    mulax10.o                 runtime/mulax10.s:9
    memset.o                  common/memset.s:20
    malloc.o                  common/malloc.s:108
    free.o                    common/free.s:62
    cputs.o                   conio/cputs.s:10
    cprintf.o                 conio/cprintf.s:9
    cbm_read.o                cbm/cbm_read.s:42
    dmbconfig.o               src/dmbconfig.s:11
    configcommon.o            src/configcommon.s:11
    ultimate_lib.o            src/ultimate_lib.s:11
ptr2 (zeropage.o):
    rwcommon.o                cbm/rwcommon.s:10
    memcpy.o                  common/memcpy.s:15
    write.o                   cbm/write.s:11
    strlower.o                common/strlower.s:13
    lumod.o                   runtime/lumod.s:10
    ludiv.o                   runtime/ludiv.s:10
    ltoa.o                    common/ltoa.s:11
    _printf.o                 /home/xahmol/retro/cc65/asminc/zeropage.inc:12
    vcprintf.o                conio/vcprintf.s:10
    strncpy.o                 common/strncpy.s:9
    strlen.o                  common/strlen.s:12
    strcpy.o                  common/strcpy.s:9
    strcmp.o                  common/strcmp.s:9
    memset.o                  common/memset.s:20
    malloc.o                  common/malloc.s:108
    free.o                    common/free.s:62
    cbm_read.o                cbm/cbm_read.s:42
ptr3 (zeropage.o):
    rwcommon.o                cbm/rwcommon.s:10
    memcpy.o                  common/memcpy.s:15
    write.o                   cbm/write.s:11
    ludiv.o                   runtime/ludiv.s:10
    ltoa.o                    common/ltoa.s:11
    lmul.o                    runtime/lmul.s:10
    vcprintf.o                conio/vcprintf.s:10
    memset.o                  common/memset.s:20
    malloc.o                  common/malloc.s:108
    free.o                    common/free.s:62
    cbm_read.o                cbm/cbm_read.s:42
ptr4 (zeropage.o):
    udiv.o                    runtime/udiv.s:10
    mul8.o                    runtime/mul8.s:10
    mul.o                     runtime/mul.s:10
    ludiv.o                   runtime/ludiv.s:10
    lmul.o                    runtime/lmul.s:10
    free.o                    common/free.s:62
push0 (pushax.o):
    strtol.o                  ../libwrk/c128/strtol.s:320
    ultimate_lib.o            src/ultimate_lib.s:3384
    ultimate_lib.o            src/ultimate_lib.s:3384
    ultimate_lib.o            src/ultimate_lib.s:3384
    ultimate_lib.o            src/ultimate_lib.s:3384
    ultimate_lib.o            src/ultimate_lib.s:3384
    ultimate_lib.o            src/ultimate_lib.s:3384
    ultimate_lib.o            src/ultimate_lib.s:3384
    ultimate_lib.o            src/ultimate_lib.s:3384
    ultimate_lib.o            src/ultimate_lib.s:3384
    ultimate_lib.o            src/ultimate_lib.s:3384
    ultimate_lib.o            src/ultimate_lib.s:3384
    ultimate_lib.o            src/ultimate_lib.s:3384
    ultimate_lib.o            src/ultimate_lib.s:3384
    ultimate_lib.o            src/ultimate_lib.s:3384
    ultimate_lib.o            src/ultimate_lib.s:3384
    ultimate_lib.o            src/ultimate_lib.s:3384
push1 (push1.o):
    _printf.o                 common/_printf.s:11
    vfprintf.o                common/vfprintf.s:9
pusha (pusha.o):
    strtol.o                  ../libwrk/c128/strtol.s:320
    dmbconfig.o               src/dmbconfig.s:1296
    dmbconfig.o               src/dmbconfig.s:1296
    dmbconfig.o               src/dmbconfig.s:1296
    dmbconfig.o               src/dmbconfig.s:1296
    dmbconfig.o               src/dmbconfig.s:1296
    dmbconfig.o               src/dmbconfig.s:1296
    dmbconfig.o               src/dmbconfig.s:1296
    configcommon.o            src/configcommon.s:579
    configcommon.o            src/configcommon.s:579
    configcommon.o            src/configcommon.s:579
    configcommon.o            src/configcommon.s:579
    ultimate_lib.o            src/ultimate_lib.s:3384
    ultimate_lib.o            src/ultimate_lib.s:3384
    ultimate_lib.o            src/ultimate_lib.s:3384
    ultimate_lib.o            src/ultimate_lib.s:3384
    ultimate_lib.o            src/ultimate_lib.s:3384
    ultimate_lib.o            src/ultimate_lib.s:3384
    ultimate_lib.o            src/ultimate_lib.s:3384
    ultimate_lib.o            src/ultimate_lib.s:3384
    ultimate_lib.o            src/ultimate_lib.s:3384
    ultimate_lib.o            src/ultimate_lib.s:3384
    ultimate_lib.o            src/ultimate_lib.s:3384
    ultimate_lib.o            src/ultimate_lib.s:3384
    ultimate_lib.o            src/ultimate_lib.s:3384
    ultimate_lib.o            src/ultimate_lib.s:3384
    ultimate_lib.o            src/ultimate_lib.s:3384
    ultimate_lib.o            src/ultimate_lib.s:3384
    ultimate_lib.o            src/ultimate_lib.s:3384
    ultimate_lib.o            src/ultimate_lib.s:3384
    ultimate_lib.o            src/ultimate_lib.s:3384
    ultimate_lib.o            src/ultimate_lib.s:3384
    ultimate_lib.o            src/ultimate_lib.s:3384
pusha0 (pushax.o):
    push1.o                   runtime/push1.s:8
    dmbconfig.o               src/dmbconfig.s:1296
    dmbconfig.o               src/dmbconfig.s:1296
    dmbconfig.o               src/dmbconfig.s:1296
    dmbconfig.o               src/dmbconfig.s:1296
    configcommon.o            src/configcommon.s:579
    configcommon.o            src/configcommon.s:579
pushax (pushax.o):
    fwrite.o                  common/fwrite.s:11
    callmain.o                runtime/callmain.s:11
    _printf.o                 common/_printf.s:11
    vcprintf.o                conio/vcprintf.s:8
    strtol.o                  ../libwrk/c128/strtol.s:320
    pushw.o                   runtime/pushw.s:8
    printf.o                  common/printf.s:8
    cprintf.o                 conio/cprintf.s:8
    dmbconfig.o               src/dmbconfig.s:1296
    dmbconfig.o               src/dmbconfig.s:1296
    dmbconfig.o               src/dmbconfig.s:1296
    dmbconfig.o               src/dmbconfig.s:1296
    dmbconfig.o               src/dmbconfig.s:1296
    configcommon.o            src/configcommon.s:579
    configcommon.o            src/configcommon.s:579
    configcommon.o            src/configcommon.s:579
    configcommon.o            src/configcommon.s:579
    configcommon.o            src/configcommon.s:579
    ultimate_lib.o            src/ultimate_lib.s:3384
    ultimate_lib.o            src/ultimate_lib.s:3384
    ultimate_lib.o            src/ultimate_lib.s:3384
    ultimate_lib.o            src/ultimate_lib.s:3384
    ultimate_lib.o            src/ultimate_lib.s:3384
    ultimate_lib.o            src/ultimate_lib.s:3384
    ultimate_lib.o            src/ultimate_lib.s:3384
    ultimate_lib.o            src/ultimate_lib.s:3384
    ultimate_lib.o            src/ultimate_lib.s:3384
    ultimate_lib.o            src/ultimate_lib.s:3384
    ultimate_lib.o            src/ultimate_lib.s:3384
    ultimate_lib.o            src/ultimate_lib.s:3384
    ultimate_lib.o            src/ultimate_lib.s:3384
    ultimate_lib.o            src/ultimate_lib.s:3384
    ultimate_lib.o            src/ultimate_lib.s:3384
    ultimate_lib.o            src/ultimate_lib.s:3384
    ultimate_lib.o            src/ultimate_lib.s:3384
    ultimate_lib.o            src/ultimate_lib.s:3384
    ultimate_lib.o            src/ultimate_lib.s:3384
    ultimate_lib.o            src/ultimate_lib.s:3384
    ultimate_lib.o            src/ultimate_lib.s:3384
    ultimate_lib.o            src/ultimate_lib.s:3384
    ultimate_lib.o            src/ultimate_lib.s:3384
    ultimate_lib.o            src/ultimate_lib.s:3384
    ultimate_lib.o            src/ultimate_lib.s:3384
    ultimate_lib.o            src/ultimate_lib.s:3384
    ultimate_lib.o            src/ultimate_lib.s:3384
    ultimate_lib.o            src/ultimate_lib.s:3384
    ultimate_lib.o            src/ultimate_lib.s:3384
    ultimate_lib.o            src/ultimate_lib.s:3384
    ultimate_lib.o            src/ultimate_lib.s:3384
    ultimate_lib.o            src/ultimate_lib.s:3384
    ultimate_lib.o            src/ultimate_lib.s:3384
    ultimate_lib.o            src/ultimate_lib.s:3384
    ultimate_lib.o            src/ultimate_lib.s:3384
    ultimate_lib.o            src/ultimate_lib.s:3384
    ultimate_lib.o            src/ultimate_lib.s:3384
    ultimate_lib.o            src/ultimate_lib.s:3384
    ultimate_lib.o            src/ultimate_lib.s:3384
    ultimate_lib.o            src/ultimate_lib.s:3384
    ultimate_lib.o            src/ultimate_lib.s:3384
    ultimate_lib.o            src/ultimate_lib.s:3384
    ultimate_lib.o            src/ultimate_lib.s:3384
    ultimate_lib.o            src/ultimate_lib.s:3384
    ultimate_lib.o            src/ultimate_lib.s:3384
    ultimate_lib.o            src/ultimate_lib.s:3384
    ultimate_lib.o            src/ultimate_lib.s:3384
    ultimate_lib.o            src/ultimate_lib.s:3384
pusheax (lpush.o):
    _printf.o                 common/_printf.s:11
    strtol.o                  ../libwrk/c128/strtol.s:320
    dmbconfig.o               src/dmbconfig.s:1296
    dmbconfig.o               src/dmbconfig.s:1296
    configcommon.o            src/configcommon.s:579
pushl0 (lpush.o):
    strtol.o                  ../libwrk/c128/strtol.s:320
pushw (pushw.o):
    dmbconfig.o               src/dmbconfig.s:1296
    dmbconfig.o               src/dmbconfig.s:1296
pushw0sp (pushwsp.o):
    vsprintf.o                common/vsprintf.s:8
    ultimate_lib.o            src/ultimate_lib.s:3384
    ultimate_lib.o            src/ultimate_lib.s:3384
    ultimate_lib.o            src/ultimate_lib.s:3384
    ultimate_lib.o            src/ultimate_lib.s:3384
    ultimate_lib.o            src/ultimate_lib.s:3384
    ultimate_lib.o            src/ultimate_lib.s:3384
    ultimate_lib.o            src/ultimate_lib.s:3384
    ultimate_lib.o            src/ultimate_lib.s:3384
    ultimate_lib.o            src/ultimate_lib.s:3384
    ultimate_lib.o            src/ultimate_lib.s:3384
    ultimate_lib.o            src/ultimate_lib.s:3384
pushwysp (pushwsp.o):
    fwrite.o                  common/fwrite.s:11
    vfprintf.o                common/vfprintf.s:9
    dmbconfig.o               src/dmbconfig.s:1296
    configcommon.o            src/configcommon.s:579
    ultimate_lib.o            src/ultimate_lib.s:3384
    ultimate_lib.o            src/ultimate_lib.s:3384
    ultimate_lib.o            src/ultimate_lib.s:3384
    ultimate_lib.o            src/ultimate_lib.s:3384
    ultimate_lib.o            src/ultimate_lib.s:3384
    ultimate_lib.o            src/ultimate_lib.s:3384
    ultimate_lib.o            src/ultimate_lib.s:3384
    ultimate_lib.o            src/ultimate_lib.s:3384
    ultimate_lib.o            src/ultimate_lib.s:3384
    ultimate_lib.o            src/ultimate_lib.s:3384
    ultimate_lib.o            src/ultimate_lib.s:3384
    ultimate_lib.o            src/ultimate_lib.s:3384
    ultimate_lib.o            src/ultimate_lib.s:3384
    ultimate_lib.o            src/ultimate_lib.s:3384
    ultimate_lib.o            src/ultimate_lib.s:3384
regbank (zeropage.o):
    _printf.o                 /home/xahmol/retro/cc65/asminc/zeropage.inc:14
    strtol.o                  ../libwrk/c128/strtol.s:10
return0 (return0.o):
    color.o                   c128/color.s:10
rwcommon (rwcommon.o):
    write.o                   cbm/write.s:10
sp (zeropage.o):
    memcpy.o                  common/memcpy.s:15
    lcmp.o                    runtime/lcmp.s:10
    vsnprintf.o               common/vsnprintf.s:11
    steaxsp.o                 runtime/steaxsp.s:8
    popptr1.o                 runtime/popptr1.s:9
    ludiv.o                   runtime/ludiv.s:10
    lmul.o                    runtime/lmul.s:10
    ldeaxysp.o                runtime/ldeaxysp.s:12
    ladd.o                    runtime/ladd.s:9
    decsp6.o                  runtime/decsp6.s:8
    _printf.o                 /home/xahmol/retro/cc65/asminc/zeropage.inc:11
    _heap.o                   common/_heap.s:9
    vfprintf.o                common/vfprintf.s:11
    vcprintf.o                conio/vcprintf.s:10
    subysp.o                  runtime/subysp.s:9
    strtol.o                  ../libwrk/c128/strtol.s:10
    staxsp.o                  runtime/staxsp.s:8
    staspidx.o                runtime/staspidx.s:9
    sprintf.o                 common/sprintf.s:9
    pushwsp.o                 runtime/pushwsp.s:8
    pushax.o                  runtime/pushax.s:8
    pusha.o                   runtime/pusha.s:8
    printf.o                  common/printf.s:9
    popa.o                    runtime/popa.s:8
    memset.o                  common/memset.s:20
    lpush.o                   runtime/lpush.s:13
    leaaxsp.o                 runtime/leaaxsp.s:8
    ldaxsp.o                  runtime/ldaxsp.s:8
    incsp2.o                  runtime/incsp2.s:8
    incsp1.o                  runtime/incsp1.s:8
    icmp.o                    runtime/icmp.s:9
    decsp5.o                  runtime/decsp5.s:8
    decsp4.o                  runtime/decsp4.s:8
    decsp3.o                  runtime/decsp3.s:8
    decsp2.o                  runtime/decsp2.s:8
    decsp1.o                  runtime/decsp1.s:8
    crt0.o                    /home/xahmol/retro/cc65/asminc/zeropage.inc:11
    cprintf.o                 conio/cprintf.s:9
    addysp.o                  runtime/addysp.s:8
    addeqsp.o                 runtime/addeqsp.s:8
    add.o                     runtime/add.s:12
    dmbconfig.o               src/dmbconfig.s:10
    configcommon.o            src/configcommon.s:10
    ultimate_lib.o            src/ultimate_lib.s:10
sreg (zeropage.o):
    lcmp.o                    runtime/lcmp.s:10
    udiv.o                    runtime/udiv.s:10
    steaxsp.o                 runtime/steaxsp.s:8
    lumod.o                   runtime/lumod.s:10
    ludiv.o                   runtime/ludiv.s:10
    ltoa.o                    common/ltoa.s:11
    lneg.o                    runtime/lneg.s:11
    lmul.o                    runtime/lmul.s:10
    ldeaxysp.o                runtime/ldeaxysp.s:12
    ladd.o                    runtime/ladd.s:9
    axlong.o                  runtime/axlong.s:9
    _printf.o                 /home/xahmol/retro/cc65/asminc/zeropage.inc:11
    strtol.o                  ../libwrk/c128/strtol.s:10
    lpush.o                   runtime/lpush.s:13
    icmp.o                    runtime/icmp.s:9
    dmbconfig.o               src/dmbconfig.s:10
    configcommon.o            src/configcommon.s:10
    ultimate_lib.o            src/ultimate_lib.s:10
staspidx (staspidx.o):
    configcommon.o            src/configcommon.s:579
stax0sp (staxsp.o):
    dmbconfig.o               src/dmbconfig.s:1296
    ultimate_lib.o            src/ultimate_lib.s:3384
    ultimate_lib.o            src/ultimate_lib.s:3384
staxysp (staxsp.o):
    vsprintf.o                common/vsprintf.s:8
    strtol.o                  ../libwrk/c128/strtol.s:320
    configcommon.o            src/configcommon.s:579
    ultimate_lib.o            src/ultimate_lib.s:3384
    ultimate_lib.o            src/ultimate_lib.s:3384
    ultimate_lib.o            src/ultimate_lib.s:3384
    ultimate_lib.o            src/ultimate_lib.s:3384
    ultimate_lib.o            src/ultimate_lib.s:3384
    ultimate_lib.o            src/ultimate_lib.s:3384
    ultimate_lib.o            src/ultimate_lib.s:3384
    ultimate_lib.o            src/ultimate_lib.s:3384
    ultimate_lib.o            src/ultimate_lib.s:3384
    ultimate_lib.o            src/ultimate_lib.s:3384
    ultimate_lib.o            src/ultimate_lib.s:3384
    ultimate_lib.o            src/ultimate_lib.s:3384
steaxysp (steaxsp.o):
    strtol.o                  ../libwrk/c128/strtol.s:320
subysp (subysp.o):
    dmbconfig.o               src/dmbconfig.s:1296
    dmbconfig.o               src/dmbconfig.s:1296
    configcommon.o            src/configcommon.s:579
    configcommon.o            src/configcommon.s:579
    configcommon.o            src/configcommon.s:579
    ultimate_lib.o            src/ultimate_lib.s:3384
tmp1 (zeropage.o):
    mul.o                     runtime/mul.s:10
    ltoa.o                    common/ltoa.s:11
    ladd.o                    runtime/ladd.s:9
    c_setlfs.o                cbm/c_setlfs.s:13
    _printf.o                 /home/xahmol/retro/cc65/asminc/zeropage.inc:13
    vcprintf.o                conio/vcprintf.s:10
    strtol.o                  ../libwrk/c128/strtol.s:11
    strncpy.o                 common/strncpy.s:9
    staspidx.o                runtime/staspidx.s:9
    incaxy.o                  runtime/incaxy.s:8
    decaxy.o                  runtime/decaxy.s:8
    cputs.o                   conio/cputs.s:10
    cclear.o                  cbm/cclear.s:10
    cbm_read.o                cbm/cbm_read.s:42
    aslax1.o                  runtime/aslax1.s:8
    add.o                     runtime/add.s:12
    dmbconfig.o               src/dmbconfig.s:11
    ultimate_lib.o            src/ultimate_lib.s:11
tmp2 (zeropage.o):
    rwcommon.o                cbm/rwcommon.s:10
    lmul.o                    runtime/lmul.s:10
    strncpy.o                 common/strncpy.s:9
tmp3 (zeropage.o):
    lumod.o                   runtime/lumod.s:10
    ludiv.o                   runtime/ludiv.s:10
    lmul.o                    runtime/lmul.s:10
    strncpy.o                 common/strncpy.s:9
tmp4 (zeropage.o):
    lumod.o                   runtime/lumod.s:10
    ludiv.o                   runtime/ludiv.s:10
    lmul.o                    runtime/lmul.s:10
tosaddax (add.o):
    ultimate_lib.o            src/ultimate_lib.s:3384
    ultimate_lib.o            src/ultimate_lib.s:3384
    ultimate_lib.o            src/ultimate_lib.s:3384
    ultimate_lib.o            src/ultimate_lib.s:3384
tosaddeax (ladd.o):
    strtol.o                  ../libwrk/c128/strtol.s:320
toseqeax (leq.o):
    strtol.o                  ../libwrk/c128/strtol.s:320
tosicmp (icmp.o):
    dmbconfig.o               src/dmbconfig.s:1296
    dmbconfig.o               src/dmbconfig.s:1296
    configcommon.o            src/configcommon.s:579
    ultimate_lib.o            src/ultimate_lib.s:3384
    ultimate_lib.o            src/ultimate_lib.s:3384
    ultimate_lib.o            src/ultimate_lib.s:3384
    ultimate_lib.o            src/ultimate_lib.s:3384
    ultimate_lib.o            src/ultimate_lib.s:3384
    ultimate_lib.o            src/ultimate_lib.s:3384
    ultimate_lib.o            src/ultimate_lib.s:3384
    ultimate_lib.o            src/ultimate_lib.s:3384
    ultimate_lib.o            src/ultimate_lib.s:3384
toslcmp (lcmp.o):
    lugt.o                    runtime/lugt.s:8
    leq.o                     runtime/leq.s:8
tosudivax (udiv.o):
    fwrite.o                  common/fwrite.s:12
tosudiveax (ludiv.o):
    strtol.o                  ../libwrk/c128/strtol.s:320
tosugteax (lugt.o):
    strtol.o                  ../libwrk/c128/strtol.s:320
tosumodeax (lumod.o):
    strtol.o                  ../libwrk/c128/strtol.s:320
tosumulax (mul.o):
    fwrite.o                  common/fwrite.s:12
tosumuleax (lmul.o):
    strtol.o                  ../libwrk/c128/strtol.s:320
udiv32 (ludiv.o):
    lumod.o                   runtime/lumod.s:9
vsnprintf (vsnprintf.o):
    vsprintf.o                common/vsprintf.s:9
zerobss (zerobss.o):
    crt0.o                    c128/crt0.s:8

