Modules list:
-------------
main.o:
    CODE              Offs=000000  Size=000443  Align=00001  Fill=0000
    RODATA            Offs=000000  Size=0001E0  Align=00001  Fill=0000
    BSS               Offs=000000  Size=00004C  Align=00001  Fill=0000
    DATA              Offs=000000  Size=000081  Align=00001  Fill=0000
screen.o:
    CODE              Offs=000443  Size=00022D  Align=00001  Fill=0000
    BSS               Offs=00004C  Size=000003  Align=00001  Fill=0000
cat.o:
    CODE              Offs=000670  Size=000366  Align=00001  Fill=0000
    RODATA            Offs=0001E0  Size=00001C  Align=00001  Fill=0000
dir.o:
    CODE              Offs=0009D6  Size=000AFE  Align=00001  Fill=0000
    RODATA            Offs=0001FC  Size=000030  Align=00001  Fill=0000
base.o:
    CODE              Offs=0014D4  Size=000031  Align=00001  Fill=0000
    RODATA            Offs=00022C  Size=000024  Align=00001  Fill=0000
ops.o:
    CODE              Offs=001505  Size=0011D4  Align=00001  Fill=0000
    RODATA            Offs=000250  Size=0003C5  Align=00001  Fill=0000
    BSS               Offs=00004F  Size=0000DA  Align=00001  Fill=0000
    DATA              Offs=000081  Size=0000D4  Align=00001  Fill=0000
db.o:
    CODE              Offs=0026D9  Size=000BC5  Align=00001  Fill=0000
    RODATA            Offs=000615  Size=0000B2  Align=00001  Fill=0000
    DATA              Offs=000155  Size=000001  Align=00001  Fill=0000
/mnt/c/cc65/lib/c128.lib(_afailed.o):
    CODE              Offs=00329E  Size=000032  Align=00001  Fill=0000
    RODATA            Offs=0006C7  Size=00001C  Align=00001  Fill=0000
/mnt/c/cc65/lib/c128.lib(_cursor.o):
    BSS               Offs=000129  Size=000001  Align=00001  Fill=0000
/mnt/c/cc65/lib/c128.lib(_directerrno.o):
    CODE              Offs=0032D0  Size=00000A  Align=00001  Fill=0000
/mnt/c/cc65/lib/c128.lib(_fdesc.o):
    CODE              Offs=0032DA  Size=00001D  Align=00001  Fill=0000
/mnt/c/cc65/lib/c128.lib(_file.o):
    DATA              Offs=000156  Size=00001E  Align=00001  Fill=0000
/mnt/c/cc65/lib/c128.lib(_fopen.o):
    CODE              Offs=0032F7  Size=00007B  Align=00001  Fill=0000
    BSS               Offs=00012A  Size=000002  Align=00001  Fill=0000
/mnt/c/cc65/lib/c128.lib(_heap.o):
    DATA              Offs=000174  Size=00000A  Align=00001  Fill=0000
    ONCE              Offs=000000  Size=000010  Align=00001  Fill=0000
/mnt/c/cc65/lib/c128.lib(_hextab.o):
    RODATA            Offs=0006E3  Size=000010  Align=00001  Fill=0000
/mnt/c/cc65/lib/c128.lib(_longminstr.o):
    RODATA            Offs=0006F3  Size=00000C  Align=00001  Fill=0000
/mnt/c/cc65/lib/c128.lib(_mappederrno.o):
    CODE              Offs=003372  Size=000010  Align=00001  Fill=0000
/mnt/c/cc65/lib/c128.lib(_oserror.o):
    BSS               Offs=00012C  Size=000001  Align=00001  Fill=0000
/mnt/c/cc65/lib/c128.lib(_printf.o):
    CODE              Offs=003382  Size=0003A5  Align=00001  Fill=0000
    BSS               Offs=00012D  Size=00002B  Align=00001  Fill=0000
    DATA              Offs=00017E  Size=000003  Align=00001  Fill=0000
/mnt/c/cc65/lib/c128.lib(_seterrno.o):
    CODE              Offs=003727  Size=000009  Align=00001  Fill=0000
/mnt/c/cc65/lib/c128.lib(add.o):
    CODE              Offs=003730  Size=00001C  Align=00001  Fill=0000
/mnt/c/cc65/lib/c128.lib(addeqsp.o):
    CODE              Offs=00374C  Size=000011  Align=00001  Fill=0000
/mnt/c/cc65/lib/c128.lib(addysp.o):
    CODE              Offs=00375D  Size=00000E  Align=00001  Fill=0000
/mnt/c/cc65/lib/c128.lib(aslax1.o):
    CODE              Offs=00376B  Size=000008  Align=00001  Fill=0000
/mnt/c/cc65/lib/c128.lib(atoi.o):
    CODE              Offs=003773  Size=000091  Align=00001  Fill=0000
/mnt/c/cc65/lib/c128.lib(axlong.o):
    CODE              Offs=003804  Size=00000D  Align=00001  Fill=0000
/mnt/c/cc65/lib/c128.lib(bneg.o):
    CODE              Offs=003811  Size=00000E  Align=00001  Fill=0000
/mnt/c/cc65/lib/c128.lib(c_basin.o):
    CODE              Offs=00381F  Size=000006  Align=00001  Fill=0000
/mnt/c/cc65/lib/c128.lib(c_chkin.o):
    CODE              Offs=003825  Size=00000A  Align=00001  Fill=0000
/mnt/c/cc65/lib/c128.lib(c_close.o):
    CODE              Offs=00382F  Size=000004  Align=00001  Fill=0000
/mnt/c/cc65/lib/c128.lib(c_clrch.o):
/mnt/c/cc65/lib/c128.lib(c_open.o):
    CODE              Offs=003833  Size=000009  Align=00001  Fill=0000
/mnt/c/cc65/lib/c128.lib(c_readst.o):
    CODE              Offs=00383C  Size=000006  Align=00001  Fill=0000
/mnt/c/cc65/lib/c128.lib(c_setlfs.o):
    CODE              Offs=003842  Size=00000E  Align=00001  Fill=0000
/mnt/c/cc65/lib/c128.lib(c_setnam.o):
    CODE              Offs=003850  Size=000013  Align=00001  Fill=0000
/mnt/c/cc65/lib/c128.lib(callmain.o):
    CODE              Offs=003863  Size=000017  Align=00001  Fill=0000
    DATA              Offs=000181  Size=000004  Align=00001  Fill=0000
/mnt/c/cc65/lib/c128.lib(calloc.o):
    CODE              Offs=00387A  Size=000021  Align=00001  Fill=0000
    BSS               Offs=000158  Size=000002  Align=00001  Fill=0000
/mnt/c/cc65/lib/c128.lib(cbm_close.o):
/mnt/c/cc65/lib/c128.lib(cbm_dir.o):
    CODE              Offs=00389B  Size=000287  Align=00001  Fill=0000
    RODATA            Offs=0006FF  Size=00000E  Align=00001  Fill=0000
/mnt/c/cc65/lib/c128.lib(cbm_filetype.o):
    CODE              Offs=003B22  Size=000013  Align=00001  Fill=0000
    RODATA            Offs=00070D  Size=000014  Align=00001  Fill=0000
/mnt/c/cc65/lib/c128.lib(cbm_open.o):
    CODE              Offs=003B35  Size=000016  Align=00001  Fill=0000
/mnt/c/cc65/lib/c128.lib(cbm_read.o):
    CODE              Offs=003B4B  Size=00005D  Align=00001  Fill=0000
/mnt/c/cc65/lib/c128.lib(cclear.o):
    CODE              Offs=003BA8  Size=000015  Align=00001  Fill=0000
/mnt/c/cc65/lib/c128.lib(cgetc.o):
    CODE              Offs=003BBD  Size=000030  Align=00001  Fill=0000
    INIT              Offs=000000  Size=000002  Align=00001  Fill=0000
    ONCE              Offs=000010  Size=000013  Align=00001  Fill=0000
/mnt/c/cc65/lib/c128.lib(chline.o):
    CODE              Offs=003BED  Size=000015  Align=00001  Fill=0000
/mnt/c/cc65/lib/c128.lib(clinechars.o):
/mnt/c/cc65/lib/c128.lib(close.o):
    CODE              Offs=003C02  Size=000038  Align=00001  Fill=0000
/mnt/c/cc65/lib/c128.lib(clrscr.o):
/mnt/c/cc65/lib/c128.lib(color.o):
    CODE              Offs=003C3A  Size=000060  Align=00001  Fill=0000
/mnt/c/cc65/lib/c128.lib(condes.o):
    CODE              Offs=003C9A  Size=00000C  Align=00001  Fill=0000
    DATA              Offs=000185  Size=000025  Align=00001  Fill=0000
    ONCE              Offs=000023  Size=00000C  Align=00001  Fill=0000
/mnt/c/cc65/lib/c128.lib(conio.o):
/mnt/c/cc65/lib/c128.lib(cprintf.o):
    CODE              Offs=003CA6  Size=00002A  Align=00001  Fill=0000
    BSS               Offs=00015A  Size=000001  Align=00001  Fill=0000
/mnt/c/cc65/lib/c128.lib(cputc.o):
    CODE              Offs=003CD0  Size=000049  Align=00001  Fill=0000
/mnt/c/cc65/lib/c128.lib(cputhex.o):
    CODE              Offs=003D19  Size=00001C  Align=00001  Fill=0000
/mnt/c/cc65/lib/c128.lib(cputs.o):
    CODE              Offs=003D35  Size=000023  Align=00001  Fill=0000
/mnt/c/cc65/lib/c128.lib(crt0.o):
    BSS               Offs=00015B  Size=000002  Align=00001  Fill=0000
    STARTUP           Offs=000000  Size=000051  Align=00001  Fill=0000
    INIT              Offs=000002  Size=00001A  Align=00001  Fill=0000
/mnt/c/cc65/lib/c128.lib(ctype.o):
    RODATA            Offs=000721  Size=00008B  Align=00001  Fill=0000
/mnt/c/cc65/lib/c128.lib(ctypemask.o):
    CODE              Offs=003D58  Size=00001E  Align=00001  Fill=0000
/mnt/c/cc65/lib/c128.lib(cursor.o):
    CODE              Offs=003D76  Size=00000A  Align=00001  Fill=0000
/mnt/c/cc65/lib/c128.lib(cvline.o):
    CODE              Offs=003D80  Size=000018  Align=00001  Fill=0000
/mnt/c/cc65/lib/c128.lib(decax1.o):
    CODE              Offs=003D98  Size=000007  Align=00001  Fill=0000
/mnt/c/cc65/lib/c128.lib(decax2.o):
    CODE              Offs=003D9F  Size=000007  Align=00001  Fill=0000
/mnt/c/cc65/lib/c128.lib(decax3.o):
    CODE              Offs=003DA6  Size=000007  Align=00001  Fill=0000
/mnt/c/cc65/lib/c128.lib(decax4.o):
    CODE              Offs=003DAD  Size=000007  Align=00001  Fill=0000
/mnt/c/cc65/lib/c128.lib(decaxy.o):
    CODE              Offs=003DB4  Size=000009  Align=00001  Fill=0000
/mnt/c/cc65/lib/c128.lib(decsp1.o):
    CODE              Offs=003DBD  Size=000009  Align=00001  Fill=0000
/mnt/c/cc65/lib/c128.lib(decsp2.o):
    CODE              Offs=003DC6  Size=00000D  Align=00001  Fill=0000
/mnt/c/cc65/lib/c128.lib(decsp3.o):
    CODE              Offs=003DD3  Size=00000D  Align=00001  Fill=0000
/mnt/c/cc65/lib/c128.lib(decsp4.o):
    CODE              Offs=003DE0  Size=00000D  Align=00001  Fill=0000
/mnt/c/cc65/lib/c128.lib(decsp6.o):
    CODE              Offs=003DED  Size=00000D  Align=00001  Fill=0000
/mnt/c/cc65/lib/c128.lib(devnum.o):
/mnt/c/cc65/lib/c128.lib(diskcmd.o):
    CODE              Offs=003DFA  Size=0000C4  Align=00001  Fill=0000
    BSS               Offs=00015D  Size=000017  Align=00001  Fill=0000
/mnt/c/cc65/lib/c128.lib(div.o):
    CODE              Offs=003EBE  Size=000015  Align=00001  Fill=0000
/mnt/c/cc65/lib/c128.lib(enter.o):
    CODE              Offs=003ED3  Size=00000E  Align=00001  Fill=0000
/mnt/c/cc65/lib/c128.lib(errno.o):
    BSS               Offs=000174  Size=000002  Align=00001  Fill=0000
/mnt/c/cc65/lib/c128.lib(exehdr.o):
    EXEHDR            Offs=000000  Size=00000C  Align=00001  Fill=0000
/mnt/c/cc65/lib/c128.lib(fclose.o):
    CODE              Offs=003EE1  Size=000022  Align=00001  Fill=0000
/mnt/c/cc65/lib/c128.lib(filedes.o):
    CODE              Offs=003F03  Size=00000E  Align=00001  Fill=0000
    DATA              Offs=0001AA  Size=000010  Align=00001  Fill=0000
/mnt/c/cc65/lib/c128.lib(filename.o):
    CODE              Offs=003F11  Size=0000A0  Align=00001  Fill=0000
    BSS               Offs=000176  Size=000003  Align=00001  Fill=0000
    DATA              Offs=0001BA  Size=000024  Align=00001  Fill=0000
/mnt/c/cc65/lib/c128.lib(filetype.o):
    DATA              Offs=0001DE  Size=000001  Align=00001  Fill=0000
/mnt/c/cc65/lib/c128.lib(filevars.o):
    INIT              Offs=00001C  Size=000001  Align=00001  Fill=0000
    ONCE              Offs=00002F  Size=00000C  Align=00001  Fill=0000
/mnt/c/cc65/lib/c128.lib(fopen.o):
    CODE              Offs=003FB1  Size=000018  Align=00001  Fill=0000
/mnt/c/cc65/lib/c128.lib(fprintf.o):
    CODE              Offs=003FC9  Size=00002B  Align=00001  Fill=0000
    BSS               Offs=000179  Size=000001  Align=00001  Fill=0000
/mnt/c/cc65/lib/c128.lib(fread.o):
    CODE              Offs=003FF4  Size=0000D3  Align=00001  Fill=0000
    BSS               Offs=00017A  Size=000003  Align=00001  Fill=0000
/mnt/c/cc65/lib/c128.lib(free.o):
    CODE              Offs=0040C7  Size=0001D3  Align=00001  Fill=0000
/mnt/c/cc65/lib/c128.lib(fwrite.o):
    CODE              Offs=00429A  Size=00007B  Align=00001  Fill=0000
    BSS               Offs=00017D  Size=000002  Align=00001  Fill=0000
/mnt/c/cc65/lib/c128.lib(gotoxy.o):
    CODE              Offs=004315  Size=00000D  Align=00001  Fill=0000
/mnt/c/cc65/lib/c128.lib(icmp.o):
    CODE              Offs=004322  Size=00002E  Align=00001  Fill=0000
/mnt/c/cc65/lib/c128.lib(incax1.o):
    CODE              Offs=004350  Size=000007  Align=00001  Fill=0000
/mnt/c/cc65/lib/c128.lib(incax2.o):
    CODE              Offs=004357  Size=000007  Align=00001  Fill=0000
/mnt/c/cc65/lib/c128.lib(incax3.o):
    CODE              Offs=00435E  Size=000005  Align=00001  Fill=0000
/mnt/c/cc65/lib/c128.lib(incaxy.o):
    CODE              Offs=004363  Size=00000B  Align=00001  Fill=0000
/mnt/c/cc65/lib/c128.lib(incsp1.o):
    CODE              Offs=00436E  Size=000007  Align=00001  Fill=0000
/mnt/c/cc65/lib/c128.lib(incsp2.o):
    CODE              Offs=004375  Size=000016  Align=00001  Fill=0000
/mnt/c/cc65/lib/c128.lib(incsp3.o):
    CODE              Offs=00438B  Size=000005  Align=00001  Fill=0000
/mnt/c/cc65/lib/c128.lib(incsp4.o):
    CODE              Offs=004390  Size=000005  Align=00001  Fill=0000
/mnt/c/cc65/lib/c128.lib(incsp5.o):
    CODE              Offs=004395  Size=000005  Align=00001  Fill=0000
/mnt/c/cc65/lib/c128.lib(incsp6.o):
    CODE              Offs=00439A  Size=000005  Align=00001  Fill=0000
/mnt/c/cc65/lib/c128.lib(incsp7.o):
    CODE              Offs=00439F  Size=000005  Align=00001  Fill=0000
/mnt/c/cc65/lib/c128.lib(incsp8.o):
    CODE              Offs=0043A4  Size=000005  Align=00001  Fill=0000
/mnt/c/cc65/lib/c128.lib(isprint.o):
    CODE              Offs=0043A9  Size=00000A  Align=00001  Fill=0000
/mnt/c/cc65/lib/c128.lib(jmpvec.o):
    DATA              Offs=0001DF  Size=000003  Align=00001  Fill=0000
/mnt/c/cc65/lib/c128.lib(kernal.o):
/mnt/c/cc65/lib/c128.lib(ldaxi.o):
    CODE              Offs=0043B3  Size=00000D  Align=00001  Fill=0000
/mnt/c/cc65/lib/c128.lib(ldaxsp.o):
    CODE              Offs=0043C0  Size=000009  Align=00001  Fill=0000
/mnt/c/cc65/lib/c128.lib(leaaxsp.o):
    CODE              Offs=0043C9  Size=00000C  Align=00001  Fill=0000
/mnt/c/cc65/lib/c128.lib(leave.o):
    CODE              Offs=0043D5  Size=00001D  Align=00001  Fill=0000
/mnt/c/cc65/lib/c128.lib(lneg.o):
    CODE              Offs=0043F2  Size=00001E  Align=00001  Fill=0000
/mnt/c/cc65/lib/c128.lib(loadaddr.o):
    LOADADDR          Offs=000000  Size=000002  Align=00001  Fill=0000
/mnt/c/cc65/lib/c128.lib(lpush.o):
    CODE              Offs=004410  Size=000021  Align=00001  Fill=0000
/mnt/c/cc65/lib/c128.lib(lsave.o):
    CODE              Offs=004431  Size=00001A  Align=00001  Fill=0000
/mnt/c/cc65/lib/c128.lib(ltoa.o):
    CODE              Offs=00444B  Size=000095  Align=00001  Fill=0000
/mnt/c/cc65/lib/c128.lib(makebool.o):
    CODE              Offs=0044E0  Size=00002C  Align=00001  Fill=0000
/mnt/c/cc65/lib/c128.lib(malloc.o):
    CODE              Offs=00450C  Size=00010E  Align=00001  Fill=0000
/mnt/c/cc65/lib/c128.lib(memcpy.o):
    CODE              Offs=00461A  Size=00003C  Align=00001  Fill=0000
/mnt/c/cc65/lib/c128.lib(memset.o):
    CODE              Offs=004656  Size=00005D  Align=00001  Fill=0000
/mnt/c/cc65/lib/c128.lib(mul.o):
    CODE              Offs=0046B3  Size=000045  Align=00001  Fill=0000
/mnt/c/cc65/lib/c128.lib(mul8.o):
    CODE              Offs=0046F8  Size=00003A  Align=00001  Fill=0000
/mnt/c/cc65/lib/c128.lib(mulax10.o):
    CODE              Offs=004732  Size=000019  Align=00001  Fill=0000
/mnt/c/cc65/lib/c128.lib(negabs.o):
    CODE              Offs=00474B  Size=000012  Align=00001  Fill=0000
/mnt/c/cc65/lib/c128.lib(open.o):
    CODE              Offs=00475D  Size=0000BE  Align=00001  Fill=0000
/mnt/c/cc65/lib/c128.lib(or.o):
    CODE              Offs=00481B  Size=000012  Align=00001  Fill=0000
/mnt/c/cc65/lib/c128.lib(oserror.o):
    CODE              Offs=00482D  Size=000016  Align=00001  Fill=0000
    RODATA            Offs=0007AC  Size=00005A  Align=00001  Fill=0000
/mnt/c/cc65/lib/c128.lib(popa.o):
    CODE              Offs=004843  Size=00000C  Align=00001  Fill=0000
/mnt/c/cc65/lib/c128.lib(popptr1.o):
    CODE              Offs=00484F  Size=00000E  Align=00001  Fill=0000
/mnt/c/cc65/lib/c128.lib(printf.o):
    CODE              Offs=00485D  Size=000033  Align=00001  Fill=0000
    BSS               Offs=00017F  Size=000001  Align=00001  Fill=0000
/mnt/c/cc65/lib/c128.lib(push1.o):
    CODE              Offs=004890  Size=000005  Align=00001  Fill=0000
/mnt/c/cc65/lib/c128.lib(pusha.o):
    CODE              Offs=004895  Size=000016  Align=00001  Fill=0000
/mnt/c/cc65/lib/c128.lib(pushax.o):
    CODE              Offs=0048AB  Size=00001A  Align=00001  Fill=0000
/mnt/c/cc65/lib/c128.lib(pushw.o):
    CODE              Offs=0048C5  Size=00000F  Align=00001  Fill=0000
/mnt/c/cc65/lib/c128.lib(pushwsp.o):
    CODE              Offs=0048D4  Size=00001C  Align=00001  Fill=0000
/mnt/c/cc65/lib/c128.lib(raise.o):
    CODE              Offs=0048F0  Size=00002B  Align=00001  Fill=0000
/mnt/c/cc65/lib/c128.lib(read.o):
    CODE              Offs=00491B  Size=00007E  Align=00001  Fill=0000
    BSS               Offs=000180  Size=000001  Align=00001  Fill=0000
    ONCE              Offs=00003B  Size=00000C  Align=00001  Fill=0000
/mnt/c/cc65/lib/c128.lib(regswap2.o):
    CODE              Offs=004999  Size=000016  Align=00001  Fill=0000
/mnt/c/cc65/lib/c128.lib(return0.o):
    CODE              Offs=0049AF  Size=000004  Align=00001  Fill=0000
/mnt/c/cc65/lib/c128.lib(revers.o):
    CODE              Offs=0049B3  Size=000014  Align=00001  Fill=0000
/mnt/c/cc65/lib/c128.lib(rwcommon.o):
    CODE              Offs=0049C7  Size=00001C  Align=00001  Fill=0000
/mnt/c/cc65/lib/c128.lib(scratch.o):
    CODE              Offs=0049E3  Size=000019  Align=00001  Fill=0000
/mnt/c/cc65/lib/c128.lib(shelp.o):
    CODE              Offs=0049FC  Size=000020  Align=00001  Fill=0000
/mnt/c/cc65/lib/c128.lib(signal.o):
    CODE              Offs=004A1C  Size=000030  Align=00001  Fill=0000
/mnt/c/cc65/lib/c128.lib(sigtable.o):
    DATA              Offs=0001E2  Size=00000C  Align=00001  Fill=0000
/mnt/c/cc65/lib/c128.lib(sprintf.o):
    CODE              Offs=004A4C  Size=00002B  Align=00001  Fill=0000
    BSS               Offs=000181  Size=000001  Align=00001  Fill=0000
/mnt/c/cc65/lib/c128.lib(staspidx.o):
    CODE              Offs=004A77  Size=000016  Align=00001  Fill=0000
/mnt/c/cc65/lib/c128.lib(status.o):
/mnt/c/cc65/lib/c128.lib(staxsp.o):
    CODE              Offs=004A8D  Size=00000B  Align=00001  Fill=0000
/mnt/c/cc65/lib/c128.lib(staxspi.o):
    CODE              Offs=004A98  Size=00001B  Align=00001  Fill=0000
/mnt/c/cc65/lib/c128.lib(strcpy.o):
    CODE              Offs=004AB3  Size=00001F  Align=00001  Fill=0000
/mnt/c/cc65/lib/c128.lib(strlen.o):
    CODE              Offs=004AD2  Size=000016  Align=00001  Fill=0000
/mnt/c/cc65/lib/c128.lib(strlower.o):
    CODE              Offs=004AE8  Size=000027  Align=00001  Fill=0000
/mnt/c/cc65/lib/c128.lib(strncmp.o):
    CODE              Offs=004B0F  Size=000039  Align=00001  Fill=0000
/mnt/c/cc65/lib/c128.lib(strstr.o):
    CODE              Offs=004B48  Size=000052  Align=00001  Fill=0000
/mnt/c/cc65/lib/c128.lib(sub.o):
    CODE              Offs=004B9A  Size=000015  Align=00001  Fill=0000
/mnt/c/cc65/lib/c128.lib(subeqsp.o):
    CODE              Offs=004BAF  Size=000015  Align=00001  Fill=0000
/mnt/c/cc65/lib/c128.lib(subysp.o):
    CODE              Offs=004BC4  Size=00000D  Align=00001  Fill=0000
/mnt/c/cc65/lib/c128.lib(udiv.o):
    CODE              Offs=004BD1  Size=00004F  Align=00001  Fill=0000
/mnt/c/cc65/lib/c128.lib(vcprintf.o):
    CODE              Offs=004C20  Size=00007A  Align=00001  Fill=0000
    DATA              Offs=0001EE  Size=000008  Align=00001  Fill=0000
/mnt/c/cc65/lib/c128.lib(vfprintf.o):
    CODE              Offs=004C9A  Size=000061  Align=00001  Fill=0000
    DATA              Offs=0001F6  Size=000008  Align=00001  Fill=0000
/mnt/c/cc65/lib/c128.lib(vsnprintf.o):
    CODE              Offs=004CFB  Size=0000DA  Align=00001  Fill=0000
    DATA              Offs=0001FE  Size=000008  Align=00001  Fill=0000
/mnt/c/cc65/lib/c128.lib(vsprintf.o):
    CODE              Offs=004DD5  Size=000012  Align=00001  Fill=0000
/mnt/c/cc65/lib/c128.lib(wherey.o):
    CODE              Offs=004DE7  Size=000005  Align=00001  Fill=0000
/mnt/c/cc65/lib/c128.lib(write.o):
    CODE              Offs=004DEC  Size=000054  Align=00001  Fill=0000
    ONCE              Offs=000047  Size=000011  Align=00001  Fill=0000
/mnt/c/cc65/lib/c128.lib(zerobss.o):
    CODE              Offs=004E40  Size=000023  Align=00001  Fill=0000
/mnt/c/cc65/lib/c128.lib(zeropage.o):
    ZEROPAGE          Offs=000000  Size=00001A  Align=00001  Fill=0000


Segment list:
-------------
Name                   Start     End    Size  Align
----------------------------------------------------
ZEROPAGE              000002  00001B  00001A  00001
LOADADDR              001BFF  001C00  000002  00001
EXEHDR                001C01  001C0C  00000C  00001
STARTUP               001C0D  001C5D  000051  00001
ONCE                  001C5E  001CBF  000062  00001
CODE                  001CC0  006B22  004E63  00001
RODATA                006B23  00732C  00080A  00001
DATA                  00732D  007532  000206  00001
INIT                  007533  00754F  00001D  00001
BSS                   007550  0076D1  000182  00001


Exports list by name:
---------------------
BASIN                     00FFCF RLA    BSOUT                     00FFD2 RLA    
CHKIN                     00FFC6 RLA    CKOUT                     00FFC9 RLA    
CLOSE                     00FFC3 RLA    CLRCH                     00FFCC RLA    
CURS_X                    0000EC RLZ    CURS_Y                    0000EB RLZ    
OPEN                      00FFC0 RLA    READST                    00FFB7 RLA    
SETLFS                    00FFBA RLA    SETNAM                    00FFBD RLA    
ST                        000090 RLZ    _DIR1H                    007550 RLA    
_DIR2H                    007551 RLA    _DIR2X                    00755A RLA    
_DIR2Y                    00755C RLA    _MENUW                    007558 RLA    
_MENUX                    007554 RLA    _MENUXT                   007556 RLA    
_SCREENW                  007552 RLA    __BSS_RUN__               007550 RLA    
__BSS_SIZE__              000182 REA    __CONSTRUCTOR_COUNT__     000005 REA    
__CONSTRUCTOR_TABLE__     001CB6 RLA    __DESTRUCTOR_COUNT__      000002 REA    
__DESTRUCTOR_TABLE__      007329 RLA    __EXEHDR__                000001 REA    
__LOADADDR__              000001 REA    __MAIN_SIZE__             009BF3 REA    
__MAIN_START__            001C0D RLA    __STACKSIZE__             000800 REA    
__STARTUP__               000001 REA    __afailed                 004F5E RLA    
__bzero                   006316 RLA    __cbm_filetype            0057E2 RLA    
__ctype                   007244 RLA    __ctypeidx                00724F RLA    
__directerrno             004F90 RLA    __errno                   0076C4 RLA    
__fdesc                   004F9A RLA    __filetab                 007483 RLA    
__filetype                00750B RLA    __fopen                   004FB7 RLA    
__heapend                 0074A5 RLA    __heapfirst               0074A7 RLA    
__heaplast                0074A9 RLA    __heapptr                 0074A3 RLA    
__hextab                  007206 RLA    __longminstr              007216 RLA    
__mappederrno             005032 RLA    __oserror                 00767C RLA    
__osmaperrno              0064ED RLA    __printf                  005135 RLA    
__seterrno                0053E7 RLA    __sig_dfl                 00670B RLA    
_about                    00327A RLA    _atoi                     005433 RLA    
_bgcolor                  005923 RLA    _bordercolor              005949 RLA    
_calloc                   00553A RLA    _catasc                   0024ED RLA    
_cathex                   002330 RLA    _cbm_close                0054EF REA    
_cbm_closedir             0057D5 RLA    _cbm_k_basin              0054DF RLA    
_cbm_k_chkin              0054E5 RLA    _cbm_k_close              0054EF RLA    
_cbm_k_clrch              00FFCC REA    _cbm_k_open               0054F3 RLA    
_cbm_k_readst             0054FC RLA    _cbm_k_setlfs             005502 RLA    
_cbm_k_setnam             005510 RLA    _cbm_open                 0057F5 RLA    
_cbm_opendir              00555B RLA    _cbm_read                 00580B RLA    
_cclear                   00586D RLA    _cclearxy                 005868 RLA    
_cgetc                    00587D RLA    _changeDir                00388A RLA    
_chline                   0058B2 RLA    _clearArea                002103 RLA    
_close                    0058C2 RLA    _clrscr                   00C142 REA    
_cprintf                  005966 RLA    _cputc                    005995 RLA    
_cputcxy                  005990 RLA    _cputhex16                0059D9 RLA    
_cputhex8                 0059DF RLA    _cputs                    0059FF RLA    
_cputsxy                  0059F5 RLA    _cursor                   005A36 RLA    
_cvlinexy                 005A40 RLA    _debugu                   004250 RLA    
_devices                  0073B4 RLA    _devicetype               00759F RLA    
_dirs                     0073B0 RLA    _doDOScommand             004131 RLA    
_drawDirFrame             003C90 RLA    _drawFrame                0021FF RLA    
_execute                  0031E4 RLA    _exit                     001C42 RLA    
_exitScreen               00231B RLA    _fclose                   005BA1 RLA    
_fopen                    005C71 RLA    _fprintf                  005C89 RLA    
_fread                    005CB4 RLA    _free                     005D87 RLA    
_freeDir                  002696 RLA    _fwrite                   005F5A RLA    
_getDeviceType            003D91 RLA    _gotoxy                   005FD8 RLA    
_initScreen               0022F4 RLA    _isprint                  006069 RLA    
_linebuffer               0075AB RLA    _linebuffer2              0075FC RLA    
_ltoa                     006123 RLA    _main                     001FD9 RLA    
_mainLoopBrowse           0045AC RLA    _malloc                   0061CC RLA    
_memcpy                   0062DA RLA    _newscreen                00214B RLA    
_open                     006431 RLA    _printDir                 00345A RLA    
_printElement             003644 RLA    _printf                   00651D RLA    
_raise                    0065B0 RLA    _read                     0065DB RLA    
_readDir                  00276C RLA    _revers                   006673 RLA    
_showDir                  003365 RLA    _sprintf                  00670C RLA    
_stderr                   00749F RLA    _stdout                   00749D RLA    
_strcpy                   006773 RLA    _strlen                   006792 RLA    
_strlower                 0067A8 RLA    _strncmp                  0067CF RLA    
_strstr                   006808 RLA    _textcolor                0058FA RLA    
_ultoa                    006164 RLA    _updateMenu               004399 RLA    
_updateScreen             00323F RLA    _vcprintf                 00692A RLA    
_vfprintf                 006992 RLA    _vsprintf                 006A95 RLA    
_waitKey                  003194 RLA    _wherey                   006AA7 RLA    
_write                    006AAC RLA    addeq0sp                  00540C RLA    
addeqysp                  00540E RLA    addysp                    00541E RLA    
addysp1                   00541D RLA    aslax1                    00542B RLA    
axlong                    0054C4 RLA    axulong                   0054CA RLA    
bnega                     0054D5 RLA    booleq                    0061A6 RLA    
callmain                  005523 RLA    chlinechar                000040 REZ    
closeallfiles             00641D  LAI   closecmdchannel           005AF0 RLA    
cputdirect                0059B1 RLA    ctypemask                 005A18 RLA    
ctypemaskdirect           005A1C RLA    cursor                    007679 RLA    
curunit                   00754F RLA    cvlinechar                00005D REZ    
decax1                    005A58 RLA    decax2                    005A5F RLA    
decax3                    005A66 RLA    decax4                    005A6D RLA    
decaxy                    005A74 RLA    decsp1                    005A7D RLA    
decsp2                    005A86 RLA    decsp3                    005A93 RLA    
decsp4                    005AA0 RLA    decsp6                    005AAD RLA    
devnum                    0000BA RLZ    donecgetc                 00589E  LAI   
donelib                   00595A RLA    enter                     005B93 RLA    
fdtab                     0074D7 RLA    fnaddmode                 005C60 RLA    
fncmd                     0074E7 RLA    fncomplete                005C58 RLA    
fnisfile                  0076C8 RLA    fnlen                     0076C7 RLA    
fnparse                   005BEC RLA    fnset                     005C4E RLA    
fnunit                    0076C6 RLA    freefd                    005BC3 RLA    
gotoxy                    005FD5 RLA    incax1                    006010 RLA    
incax2                    006017 RLA    incax3                    00601E RLA    
incax4                    006023 RLA    incaxy                    006025 RLA    
incsp1                    00602E RLA    incsp2                    00603D RLA    
incsp3                    00604B RLA    incsp4                    006050 RLA    
incsp5                    006055 RLA    incsp6                    00605A RLA    
incsp7                    00605F RLA    incsp8                    006064 RLA    
initcgetc                 001C6E  LAI   initcurunit               001C8D  LAI   
initheap                  001C5E  LAI   initlib                   001C81 RLA    
initstdin                 001C99  LAI   initstdout                001CA5  LAI   
jmpvec                    00750C RLA    ldax0sp                   006080 RLA    
ldaxi                     006073 RLA    ldaxidx                   006075 RLA    
ldaxysp                   006082 RLA    leaa0sp                   006089 RLA    
leavey                    00609F RLA    mul8x16                   0063BA RLA    
mul8x16a                  0063C4 RLA    mulax10                   0063F2 RLA    
negax                     00640F RLA    negeax                    0060B2 RLA    
newline                   00C363 REA    opencmdchannel            005AC3 RLA    
plot                      0059D1 RLA    popa                      006503 RLA    
popax                     006035 RLA    popptr1                   00650F RLA    
popsargsudiv16            0066BC RLA    ptr1                      00000A RLZ    
ptr2                      00000C RLZ    ptr3                      00000E RLZ    
ptr4                      000010 RLZ    push0                     00656B RLA    
push1                     006550 RLA    pusha                     006559 RLA    
pusha0                    00656D RLA    pushax                    00656F RLA    
pusheax                   0060D9 RLA    pushw                     006585 RLA    
pushw0sp                  006594 RLA    pushwidx                  006587 RLA    
pushwysp                  006596 RLA    putchar                   00CC2F REA    
readdiskerror             005B0B RLA    regbank                   000016 RLZ    
regsave                   000006 RLZ    regswap2                  006659 RLA    
resteax                   0060FE RLA    return0                   00666F RLA    
rwcommon                  006687 RLA    saveeax                   0060F1 RLA    
scratch                   0066A3 RLA    sigtable                  00750F RLA    
sp                        000002 RLZ    sreg                      000004 RLZ    
staspidx                  006737 RLA    stax0sp                   00674D RLA    
staxspidx                 006758 RLA    staxysp                   00674F RLA    
subeqysp                  006871 RLA    subysp                    006884 RLA    
tmp1                      000012 RLZ    tmp2                      000013 RLZ    
tmp3                      000014 RLZ    tosaddax                  0053F2 RLA    
tosdiva0                  005B7E RLA    tosicmp                   005FE4 RLA    
tosicmp0                  005FE2 RLA    tosmula0                  0063B8 RLA    
tosorax                   0064DD RLA    tossubax                  00685C RLA    
tosudiva0                 006891 RLA    tosudivax                 006893 RLA    
tosumulax                 006373 RLA    udiv16                    0068A2 RLA    
unittab                   0074DF RLA    vsnprintf                 0069BE RLA    
writefndiskcmd            005B43 RLA    zerobss                   006B00 RLA    



Exports list by value:
----------------------
__EXEHDR__                000001 REA    __LOADADDR__              000001 REA    
__STARTUP__               000001 REA    __DESTRUCTOR_COUNT__      000002 REA    
sp                        000002 RLZ    sreg                      000004 RLZ    
__CONSTRUCTOR_COUNT__     000005 REA    regsave                   000006 RLZ    
ptr1                      00000A RLZ    ptr2                      00000C RLZ    
ptr3                      00000E RLZ    ptr4                      000010 RLZ    
tmp1                      000012 RLZ    tmp2                      000013 RLZ    
tmp3                      000014 RLZ    regbank                   000016 RLZ    
chlinechar                000040 REZ    cvlinechar                00005D REZ    
ST                        000090 RLZ    devnum                    0000BA RLZ    
CURS_Y                    0000EB RLZ    CURS_X                    0000EC RLZ    
__BSS_SIZE__              000182 REA    __STACKSIZE__             000800 REA    
__MAIN_START__            001C0D RLA    _exit                     001C42 RLA    
initheap                  001C5E  LAI   initcgetc                 001C6E  LAI   
initlib                   001C81 RLA    initcurunit               001C8D  LAI   
initstdin                 001C99  LAI   initstdout                001CA5  LAI   
__CONSTRUCTOR_TABLE__     001CB6 RLA    _main                     001FD9 RLA    
_clearArea                002103 RLA    _newscreen                00214B RLA    
_drawFrame                0021FF RLA    _initScreen               0022F4 RLA    
_exitScreen               00231B RLA    _cathex                   002330 RLA    
_catasc                   0024ED RLA    _freeDir                  002696 RLA    
_readDir                  00276C RLA    _waitKey                  003194 RLA    
_execute                  0031E4 RLA    _updateScreen             00323F RLA    
_about                    00327A RLA    _showDir                  003365 RLA    
_printDir                 00345A RLA    _printElement             003644 RLA    
_changeDir                00388A RLA    _drawDirFrame             003C90 RLA    
_getDeviceType            003D91 RLA    _doDOScommand             004131 RLA    
_debugu                   004250 RLA    _updateMenu               004399 RLA    
_mainLoopBrowse           0045AC RLA    __afailed                 004F5E RLA    
__directerrno             004F90 RLA    __fdesc                   004F9A RLA    
__fopen                   004FB7 RLA    __mappederrno             005032 RLA    
__printf                  005135 RLA    __seterrno                0053E7 RLA    
tosaddax                  0053F2 RLA    addeq0sp                  00540C RLA    
addeqysp                  00540E RLA    addysp1                   00541D RLA    
addysp                    00541E RLA    aslax1                    00542B RLA    
_atoi                     005433 RLA    axlong                    0054C4 RLA    
axulong                   0054CA RLA    bnega                     0054D5 RLA    
_cbm_k_basin              0054DF RLA    _cbm_k_chkin              0054E5 RLA    
_cbm_close                0054EF REA    _cbm_k_close              0054EF RLA    
_cbm_k_open               0054F3 RLA    _cbm_k_readst             0054FC RLA    
_cbm_k_setlfs             005502 RLA    _cbm_k_setnam             005510 RLA    
callmain                  005523 RLA    _calloc                   00553A RLA    
_cbm_opendir              00555B RLA    _cbm_closedir             0057D5 RLA    
__cbm_filetype            0057E2 RLA    _cbm_open                 0057F5 RLA    
_cbm_read                 00580B RLA    _cclearxy                 005868 RLA    
_cclear                   00586D RLA    _cgetc                    00587D RLA    
donecgetc                 00589E  LAI   _chline                   0058B2 RLA    
_close                    0058C2 RLA    _textcolor                0058FA RLA    
_bgcolor                  005923 RLA    _bordercolor              005949 RLA    
donelib                   00595A RLA    _cprintf                  005966 RLA    
_cputcxy                  005990 RLA    _cputc                    005995 RLA    
cputdirect                0059B1 RLA    plot                      0059D1 RLA    
_cputhex16                0059D9 RLA    _cputhex8                 0059DF RLA    
_cputsxy                  0059F5 RLA    _cputs                    0059FF RLA    
ctypemask                 005A18 RLA    ctypemaskdirect           005A1C RLA    
_cursor                   005A36 RLA    _cvlinexy                 005A40 RLA    
decax1                    005A58 RLA    decax2                    005A5F RLA    
decax3                    005A66 RLA    decax4                    005A6D RLA    
decaxy                    005A74 RLA    decsp1                    005A7D RLA    
decsp2                    005A86 RLA    decsp3                    005A93 RLA    
decsp4                    005AA0 RLA    decsp6                    005AAD RLA    
opencmdchannel            005AC3 RLA    closecmdchannel           005AF0 RLA    
readdiskerror             005B0B RLA    writefndiskcmd            005B43 RLA    
tosdiva0                  005B7E RLA    enter                     005B93 RLA    
_fclose                   005BA1 RLA    freefd                    005BC3 RLA    
fnparse                   005BEC RLA    fnset                     005C4E RLA    
fncomplete                005C58 RLA    fnaddmode                 005C60 RLA    
_fopen                    005C71 RLA    _fprintf                  005C89 RLA    
_fread                    005CB4 RLA    _free                     005D87 RLA    
_fwrite                   005F5A RLA    gotoxy                    005FD5 RLA    
_gotoxy                   005FD8 RLA    tosicmp0                  005FE2 RLA    
tosicmp                   005FE4 RLA    incax1                    006010 RLA    
incax2                    006017 RLA    incax3                    00601E RLA    
incax4                    006023 RLA    incaxy                    006025 RLA    
incsp1                    00602E RLA    popax                     006035 RLA    
incsp2                    00603D RLA    incsp3                    00604B RLA    
incsp4                    006050 RLA    incsp5                    006055 RLA    
incsp6                    00605A RLA    incsp7                    00605F RLA    
incsp8                    006064 RLA    _isprint                  006069 RLA    
ldaxi                     006073 RLA    ldaxidx                   006075 RLA    
ldax0sp                   006080 RLA    ldaxysp                   006082 RLA    
leaa0sp                   006089 RLA    leavey                    00609F RLA    
negeax                    0060B2 RLA    pusheax                   0060D9 RLA    
saveeax                   0060F1 RLA    resteax                   0060FE RLA    
_ltoa                     006123 RLA    _ultoa                    006164 RLA    
booleq                    0061A6 RLA    _malloc                   0061CC RLA    
_memcpy                   0062DA RLA    __bzero                   006316 RLA    
tosumulax                 006373 RLA    tosmula0                  0063B8 RLA    
mul8x16                   0063BA RLA    mul8x16a                  0063C4 RLA    
mulax10                   0063F2 RLA    negax                     00640F RLA    
closeallfiles             00641D  LAI   _open                     006431 RLA    
tosorax                   0064DD RLA    __osmaperrno              0064ED RLA    
popa                      006503 RLA    popptr1                   00650F RLA    
_printf                   00651D RLA    push1                     006550 RLA    
pusha                     006559 RLA    push0                     00656B RLA    
pusha0                    00656D RLA    pushax                    00656F RLA    
pushw                     006585 RLA    pushwidx                  006587 RLA    
pushw0sp                  006594 RLA    pushwysp                  006596 RLA    
_raise                    0065B0 RLA    _read                     0065DB RLA    
regswap2                  006659 RLA    return0                   00666F RLA    
_revers                   006673 RLA    rwcommon                  006687 RLA    
scratch                   0066A3 RLA    popsargsudiv16            0066BC RLA    
__sig_dfl                 00670B RLA    _sprintf                  00670C RLA    
staspidx                  006737 RLA    stax0sp                   00674D RLA    
staxysp                   00674F RLA    staxspidx                 006758 RLA    
_strcpy                   006773 RLA    _strlen                   006792 RLA    
_strlower                 0067A8 RLA    _strncmp                  0067CF RLA    
_strstr                   006808 RLA    tossubax                  00685C RLA    
subeqysp                  006871 RLA    subysp                    006884 RLA    
tosudiva0                 006891 RLA    tosudivax                 006893 RLA    
udiv16                    0068A2 RLA    _vcprintf                 00692A RLA    
_vfprintf                 006992 RLA    vsnprintf                 0069BE RLA    
_vsprintf                 006A95 RLA    _wherey                   006AA7 RLA    
_write                    006AAC RLA    zerobss                   006B00 RLA    
__hextab                  007206 RLA    __longminstr              007216 RLA    
__ctype                   007244 RLA    __ctypeidx                00724F RLA    
__DESTRUCTOR_TABLE__      007329 RLA    _dirs                     0073B0 RLA    
_devices                  0073B4 RLA    __filetab                 007483 RLA    
_stdout                   00749D RLA    _stderr                   00749F RLA    
__heapptr                 0074A3 RLA    __heapend                 0074A5 RLA    
__heapfirst               0074A7 RLA    __heaplast                0074A9 RLA    
fdtab                     0074D7 RLA    unittab                   0074DF RLA    
fncmd                     0074E7 RLA    __filetype                00750B RLA    
jmpvec                    00750C RLA    sigtable                  00750F RLA    
curunit                   00754F RLA    _DIR1H                    007550 RLA    
__BSS_RUN__               007550 RLA    _DIR2H                    007551 RLA    
_SCREENW                  007552 RLA    _MENUX                    007554 RLA    
_MENUXT                   007556 RLA    _MENUW                    007558 RLA    
_DIR2X                    00755A RLA    _DIR2Y                    00755C RLA    
_devicetype               00759F RLA    _linebuffer               0075AB RLA    
_linebuffer2              0075FC RLA    cursor                    007679 RLA    
__oserror                 00767C RLA    __errno                   0076C4 RLA    
fnunit                    0076C6 RLA    fnlen                     0076C7 RLA    
fnisfile                  0076C8 RLA    __MAIN_SIZE__             009BF3 REA    
_clrscr                   00C142 REA    newline                   00C363 REA    
putchar                   00CC2F REA    READST                    00FFB7 RLA    
SETLFS                    00FFBA RLA    SETNAM                    00FFBD RLA    
OPEN                      00FFC0 RLA    CLOSE                     00FFC3 RLA    
CHKIN                     00FFC6 RLA    CKOUT                     00FFC9 RLA    
CLRCH                     00FFCC RLA    _cbm_k_clrch              00FFCC REA    
BASIN                     00FFCF RLA    BSOUT                     00FFD2 RLA    



Imports list:
-------------
BASIN (kernal.o):
    diskcmd.o                 cbm/cbm.inc(47)
    read.o                    cbm/cbm.inc(47)
    cbm_read.o                cbm/cbm.inc(47)
    c_basin.o                 cbm/cbm.inc(47)
BSOUT (kernal.o):
    diskcmd.o                 cbm/cbm.inc(49)
    write.o                   cbm/cbm.inc(49)
    read.o                    cbm/cbm.inc(49)
    crt0.o                    c128/crt0.s(10)
CHKIN (kernal.o):
    diskcmd.o                 cbm/cbm.inc(44)
    read.o                    cbm/cbm.inc(44)
    cbm_read.o                cbm/cbm.inc(44)
    c_chkin.o                 cbm/cbm.inc(44)
CKOUT (kernal.o):
    diskcmd.o                 cbm/cbm.inc(45)
    write.o                   cbm/cbm.inc(45)
CLOSE (kernal.o):
    open.o                    cbm/cbm.inc(36)
    diskcmd.o                 cbm/cbm.inc(36)
    close.o                   cbm/cbm.inc(36)
    c_close.o                 cbm/cbm.inc(36)
CLRCH (kernal.o):
    diskcmd.o                 cbm/cbm.inc(46)
    write.o                   cbm/cbm.inc(46)
    read.o                    cbm/cbm.inc(46)
    cbm_read.o                cbm/cbm.inc(46)
    c_clrch.o                 cbm/cbm.inc(46)
CURS_X (conio.o):
    gotoxy.o                  cbm/gotoxy.s(9)
CURS_Y (conio.o):
    wherey.o                  cbm/wherey.s(8)
    gotoxy.o                  cbm/gotoxy.s(9)
OPEN (kernal.o):
    open.o                    cbm/cbm.inc(35)
    diskcmd.o                 cbm/cbm.inc(35)
    c_open.o                  cbm/cbm.inc(35)
    write.o                   cbm/cbm.inc(35)
    read.o                    cbm/cbm.inc(35)
READST (kernal.o):
    write.o                   cbm/cbm.inc(32)
    read.o                    cbm/cbm.inc(32)
    cbm_read.o                cbm/cbm.inc(32)
    c_readst.o                cbm/cbm.inc(32)
SETLFS (kernal.o):
    open.o                    cbm/cbm.inc(33)
    diskcmd.o                 cbm/cbm.inc(33)
    c_setlfs.o                cbm/cbm.inc(33)
    write.o                   cbm/cbm.inc(33)
    read.o                    cbm/cbm.inc(33)
SETNAM (kernal.o):
    filename.o                cbm/cbm.inc(34)
    diskcmd.o                 cbm/cbm.inc(34)
    c_setnam.o                cbm/cbm.inc(34)
ST (status.o):
    crt0.o                    c128/crt0.s(12)
_DIR1H (main.o):
    db.o                      src/db.s(14)
    ops.o                     src/ops.s(13)
_DIR2H (main.o):
    db.o                      src/db.s(15)
    ops.o                     src/ops.s(14)
_DIR2X (main.o):
    db.o                      src/db.s(20)
    ops.o                     src/ops.s(17)
    dir.o                     src/dir.s(31)
_DIR2Y (main.o):
    db.o                      src/db.s(21)
    ops.o                     src/ops.s(18)
    dir.o                     src/dir.s(32)
_MENUW (main.o):
    db.o                      src/db.s(19)
_MENUX (main.o):
    db.o                      src/db.s(17)
_MENUXT (main.o):
    db.o                      src/db.s(18)
    ops.o                     src/ops.s(16)
_SCREENW (main.o):
    db.o                      src/db.s(16)
    ops.o                     src/ops.s(15)
    screen.o                  src/screen.s(25)
__BSS_RUN__ ([linker generated]):
    _heap.o                   common/_heap.s(8)
    zerobss.o                 common/zerobss.s(8)
__BSS_SIZE__ ([linker generated]):
    _heap.o                   common/_heap.s(8)
    zerobss.o                 common/zerobss.s(8)
__CONSTRUCTOR_COUNT__ ([linker generated]):
    condes.o                  runtime/condes.s(18)
__CONSTRUCTOR_TABLE__ ([linker generated]):
    condes.o                  runtime/condes.s(18)
__DESTRUCTOR_COUNT__ ([linker generated]):
    condes.o                  runtime/condes.s(19)
__DESTRUCTOR_TABLE__ ([linker generated]):
    condes.o                  runtime/condes.s(19)
__EXEHDR__ (exehdr.o):
    [linker generated]        /mnt/c/cc65/cfg/c128.cfg(3)
__LOADADDR__ (loadaddr.o):
    [linker generated]        /mnt/c/cc65/cfg/c128.cfg(2)
__MAIN_SIZE__ ([linker generated]):
    crt0.o                    c128/crt0.s(11)
__MAIN_START__ ([linker generated]):
    crt0.o                    c128/crt0.s(11)
__STACKSIZE__ ([linker generated]):
    _heap.o                   common/_heap.s(8)
    crt0.o                    c128/crt0.s(11)
    [linker generated]        /mnt/c/cc65/cfg/c128.cfg(10)
__STARTUP__ (crt0.o):
    main.o                    src/main.s(13)
__afailed (_afailed.o):
    dir.o                     src/dir.s(13)
__bzero (memset.o):
    calloc.o                  common/calloc.s(10)
__cbm_filetype (cbm_filetype.o):
    cbm_dir.o                 ../libwrk/c128/cbm_dir.s(13)
__ctype (ctype.o):
    ctypemask.o               common/ctypemask.s(23)
__ctypeidx (ctype.o):
    ctypemask.o               common/ctypemask.s(24)
__directerrno (_directerrno.o):
    vsnprintf.o               /mnt/c/cc65/asminc/errno.inc(10)
    open.o                    /mnt/c/cc65/asminc/errno.inc(10)
    close.o                   /mnt/c/cc65/asminc/errno.inc(10)
    write.o                   /mnt/c/cc65/asminc/errno.inc(10)
    read.o                    /mnt/c/cc65/asminc/errno.inc(10)
__errno (errno.o):
    _seterrno.o               /mnt/c/cc65/asminc/errno.inc(7)
__fdesc (_fdesc.o):
    fopen.o                   common/fopen.s(10)
__filetab (_file.o):
    _fdesc.o                  /mnt/c/cc65/asminc/_file.inc(25)
__filetype (filetype.o):
    filename.o                cbm/filename.s(11)
    main.o                    src/main.s(19)
__fopen (_fopen.o):
    fopen.o                   common/fopen.s(10)
__heapend (_heap.o):
    malloc.o                  /mnt/c/cc65/asminc/_heap.inc(33)
__heapfirst (_heap.o):
    malloc.o                  /mnt/c/cc65/asminc/_heap.inc(34)
    free.o                    /mnt/c/cc65/asminc/_heap.inc(34)
__heaplast (_heap.o):
    malloc.o                  /mnt/c/cc65/asminc/_heap.inc(35)
    free.o                    /mnt/c/cc65/asminc/_heap.inc(35)
__heapptr (_heap.o):
    malloc.o                  /mnt/c/cc65/asminc/_heap.inc(32)
    free.o                    /mnt/c/cc65/asminc/_heap.inc(32)
__hextab (_hextab.o):
    ltoa.o                    common/ltoa.s(10)
    cputhex.o                 conio/cputhex.s(10)
__longminstr (_longminstr.o):
    ltoa.o                    common/ltoa.s(10)
__mappederrno (_mappederrno.o):
    open.o                    /mnt/c/cc65/asminc/errno.inc(10)
    close.o                   /mnt/c/cc65/asminc/errno.inc(10)
    write.o                   /mnt/c/cc65/asminc/errno.inc(10)
    read.o                    /mnt/c/cc65/asminc/errno.inc(10)
__oserror (_oserror.o):
    open.o                    /mnt/c/cc65/asminc/errno.inc(7)
    _mappederrno.o            /mnt/c/cc65/asminc/errno.inc(7)
    _directerrno.o            /mnt/c/cc65/asminc/errno.inc(7)
    write.o                   /mnt/c/cc65/asminc/errno.inc(7)
    read.o                    /mnt/c/cc65/asminc/errno.inc(7)
    cbm_read.o                cbm/cbm_read.s(44)
    cbm_open.o                cbm/cbm_open.s(24)
    cbm_dir.o                 ../libwrk/c128/cbm_dir.s(23)
    ops.o                     src/ops.s(73)
__osmaperrno (oserror.o):
    _mappederrno.o            /mnt/c/cc65/asminc/errno.inc(8)
__printf (_printf.o):
    vsnprintf.o               common/vsnprintf.s(10)
    vfprintf.o                common/vfprintf.s(10)
    vcprintf.o                conio/vcprintf.s(9)
__seterrno (_seterrno.o):
    _mappederrno.o            /mnt/c/cc65/asminc/errno.inc(9)
    _fopen.o                  /mnt/c/cc65/asminc/errno.inc(9)
    _directerrno.o            /mnt/c/cc65/asminc/errno.inc(9)
    signal.o                  /mnt/c/cc65/asminc/errno.inc(9)
    fwrite.o                  /mnt/c/cc65/asminc/errno.inc(9)
    fread.o                   /mnt/c/cc65/asminc/errno.inc(9)
    fopen.o                   /mnt/c/cc65/asminc/errno.inc(9)
    fclose.o                  /mnt/c/cc65/asminc/errno.inc(9)
__sig_dfl (signal.o):
    sigtable.o                /mnt/c/cc65/asminc/signal.inc(53)
    raise.o                   /mnt/c/cc65/asminc/signal.inc(53)
_about (ops.o):
    db.o                      src/db.s(36)
_atoi (atoi.o):
    ops.o                     src/ops.s(71)
_bgcolor (color.o):
    screen.o                  src/screen.s(19)
_bordercolor (color.o):
    screen.o                  src/screen.s(20)
_calloc (calloc.o):
    dir.o                     src/dir.s(14)
_catasc (cat.o):
    db.o                      src/db.s(30)
_cathex (cat.o):
    db.o                      src/db.s(29)
_cbm_close (cbm_close.o):
    cbm_dir.o                 ../libwrk/c128/cbm_dir.s(19)
    db.o                      src/db.s(23)
    ops.o                     src/ops.s(20)
    cat.o                     src/cat.s(14)
_cbm_closedir (cbm_dir.o):
    db.o                      src/db.s(24)
    dir.o                     src/dir.s(25)
_cbm_k_basin (c_basin.o):
    cbm_dir.o                 ../libwrk/c128/cbm_dir.s(14)
    dir.o                     src/dir.s(20)
_cbm_k_chkin (c_chkin.o):
    cbm_dir.o                 ../libwrk/c128/cbm_dir.s(15)
    dir.o                     src/dir.s(21)
_cbm_k_close (c_close.o):
    cbm_close.o               cbm/cbm_close.s(7)
_cbm_k_clrch (c_clrch.o):
    cbm_dir.o                 ../libwrk/c128/cbm_dir.s(16)
    dir.o                     src/dir.s(22)
_cbm_k_open (c_open.o):
    cbm_open.o                cbm/cbm_open.s(23)
_cbm_k_readst (c_readst.o):
    cbm_dir.o                 ../libwrk/c128/cbm_dir.s(17)
    dir.o                     src/dir.s(23)
_cbm_k_setlfs (c_setlfs.o):
    cbm_open.o                cbm/cbm_open.s(23)
_cbm_k_setnam (c_setnam.o):
    cbm_open.o                cbm/cbm_open.s(23)
_cbm_open (cbm_open.o):
    cbm_dir.o                 ../libwrk/c128/cbm_dir.s(18)
    ops.o                     src/ops.s(19)
    cat.o                     src/cat.s(13)
_cbm_opendir (cbm_dir.o):
    dir.o                     src/dir.s(24)
_cbm_read (cbm_read.o):
    ops.o                     src/ops.s(21)
    cat.o                     src/cat.s(15)
_cclear (cclear.o):
    ops.o                     src/ops.s(66)
    dir.o                     src/dir.s(30)
_cclearxy (cclear.o):
    screen.o                  src/screen.s(23)
_cgetc (cgetc.o):
    db.o                      src/db.s(26)
    ops.o                     src/ops.s(62)
    base.o                    src/base.s(15)
_changeDir (ops.o):
    db.o                      src/db.s(41)
_chline (chline.o):
    screen.o                  src/screen.s(21)
_clearArea (screen.o):
    ops.o                     src/ops.s(50)
_close (close.o):
    open.o                    cbm/open.s(14)
    fclose.o                  common/fclose.s(10)
_clrscr (clrscr.o):
    ops.o                     src/ops.s(55)
    cat.o                     src/cat.s(16)
    screen.o                  src/screen.s(13)
    main.o                    src/main.s(20)
_cprintf (cprintf.o):
    ops.o                     src/ops.s(61)
    dir.o                     src/dir.s(28)
    main.o                    src/main.s(22)
_cputc (cputc.o):
    vcprintf.o                conio/vcprintf.s(9)
    cputs.o                   conio/cputs.s(9)
    cputhex.o                 conio/cputhex.s(9)
    ops.o                     src/ops.s(57)
    dir.o                     src/dir.s(27)
    cat.o                     src/cat.s(19)
    screen.o                  src/screen.s(15)
_cputcxy (cputc.o):
    ops.o                     src/ops.s(58)
_cputhex16 (cputhex.o):
    cat.o                     src/cat.s(23)
_cputhex8 (cputhex.o):
    cat.o                     src/cat.s(22)
_cputs (cputs.o):
    ops.o                     src/ops.s(59)
    base.o                    src/base.s(14)
    cat.o                     src/cat.s(20)
    screen.o                  src/screen.s(16)
    main.o                    src/main.s(21)
_cputsxy (cputs.o):
    db.o                      src/db.s(25)
    ops.o                     src/ops.s(60)
_cursor (cursor.o):
    ops.o                     src/ops.s(63)
_cvlinexy (cvline.o):
    screen.o                  src/screen.s(22)
_debugu (ops.o):
    dir.o                     src/dir.s(39)
_devices (ops.o):
    db.o                      src/db.s(46)
_devicetype (ops.o):
    db.o                      src/db.s(45)
_dirs (ops.o):
    db.o                      src/db.s(47)
_doDOScommand (ops.o):
    db.o                      src/db.s(44)
_drawDirFrame (ops.o):
    db.o                      src/db.s(42)
_drawFrame (screen.o):
    db.o                      src/db.s(22)
    ops.o                     src/ops.s(52)
_execute (ops.o):
    db.o                      src/db.s(33)
_exit (crt0.o):
    _afailed.o                ../libwrk/c128/_afailed.s(16)
    ops.o                     src/ops.s(72)
_exitScreen (screen.o):
    ops.o                     src/ops.s(53)
    main.o                    src/main.s(34)
_fclose (fclose.o):
    main.o                    src/main.s(14)
_fopen (fopen.o):
    main.o                    src/main.s(15)
_fprintf (fprintf.o):
    _afailed.o                ../libwrk/c128/_afailed.s(15)
_fread (fread.o):
    main.o                    src/main.s(16)
_free (free.o):
    dir.o                     src/dir.s(15)
_freeDir (dir.o):
    db.o                      src/db.s(31)
_fwrite (fwrite.o):
    vfprintf.o                common/vfprintf.s(10)
    main.o                    src/main.s(17)
_getDeviceType (ops.o):
    db.o                      src/db.s(43)
_gotoxy (gotoxy.o):
    ops.o                     src/ops.s(56)
    dir.o                     src/dir.s(26)
    cat.o                     src/cat.s(17)
    screen.o                  src/screen.s(14)
_initScreen (screen.o):
    main.o                    src/main.s(33)
_isprint (isprint.o):
    ops.o                     src/ops.s(74)
_linebuffer (ops.o):
    dir.o                     src/dir.s(37)
_linebuffer2 (ops.o):
    dir.o                     src/dir.s(38)
_ltoa (ltoa.o):
    _printf.o                 common/_printf.s(12)
_main (main.o):
    callmain.o                runtime/callmain.s(11)
_mainLoopBrowse (db.o):
    main.o                    src/main.s(32)
_malloc (malloc.o):
    calloc.o                  common/calloc.s(10)
_memcpy (memcpy.o):
    vsnprintf.o               common/vsnprintf.s(10)
    dir.o                     src/dir.s(18)
_newscreen (screen.o):
    ops.o                     src/ops.s(51)
_open (open.o):
    _fopen.o                  common/_fopen.s(10)
_printDir (ops.o):
    db.o                      src/db.s(39)
_printElement (ops.o):
    db.o                      src/db.s(40)
_printf (printf.o):
    main.o                    src/main.s(18)
_raise (raise.o):
    _afailed.o                ../libwrk/c128/_afailed.s(13)
_read (read.o):
    fread.o                   common/fread.s(10)
_readDir (dir.o):
    db.o                      src/db.s(32)
    ops.o                     src/ops.s(22)
_revers (revers.o):
    db.o                      src/db.s(27)
    ops.o                     src/ops.s(64)
    base.o                    src/base.s(16)
    dir.o                     src/dir.s(29)
    screen.o                  src/screen.s(17)
_showDir (ops.o):
    db.o                      src/db.s(37)
_sprintf (sprintf.o):
    ops.o                     src/ops.s(67)
_stderr (_file.o):
    _afailed.o                ../libwrk/c128/_afailed.s(14)
_stdout (_file.o):
    printf.o                  common/printf.s(8)
_strcpy (strcpy.o):
    db.o                      src/db.s(13)
    ops.o                     src/ops.s(68)
    dir.o                     src/dir.s(16)
_strlen (strlen.o):
    _printf.o                 common/_printf.s(13)
    ops.o                     src/ops.s(69)
    screen.o                  src/screen.s(24)
_strlower (strlower.o):
    _printf.o                 common/_printf.s(13)
_strncmp (strncmp.o):
    dir.o                     src/dir.s(17)
_strstr (strstr.o):
    ops.o                     src/ops.s(70)
_textcolor (color.o):
    db.o                      src/db.s(28)
    ops.o                     src/ops.s(65)
    base.o                    src/base.s(17)
    cat.o                     src/cat.s(21)
    screen.o                  src/screen.s(18)
    main.o                    src/main.s(23)
_ultoa (ltoa.o):
    _printf.o                 common/_printf.s(12)
_updateMenu (db.o):
    ops.o                     src/ops.s(26)
_updateScreen (ops.o):
    db.o                      src/db.s(34)
_vcprintf (vcprintf.o):
    cprintf.o                 conio/cprintf.s(8)
_vfprintf (vfprintf.o):
    printf.o                  common/printf.s(8)
    fprintf.o                 common/fprintf.s(8)
_vsprintf (vsprintf.o):
    sprintf.o                 common/sprintf.s(8)
_waitKey (base.o):
    ops.o                     src/ops.s(54)
    cat.o                     src/cat.s(27)
    main.o                    src/main.s(35)
_wherey (wherey.o):
    cat.o                     src/cat.s(18)
_write (write.o):
    fwrite.o                  common/fwrite.s(10)
addeq0sp (addeqsp.o):
    ops.o                     src/ops.s(2830)
    ops.o                     src/ops.s(2830)
    main.o                    src/main.s(720)
addeqysp (addeqsp.o):
    db.o                      src/db.s(1502)
    ops.o                     src/ops.s(2830)
    cat.o                     src/cat.s(476)
    cat.o                     src/cat.s(476)
    screen.o                  src/screen.s(360)
addysp (addysp.o):
    open.o                    cbm/open.s(10)
    sprintf.o                 common/sprintf.s(8)
    printf.o                  common/printf.s(8)
    leave.o                   runtime/leave.s(14)
    incsp8.o                  runtime/incsp8.s(8)
    incsp7.o                  runtime/incsp7.s(8)
    incsp6.o                  runtime/incsp6.s(8)
    incsp5.o                  runtime/incsp5.s(8)
    incsp4.o                  runtime/incsp4.s(8)
    incsp3.o                  runtime/incsp3.s(8)
    fwrite.o                  common/fwrite.s(11)
    fprintf.o                 common/fprintf.s(8)
    cprintf.o                 conio/cprintf.s(8)
    db.o                      src/db.s(1502)
    ops.o                     src/ops.s(2830)
    ops.o                     src/ops.s(2830)
    ops.o                     src/ops.s(2830)
    dir.o                     src/dir.s(1476)
    cat.o                     src/cat.s(476)
    cat.o                     src/cat.s(476)
addysp1 (addysp.o):
    sub.o                     runtime/sub.s(8)
    or.o                      runtime/or.s(9)
aslax1 (aslax1.o):
    main.o                    src/main.s(720)
axlong (axlong.o):
    _printf.o                 common/_printf.s(11)
axulong (axlong.o):
    _printf.o                 common/_printf.s(11)
bnega (bneg.o):
    db.o                      src/db.s(1502)
    cat.o                     src/cat.s(476)
booleq (makebool.o):
    ops.o                     src/ops.s(2830)
callmain (callmain.o):
    crt0.o                    c128/crt0.s(9)
chlinechar (clinechars.o):
    chline.o                  cbm/chline.s(10)
closecmdchannel (diskcmd.o):
    scratch.o                 cbm/scratch.s(8)
    open.o                    cbm/open.s(12)
    close.o                   cbm/close.s(9)
cputdirect (cputc.o):
    chline.o                  cbm/chline.s(9)
    cclear.o                  cbm/cclear.s(9)
ctypemask (ctypemask.o):
    isprint.o                 common/isprint.s(15)
ctypemaskdirect (ctypemask.o):
    strlower.o                common/strlower.s(14)
    atoi.o                    common/atoi.s(11)
cursor (_cursor.o):
    cursor.o                  conio/cursor.s(8)
    cgetc.o                   c128/cgetc.s(11)
curunit (filevars.o):
    filename.o                cbm/filename.s(11)
cvlinechar (clinechars.o):
    cvline.o                  cbm/cvline.s(10)
decax1 (decax1.o):
    db.o                      src/db.s(1502)
    ops.o                     src/ops.s(2830)
    dir.o                     src/dir.s(1476)
decax2 (decax2.o):
    ops.o                     src/ops.s(2830)
    dir.o                     src/dir.s(1476)
decax3 (decax3.o):
    ops.o                     src/ops.s(2830)
    dir.o                     src/dir.s(1476)
decax4 (decax4.o):
    ops.o                     src/ops.s(2830)
    dir.o                     src/dir.s(1476)
decaxy (decaxy.o):
    ops.o                     src/ops.s(2830)
    cat.o                     src/cat.s(476)
decsp1 (decsp1.o):
    cbm_dir.o                 ../libwrk/c128/cbm_dir.s(374)
    db.o                      src/db.s(1502)
    ops.o                     src/ops.s(2830)
    ops.o                     src/ops.s(2830)
    dir.o                     src/dir.s(1476)
    screen.o                  src/screen.s(360)
decsp2 (decsp2.o):
    cbm_dir.o                 ../libwrk/c128/cbm_dir.s(374)
    ops.o                     src/ops.s(2830)
    ops.o                     src/ops.s(2830)
    ops.o                     src/ops.s(2830)
    ops.o                     src/ops.s(2830)
    ops.o                     src/ops.s(2830)
    ops.o                     src/ops.s(2830)
    dir.o                     src/dir.s(1476)
    dir.o                     src/dir.s(1476)
    cat.o                     src/cat.s(476)
    cat.o                     src/cat.s(476)
    main.o                    src/main.s(720)
decsp3 (decsp3.o):
    main.o                    src/main.s(720)
    main.o                    src/main.s(720)
decsp4 (decsp4.o):
    lpush.o                   runtime/lpush.s(12)
    sprintf.o                 common/sprintf.s(8)
    fprintf.o                 common/fprintf.s(8)
    dir.o                     src/dir.s(1476)
decsp6 (decsp6.o):
    _printf.o                 common/_printf.s(11)
devnum (devnum.o):
    filevars.o                cbm/filevars.s(9)
donelib (condes.o):
    crt0.o                    c128/crt0.s(7)
enter (enter.o):
    cbm_dir.o                 ../libwrk/c128/cbm_dir.s(374)
fdtab (filedes.o):
    open.o                    cbm/filedes.inc(7)
    close.o                   cbm/filedes.inc(7)
    write.o                   cbm/filedes.inc(7)
    read.o                    cbm/filedes.inc(7)
fnaddmode (filename.o):
    open.o                    cbm/open.s(11)
fncmd (filename.o):
    scratch.o                 cbm/scratch.s(9)
    diskcmd.o                 cbm/diskcmd.s(14)
fncomplete (filename.o):
    open.o                    cbm/open.s(11)
fnisfile (filename.o):
    open.o                    cbm/open.s(13)
fnlen (filename.o):
    diskcmd.o                 cbm/diskcmd.s(14)
fnparse (filename.o):
    open.o                    cbm/open.s(11)
fnset (filename.o):
    open.o                    cbm/open.s(11)
fnunit (filename.o):
    scratch.o                 cbm/scratch.s(9)
    open.o                    cbm/open.s(13)
    diskcmd.o                 cbm/diskcmd.s(14)
freefd (filedes.o):
    open.o                    cbm/filedes.inc(9)
gotoxy (gotoxy.o):
    cvline.o                  cbm/cvline.s(9)
    cputs.o                   conio/cputs.s(9)
    cputc.o                   c128/cputc.s(11)
    chline.o                  cbm/chline.s(9)
    cclear.o                  cbm/cclear.s(9)
incax1 (incax1.o):
    db.o                      src/db.s(1502)
    ops.o                     src/ops.s(2830)
    main.o                    src/main.s(720)
incax2 (incax2.o):
    ops.o                     src/ops.s(2830)
    main.o                    src/main.s(720)
incax3 (incax3.o):
    cbm_dir.o                 ../libwrk/c128/cbm_dir.s(374)
incax4 (incaxy.o):
    cbm_dir.o                 ../libwrk/c128/cbm_dir.s(374)
incaxy (incaxy.o):
    incax3.o                  runtime/incax3.s(8)
    ops.o                     src/ops.s(2830)
    dir.o                     src/dir.s(1476)
    cat.o                     src/cat.s(476)
incsp1 (incsp1.o):
    cbm_dir.o                 ../libwrk/c128/cbm_dir.s(374)
    db.o                      src/db.s(1502)
    db.o                      src/db.s(1502)
    ops.o                     src/ops.s(2830)
    ops.o                     src/ops.s(2830)
    ops.o                     src/ops.s(2830)
    ops.o                     src/ops.s(2830)
    base.o                    src/base.s(59)
    dir.o                     src/dir.s(1476)
    cat.o                     src/cat.s(476)
    screen.o                  src/screen.s(360)
incsp2 (incsp2.o):
    vsnprintf.o               common/vsnprintf.s(9)
    staxspi.o                 runtime/staxspi.s(9)
    staspidx.o                runtime/staspidx.s(8)
    popptr1.o                 runtime/popptr1.s(8)
    ops.o                     src/ops.s(2830)
    ops.o                     src/ops.s(2830)
    ops.o                     src/ops.s(2830)
    ops.o                     src/ops.s(2830)
    ops.o                     src/ops.s(2830)
    ops.o                     src/ops.s(2830)
    ops.o                     src/ops.s(2830)
    dir.o                     src/dir.s(1476)
    dir.o                     src/dir.s(1476)
    main.o                    src/main.s(720)
incsp3 (incsp3.o):
    ops.o                     src/ops.s(2830)
    ops.o                     src/ops.s(2830)
    dir.o                     src/dir.s(1476)
    screen.o                  src/screen.s(360)
incsp4 (incsp4.o):
    _fopen.o                  common/_fopen.s(11)
    fread.o                   common/fread.s(12)
    _afailed.o                ../libwrk/c128/_afailed.s(57)
    ops.o                     src/ops.s(2830)
    screen.o                  src/screen.s(360)
    main.o                    src/main.s(720)
incsp5 (incsp5.o):
    ops.o                     src/ops.s(2830)
    screen.o                  src/screen.s(360)
    main.o                    src/main.s(720)
    main.o                    src/main.s(720)
incsp6 (incsp6.o):
    vsnprintf.o               common/vsnprintf.s(9)
    vfprintf.o                common/vfprintf.s(9)
    fwrite.o                  common/fwrite.s(11)
    fread.o                   common/fread.s(12)
    ops.o                     src/ops.s(2830)
    ops.o                     src/ops.s(2830)
    ops.o                     src/ops.s(2830)
    dir.o                     src/dir.s(1476)
    dir.o                     src/dir.s(1476)
incsp7 (incsp7.o):
    cbm_dir.o                 ../libwrk/c128/cbm_dir.s(374)
    ops.o                     src/ops.s(2830)
    ops.o                     src/ops.s(2830)
    ops.o                     src/ops.s(2830)
incsp8 (incsp8.o):
    screen.o                  src/screen.s(360)
initlib (condes.o):
    crt0.o                    c128/crt0.s(7)
jmpvec (jmpvec.o):
    raise.o                   common/raise.s(7)
ldax0sp (ldaxsp.o):
    fread.o                   common/fread.s(13)
    ops.o                     src/ops.s(2830)
    ops.o                     src/ops.s(2830)
    ops.o                     src/ops.s(2830)
    ops.o                     src/ops.s(2830)
    ops.o                     src/ops.s(2830)
    ops.o                     src/ops.s(2830)
    ops.o                     src/ops.s(2830)
    dir.o                     src/dir.s(1476)
    dir.o                     src/dir.s(1476)
    dir.o                     src/dir.s(1476)
    screen.o                  src/screen.s(360)
    main.o                    src/main.s(720)
    main.o                    src/main.s(720)
ldaxi (ldaxi.o):
    cbm_dir.o                 ../libwrk/c128/cbm_dir.s(374)
    db.o                      src/db.s(1502)
    ops.o                     src/ops.s(2830)
    ops.o                     src/ops.s(2830)
    ops.o                     src/ops.s(2830)
    dir.o                     src/dir.s(1476)
    main.o                    src/main.s(720)
ldaxidx (ldaxi.o):
    db.o                      src/db.s(1502)
    ops.o                     src/ops.s(2830)
    ops.o                     src/ops.s(2830)
    ops.o                     src/ops.s(2830)
    ops.o                     src/ops.s(2830)
    dir.o                     src/dir.s(1476)
    dir.o                     src/dir.s(1476)
    dir.o                     src/dir.s(1476)
ldaxysp (ldaxsp.o):
    vsnprintf.o               common/vsnprintf.s(9)
    fwrite.o                  common/fwrite.s(11)
    fread.o                   common/fread.s(13)
    cbm_dir.o                 ../libwrk/c128/cbm_dir.s(374)
    db.o                      src/db.s(1502)
    ops.o                     src/ops.s(2830)
    ops.o                     src/ops.s(2830)
    ops.o                     src/ops.s(2830)
    ops.o                     src/ops.s(2830)
    ops.o                     src/ops.s(2830)
    ops.o                     src/ops.s(2830)
    ops.o                     src/ops.s(2830)
    ops.o                     src/ops.s(2830)
    ops.o                     src/ops.s(2830)
    ops.o                     src/ops.s(2830)
    dir.o                     src/dir.s(1476)
    dir.o                     src/dir.s(1476)
    dir.o                     src/dir.s(1476)
    cat.o                     src/cat.s(476)
    cat.o                     src/cat.s(476)
    screen.o                  src/screen.s(360)
    screen.o                  src/screen.s(360)
    main.o                    src/main.s(720)
    main.o                    src/main.s(720)
    main.o                    src/main.s(720)
leaa0sp (leaaxsp.o):
    cbm_dir.o                 ../libwrk/c128/cbm_dir.s(374)
    dir.o                     src/dir.s(1476)
    cat.o                     src/cat.s(476)
    cat.o                     src/cat.s(476)
leavey (leave.o):
    cbm_dir.o                 ../libwrk/c128/cbm_dir.s(374)
mul8x16 (mul8.o):
    mul.o                     runtime/mul.s(8)
mul8x16a (mul8.o):
    mul.o                     runtime/mul.s(8)
mulax10 (mulax10.o):
    ops.o                     src/ops.s(2830)
negax (negabs.o):
    shelp.o                   runtime/shelp.s(11)
    div.o                     runtime/div.s(11)
negeax (lneg.o):
    ltoa.o                    common/ltoa.s(9)
    atoi.o                    common/atoi.s(9)
newline (cputc.o):
    cvline.o                  cbm/cvline.s(9)
opencmdchannel (diskcmd.o):
    scratch.o                 cbm/scratch.s(8)
    open.o                    cbm/open.s(12)
plot (cputc.o):
    gotoxy.o                  cbm/gotoxy.s(8)
popa (popa.o):
    c_setlfs.o                cbm/c_setlfs.s(12)
    gotoxy.o                  cbm/gotoxy.s(8)
    cbm_read.o                cbm/cbm_read.s(43)
    cbm_open.o                cbm/cbm_open.s(22)
popax (incsp2.o):
    vsnprintf.o               common/vsnprintf.s(9)
    open.o                    cbm/open.s(10)
    ltoa.o                    common/ltoa.s(9)
    _printf.o                 common/_printf.s(11)
    vcprintf.o                conio/vcprintf.s(8)
    strncmp.o                 common/strncmp.s(8)
    strcpy.o                  common/strcpy.s(8)
    signal.o                  common/signal.s(7)
    shelp.o                   runtime/shelp.s(11)
    rwcommon.o                cbm/rwcommon.s(9)
    memset.o                  common/memset.s(19)
    memcpy.o                  common/memcpy.s(14)
    cbm_read.o                cbm/cbm_read.s(43)
popptr1 (popptr1.o):
    ltoa.o                    common/ltoa.s(9)
    vcprintf.o                conio/vcprintf.s(8)
    udiv.o                    runtime/udiv.s(9)
    strstr.o                  common/strstr.s(8)
    strncmp.o                 common/strncmp.s(8)
    rwcommon.o                cbm/rwcommon.s(9)
    mul8.o                    runtime/mul8.s(9)
    mul.o                     runtime/mul.s(9)
    memcpy.o                  common/memcpy.s(14)
popsargsudiv16 (shelp.o):
    div.o                     runtime/div.s(11)
ptr1 (zeropage.o):
    vsnprintf.o               common/vsnprintf.s(11)
    strlower.o                common/strlower.s(13)
    ltoa.o                    common/ltoa.s(11)
    filename.o                cbm/filename.s(12)
    diskcmd.o                 cbm/diskcmd.s(15)
    c_setnam.o                cbm/c_setnam.s(10)
    _printf.o                 /mnt/c/cc65/asminc/zeropage.inc(12)
    _fopen.o                  common/_fopen.s(12)
    zerobss.o                 common/zerobss.s(9)
    write.o                   cbm/write.s(11)
    vfprintf.o                common/vfprintf.s(11)
    vcprintf.o                conio/vcprintf.s(10)
    udiv.o                    runtime/udiv.s(10)
    strstr.o                  common/strstr.s(9)
    strncmp.o                 common/strncmp.s(9)
    strcpy.o                  common/strcpy.s(9)
    staxspi.o                 runtime/staxspi.s(10)
    staspidx.o                runtime/staspidx.s(9)
    sprintf.o                 common/sprintf.s(9)
    signal.o                  common/signal.s(8)
    shelp.o                   runtime/shelp.s(12)
    read.o                    cbm/read.s(13)
    pushw.o                   runtime/pushw.s(9)
    printf.o                  common/printf.s(9)
    popptr1.o                 runtime/popptr1.s(9)
    mulax10.o                 runtime/mulax10.s(9)
    mul8.o                    runtime/mul8.s(10)
    mul.o                     runtime/mul.s(10)
    memset.o                  common/memset.s(20)
    memcpy.o                  common/memcpy.s(15)
    malloc.o                  common/malloc.s(108)
    ldaxi.o                   runtime/ldaxi.s(8)
    fwrite.o                  common/fwrite.s(14)
    free.o                    common/free.s(62)
    fread.o                   common/fread.s(17)
    fprintf.o                 common/fprintf.s(9)
    fclose.o                  common/fclose.s(11)
    div.o                     runtime/div.s(12)
    cputs.o                   conio/cputs.s(10)
    cprintf.o                 conio/cprintf.s(9)
    cbm_read.o                cbm/cbm_read.s(42)
    cbm_dir.o                 ../libwrk/c128/cbm_dir.s(11)
    atoi.o                    common/atoi.s(10)
    db.o                      src/db.s(11)
    ops.o                     src/ops.s(11)
    dir.o                     src/dir.s(11)
    cat.o                     src/cat.s(11)
    screen.o                  src/screen.s(11)
    main.o                    src/main.s(11)
ptr2 (zeropage.o):
    strlower.o                common/strlower.s(13)
    ltoa.o                    common/ltoa.s(11)
    _printf.o                 /mnt/c/cc65/asminc/zeropage.inc(12)
    write.o                   cbm/write.s(11)
    vcprintf.o                conio/vcprintf.s(10)
    strstr.o                  common/strstr.s(9)
    strncmp.o                 common/strncmp.s(9)
    strlen.o                  common/strlen.s(12)
    strcpy.o                  common/strcpy.s(9)
    rwcommon.o                cbm/rwcommon.s(10)
    read.o                    cbm/read.s(13)
    memset.o                  common/memset.s(20)
    memcpy.o                  common/memcpy.s(15)
    malloc.o                  common/malloc.s(108)
    free.o                    common/free.s(62)
    cbm_read.o                cbm/cbm_read.s(42)
    atoi.o                    common/atoi.s(10)
ptr3 (zeropage.o):
    ltoa.o                    common/ltoa.s(11)
    write.o                   cbm/write.s(11)
    vcprintf.o                conio/vcprintf.s(10)
    strstr.o                  common/strstr.s(9)
    strncmp.o                 common/strncmp.s(9)
    rwcommon.o                cbm/rwcommon.s(10)
    read.o                    cbm/read.s(13)
    memset.o                  common/memset.s(20)
    memcpy.o                  common/memcpy.s(15)
    malloc.o                  common/malloc.s(108)
    free.o                    common/free.s(62)
    cbm_read.o                cbm/cbm_read.s(42)
ptr4 (zeropage.o):
    udiv.o                    runtime/udiv.s(10)
    strstr.o                  common/strstr.s(9)
    shelp.o                   runtime/shelp.s(12)
    mul8.o                    runtime/mul8.s(10)
    mul.o                     runtime/mul.s(10)
    free.o                    common/free.s(62)
push0 (pushax.o):
    db.o                      src/db.s(1502)
    ops.o                     src/ops.s(2830)
    ops.o                     src/ops.s(2830)
    dir.o                     src/dir.s(1476)
    cat.o                     src/cat.s(476)
    cat.o                     src/cat.s(476)
push1 (push1.o):
    _printf.o                 common/_printf.s(11)
    vfprintf.o                common/vfprintf.s(9)
pusha (pusha.o):
    cbm_dir.o                 ../libwrk/c128/cbm_dir.s(374)
    cbm_dir.o                 ../libwrk/c128/cbm_dir.s(374)
    cbm_dir.o                 ../libwrk/c128/cbm_dir.s(374)
    db.o                      src/db.s(1502)
    db.o                      src/db.s(1502)
    ops.o                     src/ops.s(2830)
    ops.o                     src/ops.s(2830)
    ops.o                     src/ops.s(2830)
    ops.o                     src/ops.s(2830)
    ops.o                     src/ops.s(2830)
    ops.o                     src/ops.s(2830)
    ops.o                     src/ops.s(2830)
    ops.o                     src/ops.s(2830)
    ops.o                     src/ops.s(2830)
    ops.o                     src/ops.s(2830)
    ops.o                     src/ops.s(2830)
    ops.o                     src/ops.s(2830)
    ops.o                     src/ops.s(2830)
    ops.o                     src/ops.s(2830)
    ops.o                     src/ops.s(2830)
    ops.o                     src/ops.s(2830)
    ops.o                     src/ops.s(2830)
    ops.o                     src/ops.s(2830)
    ops.o                     src/ops.s(2830)
    ops.o                     src/ops.s(2830)
    base.o                    src/base.s(59)
    dir.o                     src/dir.s(1476)
    dir.o                     src/dir.s(1476)
    cat.o                     src/cat.s(476)
    cat.o                     src/cat.s(476)
    cat.o                     src/cat.s(476)
    screen.o                  src/screen.s(360)
    screen.o                  src/screen.s(360)
    screen.o                  src/screen.s(360)
    screen.o                  src/screen.s(360)
    main.o                    src/main.s(720)
pusha0 (pushax.o):
    push1.o                   runtime/push1.s(8)
    fread.o                   common/fread.s(11)
    db.o                      src/db.s(1502)
    ops.o                     src/ops.s(2830)
    ops.o                     src/ops.s(2830)
    ops.o                     src/ops.s(2830)
    ops.o                     src/ops.s(2830)
    ops.o                     src/ops.s(2830)
    dir.o                     src/dir.s(1476)
    screen.o                  src/screen.s(360)
    screen.o                  src/screen.s(360)
    main.o                    src/main.s(720)
    main.o                    src/main.s(720)
    main.o                    src/main.s(720)
    main.o                    src/main.s(720)
pushax (pushax.o):
    callmain.o                runtime/callmain.s(11)
    _printf.o                 common/_printf.s(11)
    vcprintf.o                conio/vcprintf.s(8)
    pushw.o                   runtime/pushw.s(8)
    printf.o                  common/printf.s(8)
    fwrite.o                  common/fwrite.s(11)
    fread.o                   common/fread.s(11)
    fopen.o                   common/fopen.s(11)
    cprintf.o                 conio/cprintf.s(8)
    cbm_dir.o                 ../libwrk/c128/cbm_dir.s(374)
    cbm_dir.o                 ../libwrk/c128/cbm_dir.s(374)
    calloc.o                  common/calloc.s(11)
    _afailed.o                ../libwrk/c128/_afailed.s(57)
    db.o                      src/db.s(1502)
    db.o                      src/db.s(1502)
    ops.o                     src/ops.s(2830)
    ops.o                     src/ops.s(2830)
    ops.o                     src/ops.s(2830)
    ops.o                     src/ops.s(2830)
    ops.o                     src/ops.s(2830)
    ops.o                     src/ops.s(2830)
    ops.o                     src/ops.s(2830)
    ops.o                     src/ops.s(2830)
    ops.o                     src/ops.s(2830)
    ops.o                     src/ops.s(2830)
    ops.o                     src/ops.s(2830)
    ops.o                     src/ops.s(2830)
    ops.o                     src/ops.s(2830)
    dir.o                     src/dir.s(1476)
    dir.o                     src/dir.s(1476)
    dir.o                     src/dir.s(1476)
    dir.o                     src/dir.s(1476)
    cat.o                     src/cat.s(476)
    cat.o                     src/cat.s(476)
    screen.o                  src/screen.s(360)
    screen.o                  src/screen.s(360)
    main.o                    src/main.s(720)
    main.o                    src/main.s(720)
    main.o                    src/main.s(720)
    main.o                    src/main.s(720)
    main.o                    src/main.s(720)
pusheax (lpush.o):
    _printf.o                 common/_printf.s(11)
pushw (pushw.o):
    db.o                      src/db.s(1502)
    ops.o                     src/ops.s(2830)
    ops.o                     src/ops.s(2830)
    ops.o                     src/ops.s(2830)
    ops.o                     src/ops.s(2830)
    ops.o                     src/ops.s(2830)
pushw0sp (pushwsp.o):
    vsprintf.o                common/vsprintf.s(8)
    ops.o                     src/ops.s(2830)
    dir.o                     src/dir.s(1476)
pushwidx (pushw.o):
    db.o                      src/db.s(1502)
    ops.o                     src/ops.s(2830)
    ops.o                     src/ops.s(2830)
    dir.o                     src/dir.s(1476)
    dir.o                     src/dir.s(1476)
pushwysp (pushwsp.o):
    vfprintf.o                common/vfprintf.s(9)
    fwrite.o                  common/fwrite.s(11)
    fread.o                   common/fread.s(14)
    _afailed.o                ../libwrk/c128/_afailed.s(57)
    db.o                      src/db.s(1502)
    ops.o                     src/ops.s(2830)
    ops.o                     src/ops.s(2830)
    ops.o                     src/ops.s(2830)
    ops.o                     src/ops.s(2830)
    ops.o                     src/ops.s(2830)
    ops.o                     src/ops.s(2830)
    ops.o                     src/ops.s(2830)
    ops.o                     src/ops.s(2830)
    ops.o                     src/ops.s(2830)
    ops.o                     src/ops.s(2830)
    dir.o                     src/dir.s(1476)
    dir.o                     src/dir.s(1476)
    main.o                    src/main.s(720)
    main.o                    src/main.s(720)
    main.o                    src/main.s(720)
putchar (cputc.o):
    cvline.o                  cbm/cvline.s(9)
readdiskerror (diskcmd.o):
    open.o                    cbm/open.s(12)
    close.o                   cbm/close.s(9)
regbank (zeropage.o):
    _printf.o                 /mnt/c/cc65/asminc/zeropage.inc(14)
    regswap2.o                runtime/regswap2.s(8)
    fread.o                   common/fread.s(31)
    cbm_dir.o                 ../libwrk/c128/cbm_dir.s(10)
regsave (zeropage.o):
    lsave.o                   runtime/lsave.s(9)
regswap2 (regswap2.o):
    cbm_dir.o                 ../libwrk/c128/cbm_dir.s(374)
resteax (lsave.o):
    db.o                      src/db.s(1502)
return0 (return0.o):
    _fopen.o                  common/_fopen.s(11)
    _fdesc.o                  common/_fdesc.s(9)
    color.o                   c128/color.s(10)
rwcommon (rwcommon.o):
    write.o                   cbm/write.s(10)
    read.o                    cbm/read.s(11)
saveeax (lsave.o):
    db.o                      src/db.s(1502)
scratch (scratch.o):
    open.o                    cbm/open.s(11)
sigtable (sigtable.o):
    signal.o                  /mnt/c/cc65/asminc/signal.inc(49)
    raise.o                   /mnt/c/cc65/asminc/signal.inc(49)
sp (zeropage.o):
    vsnprintf.o               common/vsnprintf.s(11)
    lpush.o                   runtime/lpush.s(13)
    decsp6.o                  runtime/decsp6.s(8)
    _printf.o                 /mnt/c/cc65/asminc/zeropage.inc(11)
    _heap.o                   common/_heap.s(9)
    _fopen.o                  common/_fopen.s(12)
    vfprintf.o                common/vfprintf.s(11)
    vcprintf.o                conio/vcprintf.s(10)
    subysp.o                  runtime/subysp.s(9)
    subeqsp.o                 runtime/subeqsp.s(8)
    sub.o                     runtime/sub.s(9)
    staxspi.o                 runtime/staxspi.s(10)
    staxsp.o                  runtime/staxsp.s(8)
    staspidx.o                runtime/staspidx.s(9)
    sprintf.o                 common/sprintf.s(9)
    regswap2.o                runtime/regswap2.s(8)
    pushwsp.o                 runtime/pushwsp.s(8)
    pushax.o                  runtime/pushax.s(8)
    pusha.o                   runtime/pusha.s(8)
    printf.o                  common/printf.s(9)
    popptr1.o                 runtime/popptr1.s(9)
    popa.o                    runtime/popa.s(8)
    or.o                      runtime/or.s(10)
    memset.o                  common/memset.s(20)
    memcpy.o                  common/memcpy.s(15)
    leave.o                   runtime/leave.s(15)
    leaaxsp.o                 runtime/leaaxsp.s(8)
    ldaxsp.o                  runtime/ldaxsp.s(8)
    incsp2.o                  runtime/incsp2.s(8)
    incsp1.o                  runtime/incsp1.s(8)
    icmp.o                    runtime/icmp.s(9)
    fread.o                   common/fread.s(17)
    fprintf.o                 common/fprintf.s(9)
    enter.o                   runtime/enter.s(8)
    decsp4.o                  runtime/decsp4.s(8)
    decsp3.o                  runtime/decsp3.s(8)
    decsp2.o                  runtime/decsp2.s(8)
    decsp1.o                  runtime/decsp1.s(8)
    crt0.o                    /mnt/c/cc65/asminc/zeropage.inc(11)
    cprintf.o                 conio/cprintf.s(9)
    cbm_dir.o                 ../libwrk/c128/cbm_dir.s(10)
    addysp.o                  runtime/addysp.s(8)
    addeqsp.o                 runtime/addeqsp.s(8)
    add.o                     runtime/add.s(12)
    db.o                      src/db.s(10)
    ops.o                     src/ops.s(10)
    base.o                    src/base.s(10)
    dir.o                     src/dir.s(10)
    cat.o                     src/cat.s(10)
    screen.o                  src/screen.s(10)
    main.o                    src/main.s(10)
sreg (zeropage.o):
    ltoa.o                    common/ltoa.s(11)
    lpush.o                   runtime/lpush.s(13)
    axlong.o                  runtime/axlong.s(9)
    _printf.o                 /mnt/c/cc65/asminc/zeropage.inc(11)
    udiv.o                    runtime/udiv.s(10)
    lsave.o                   runtime/lsave.s(9)
    lneg.o                    runtime/lneg.s(11)
    icmp.o                    runtime/icmp.s(9)
    atoi.o                    common/atoi.s(10)
    db.o                      src/db.s(10)
    ops.o                     src/ops.s(10)
    dir.o                     src/dir.s(10)
    main.o                    src/main.s(10)
staspidx (staspidx.o):
    cbm_dir.o                 ../libwrk/c128/cbm_dir.s(374)
stax0sp (staxsp.o):
    cbm_dir.o                 ../libwrk/c128/cbm_dir.s(374)
    ops.o                     src/ops.s(2830)
    ops.o                     src/ops.s(2830)
    ops.o                     src/ops.s(2830)
    ops.o                     src/ops.s(2830)
    ops.o                     src/ops.s(2830)
    ops.o                     src/ops.s(2830)
    dir.o                     src/dir.s(1476)
    dir.o                     src/dir.s(1476)
    main.o                    src/main.s(720)
staxspidx (staxspi.o):
    cbm_dir.o                 ../libwrk/c128/cbm_dir.s(374)
    db.o                      src/db.s(1502)
    ops.o                     src/ops.s(2830)
    dir.o                     src/dir.s(1476)
staxysp (staxsp.o):
    vsprintf.o                common/vsprintf.s(8)
    cbm_dir.o                 ../libwrk/c128/cbm_dir.s(374)
    db.o                      src/db.s(1502)
    ops.o                     src/ops.s(2830)
    ops.o                     src/ops.s(2830)
    ops.o                     src/ops.s(2830)
    dir.o                     src/dir.s(1476)
    dir.o                     src/dir.s(1476)
    cat.o                     src/cat.s(476)
    cat.o                     src/cat.s(476)
    main.o                    src/main.s(720)
    main.o                    src/main.s(720)
    main.o                    src/main.s(720)
subeqysp (subeqsp.o):
    cbm_dir.o                 ../libwrk/c128/cbm_dir.s(374)
    db.o                      src/db.s(1502)
    ops.o                     src/ops.s(2830)
subysp (subysp.o):
    db.o                      src/db.s(1502)
    cat.o                     src/cat.s(476)
    cat.o                     src/cat.s(476)
tmp1 (zeropage.o):
    ltoa.o                    common/ltoa.s(11)
    filename.o                cbm/filename.s(12)
    diskcmd.o                 cbm/diskcmd.s(15)
    c_setlfs.o                cbm/c_setlfs.s(13)
    _printf.o                 /mnt/c/cc65/asminc/zeropage.inc(13)
    vcprintf.o                conio/vcprintf.s(10)
    strstr.o                  common/strstr.s(9)
    staxspi.o                 runtime/staxspi.s(10)
    staspidx.o                runtime/staspidx.s(9)
    shelp.o                   runtime/shelp.s(12)
    read.o                    cbm/read.s(13)
    or.o                      runtime/or.s(10)
    mul.o                     runtime/mul.s(10)
    incaxy.o                  runtime/incaxy.s(8)
    div.o                     runtime/div.s(12)
    decaxy.o                  runtime/decaxy.s(8)
    cvline.o                  cbm/cvline.s(10)
    cputs.o                   conio/cputs.s(10)
    chline.o                  cbm/chline.s(10)
    cclear.o                  cbm/cclear.s(10)
    cbm_read.o                cbm/cbm_read.s(42)
    atoi.o                    common/atoi.s(10)
    aslax1.o                  runtime/aslax1.s(8)
    add.o                     runtime/add.s(12)
    ops.o                     src/ops.s(11)
    dir.o                     src/dir.s(11)
    main.o                    src/main.s(11)
tmp2 (zeropage.o):
    open.o                    cbm/open.s(15)
    close.o                   cbm/close.s(10)
    shelp.o                   runtime/shelp.s(12)
    rwcommon.o                cbm/rwcommon.s(10)
    read.o                    cbm/read.s(13)
    div.o                     runtime/div.s(12)
tmp3 (zeropage.o):
    open.o                    cbm/open.s(15)
    read.o                    cbm/read.s(13)
tosaddax (add.o):
    screen.o                  src/screen.s(360)
    main.o                    src/main.s(720)
    main.o                    src/main.s(720)
tosdiva0 (div.o):
    ops.o                     src/ops.s(2830)
    ops.o                     src/ops.s(2830)
    screen.o                  src/screen.s(360)
tosicmp (icmp.o):
    ops.o                     src/ops.s(2830)
    ops.o                     src/ops.s(2830)
    ops.o                     src/ops.s(2830)
    screen.o                  src/screen.s(360)
tosicmp0 (icmp.o):
    ops.o                     src/ops.s(2830)
tosmula0 (mul8.o):
    db.o                      src/db.s(1502)
    ops.o                     src/ops.s(2830)
    ops.o                     src/ops.s(2830)
tosorax (or.o):
    cbm_dir.o                 ../libwrk/c128/cbm_dir.s(374)
    dir.o                     src/dir.s(1476)
tossubax (sub.o):
    ops.o                     src/ops.s(2830)
    ops.o                     src/ops.s(2830)
tosudiva0 (udiv.o):
    db.o                      src/db.s(1502)
tosudivax (udiv.o):
    fwrite.o                  common/fwrite.s(12)
    fread.o                   common/fread.s(15)
tosumulax (mul.o):
    fwrite.o                  common/fwrite.s(12)
    fread.o                   common/fread.s(15)
    calloc.o                  common/calloc.s(11)
udiv16 (udiv.o):
    shelp.o                   runtime/shelp.s(11)
unittab (filedes.o):
    open.o                    cbm/filedes.inc(8)
    close.o                   cbm/filedes.inc(8)
    read.o                    cbm/filedes.inc(8)
vsnprintf (vsnprintf.o):
    vsprintf.o                common/vsprintf.s(9)
writefndiskcmd (diskcmd.o):
    scratch.o                 cbm/scratch.s(8)
zerobss (zerobss.o):
    crt0.o                    c128/crt0.s(8)

