Modules list:
-------------
geosramroutine.o:
    OVERLAY4          Offs=000000  Size=00009E  Align=00001  Fill=0000
main.o:
    CODE              Offs=000000  Size=000621  Align=00001  Fill=0000
    RODATA            Offs=000000  Size=00014F  Align=00001  Fill=0000
    BSS               Offs=000000  Size=000584  Align=00001  Fill=0000
    DATA              Offs=000000  Size=000055  Align=00001  Fill=0000
bootmenu.o:
    OVERLAY2          Offs=000000  Size=001F90  Align=00001  Fill=0000
screen.o:
    CODE              Offs=000621  Size=000232  Align=00001  Fill=0000
    BSS               Offs=000584  Size=000003  Align=00001  Fill=0000
cat.o:
    OVERLAY1          Offs=000000  Size=000373  Align=00001  Fill=0000
dir.o:
    OVERLAY1          Offs=000373  Size=000B26  Align=00001  Fill=0000
base.o:
    CODE              Offs=000853  Size=000031  Align=00001  Fill=0000
    RODATA            Offs=00014F  Size=000024  Align=00001  Fill=0000
ops.o:
    CODE              Offs=000884  Size=0012C0  Align=00001  Fill=0000
    RODATA            Offs=000173  Size=000189  Align=00001  Fill=0000
    BSS               Offs=000587  Size=0000ED  Align=00001  Fill=0000
    DATA              Offs=000055  Size=00003A  Align=00001  Fill=0000
db.o:
    DATA              Offs=00008F  Size=000001  Align=00001  Fill=0000
    OVERLAY1          Offs=000E99  Size=000EDF  Align=00001  Fill=0000
ultimate_lib.o:
    CODE              Offs=001B44  Size=001475  Align=00001  Fill=0000
    RODATA            Offs=0002FC  Size=000137  Align=00001  Fill=0000
    BSS               Offs=000674  Size=000806  Align=00001  Fill=0000
    DATA              Offs=000090  Size=00000B  Align=00001  Fill=0000
c128-ram.o:
    CODE              Offs=002FB9  Size=00012B  Align=00001  Fill=0000
    BSS               Offs=000E7A  Size=000102  Align=00001  Fill=0000
/mnt/d/retro/cc65/lib/c128.lib(_afailed.o):
    CODE              Offs=0030E4  Size=000032  Align=00001  Fill=0000
    RODATA            Offs=000433  Size=00001B  Align=00001  Fill=0000
/mnt/d/retro/cc65/lib/c128.lib(_cursor.o):
    BSS               Offs=000F7C  Size=000001  Align=00001  Fill=0000
/mnt/d/retro/cc65/lib/c128.lib(_directerrno.o):
    CODE              Offs=003116  Size=00000A  Align=00001  Fill=0000
/mnt/d/retro/cc65/lib/c128.lib(_file.o):
    DATA              Offs=00009B  Size=00001E  Align=00001  Fill=0000
/mnt/d/retro/cc65/lib/c128.lib(_heap.o):
    DATA              Offs=0000B9  Size=00000A  Align=00001  Fill=0000
    ONCE              Offs=000000  Size=000010  Align=00001  Fill=0000
/mnt/d/retro/cc65/lib/c128.lib(_hextab.o):
    RODATA            Offs=00044E  Size=000010  Align=00001  Fill=0000
/mnt/d/retro/cc65/lib/c128.lib(_longminstr.o):
    RODATA            Offs=00045E  Size=00000C  Align=00001  Fill=0000
/mnt/d/retro/cc65/lib/c128.lib(_mappederrno.o):
    CODE              Offs=003120  Size=000010  Align=00001  Fill=0000
/mnt/d/retro/cc65/lib/c128.lib(_oserror.o):
    BSS               Offs=000F7D  Size=000001  Align=00001  Fill=0000
/mnt/d/retro/cc65/lib/c128.lib(_printf.o):
    CODE              Offs=003130  Size=0003A5  Align=00001  Fill=0000
    BSS               Offs=000F7E  Size=00002B  Align=00001  Fill=0000
    DATA              Offs=0000C3  Size=000003  Align=00001  Fill=0000
/mnt/d/retro/cc65/lib/c128.lib(_seterrno.o):
    CODE              Offs=0034D5  Size=000009  Align=00001  Fill=0000
/mnt/d/retro/cc65/lib/c128.lib(acc_c128_speed.o):
    CODE              Offs=0034DE  Size=000010  Align=00001  Fill=0000
/mnt/d/retro/cc65/lib/c128.lib(add.o):
    CODE              Offs=0034EE  Size=00001C  Align=00001  Fill=0000
/mnt/d/retro/cc65/lib/c128.lib(addeqsp.o):
    CODE              Offs=00350A  Size=000011  Align=00001  Fill=0000
/mnt/d/retro/cc65/lib/c128.lib(addysp.o):
    CODE              Offs=00351B  Size=00000E  Align=00001  Fill=0000
/mnt/d/retro/cc65/lib/c128.lib(aslax1.o):
    CODE              Offs=003529  Size=000008  Align=00001  Fill=0000
/mnt/d/retro/cc65/lib/c128.lib(atoi.o):
    CODE              Offs=003531  Size=000091  Align=00001  Fill=0000
/mnt/d/retro/cc65/lib/c128.lib(axlong.o):
    CODE              Offs=0035C2  Size=00000D  Align=00001  Fill=0000
/mnt/d/retro/cc65/lib/c128.lib(bneg.o):
    CODE              Offs=0035CF  Size=00000E  Align=00001  Fill=0000
/mnt/d/retro/cc65/lib/c128.lib(c_basin.o):
    CODE              Offs=0035DD  Size=000006  Align=00001  Fill=0000
/mnt/d/retro/cc65/lib/c128.lib(c_chkin.o):
    CODE              Offs=0035E3  Size=00000A  Align=00001  Fill=0000
/mnt/d/retro/cc65/lib/c128.lib(c_close.o):
    CODE              Offs=0035ED  Size=000004  Align=00001  Fill=0000
/mnt/d/retro/cc65/lib/c128.lib(c_clrch.o):
/mnt/d/retro/cc65/lib/c128.lib(c_load.o):
    CODE              Offs=0035F1  Size=00001D  Align=00001  Fill=0000
/mnt/d/retro/cc65/lib/c128.lib(c_open.o):
    CODE              Offs=00360E  Size=000009  Align=00001  Fill=0000
/mnt/d/retro/cc65/lib/c128.lib(c_readst.o):
    CODE              Offs=003617  Size=000005  Align=00001  Fill=0000
/mnt/d/retro/cc65/lib/c128.lib(c_save.o):
    CODE              Offs=00361C  Size=000016  Align=00001  Fill=0000
/mnt/d/retro/cc65/lib/c128.lib(c_setlfs.o):
    CODE              Offs=003632  Size=00000E  Align=00001  Fill=0000
/mnt/d/retro/cc65/lib/c128.lib(c_setnam.o):
    CODE              Offs=003640  Size=000013  Align=00001  Fill=0000
/mnt/d/retro/cc65/lib/c128.lib(callmain.o):
    CODE              Offs=003653  Size=000017  Align=00001  Fill=0000
    DATA              Offs=0000C6  Size=000004  Align=00001  Fill=0000
/mnt/d/retro/cc65/lib/c128.lib(calloc.o):
    CODE              Offs=00366A  Size=000021  Align=00001  Fill=0000
    BSS               Offs=000FA9  Size=000002  Align=00001  Fill=0000
/mnt/d/retro/cc65/lib/c128.lib(cbm_close.o):
/mnt/d/retro/cc65/lib/c128.lib(cbm_dir.o):
    CODE              Offs=00368B  Size=00028B  Align=00001  Fill=0000
    RODATA            Offs=00046A  Size=00000C  Align=00001  Fill=0000
/mnt/d/retro/cc65/lib/c128.lib(cbm_filetype.o):
    CODE              Offs=003916  Size=000013  Align=00001  Fill=0000
    RODATA            Offs=000476  Size=000014  Align=00001  Fill=0000
/mnt/d/retro/cc65/lib/c128.lib(cbm_load.o):
    CODE              Offs=003929  Size=000044  Align=00001  Fill=0000
/mnt/d/retro/cc65/lib/c128.lib(cbm_open.o):
    CODE              Offs=00396D  Size=000016  Align=00001  Fill=0000
/mnt/d/retro/cc65/lib/c128.lib(cbm_read.o):
    CODE              Offs=003983  Size=00005B  Align=00001  Fill=0000
/mnt/d/retro/cc65/lib/c128.lib(cclear.o):
    CODE              Offs=0039DE  Size=000015  Align=00001  Fill=0000
/mnt/d/retro/cc65/lib/c128.lib(cgetc.o):
    CODE              Offs=0039F3  Size=000030  Align=00001  Fill=0000
    INIT              Offs=000000  Size=000002  Align=00001  Fill=0000
    ONCE              Offs=000010  Size=000013  Align=00001  Fill=0000
/mnt/d/retro/cc65/lib/c128.lib(chline.o):
    CODE              Offs=003A23  Size=000015  Align=00001  Fill=0000
/mnt/d/retro/cc65/lib/c128.lib(clinechars.o):
/mnt/d/retro/cc65/lib/c128.lib(clrscr.o):
/mnt/d/retro/cc65/lib/c128.lib(color.o):
    CODE              Offs=003A38  Size=000060  Align=00001  Fill=0000
/mnt/d/retro/cc65/lib/c128.lib(condes.o):
    CODE              Offs=003A98  Size=00000C  Align=00001  Fill=0000
    DATA              Offs=0000CA  Size=000025  Align=00001  Fill=0000
    ONCE              Offs=000023  Size=00000C  Align=00001  Fill=0000
/mnt/d/retro/cc65/lib/c128.lib(conio.o):
/mnt/d/retro/cc65/lib/c128.lib(cprintf.o):
    CODE              Offs=003AA4  Size=00002A  Align=00001  Fill=0000
    BSS               Offs=000FAB  Size=000001  Align=00001  Fill=0000
/mnt/d/retro/cc65/lib/c128.lib(cputc.o):
    CODE              Offs=003ACE  Size=000049  Align=00001  Fill=0000
/mnt/d/retro/cc65/lib/c128.lib(cputhex.o):
    CODE              Offs=003B17  Size=00001C  Align=00001  Fill=0000
/mnt/d/retro/cc65/lib/c128.lib(cputs.o):
    CODE              Offs=003B33  Size=000023  Align=00001  Fill=0000
/mnt/d/retro/cc65/lib/c128.lib(crt0.o):
    BSS               Offs=000FAC  Size=000002  Align=00001  Fill=0000
    STARTUP           Offs=000000  Size=000051  Align=00001  Fill=0000
    INIT              Offs=000002  Size=00001A  Align=00001  Fill=0000
/mnt/d/retro/cc65/lib/c128.lib(ctype.o):
    RODATA            Offs=00048A  Size=00008B  Align=00001  Fill=0000
/mnt/d/retro/cc65/lib/c128.lib(ctypemask.o):
    CODE              Offs=003B56  Size=00001E  Align=00001  Fill=0000
/mnt/d/retro/cc65/lib/c128.lib(curdevice.o):
    CODE              Offs=003B74  Size=000006  Align=00001  Fill=0000
/mnt/d/retro/cc65/lib/c128.lib(cursor.o):
    CODE              Offs=003B7A  Size=00000A  Align=00001  Fill=0000
/mnt/d/retro/cc65/lib/c128.lib(cvline.o):
    CODE              Offs=003B84  Size=000018  Align=00001  Fill=0000
/mnt/d/retro/cc65/lib/c128.lib(decax1.o):
    CODE              Offs=003B9C  Size=000007  Align=00001  Fill=0000
/mnt/d/retro/cc65/lib/c128.lib(decax2.o):
    CODE              Offs=003BA3  Size=000007  Align=00001  Fill=0000
/mnt/d/retro/cc65/lib/c128.lib(decax3.o):
    CODE              Offs=003BAA  Size=000007  Align=00001  Fill=0000
/mnt/d/retro/cc65/lib/c128.lib(decax4.o):
    CODE              Offs=003BB1  Size=000007  Align=00001  Fill=0000
/mnt/d/retro/cc65/lib/c128.lib(decaxy.o):
    CODE              Offs=003BB8  Size=000009  Align=00001  Fill=0000
/mnt/d/retro/cc65/lib/c128.lib(decsp1.o):
    CODE              Offs=003BC1  Size=000009  Align=00001  Fill=0000
/mnt/d/retro/cc65/lib/c128.lib(decsp2.o):
    CODE              Offs=003BCA  Size=00000D  Align=00001  Fill=0000
/mnt/d/retro/cc65/lib/c128.lib(decsp3.o):
    CODE              Offs=003BD7  Size=00000D  Align=00001  Fill=0000
/mnt/d/retro/cc65/lib/c128.lib(decsp4.o):
    CODE              Offs=003BE4  Size=00000D  Align=00001  Fill=0000
/mnt/d/retro/cc65/lib/c128.lib(decsp5.o):
    CODE              Offs=003BF1  Size=00000D  Align=00001  Fill=0000
/mnt/d/retro/cc65/lib/c128.lib(decsp6.o):
    CODE              Offs=003BFE  Size=00000D  Align=00001  Fill=0000
/mnt/d/retro/cc65/lib/c128.lib(decsp8.o):
    CODE              Offs=003C0B  Size=00000D  Align=00001  Fill=0000
/mnt/d/retro/cc65/lib/c128.lib(devnum.o):
/mnt/d/retro/cc65/lib/c128.lib(diskcmd.o):
    CODE              Offs=003C18  Size=0000C4  Align=00001  Fill=0000
    BSS               Offs=000FAE  Size=000017  Align=00001  Fill=0000
/mnt/d/retro/cc65/lib/c128.lib(div.o):
    CODE              Offs=003CDC  Size=000015  Align=00001  Fill=0000
/mnt/d/retro/cc65/lib/c128.lib(em-kernel.o):
    RODATA            Offs=000515  Size=000051  Align=00001  Fill=0000
    BSS               Offs=000FC5  Size=000002  Align=00001  Fill=0000
    DATA              Offs=0000EF  Size=000018  Align=00001  Fill=0000
/mnt/d/retro/cc65/lib/c128.lib(em_commit.o):
/mnt/d/retro/cc65/lib/c128.lib(em_map.o):
/mnt/d/retro/cc65/lib/c128.lib(em_use.o):
/mnt/d/retro/cc65/lib/c128.lib(enter.o):
    CODE              Offs=003CF1  Size=00000E  Align=00001  Fill=0000
/mnt/d/retro/cc65/lib/c128.lib(errno.o):
    BSS               Offs=000FC7  Size=000002  Align=00001  Fill=0000
/mnt/d/retro/cc65/lib/c128.lib(exehdr.o):
    EXEHDR            Offs=000000  Size=00000C  Align=00001  Fill=0000
/mnt/d/retro/cc65/lib/c128.lib(filedes.o):
    CODE              Offs=003CFF  Size=00000E  Align=00001  Fill=0000
    DATA              Offs=000107  Size=000010  Align=00001  Fill=0000
/mnt/d/retro/cc65/lib/c128.lib(filename.o):
    CODE              Offs=003D0D  Size=0000A0  Align=00001  Fill=0000
    BSS               Offs=000FC9  Size=000003  Align=00001  Fill=0000
    DATA              Offs=000117  Size=000024  Align=00001  Fill=0000
/mnt/d/retro/cc65/lib/c128.lib(filetype.o):
    DATA              Offs=00013B  Size=000001  Align=00001  Fill=0000
/mnt/d/retro/cc65/lib/c128.lib(filevars.o):
    INIT              Offs=00001C  Size=000001  Align=00001  Fill=0000
    ONCE              Offs=00002F  Size=00000C  Align=00001  Fill=0000
/mnt/d/retro/cc65/lib/c128.lib(fprintf.o):
    CODE              Offs=003DAD  Size=00002B  Align=00001  Fill=0000
    BSS               Offs=000FCC  Size=000001  Align=00001  Fill=0000
/mnt/d/retro/cc65/lib/c128.lib(free.o):
    CODE              Offs=003DD8  Size=0001D3  Align=00001  Fill=0000
/mnt/d/retro/cc65/lib/c128.lib(fwrite.o):
    CODE              Offs=003FAB  Size=00007B  Align=00001  Fill=0000
    BSS               Offs=000FCD  Size=000002  Align=00001  Fill=0000
/mnt/d/retro/cc65/lib/c128.lib(gotoxy.o):
    CODE              Offs=004026  Size=00000D  Align=00001  Fill=0000
/mnt/d/retro/cc65/lib/c128.lib(icmp.o):
    CODE              Offs=004033  Size=00002E  Align=00001  Fill=0000
/mnt/d/retro/cc65/lib/c128.lib(incax1.o):
    CODE              Offs=004061  Size=000007  Align=00001  Fill=0000
/mnt/d/retro/cc65/lib/c128.lib(incax2.o):
    CODE              Offs=004068  Size=000007  Align=00001  Fill=0000
/mnt/d/retro/cc65/lib/c128.lib(incax3.o):
    CODE              Offs=00406F  Size=000005  Align=00001  Fill=0000
/mnt/d/retro/cc65/lib/c128.lib(incaxy.o):
    CODE              Offs=004074  Size=00000B  Align=00001  Fill=0000
/mnt/d/retro/cc65/lib/c128.lib(incsp1.o):
    CODE              Offs=00407F  Size=000007  Align=00001  Fill=0000
/mnt/d/retro/cc65/lib/c128.lib(incsp2.o):
    CODE              Offs=004086  Size=000016  Align=00001  Fill=0000
/mnt/d/retro/cc65/lib/c128.lib(incsp3.o):
    CODE              Offs=00409C  Size=000005  Align=00001  Fill=0000
/mnt/d/retro/cc65/lib/c128.lib(incsp4.o):
    CODE              Offs=0040A1  Size=000005  Align=00001  Fill=0000
/mnt/d/retro/cc65/lib/c128.lib(incsp5.o):
    CODE              Offs=0040A6  Size=000005  Align=00001  Fill=0000
/mnt/d/retro/cc65/lib/c128.lib(incsp6.o):
    CODE              Offs=0040AB  Size=000005  Align=00001  Fill=0000
/mnt/d/retro/cc65/lib/c128.lib(incsp7.o):
    CODE              Offs=0040B0  Size=000005  Align=00001  Fill=0000
/mnt/d/retro/cc65/lib/c128.lib(incsp8.o):
    CODE              Offs=0040B5  Size=000005  Align=00001  Fill=0000
/mnt/d/retro/cc65/lib/c128.lib(isprint.o):
    CODE              Offs=0040BA  Size=00000A  Align=00001  Fill=0000
/mnt/d/retro/cc65/lib/c128.lib(jmpvec.o):
    DATA              Offs=00013C  Size=000003  Align=00001  Fill=0000
/mnt/d/retro/cc65/lib/c128.lib(kernal.o):
/mnt/d/retro/cc65/lib/c128.lib(ldaxi.o):
    CODE              Offs=0040C4  Size=00000D  Align=00001  Fill=0000
/mnt/d/retro/cc65/lib/c128.lib(ldaxsp.o):
    CODE              Offs=0040D1  Size=000009  Align=00001  Fill=0000
/mnt/d/retro/cc65/lib/c128.lib(leaaxsp.o):
    CODE              Offs=0040DA  Size=00000C  Align=00001  Fill=0000
/mnt/d/retro/cc65/lib/c128.lib(leave.o):
    CODE              Offs=0040E6  Size=00001D  Align=00001  Fill=0000
/mnt/d/retro/cc65/lib/c128.lib(libref.o):
/mnt/d/retro/cc65/lib/c128.lib(lneg.o):
    CODE              Offs=004103  Size=00001E  Align=00001  Fill=0000
/mnt/d/retro/cc65/lib/c128.lib(loadaddr.o):
    LOADADDR          Offs=000000  Size=000002  Align=00001  Fill=0000
/mnt/d/retro/cc65/lib/c128.lib(lpush.o):
    CODE              Offs=004121  Size=000021  Align=00001  Fill=0000
/mnt/d/retro/cc65/lib/c128.lib(ltoa.o):
    CODE              Offs=004142  Size=000095  Align=00001  Fill=0000
/mnt/d/retro/cc65/lib/c128.lib(makebool.o):
    CODE              Offs=0041D7  Size=00002C  Align=00001  Fill=0000
/mnt/d/retro/cc65/lib/c128.lib(malloc.o):
    CODE              Offs=004203  Size=00010E  Align=00001  Fill=0000
/mnt/d/retro/cc65/lib/c128.lib(memcpy.o):
    CODE              Offs=004311  Size=00003C  Align=00001  Fill=0000
/mnt/d/retro/cc65/lib/c128.lib(memset.o):
    CODE              Offs=00434D  Size=00005D  Align=00001  Fill=0000
/mnt/d/retro/cc65/lib/c128.lib(mul.o):
    CODE              Offs=0043AA  Size=000045  Align=00001  Fill=0000
/mnt/d/retro/cc65/lib/c128.lib(mul8.o):
    CODE              Offs=0043EF  Size=00003A  Align=00001  Fill=0000
/mnt/d/retro/cc65/lib/c128.lib(mulax10.o):
    CODE              Offs=004429  Size=000019  Align=00001  Fill=0000
/mnt/d/retro/cc65/lib/c128.lib(negabs.o):
    CODE              Offs=004442  Size=000012  Align=00001  Fill=0000
/mnt/d/retro/cc65/lib/c128.lib(or.o):
    CODE              Offs=004454  Size=000012  Align=00001  Fill=0000
/mnt/d/retro/cc65/lib/c128.lib(oserror.o):
    CODE              Offs=004466  Size=000016  Align=00001  Fill=0000
    RODATA            Offs=000566  Size=00005A  Align=00001  Fill=0000
/mnt/d/retro/cc65/lib/c128.lib(overlayaddr.o):
    OVL1ADDR          Offs=000000  Size=000002  Align=00001  Fill=0000
    OVL2ADDR          Offs=000000  Size=000002  Align=00001  Fill=0000
    OVL3ADDR          Offs=000000  Size=000002  Align=00001  Fill=0000
    OVL4ADDR          Offs=000000  Size=000002  Align=00001  Fill=0000
    OVL5ADDR          Offs=000000  Size=000002  Align=00001  Fill=0000
    OVL6ADDR          Offs=000000  Size=000002  Align=00001  Fill=0000
    OVL7ADDR          Offs=000000  Size=000002  Align=00001  Fill=0000
    OVL8ADDR          Offs=000000  Size=000002  Align=00001  Fill=0000
    OVL9ADDR          Offs=000000  Size=000002  Align=00001  Fill=0000
/mnt/d/retro/cc65/lib/c128.lib(popa.o):
    CODE              Offs=00447C  Size=00000C  Align=00001  Fill=0000
/mnt/d/retro/cc65/lib/c128.lib(popptr1.o):
    CODE              Offs=004488  Size=00000E  Align=00001  Fill=0000
/mnt/d/retro/cc65/lib/c128.lib(printf.o):
    CODE              Offs=004496  Size=000033  Align=00001  Fill=0000
    BSS               Offs=000FCF  Size=000001  Align=00001  Fill=0000
/mnt/d/retro/cc65/lib/c128.lib(push1.o):
    CODE              Offs=0044C9  Size=000005  Align=00001  Fill=0000
/mnt/d/retro/cc65/lib/c128.lib(pusha.o):
    CODE              Offs=0044CE  Size=000016  Align=00001  Fill=0000
/mnt/d/retro/cc65/lib/c128.lib(pushax.o):
    CODE              Offs=0044E4  Size=00001A  Align=00001  Fill=0000
/mnt/d/retro/cc65/lib/c128.lib(pushw.o):
    CODE              Offs=0044FE  Size=00000F  Align=00001  Fill=0000
/mnt/d/retro/cc65/lib/c128.lib(pushwsp.o):
    CODE              Offs=00450D  Size=00001C  Align=00001  Fill=0000
/mnt/d/retro/cc65/lib/c128.lib(raise.o):
    CODE              Offs=004529  Size=00002B  Align=00001  Fill=0000
/mnt/d/retro/cc65/lib/c128.lib(regswap2.o):
    CODE              Offs=004554  Size=000016  Align=00001  Fill=0000
/mnt/d/retro/cc65/lib/c128.lib(remove.o):
    CODE              Offs=00456A  Size=000006  Align=00001  Fill=0000
/mnt/d/retro/cc65/lib/c128.lib(return0.o):
    CODE              Offs=004570  Size=000004  Align=00001  Fill=0000
/mnt/d/retro/cc65/lib/c128.lib(revers.o):
    CODE              Offs=004574  Size=000014  Align=00001  Fill=0000
/mnt/d/retro/cc65/lib/c128.lib(rwcommon.o):
    CODE              Offs=004588  Size=00001A  Align=00001  Fill=0000
/mnt/d/retro/cc65/lib/c128.lib(scratch.o):
    CODE              Offs=0045A2  Size=000019  Align=00001  Fill=0000
/mnt/d/retro/cc65/lib/c128.lib(shelp.o):
    CODE              Offs=0045BB  Size=000020  Align=00001  Fill=0000
/mnt/d/retro/cc65/lib/c128.lib(signal.o):
    CODE              Offs=0045DB  Size=000030  Align=00001  Fill=0000
/mnt/d/retro/cc65/lib/c128.lib(sigtable.o):
    DATA              Offs=00013F  Size=00000C  Align=00001  Fill=0000
/mnt/d/retro/cc65/lib/c128.lib(sprintf.o):
    CODE              Offs=00460B  Size=00002B  Align=00001  Fill=0000
    BSS               Offs=000FD0  Size=000001  Align=00001  Fill=0000
/mnt/d/retro/cc65/lib/c128.lib(staspidx.o):
    CODE              Offs=004636  Size=000016  Align=00001  Fill=0000
/mnt/d/retro/cc65/lib/c128.lib(status.o):
/mnt/d/retro/cc65/lib/c128.lib(staxsp.o):
    CODE              Offs=00464C  Size=00000B  Align=00001  Fill=0000
/mnt/d/retro/cc65/lib/c128.lib(staxspi.o):
    CODE              Offs=004657  Size=00001B  Align=00001  Fill=0000
/mnt/d/retro/cc65/lib/c128.lib(strcat.o):
    CODE              Offs=004672  Size=000031  Align=00001  Fill=0000
/mnt/d/retro/cc65/lib/c128.lib(strcpy.o):
    CODE              Offs=0046A3  Size=00001F  Align=00001  Fill=0000
/mnt/d/retro/cc65/lib/c128.lib(strlen.o):
    CODE              Offs=0046C2  Size=000016  Align=00001  Fill=0000
/mnt/d/retro/cc65/lib/c128.lib(strlower.o):
    CODE              Offs=0046D8  Size=000027  Align=00001  Fill=0000
/mnt/d/retro/cc65/lib/c128.lib(strncmp.o):
    CODE              Offs=0046FF  Size=000039  Align=00001  Fill=0000
/mnt/d/retro/cc65/lib/c128.lib(strncpy.o):
    CODE              Offs=004738  Size=000042  Align=00001  Fill=0000
/mnt/d/retro/cc65/lib/c128.lib(strstr.o):
    CODE              Offs=00477A  Size=000052  Align=00001  Fill=0000
/mnt/d/retro/cc65/lib/c128.lib(sub.o):
    CODE              Offs=0047CC  Size=000015  Align=00001  Fill=0000
/mnt/d/retro/cc65/lib/c128.lib(subeqsp.o):
    CODE              Offs=0047E1  Size=000015  Align=00001  Fill=0000
/mnt/d/retro/cc65/lib/c128.lib(subysp.o):
    CODE              Offs=0047F6  Size=00000D  Align=00001  Fill=0000
/mnt/d/retro/cc65/lib/c128.lib(sysremove.o):
    CODE              Offs=004803  Size=000009  Align=00001  Fill=0000
/mnt/d/retro/cc65/lib/c128.lib(udiv.o):
    CODE              Offs=00480C  Size=00004F  Align=00001  Fill=0000
/mnt/d/retro/cc65/lib/c128.lib(vcprintf.o):
    CODE              Offs=00485B  Size=000078  Align=00001  Fill=0000
    DATA              Offs=00014B  Size=000008  Align=00001  Fill=0000
/mnt/d/retro/cc65/lib/c128.lib(vfprintf.o):
    CODE              Offs=0048D3  Size=000061  Align=00001  Fill=0000
    DATA              Offs=000153  Size=000008  Align=00001  Fill=0000
/mnt/d/retro/cc65/lib/c128.lib(vsnprintf.o):
    CODE              Offs=004934  Size=0000DA  Align=00001  Fill=0000
    DATA              Offs=00015B  Size=000008  Align=00001  Fill=0000
/mnt/d/retro/cc65/lib/c128.lib(vsprintf.o):
    CODE              Offs=004A0E  Size=000012  Align=00001  Fill=0000
/mnt/d/retro/cc65/lib/c128.lib(wherey.o):
    CODE              Offs=004A20  Size=000005  Align=00001  Fill=0000
/mnt/d/retro/cc65/lib/c128.lib(write.o):
    CODE              Offs=004A25  Size=000054  Align=00001  Fill=0000
    ONCE              Offs=00003B  Size=000011  Align=00001  Fill=0000
/mnt/d/retro/cc65/lib/c128.lib(zerobss.o):
    CODE              Offs=004A79  Size=000023  Align=00001  Fill=0000
/mnt/d/retro/cc65/lib/c128.lib(zeropage.o):
    ZEROPAGE          Offs=000000  Size=00001A  Align=00001  Fill=0000


Segment list:
-------------
Name                   Start     End    Size  Align
----------------------------------------------------
ZEROPAGE              000002  00001B  00001A  00001
OVL4ADDR              0012FE  0012FF  000002  00001
OVERLAY4              001300  00139D  00009E  00001
LOADADDR              001BFF  001C00  000002  00001
EXEHDR                001C01  001C0C  00000C  00001
STARTUP               001C0D  001C5D  000051  00001
ONCE                  001C5E  001CB1  000054  00001
CODE                  001CB2  00674D  004A9C  00001
RODATA                00674E  006D0F  0005C2  00001
DATA                  006D10  006E72  000163  00001
INIT                  006E73  006E8F  00001D  00001
BSS                   006E90  007E60  000FD1  00001
OVL1ADDR              009FFE  009FFF  000002  00001
OVL2ADDR              009FFE  009FFF  000002  00001
OVL3ADDR              009FFE  009FFF  000002  00001
OVL5ADDR              009FFE  009FFF  000002  00001
OVL6ADDR              009FFE  009FFF  000002  00001
OVL7ADDR              009FFE  009FFF  000002  00001
OVL8ADDR              009FFE  009FFF  000002  00001
OVL9ADDR              009FFE  009FFF  000002  00001
OVERLAY1              00A000  00BD77  001D78  00001
OVERLAY2              00A000  00BF8F  001F90  00001


Exports list by name:
---------------------
BASIN                     00FFCF RLA    BSOUT                     00FFD2 RLA    
CHKIN                     00FFC6 RLA    CKOUT                     00FFC9 RLA    
CLOSE                     00FFC3 RLA    CLRCH                     00FFCC RLA    
CURS_X                    0000EC RLZ    CURS_Y                    0000EB RLZ    
LOAD                      00FFD5 RLA    OPEN                      00FFC0 RLA    
READST                    00FFB7 RLA    SAVE                      00FFD8 RLA    
SETLFS                    00FFBA RLA    SETNAM                    00FFBD RLA    
ST                        000090 RLZ    _DIR1H                    006E90 RLA    
_DIR2H                    006E91 RLA    _DIR2X                    006E9A RLA    
_DIR2Y                    006E9C RLA    _MENUW                    006E98 RLA    
_MENUX                    006E94 RLA    _MENUXT                   006E96 RLA    
_SCREENW                  006E92 RLA    _Slot                     006F92 RLA    
__BSS_RUN__               006E90 RLA    __BSS_SIZE__              000FD1 REA    
__CONSTRUCTOR_COUNT__     000004 REA    __CONSTRUCTOR_TABLE__     001CAA RLA    
__DESTRUCTOR_COUNT__      000001 REA    __DESTRUCTOR_TABLE__      006D0E RLA    
__EXEHDR__                000001 REA    __LOADADDR__              000001 REA    
__MAIN_SIZE__             007BF3 REA    __MAIN_START__            001C0D RLA    
__OVERLAYADDR__           000001 REA    __OVERLAYSIZE__           002000 REA    
__STACKSIZE__             000800 REA    __STARTUP__               000001 REA    
__ZP_START__              000002 RLA    __afailed                 004D96 RLA    
__bzero                   005FFF RLA    __cbm_filetype            0055C8 RLA    
__ctype                   006BD8 RLA    __ctypeidx                006BE3 RLA    
__directerrno             004DC8 RLA    __errno                   007E57 RLA    
__filetype                006E4B RLA    __heapend                 006DCD RLA    
__heapfirst               006DCF RLA    __heaplast                006DD1 RLA    
__heapptr                 006DCB RLA    __hextab                  006B9C RLA    
__longminstr              006BAC RLA    __mappederrno             004DD2 RLA    
__oserror                 007E0D RLA    __osmaperrno              006118 RLA    
__printf                  004ED5 RLA    __seterrno                005187 RLA    
__sig_dfl                 0062BC RLA    __sysremove               0064B5 RLA    
_atoi                     0051E3 RLA    _bgcolor                  005713 RLA    
_bootfromfloppy           00ABF1 RLA    _bordercolor              005739 RLA    
_c128_ram                 004C6B RLA    _calloc                   00531C RLA    
_catasc                   00A1CF RLA    _cathex                   00A01C RLA    
_cbm_close                00529F REA    _cbm_closedir             0055BB RLA    
_cbm_k_basin              00528F RLA    _cbm_k_chkin              005295 RLA    
_cbm_k_close              00529F RLA    _cbm_k_clrch              00FFCC REA    
_cbm_k_load               0052A3 RLA    _cbm_k_open               0052C0 RLA    
_cbm_k_readst             0052C9 RLA    _cbm_k_save               0052CE RLA    
_cbm_k_setlfs             0052E4 RLA    _cbm_k_setnam             0052F2 RLA    
_cbm_load                 0055DB RLA    _cbm_open                 00561F RLA    
_cbm_opendir              00533D RLA    _cbm_read                 005635 RLA    
_cclear                   005695 RLA    _cclearxy                 005690 RLA    
_cgetc                    0056A5 RLA    _changeDir                002CBF RLA    
_chline                   0056DA RLA    _clearArea                0022D3 RLA    
_clrscr                   00C142 REA    _cmd                      002536 RLA    
_commandfrommenu          00AB9A RLA    _cprintf                  005756 RLA    
_cputc                    005785 RLA    _cputcxy                  005780 RLA    
_cputhex16                0057C9 RLA    _cputhex8                 0057CF RLA    
_cputs                    0057EF RLA    _cputsxy                  0057E5 RLA    
_cursor                   00582C RLA    _cvlinexy                 005836 RLA    
_debugu                   0036AD RLA    _depth                    006D10 RLA    
_deviceidtext             001D40 RLA    _devices                  006D6B RLA    
_devicetype               007417 RLA    _dirs                     006D67 RLA    
_doDOScommand             00358E RLA    _drawDirFrame             0030EB RLA    
_drawFrame                0023CF RLA    _editmenuoptions          00AF86 RLA    
_em_commit                006E0E REA    _em_install               006C67 RLA    
_em_map                   006E08 REA    _em_uninstall             006CA7 RLA    
_em_use                   006E0B REA    _execute                  002555 RLA    
_exit                     001C42 RLA    _exitScreen               0024EB RLA    
_fastflag                 006D13 RLA    _forceeight               006D12 RLA    
_fprintf                  005A5F RLA    _free                     005A8A RLA    
_freeDir                  00A399 RLA    _fwrite                   005C5D RLA    
_getDeviceType            0031EC RLA    _getcurrentdevice         005826 RLA    
_getkey                   002016 RLA    _gotoxy                   005CDB RLA    
_idnr                     006EA0 RLA    _information              00AD8F RLA    
_initScreen               0024C4 RLA    _isprint                  005D6C RLA    
_keytomenuslot            00BF72 RLA    _linebuffer               007436 RLA    
_linebuffer2              007487 RLA    _ltoa                     005E0C RLA    
_main                     00215A RLA    _mainLoopBrowse           00B262 RLA    
_mainmenu                 00A88B RLA    _malloc                   005EB5 RLA    
_memcpy                   005FC3 RLA    _mid                      001F0D RLA    
_newmenuname              007086 RLA    _newmenuoldslot           00737A RLA    
_newscreen                00231B RLA    _path                     006EDC RLA    
_pathconcat               001F7C RLA    _pathdevice               006F90 RLA    
_pathfile                 006F7C RLA    _pathrunboot              006F91 RLA    
_pickmenuslot             00A639 RLA    _printDir                 00288D RLA    
_printElement             002A77 RLA    _printf                   006148 RLA    
_putslottoem              00BEB1 RLA    _raise                    0061DB RLA    
_readDir                  00A46F RLA    _remove                   00621C RLA    
_revers                   006226 RLA    _runbootfrommenu          00AB67 RLA    
_set_c128_speed           005190 RLA    _showDir                  002798 RLA    
_spacedest                0073C2 RLA    _spacefill                006D14 RLA    
_sprintf                  0062BD RLA    _std_write                001DFC RLA    
_stderr                   006DC7 RLA    _stdout                   006DC5 RLA    
_strcat                   006324 RLA    _strcpy                   006355 RLA    
_strlen                   006374 RLA    _strlower                 00638A RLA    
_strncmp                  0063B1 RLA    _strncpy                  0063EA RLA    
_strstr                   00642C RLA    _textInput                0032D3 RLA    
_textcolor                0056EA RLA    _trace                    006D11 RLA    
_uii_data                 007604 RLA    _uii_get_time             0047C8 RLA    
_ultoa                    005E4D RLA    _updateMenu               00AF86 RLA    
_updateScreen             00275D RLA    _validdriveid             006E9E RLA    
_vcprintf                 006555 RLA    _vfprintf                 0065BD RLA    
_vsprintf                 0066C0 RLA    _waitKey                  002505 RLA    
_wherey                   0066D2 RLA    _write                    0066D7 RLA    
addeq0sp                  0051BC RLA    addeqysp                  0051BE RLA    
addysp                    0051CE RLA    addysp1                   0051CD RLA    
aslax1                    0051DB RLA    axlong                    005274 RLA    
axulong                   00527A RLA    bnega                     005285 RLA    
booleq                    005E8F RLA    callmain                  005305 RLA    
chlinechar                000040 REZ    closecmdchannel           005900 RLA    
cputdirect                0057A1 RLA    ctypemask                 005808 RLA    
ctypemaskdirect           00580C RLA    cursor                    007E0C RLA    
curunit                   006E8F RLA    cvlinechar                00005D REZ    
decax1                    00584E RLA    decax2                    005855 RLA    
decax3                    00585C RLA    decax4                    005863 RLA    
decaxy                    00586A RLA    decsp1                    005873 RLA    
decsp2                    00587C RLA    decsp3                    005889 RLA    
decsp4                    005896 RLA    decsp5                    0058A3 RLA    
decsp6                    0058B0 RLA    decsp8                    0058BD RLA    
devnum                    0000BA RLZ    donecgetc                 0056C6  LAI   
donelib                   00574A RLA    em_libref                 001C42 RLA    
emd_commit                006E0E RLA    emd_map                   006E08 RLA    
emd_use                   006E0B RLA    enter                     0059A3 RLA    
fdtab                     006E17 RLA    fncmd                     006E27 RLA    
fnlen                     007E5A RLA    fnparse                   0059DA RLA    
fnunit                    007E59 RLA    gotoxy                    005CD8 RLA    
incax1                    005D13 RLA    incax2                    005D1A RLA    
incax3                    005D21 RLA    incax4                    005D26 RLA    
incaxy                    005D28 RLA    incsp1                    005D31 RLA    
incsp2                    005D40 RLA    incsp3                    005D4E RLA    
incsp4                    005D53 RLA    incsp5                    005D58 RLA    
incsp6                    005D5D RLA    incsp7                    005D62 RLA    
incsp8                    005D67 RLA    initcgetc                 001C6E  LAI   
initcurunit               001C8D  LAI   initheap                  001C5E  LAI   
initlib                   001C81 RLA    initstdout                001C99  LAI   
jmpvec                    006E4C RLA    ldax0sp                   005D83 RLA    
ldaxi                     005D76 RLA    ldaxidx                   005D78 RLA    
ldaxysp                   005D85 RLA    leaa0sp                   005D8C RLA    
leaaxsp                   005D8E RLA    leavey                    005DA2 RLA    
mul8x16                   0060A3 RLA    mul8x16a                  0060AD RLA    
mulax10                   0060DB RLA    negax                     0060F8 RLA    
negeax                    005DB5 RLA    newline                   00C363 REA    
opencmdchannel            0058D3 RLA    plot                      0057C1 RLA    
popa                      00612E RLA    popax                     005D38 RLA    
popptr1                   00613A RLA    popsargsudiv16            00626D RLA    
ptr1                      00000A RLZ    ptr2                      00000C RLZ    
ptr3                      00000E RLZ    ptr4                      000010 RLZ    
push0                     006196 RLA    push1                     00617B RLA    
pusha                     006184 RLA    pusha0                    006198 RLA    
pushax                    00619A RLA    pusheax                   005DDC RLA    
pushw                     0061B0 RLA    pushw0sp                  0061BF RLA    
pushwidx                  0061B2 RLA    pushwysp                  0061C1 RLA    
putchar                   00CC2F REA    regbank                   000016 RLZ    
regsave                   000006 RLZ    regswap2                  006206 RLA    
return0                   006222 RLA    rwcommon                  00623A RLA    
scratch                   006254 RLA    sigtable                  006E4F RLA    
sp                        000002 RLZ    sreg                      000004 RLZ    
staspidx                  0062E8 RLA    stax0sp                   0062FE RLA    
staxspidx                 006309 RLA    staxysp                   006300 RLA    
subeqysp                  006495 RLA    subysp                    0064A8 RLA    
tmp1                      000012 RLZ    tmp2                      000013 RLZ    
tmp3                      000014 RLZ    tosaddax                  0051A2 RLA    
tosdiva0                  00598E RLA    tosicmp                   005CE7 RLA    
tosicmp0                  005CE5 RLA    tosmula0                  0060A1 RLA    
tosorax                   006108 RLA    tossubax                  006480 RLA    
tosudiva0                 0064BE RLA    tosudivax                 0064C0 RLA    
tosumulax                 00605C RLA    udiv16                    0064CF RLA    
vsnprintf                 0065E9 RLA    writefndiskcmd            005953 RLA    
zerobss                   00672B RLA    


Exports list by value:
----------------------
__DESTRUCTOR_COUNT__      000001 REA    __EXEHDR__                000001 REA    
__LOADADDR__              000001 REA    __OVERLAYADDR__           000001 REA    
__STARTUP__               000001 REA    __ZP_START__              000002 RLA    
sp                        000002 RLZ    __CONSTRUCTOR_COUNT__     000004 REA    
sreg                      000004 RLZ    regsave                   000006 RLZ    
ptr1                      00000A RLZ    ptr2                      00000C RLZ    
ptr3                      00000E RLZ    ptr4                      000010 RLZ    
tmp1                      000012 RLZ    tmp2                      000013 RLZ    
tmp3                      000014 RLZ    regbank                   000016 RLZ    
chlinechar                000040 REZ    cvlinechar                00005D REZ    
ST                        000090 RLZ    devnum                    0000BA RLZ    
CURS_Y                    0000EB RLZ    CURS_X                    0000EC RLZ    
__STACKSIZE__             000800 REA    __BSS_SIZE__              000FD1 REA    
__MAIN_START__            001C0D RLA    _exit                     001C42 RLA    
em_libref                 001C42 RLA    initheap                  001C5E  LAI   
initcgetc                 001C6E  LAI   initlib                   001C81 RLA    
initcurunit               001C8D  LAI   initstdout                001C99  LAI   
__CONSTRUCTOR_TABLE__     001CAA RLA    _deviceidtext             001D40 RLA    
_std_write                001DFC RLA    _mid                      001F0D RLA    
_pathconcat               001F7C RLA    __OVERLAYSIZE__           002000 REA    
_getkey                   002016 RLA    _main                     00215A RLA    
_clearArea                0022D3 RLA    _newscreen                00231B RLA    
_drawFrame                0023CF RLA    _initScreen               0024C4 RLA    
_exitScreen               0024EB RLA    _waitKey                  002505 RLA    
_cmd                      002536 RLA    _execute                  002555 RLA    
_updateScreen             00275D RLA    _showDir                  002798 RLA    
_printDir                 00288D RLA    _printElement             002A77 RLA    
_changeDir                002CBF RLA    _drawDirFrame             0030EB RLA    
_getDeviceType            0031EC RLA    _textInput                0032D3 RLA    
_doDOScommand             00358E RLA    _debugu                   0036AD RLA    
_uii_get_time             0047C8 RLA    _c128_ram                 004C6B RLA    
__afailed                 004D96 RLA    __directerrno             004DC8 RLA    
__mappederrno             004DD2 RLA    __printf                  004ED5 RLA    
__seterrno                005187 RLA    _set_c128_speed           005190 RLA    
tosaddax                  0051A2 RLA    addeq0sp                  0051BC RLA    
addeqysp                  0051BE RLA    addysp1                   0051CD RLA    
addysp                    0051CE RLA    aslax1                    0051DB RLA    
_atoi                     0051E3 RLA    axlong                    005274 RLA    
axulong                   00527A RLA    bnega                     005285 RLA    
_cbm_k_basin              00528F RLA    _cbm_k_chkin              005295 RLA    
_cbm_close                00529F REA    _cbm_k_close              00529F RLA    
_cbm_k_load               0052A3 RLA    _cbm_k_open               0052C0 RLA    
_cbm_k_readst             0052C9 RLA    _cbm_k_save               0052CE RLA    
_cbm_k_setlfs             0052E4 RLA    _cbm_k_setnam             0052F2 RLA    
callmain                  005305 RLA    _calloc                   00531C RLA    
_cbm_opendir              00533D RLA    _cbm_closedir             0055BB RLA    
__cbm_filetype            0055C8 RLA    _cbm_load                 0055DB RLA    
_cbm_open                 00561F RLA    _cbm_read                 005635 RLA    
_cclearxy                 005690 RLA    _cclear                   005695 RLA    
_cgetc                    0056A5 RLA    donecgetc                 0056C6  LAI   
_chline                   0056DA RLA    _textcolor                0056EA RLA    
_bgcolor                  005713 RLA    _bordercolor              005739 RLA    
donelib                   00574A RLA    _cprintf                  005756 RLA    
_cputcxy                  005780 RLA    _cputc                    005785 RLA    
cputdirect                0057A1 RLA    plot                      0057C1 RLA    
_cputhex16                0057C9 RLA    _cputhex8                 0057CF RLA    
_cputsxy                  0057E5 RLA    _cputs                    0057EF RLA    
ctypemask                 005808 RLA    ctypemaskdirect           00580C RLA    
_getcurrentdevice         005826 RLA    _cursor                   00582C RLA    
_cvlinexy                 005836 RLA    decax1                    00584E RLA    
decax2                    005855 RLA    decax3                    00585C RLA    
decax4                    005863 RLA    decaxy                    00586A RLA    
decsp1                    005873 RLA    decsp2                    00587C RLA    
decsp3                    005889 RLA    decsp4                    005896 RLA    
decsp5                    0058A3 RLA    decsp6                    0058B0 RLA    
decsp8                    0058BD RLA    opencmdchannel            0058D3 RLA    
closecmdchannel           005900 RLA    writefndiskcmd            005953 RLA    
tosdiva0                  00598E RLA    enter                     0059A3 RLA    
fnparse                   0059DA RLA    _fprintf                  005A5F RLA    
_free                     005A8A RLA    _fwrite                   005C5D RLA    
gotoxy                    005CD8 RLA    _gotoxy                   005CDB RLA    
tosicmp0                  005CE5 RLA    tosicmp                   005CE7 RLA    
incax1                    005D13 RLA    incax2                    005D1A RLA    
incax3                    005D21 RLA    incax4                    005D26 RLA    
incaxy                    005D28 RLA    incsp1                    005D31 RLA    
popax                     005D38 RLA    incsp2                    005D40 RLA    
incsp3                    005D4E RLA    incsp4                    005D53 RLA    
incsp5                    005D58 RLA    incsp6                    005D5D RLA    
incsp7                    005D62 RLA    incsp8                    005D67 RLA    
_isprint                  005D6C RLA    ldaxi                     005D76 RLA    
ldaxidx                   005D78 RLA    ldax0sp                   005D83 RLA    
ldaxysp                   005D85 RLA    leaa0sp                   005D8C RLA    
leaaxsp                   005D8E RLA    leavey                    005DA2 RLA    
negeax                    005DB5 RLA    pusheax                   005DDC RLA    
_ltoa                     005E0C RLA    _ultoa                    005E4D RLA    
booleq                    005E8F RLA    _malloc                   005EB5 RLA    
_memcpy                   005FC3 RLA    __bzero                   005FFF RLA    
tosumulax                 00605C RLA    tosmula0                  0060A1 RLA    
mul8x16                   0060A3 RLA    mul8x16a                  0060AD RLA    
mulax10                   0060DB RLA    negax                     0060F8 RLA    
tosorax                   006108 RLA    __osmaperrno              006118 RLA    
popa                      00612E RLA    popptr1                   00613A RLA    
_printf                   006148 RLA    push1                     00617B RLA    
pusha                     006184 RLA    push0                     006196 RLA    
pusha0                    006198 RLA    pushax                    00619A RLA    
pushw                     0061B0 RLA    pushwidx                  0061B2 RLA    
pushw0sp                  0061BF RLA    pushwysp                  0061C1 RLA    
_raise                    0061DB RLA    regswap2                  006206 RLA    
_remove                   00621C RLA    return0                   006222 RLA    
_revers                   006226 RLA    rwcommon                  00623A RLA    
scratch                   006254 RLA    popsargsudiv16            00626D RLA    
__sig_dfl                 0062BC RLA    _sprintf                  0062BD RLA    
staspidx                  0062E8 RLA    stax0sp                   0062FE RLA    
staxysp                   006300 RLA    staxspidx                 006309 RLA    
_strcat                   006324 RLA    _strcpy                   006355 RLA    
_strlen                   006374 RLA    _strlower                 00638A RLA    
_strncmp                  0063B1 RLA    _strncpy                  0063EA RLA    
_strstr                   00642C RLA    tossubax                  006480 RLA    
subeqysp                  006495 RLA    subysp                    0064A8 RLA    
__sysremove               0064B5 RLA    tosudiva0                 0064BE RLA    
tosudivax                 0064C0 RLA    udiv16                    0064CF RLA    
_vcprintf                 006555 RLA    _vfprintf                 0065BD RLA    
vsnprintf                 0065E9 RLA    _vsprintf                 0066C0 RLA    
_wherey                   0066D2 RLA    _write                    0066D7 RLA    
zerobss                   00672B RLA    __hextab                  006B9C RLA    
__longminstr              006BAC RLA    __ctype                   006BD8 RLA    
__ctypeidx                006BE3 RLA    _em_install               006C67 RLA    
_em_uninstall             006CA7 RLA    __DESTRUCTOR_TABLE__      006D0E RLA    
_depth                    006D10 RLA    _trace                    006D11 RLA    
_forceeight               006D12 RLA    _fastflag                 006D13 RLA    
_spacefill                006D14 RLA    _dirs                     006D67 RLA    
_devices                  006D6B RLA    _stdout                   006DC5 RLA    
_stderr                   006DC7 RLA    __heapptr                 006DCB RLA    
__heapend                 006DCD RLA    __heapfirst               006DCF RLA    
__heaplast                006DD1 RLA    _em_map                   006E08 REA    
emd_map                   006E08 RLA    _em_use                   006E0B REA    
emd_use                   006E0B RLA    _em_commit                006E0E REA    
emd_commit                006E0E RLA    fdtab                     006E17 RLA    
fncmd                     006E27 RLA    __filetype                006E4B RLA    
jmpvec                    006E4C RLA    sigtable                  006E4F RLA    
curunit                   006E8F RLA    _DIR1H                    006E90 RLA    
__BSS_RUN__               006E90 RLA    _DIR2H                    006E91 RLA    
_SCREENW                  006E92 RLA    _MENUX                    006E94 RLA    
_MENUXT                   006E96 RLA    _MENUW                    006E98 RLA    
_DIR2X                    006E9A RLA    _DIR2Y                    006E9C RLA    
_validdriveid             006E9E RLA    _idnr                     006EA0 RLA    
_path                     006EDC RLA    _pathfile                 006F7C RLA    
_pathdevice               006F90 RLA    _pathrunboot              006F91 RLA    
_Slot                     006F92 RLA    _newmenuname              007086 RLA    
_newmenuoldslot           00737A RLA    _spacedest                0073C2 RLA    
_devicetype               007417 RLA    _linebuffer               007436 RLA    
_linebuffer2              007487 RLA    _uii_data                 007604 RLA    
__MAIN_SIZE__             007BF3 REA    cursor                    007E0C RLA    
__oserror                 007E0D RLA    __errno                   007E57 RLA    
fnunit                    007E59 RLA    fnlen                     007E5A RLA    
_cathex                   00A01C RLA    _catasc                   00A1CF RLA    
_freeDir                  00A399 RLA    _readDir                  00A46F RLA    
_pickmenuslot             00A639 RLA    _mainmenu                 00A88B RLA    
_runbootfrommenu          00AB67 RLA    _commandfrommenu          00AB9A RLA    
_bootfromfloppy           00ABF1 RLA    _information              00AD8F RLA    
_editmenuoptions          00AF86 RLA    _updateMenu               00AF86 RLA    
_mainLoopBrowse           00B262 RLA    _putslottoem              00BEB1 RLA    
_keytomenuslot            00BF72 RLA    _clrscr                   00C142 REA    
newline                   00C363 REA    putchar                   00CC2F REA    
READST                    00FFB7 RLA    SETLFS                    00FFBA RLA    
SETNAM                    00FFBD RLA    OPEN                      00FFC0 RLA    
CLOSE                     00FFC3 RLA    CHKIN                     00FFC6 RLA    
CKOUT                     00FFC9 RLA    CLRCH                     00FFCC RLA    
_cbm_k_clrch              00FFCC REA    BASIN                     00FFCF RLA    
BSOUT                     00FFD2 RLA    LOAD                      00FFD5 RLA    
SAVE                      00FFD8 RLA    


Imports list:
-------------
BASIN (kernal.o):
    diskcmd.o                 cbm/cbm.inc:47
    cbm_read.o                cbm/cbm.inc:47
    c_basin.o                 cbm/cbm.inc:47
BSOUT (kernal.o):
    diskcmd.o                 cbm/cbm.inc:49
    write.o                   cbm/cbm.inc:49
    crt0.o                    c128/crt0.s:10
CHKIN (kernal.o):
    diskcmd.o                 cbm/cbm.inc:44
    cbm_read.o                cbm/cbm.inc:44
    c_chkin.o                 cbm/cbm.inc:44
CKOUT (kernal.o):
    diskcmd.o                 cbm/cbm.inc:45
    write.o                   cbm/cbm.inc:45
CLOSE (kernal.o):
    diskcmd.o                 cbm/cbm.inc:36
    c_close.o                 cbm/cbm.inc:36
CLRCH (kernal.o):
    diskcmd.o                 cbm/cbm.inc:46
    write.o                   cbm/cbm.inc:46
    cbm_read.o                cbm/cbm.inc:46
    c_clrch.o                 cbm/cbm.inc:46
CURS_X (conio.o):
    gotoxy.o                  cbm/gotoxy.s:9
CURS_Y (conio.o):
    wherey.o                  cbm/wherey.s:8
    gotoxy.o                  cbm/gotoxy.s:9
LOAD (kernal.o):
    c_load.o                  cbm/cbm.inc:37
OPEN (kernal.o):
    diskcmd.o                 cbm/cbm.inc:35
    write.o                   cbm/cbm.inc:35
    c_open.o                  cbm/cbm.inc:35
READST (kernal.o):
    write.o                   cbm/cbm.inc:32
    cbm_read.o                cbm/cbm.inc:32
    c_readst.o                cbm/cbm.inc:32
SAVE (kernal.o):
    c_save.o                  cbm/cbm.inc:38
SETLFS (kernal.o):
    diskcmd.o                 cbm/cbm.inc:33
    write.o                   cbm/cbm.inc:33
    c_setlfs.o                cbm/cbm.inc:33
SETNAM (kernal.o):
    diskcmd.o                 cbm/cbm.inc:34
    filename.o                cbm/cbm.inc:34
    c_setnam.o                cbm/cbm.inc:34
ST (status.o):
    crt0.o                    c128/crt0.s:12
_DIR1H (main.o):
    db.o                      src/db.s:14
    ops.o                     src/ops.s:13
_DIR2H (main.o):
    db.o                      src/db.s:15
    ops.o                     src/ops.s:14
_DIR2X (main.o):
    db.o                      src/db.s:20
    ops.o                     src/ops.s:17
    dir.o                     src/dir.s:31
_DIR2Y (main.o):
    db.o                      src/db.s:21
    ops.o                     src/ops.s:18
    dir.o                     src/dir.s:32
_MENUW (main.o):
    db.o                      src/db.s:19
_MENUX (main.o):
    db.o                      src/db.s:17
_MENUXT (main.o):
    db.o                      src/db.s:18
    ops.o                     src/ops.s:16
_SCREENW (main.o):
    db.o                      src/db.s:16
    ops.o                     src/ops.s:15
    screen.o                  src/screen.s:27
    bootmenu.o                src/bootmenu.s:29
_Slot (main.o):
    bootmenu.o                src/bootmenu.s:35
__BSS_RUN__ ([linker generated]):
    _heap.o                   common/_heap.s:8
    zerobss.o                 common/zerobss.s:8
__BSS_SIZE__ ([linker generated]):
    _heap.o                   common/_heap.s:8
    zerobss.o                 common/zerobss.s:8
__CONSTRUCTOR_COUNT__ ([linker generated]):
    condes.o                  runtime/condes.s:18
__CONSTRUCTOR_TABLE__ ([linker generated]):
    condes.o                  runtime/condes.s:18
__DESTRUCTOR_COUNT__ ([linker generated]):
    condes.o                  runtime/condes.s:19
__DESTRUCTOR_TABLE__ ([linker generated]):
    condes.o                  runtime/condes.s:19
__EXEHDR__ (exehdr.o):
    [linker generated]        dmboot-cc65.cfg:3
__LOADADDR__ (loadaddr.o):
    [linker generated]        dmboot-cc65.cfg:2
__MAIN_SIZE__ ([linker generated]):
    crt0.o                    c128/crt0.s:11
__MAIN_START__ ([linker generated]):
    crt0.o                    c128/crt0.s:11
__OVERLAYADDR__ (overlayaddr.o):
    [linker generated]        dmboot-cc65.cfg:4
__OVERLAYSIZE__ ([linker generated]):
    [linker generated]        dmboot-cc65.cfg:30
    [linker generated]        dmboot-cc65.cfg:30
    [linker generated]        dmboot-cc65.cfg:29
    [linker generated]        dmboot-cc65.cfg:28
    [linker generated]        dmboot-cc65.cfg:28
    [linker generated]        dmboot-cc65.cfg:27
    [linker generated]        dmboot-cc65.cfg:26
    [linker generated]        dmboot-cc65.cfg:26
    [linker generated]        dmboot-cc65.cfg:25
    [linker generated]        dmboot-cc65.cfg:24
    [linker generated]        dmboot-cc65.cfg:24
    [linker generated]        dmboot-cc65.cfg:23
    [linker generated]        dmboot-cc65.cfg:22
    [linker generated]        dmboot-cc65.cfg:22
    [linker generated]        dmboot-cc65.cfg:21
    [linker generated]        dmboot-cc65.cfg:18
    [linker generated]        dmboot-cc65.cfg:18
    [linker generated]        dmboot-cc65.cfg:17
    [linker generated]        dmboot-cc65.cfg:16
    [linker generated]        dmboot-cc65.cfg:16
    [linker generated]        dmboot-cc65.cfg:15
    [linker generated]        dmboot-cc65.cfg:14
    [linker generated]        dmboot-cc65.cfg:14
    [linker generated]        dmboot-cc65.cfg:13
    [linker generated]        dmboot-cc65.cfg:12
__STACKSIZE__ ([linker generated]):
    _heap.o                   common/_heap.s:8
    crt0.o                    c128/crt0.s:11
    [linker generated]        dmboot-cc65.cfg:12
__STARTUP__ (crt0.o):
    main.o                    src/main.s:13
__ZP_START__ ([linker generated]):
    c128-ram.o                c128-ram.s:312
__afailed (_afailed.o):
    dir.o                     src/dir.s:13
__bzero (memset.o):
    calloc.o                  common/calloc.s:10
    ultimate_lib.o            src/ultimate_lib.s:3378
__cbm_filetype (cbm_filetype.o):
    cbm_dir.o                 ../libwrk/c128/cbm_dir.s:13
__ctype (ctype.o):
    ctypemask.o               common/ctypemask.s:23
__ctypeidx (ctype.o):
    ctypemask.o               common/ctypemask.s:24
__directerrno (_directerrno.o):
    write.o                   /mnt/d/retro/cc65/asminc/errno.inc:10
    vsnprintf.o               /mnt/d/retro/cc65/asminc/errno.inc:10
__errno (errno.o):
    _seterrno.o               /mnt/d/retro/cc65/asminc/errno.inc:7
__filetype (filetype.o):
    filename.o                cbm/filename.s:11
__heapend (_heap.o):
    malloc.o                  /mnt/d/retro/cc65/asminc/_heap.inc:33
__heapfirst (_heap.o):
    malloc.o                  /mnt/d/retro/cc65/asminc/_heap.inc:34
    free.o                    /mnt/d/retro/cc65/asminc/_heap.inc:34
__heaplast (_heap.o):
    malloc.o                  /mnt/d/retro/cc65/asminc/_heap.inc:35
    free.o                    /mnt/d/retro/cc65/asminc/_heap.inc:35
__heapptr (_heap.o):
    malloc.o                  /mnt/d/retro/cc65/asminc/_heap.inc:32
    free.o                    /mnt/d/retro/cc65/asminc/_heap.inc:32
__hextab (_hextab.o):
    ltoa.o                    common/ltoa.s:10
    cputhex.o                 conio/cputhex.s:10
__longminstr (_longminstr.o):
    ltoa.o                    common/ltoa.s:10
__mappederrno (_mappederrno.o):
    write.o                   /mnt/d/retro/cc65/asminc/errno.inc:10
    remove.o                  common/remove.s:10
__oserror (_oserror.o):
    _directerrno.o            /mnt/d/retro/cc65/asminc/errno.inc:7
    write.o                   /mnt/d/retro/cc65/asminc/errno.inc:7
    _mappederrno.o            /mnt/d/retro/cc65/asminc/errno.inc:7
    cbm_read.o                cbm/cbm_read.s:44
    cbm_open.o                cbm/cbm_open.s:24
    cbm_dir.o                 ../libwrk/c128/cbm_dir.s:23
    c_load.o                  cbm/c_load.s:10
    ops.o                     src/ops.s:75
__osmaperrno (oserror.o):
    _mappederrno.o            /mnt/d/retro/cc65/asminc/errno.inc:8
__printf (_printf.o):
    vsnprintf.o               common/vsnprintf.s:10
    vfprintf.o                common/vfprintf.s:10
    vcprintf.o                conio/vcprintf.s:9
__seterrno (_seterrno.o):
    _directerrno.o            /mnt/d/retro/cc65/asminc/errno.inc:9
    fwrite.o                  /mnt/d/retro/cc65/asminc/errno.inc:9
    _mappederrno.o            /mnt/d/retro/cc65/asminc/errno.inc:9
    signal.o                  /mnt/d/retro/cc65/asminc/errno.inc:9
__sig_dfl (signal.o):
    sigtable.o                /mnt/d/retro/cc65/asminc/signal.inc:53
    raise.o                   /mnt/d/retro/cc65/asminc/signal.inc:53
__sysremove (sysremove.o):
    remove.o                  common/remove.s:9
_atoi (atoi.o):
    ops.o                     src/ops.s:73
    bootmenu.o                src/bootmenu.s:24
_bgcolor (color.o):
    screen.o                  src/screen.s:19
_bootfromfloppy (bootmenu.o):
    main.o                    src/main.s:64
_bordercolor (color.o):
    screen.o                  src/screen.s:20
_c128_ram (c128-ram.o):
    main.o                    src/main.s:54
_calloc (calloc.o):
    dir.o                     src/dir.s:14
_catasc (cat.o):
    db.o                      src/db.s:38
_cathex (cat.o):
    db.o                      src/db.s:37
_cbm_close (cbm_close.o):
    cbm_dir.o                 ../libwrk/c128/cbm_dir.s:19
    db.o                      src/db.s:31
    ops.o                     src/ops.s:23
    cat.o                     src/cat.s:14
_cbm_closedir (cbm_dir.o):
    db.o                      src/db.s:32
    dir.o                     src/dir.s:25
_cbm_k_basin (c_basin.o):
    cbm_dir.o                 ../libwrk/c128/cbm_dir.s:14
    dir.o                     src/dir.s:20
_cbm_k_chkin (c_chkin.o):
    cbm_dir.o                 ../libwrk/c128/cbm_dir.s:15
    dir.o                     src/dir.s:21
_cbm_k_close (c_close.o):
    cbm_close.o               cbm/cbm_close.s:7
_cbm_k_clrch (c_clrch.o):
    cbm_dir.o                 ../libwrk/c128/cbm_dir.s:16
    dir.o                     src/dir.s:22
_cbm_k_load (c_load.o):
    cbm_load.o                ../libwrk/c128/cbm_load.s:13
    main.o                    src/main.s:19
_cbm_k_open (c_open.o):
    cbm_open.o                cbm/cbm_open.s:23
_cbm_k_readst (c_readst.o):
    cbm_dir.o                 ../libwrk/c128/cbm_dir.s:17
    dir.o                     src/dir.s:23
_cbm_k_save (c_save.o):
    main.o                    src/main.s:20
_cbm_k_setlfs (c_setlfs.o):
    cbm_open.o                cbm/cbm_open.s:23
    cbm_load.o                ../libwrk/c128/cbm_load.s:14
    main.o                    src/main.s:21
_cbm_k_setnam (c_setnam.o):
    cbm_open.o                cbm/cbm_open.s:23
    cbm_load.o                ../libwrk/c128/cbm_load.s:15
    main.o                    src/main.s:22
_cbm_load (cbm_load.o):
    main.o                    src/main.s:23
_cbm_open (cbm_open.o):
    cbm_dir.o                 ../libwrk/c128/cbm_dir.s:18
    ops.o                     src/ops.s:22
    cat.o                     src/cat.s:13
_cbm_opendir (cbm_dir.o):
    dir.o                     src/dir.s:24
_cbm_read (cbm_read.o):
    ops.o                     src/ops.s:24
    cat.o                     src/cat.s:15
_cclear (cclear.o):
    ops.o                     src/ops.s:68
    dir.o                     src/dir.s:30
_cclearxy (cclear.o):
    screen.o                  src/screen.s:23
_cgetc (cgetc.o):
    db.o                      src/db.s:34
    ops.o                     src/ops.s:64
    base.o                    src/base.s:15
    bootmenu.o                src/bootmenu.s:21
    main.o                    src/main.s:25
_changeDir (ops.o):
    db.o                      src/db.s:48
_chline (chline.o):
    screen.o                  src/screen.s:21
_clearArea (screen.o):
    ops.o                     src/ops.s:52
    bootmenu.o                src/bootmenu.s:44
_clrscr (clrscr.o):
    ops.o                     src/ops.s:57
    cat.o                     src/cat.s:16
    screen.o                  src/screen.s:13
    bootmenu.o                src/bootmenu.s:16
_cmd (ops.o):
    bootmenu.o                src/bootmenu.s:40
    main.o                    src/main.s:55
_commandfrommenu (bootmenu.o):
    main.o                    src/main.s:63
_cprintf (cprintf.o):
    ops.o                     src/ops.s:63
    dir.o                     src/dir.s:28
    bootmenu.o                src/bootmenu.s:20
_cputc (cputc.o):
    vcprintf.o                conio/vcprintf.s:9
    cputs.o                   conio/cputs.s:9
    cputhex.o                 conio/cputhex.s:9
    ops.o                     src/ops.s:59
    dir.o                     src/dir.s:27
    cat.o                     src/cat.s:19
    screen.o                  src/screen.s:15
_cputcxy (cputc.o):
    ops.o                     src/ops.s:60
_cputhex16 (cputhex.o):
    cat.o                     src/cat.s:23
_cputhex8 (cputhex.o):
    cat.o                     src/cat.s:22
_cputs (cputs.o):
    ops.o                     src/ops.s:61
    base.o                    src/base.s:14
    cat.o                     src/cat.s:20
    screen.o                  src/screen.s:16
    bootmenu.o                src/bootmenu.s:18
    main.o                    src/main.s:24
_cputsxy (cputs.o):
    db.o                      src/db.s:33
    ops.o                     src/ops.s:62
    bootmenu.o                src/bootmenu.s:19
_cursor (cursor.o):
    ops.o                     src/ops.s:65
_cvlinexy (cvline.o):
    screen.o                  src/screen.s:22
_debugu (ops.o):
    dir.o                     src/dir.s:39
_depth (main.o):
    db.o                      src/db.s:26
    ops.o                     src/ops.s:20
_deviceidtext (main.o):
    bootmenu.o                src/bootmenu.s:46
_devices (ops.o):
    db.o                      src/db.s:53
_devicetype (ops.o):
    db.o                      src/db.s:52
    bootmenu.o                src/bootmenu.s:43
    main.o                    src/main.s:57
_dirs (ops.o):
    db.o                      src/db.s:54
_doDOScommand (ops.o):
    db.o                      src/db.s:51
_drawDirFrame (ops.o):
    db.o                      src/db.s:49
_drawFrame (screen.o):
    db.o                      src/db.s:30
    ops.o                     src/ops.s:54
_editmenuoptions (bootmenu.o):
    main.o                    src/main.s:66
_em_commit (em_commit.o):
    bootmenu.o                src/bootmenu.s:28
_em_install (em-kernel.o):
    main.o                    src/main.s:29
_em_map (em_map.o):
    bootmenu.o                src/bootmenu.s:26
_em_uninstall (em-kernel.o):
    screen.o                  src/screen.s:26
_em_use (em_use.o):
    bootmenu.o                src/bootmenu.s:27
_execute (ops.o):
    db.o                      src/db.s:41
    bootmenu.o                src/bootmenu.s:41
_exit (crt0.o):
    libref.o                  c128/libref.s:11
    _afailed.o                ../libwrk/c128/_afailed.s:16
    ops.o                     src/ops.s:74
    bootmenu.o                src/bootmenu.s:25
    main.o                    src/main.s:26
_exitScreen (screen.o):
    ops.o                     src/ops.s:55
    bootmenu.o                src/bootmenu.s:45
    main.o                    src/main.s:59
_fastflag (main.o):
    db.o                      src/db.s:29
_forceeight (main.o):
    db.o                      src/db.s:28
_fprintf (fprintf.o):
    _afailed.o                ../libwrk/c128/_afailed.s:15
_free (free.o):
    ultimate_lib.o            src/ultimate_lib.s:16
    dir.o                     src/dir.s:15
_freeDir (dir.o):
    db.o                      src/db.s:39
_fwrite (fwrite.o):
    vfprintf.o                common/vfprintf.s:10
_getDeviceType (ops.o):
    db.o                      src/db.s:50
_getcurrentdevice (curdevice.o):
    main.o                    src/main.s:27
_getkey (main.o):
    bootmenu.o                src/bootmenu.s:50
_gotoxy (gotoxy.o):
    ops.o                     src/ops.s:58
    dir.o                     src/dir.s:26
    cat.o                     src/cat.s:17
    screen.o                  src/screen.s:14
    bootmenu.o                src/bootmenu.s:17
_idnr (main.o):
    bootmenu.o                src/bootmenu.s:31
_information (bootmenu.o):
    main.o                    src/main.s:65
_initScreen (screen.o):
    main.o                    src/main.s:58
_isprint (isprint.o):
    ops.o                     src/ops.s:76
_keytomenuslot (bootmenu.o):
    main.o                    src/main.s:68
_linebuffer (ops.o):
    dir.o                     src/dir.s:37
_linebuffer2 (ops.o):
    dir.o                     src/dir.s:38
_ltoa (ltoa.o):
    _printf.o                 common/_printf.s:12
_main (main.o):
    callmain.o                runtime/callmain.s:11
_mainLoopBrowse (db.o):
    main.o                    src/main.s:56
_mainmenu (bootmenu.o):
    main.o                    src/main.s:61
_malloc (malloc.o):
    calloc.o                  common/calloc.s:10
    ultimate_lib.o            src/ultimate_lib.s:15
_memcpy (memcpy.o):
    vsnprintf.o               common/vsnprintf.s:10
    dir.o                     src/dir.s:18
_mid (main.o):
    bootmenu.o                src/bootmenu.s:48
_newmenuname (main.o):
    bootmenu.o                src/bootmenu.s:36
_newmenuoldslot (main.o):
    bootmenu.o                src/bootmenu.s:37
_newscreen (screen.o):
    ops.o                     src/ops.s:53
_path (main.o):
    db.o                      src/db.s:22
    ops.o                     src/ops.s:19
_pathconcat (main.o):
    bootmenu.o                src/bootmenu.s:49
_pathdevice (main.o):
    db.o                      src/db.s:24
    bootmenu.o                src/bootmenu.s:33
_pathfile (main.o):
    db.o                      src/db.s:23
    bootmenu.o                src/bootmenu.s:32
_pathrunboot (main.o):
    db.o                      src/db.s:25
    bootmenu.o                src/bootmenu.s:34
_pickmenuslot (bootmenu.o):
    main.o                    src/main.s:60
_printDir (ops.o):
    db.o                      src/db.s:46
_printElement (ops.o):
    db.o                      src/db.s:47
_printf (printf.o):
    main.o                    src/main.s:14
_putslottoem (bootmenu.o):
    main.o                    src/main.s:67
_raise (raise.o):
    _afailed.o                ../libwrk/c128/_afailed.s:13
_readDir (dir.o):
    db.o                      src/db.s:40
    ops.o                     src/ops.s:25
_remove (remove.o):
    main.o                    src/main.s:15
_revers (revers.o):
    db.o                      src/db.s:35
    ops.o                     src/ops.s:66
    base.o                    src/base.s:16
    dir.o                     src/dir.s:29
    screen.o                  src/screen.s:17
    bootmenu.o                src/bootmenu.s:22
_runbootfrommenu (bootmenu.o):
    main.o                    src/main.s:62
_set_c128_speed (acc_c128_speed.o):
    screen.o                  src/screen.s:25
    main.o                    src/main.s:28
_showDir (ops.o):
    db.o                      src/db.s:44
_spacedest (main.o):
    bootmenu.o                src/bootmenu.s:39
_spacefill (main.o):
    bootmenu.o                src/bootmenu.s:38
_sprintf (sprintf.o):
    ops.o                     src/ops.s:69
    bootmenu.o                src/bootmenu.s:13
_std_write (main.o):
    bootmenu.o                src/bootmenu.s:47
_stderr (_file.o):
    _afailed.o                ../libwrk/c128/_afailed.s:14
_stdout (_file.o):
    printf.o                  common/printf.s:8
_strcat (strcat.o):
    main.o                    src/main.s:16
_strcpy (strcpy.o):
    db.o                      src/db.s:13
    ops.o                     src/ops.s:70
    dir.o                     src/dir.s:16
    bootmenu.o                src/bootmenu.s:14
    main.o                    src/main.s:17
_strlen (strlen.o):
    _printf.o                 common/_printf.s:13
    ultimate_lib.o            src/ultimate_lib.s:13
    ops.o                     src/ops.s:71
    screen.o                  src/screen.s:24
    bootmenu.o                src/bootmenu.s:15
_strlower (strlower.o):
    _printf.o                 common/_printf.s:13
_strncmp (strncmp.o):
    dir.o                     src/dir.s:17
_strncpy (strncpy.o):
    main.o                    src/main.s:18
_strstr (strstr.o):
    ops.o                     src/ops.s:72
_textInput (ops.o):
    bootmenu.o                src/bootmenu.s:42
_textcolor (color.o):
    db.o                      src/db.s:36
    ops.o                     src/ops.s:67
    base.o                    src/base.s:17
    cat.o                     src/cat.s:21
    screen.o                  src/screen.s:18
    bootmenu.o                src/bootmenu.s:23
_trace (main.o):
    db.o                      src/db.s:27
    ops.o                     src/ops.s:21
_uii_data (ultimate_lib.o):
    bootmenu.o                src/bootmenu.s:51
_uii_get_time (ultimate_lib.o):
    bootmenu.o                src/bootmenu.s:52
_ultoa (ltoa.o):
    _printf.o                 common/_printf.s:12
_updateMenu (db.o):
    ops.o                     src/ops.s:29
_updateScreen (ops.o):
    db.o                      src/db.s:42
_validdriveid (main.o):
    bootmenu.o                src/bootmenu.s:30
_vcprintf (vcprintf.o):
    cprintf.o                 conio/cprintf.s:8
_vfprintf (vfprintf.o):
    printf.o                  common/printf.s:8
    fprintf.o                 common/fprintf.s:8
_vsprintf (vsprintf.o):
    sprintf.o                 common/sprintf.s:8
_waitKey (base.o):
    ops.o                     src/ops.s:56
    cat.o                     src/cat.s:27
_wherey (wherey.o):
    cat.o                     src/cat.s:18
_write (write.o):
    fwrite.o                  common/fwrite.s:10
addeq0sp (addeqsp.o):
    ultimate_lib.o            src/ultimate_lib.s:3378
    ultimate_lib.o            src/ultimate_lib.s:3378
    ultimate_lib.o            src/ultimate_lib.s:3378
    ops.o                     src/ops.s:2709
    ops.o                     src/ops.s:2709
    bootmenu.o                src/bootmenu.s:3408
    bootmenu.o                src/bootmenu.s:3408
    bootmenu.o                src/bootmenu.s:3408
    bootmenu.o                src/bootmenu.s:3408
    main.o                    src/main.s:1023
    main.o                    src/main.s:1023
addeqysp (addeqsp.o):
    ultimate_lib.o            src/ultimate_lib.s:3378
    ultimate_lib.o            src/ultimate_lib.s:3378
    ultimate_lib.o            src/ultimate_lib.s:3378
    ultimate_lib.o            src/ultimate_lib.s:3378
    ultimate_lib.o            src/ultimate_lib.s:3378
    ultimate_lib.o            src/ultimate_lib.s:3378
    ultimate_lib.o            src/ultimate_lib.s:3378
    ultimate_lib.o            src/ultimate_lib.s:3378
    ultimate_lib.o            src/ultimate_lib.s:3378
    ultimate_lib.o            src/ultimate_lib.s:3378
    ultimate_lib.o            src/ultimate_lib.s:3378
    ultimate_lib.o            src/ultimate_lib.s:3378
    db.o                      src/db.s:1782
    ops.o                     src/ops.s:2709
    ops.o                     src/ops.s:2709
    cat.o                     src/cat.s:462
    cat.o                     src/cat.s:462
    screen.o                  src/screen.s:365
    bootmenu.o                src/bootmenu.s:3408
    bootmenu.o                src/bootmenu.s:3408
addysp (addysp.o):
    fwrite.o                  common/fwrite.s:11
    sprintf.o                 common/sprintf.s:8
    printf.o                  common/printf.s:8
    leave.o                   runtime/leave.s:14
    incsp8.o                  runtime/incsp8.s:8
    incsp7.o                  runtime/incsp7.s:8
    incsp6.o                  runtime/incsp6.s:8
    incsp5.o                  runtime/incsp5.s:8
    incsp4.o                  runtime/incsp4.s:8
    incsp3.o                  runtime/incsp3.s:8
    fprintf.o                 common/fprintf.s:8
    cprintf.o                 conio/cprintf.s:8
    ultimate_lib.o            src/ultimate_lib.s:3378
    ultimate_lib.o            src/ultimate_lib.s:3378
    ultimate_lib.o            src/ultimate_lib.s:3378
    ultimate_lib.o            src/ultimate_lib.s:3378
    ultimate_lib.o            src/ultimate_lib.s:3378
    ultimate_lib.o            src/ultimate_lib.s:3378
    ultimate_lib.o            src/ultimate_lib.s:3378
    db.o                      src/db.s:1782
    ops.o                     src/ops.s:2709
    ops.o                     src/ops.s:2709
    ops.o                     src/ops.s:2709
    ops.o                     src/ops.s:2709
    dir.o                     src/dir.s:1472
    cat.o                     src/cat.s:462
    cat.o                     src/cat.s:462
    bootmenu.o                src/bootmenu.s:3408
    bootmenu.o                src/bootmenu.s:3408
    bootmenu.o                src/bootmenu.s:3408
    main.o                    src/main.s:1023
    main.o                    src/main.s:1023
addysp1 (addysp.o):
    sub.o                     runtime/sub.s:8
    or.o                      runtime/or.s:9
aslax1 (aslax1.o):
    bootmenu.o                src/bootmenu.s:3408
    bootmenu.o                src/bootmenu.s:3408
    main.o                    src/main.s:1023
axlong (axlong.o):
    _printf.o                 common/_printf.s:11
axulong (axlong.o):
    _printf.o                 common/_printf.s:11
bnega (bneg.o):
    ultimate_lib.o            src/ultimate_lib.s:3378
    ultimate_lib.o            src/ultimate_lib.s:3378
    db.o                      src/db.s:1782
    cat.o                     src/cat.s:462
    main.o                    src/main.s:1023
booleq (makebool.o):
    cbm_load.o                ../libwrk/c128/cbm_load.s:61
    ops.o                     src/ops.s:2709
callmain (callmain.o):
    crt0.o                    c128/crt0.s:9
chlinechar (clinechars.o):
    chline.o                  cbm/chline.s:10
closecmdchannel (diskcmd.o):
    scratch.o                 cbm/scratch.s:8
cputdirect (cputc.o):
    chline.o                  cbm/chline.s:9
    cclear.o                  cbm/cclear.s:9
ctypemask (ctypemask.o):
    isprint.o                 common/isprint.s:15
ctypemaskdirect (ctypemask.o):
    strlower.o                common/strlower.s:14
    atoi.o                    common/atoi.s:11
cursor (_cursor.o):
    cursor.o                  conio/cursor.s:8
    cgetc.o                   c128/cgetc.s:11
curunit (filevars.o):
    filename.o                cbm/filename.s:11
    curdevice.o               cbm/curdevice.s:8
cvlinechar (clinechars.o):
    cvline.o                  cbm/cvline.s:10
decax1 (decax1.o):
    db.o                      src/db.s:1782
    ops.o                     src/ops.s:2709
    dir.o                     src/dir.s:1472
    bootmenu.o                src/bootmenu.s:3408
    main.o                    src/main.s:1023
decax2 (decax2.o):
    ops.o                     src/ops.s:2709
    dir.o                     src/dir.s:1472
decax3 (decax3.o):
    ops.o                     src/ops.s:2709
    dir.o                     src/dir.s:1472
decax4 (decax4.o):
    ops.o                     src/ops.s:2709
    dir.o                     src/dir.s:1472
decaxy (decaxy.o):
    ops.o                     src/ops.s:2709
    cat.o                     src/cat.s:462
    bootmenu.o                src/bootmenu.s:3408
    bootmenu.o                src/bootmenu.s:3408
    bootmenu.o                src/bootmenu.s:3408
    bootmenu.o                src/bootmenu.s:3408
    bootmenu.o                src/bootmenu.s:3408
decsp1 (decsp1.o):
    cbm_dir.o                 ../libwrk/c128/cbm_dir.s:374
    ultimate_lib.o            src/ultimate_lib.s:3378
    db.o                      src/db.s:1782
    ops.o                     src/ops.s:2709
    ops.o                     src/ops.s:2709
    dir.o                     src/dir.s:1472
    screen.o                  src/screen.s:365
    bootmenu.o                src/bootmenu.s:3408
    bootmenu.o                src/bootmenu.s:3408
    bootmenu.o                src/bootmenu.s:3408
    main.o                    src/main.s:1023
decsp2 (decsp2.o):
    cbm_dir.o                 ../libwrk/c128/cbm_dir.s:374
    ultimate_lib.o            src/ultimate_lib.s:3378
    ultimate_lib.o            src/ultimate_lib.s:3378
    ultimate_lib.o            src/ultimate_lib.s:3378
    ultimate_lib.o            src/ultimate_lib.s:3378
    ultimate_lib.o            src/ultimate_lib.s:3378
    ultimate_lib.o            src/ultimate_lib.s:3378
    ultimate_lib.o            src/ultimate_lib.s:3378
    ultimate_lib.o            src/ultimate_lib.s:3378
    ultimate_lib.o            src/ultimate_lib.s:3378
    ultimate_lib.o            src/ultimate_lib.s:3378
    ultimate_lib.o            src/ultimate_lib.s:3378
    ultimate_lib.o            src/ultimate_lib.s:3378
    ultimate_lib.o            src/ultimate_lib.s:3378
    ultimate_lib.o            src/ultimate_lib.s:3378
    ultimate_lib.o            src/ultimate_lib.s:3378
    ultimate_lib.o            src/ultimate_lib.s:3378
    ultimate_lib.o            src/ultimate_lib.s:3378
    ultimate_lib.o            src/ultimate_lib.s:3378
    ultimate_lib.o            src/ultimate_lib.s:3378
    ultimate_lib.o            src/ultimate_lib.s:3378
    ops.o                     src/ops.s:2709
    ops.o                     src/ops.s:2709
    ops.o                     src/ops.s:2709
    ops.o                     src/ops.s:2709
    ops.o                     src/ops.s:2709
    ops.o                     src/ops.s:2709
    ops.o                     src/ops.s:2709
    dir.o                     src/dir.s:1472
    dir.o                     src/dir.s:1472
    cat.o                     src/cat.s:462
    cat.o                     src/cat.s:462
    bootmenu.o                src/bootmenu.s:3408
    bootmenu.o                src/bootmenu.s:3408
    bootmenu.o                src/bootmenu.s:3408
    bootmenu.o                src/bootmenu.s:3408
    bootmenu.o                src/bootmenu.s:3408
    main.o                    src/main.s:1023
    main.o                    src/main.s:1023
    main.o                    src/main.s:1023
decsp3 (decsp3.o):
    ultimate_lib.o            src/ultimate_lib.s:3378
    ultimate_lib.o            src/ultimate_lib.s:3378
    ultimate_lib.o            src/ultimate_lib.s:3378
    ultimate_lib.o            src/ultimate_lib.s:3378
    ultimate_lib.o            src/ultimate_lib.s:3378
    main.o                    src/main.s:1023
decsp4 (decsp4.o):
    lpush.o                   runtime/lpush.s:12
    sprintf.o                 common/sprintf.s:8
    fprintf.o                 common/fprintf.s:8
[...]
    _afailed.o                ../libwrk/c128/_afailed.s:57
    ultimate_lib.o            src/ultimate_lib.s:3378
    ultimate_lib.o            src/ultimate_lib.s:3378
    ultimate_lib.o            src/ultimate_lib.s:3378
    ultimate_lib.o            src/ultimate_lib.s:3378
    ultimate_lib.o            src/ultimate_lib.s:3378
    ultimate_lib.o            src/ultimate_lib.s:3378
    ultimate_lib.o            src/ultimate_lib.s:3378
    ultimate_lib.o            src/ultimate_lib.s:3378
    ultimate_lib.o            src/ultimate_lib.s:3378
    ultimate_lib.o            src/ultimate_lib.s:3378
    ultimate_lib.o            src/ultimate_lib.s:3378
    ultimate_lib.o            src/ultimate_lib.s:3378
    ultimate_lib.o            src/ultimate_lib.s:3378
    ultimate_lib.o            src/ultimate_lib.s:3378
    ultimate_lib.o            src/ultimate_lib.s:3378
    ultimate_lib.o            src/ultimate_lib.s:3378
    ultimate_lib.o            src/ultimate_lib.s:3378
    ultimate_lib.o            src/ultimate_lib.s:3378
    ultimate_lib.o            src/ultimate_lib.s:3378
    ultimate_lib.o            src/ultimate_lib.s:3378
    ultimate_lib.o            src/ultimate_lib.s:3378
    ultimate_lib.o            src/ultimate_lib.s:3378
    ultimate_lib.o            src/ultimate_lib.s:3378
    ultimate_lib.o            src/ultimate_lib.s:3378
    ultimate_lib.o            src/ultimate_lib.s:3378
    ultimate_lib.o            src/ultimate_lib.s:3378
    ultimate_lib.o            src/ultimate_lib.s:3378
    ultimate_lib.o            src/ultimate_lib.s:3378
    ultimate_lib.o            src/ultimate_lib.s:3378
    ultimate_lib.o            src/ultimate_lib.s:3378
    ultimate_lib.o            src/ultimate_lib.s:3378
    ultimate_lib.o            src/ultimate_lib.s:3378
    ultimate_lib.o            src/ultimate_lib.s:3378
    ultimate_lib.o            src/ultimate_lib.s:3378
    ultimate_lib.o            src/ultimate_lib.s:3378
    ultimate_lib.o            src/ultimate_lib.s:3378
    ultimate_lib.o            src/ultimate_lib.s:3378
    ultimate_lib.o            src/ultimate_lib.s:3378
    ultimate_lib.o            src/ultimate_lib.s:3378
    ultimate_lib.o            src/ultimate_lib.s:3378
    ultimate_lib.o            src/ultimate_lib.s:3378
    ultimate_lib.o            src/ultimate_lib.s:3378
    ultimate_lib.o            src/ultimate_lib.s:3378
    ultimate_lib.o            src/ultimate_lib.s:3378
    ultimate_lib.o            src/ultimate_lib.s:3378
    ultimate_lib.o            src/ultimate_lib.s:3378
    ultimate_lib.o            src/ultimate_lib.s:3378
    ultimate_lib.o            src/ultimate_lib.s:3378
    db.o                      src/db.s:1782
    db.o                      src/db.s:1782
    ops.o                     src/ops.s:2709
    ops.o                     src/ops.s:2709
    ops.o                     src/ops.s:2709
    ops.o                     src/ops.s:2709
    ops.o                     src/ops.s:2709
    ops.o                     src/ops.s:2709
    ops.o                     src/ops.s:2709
    ops.o                     src/ops.s:2709
    ops.o                     src/ops.s:2709
    ops.o                     src/ops.s:2709
    ops.o                     src/ops.s:2709
    ops.o                     src/ops.s:2709
    dir.o                     src/dir.s:1472
    dir.o                     src/dir.s:1472
    dir.o                     src/dir.s:1472
    dir.o                     src/dir.s:1472
    cat.o                     src/cat.s:462
    cat.o                     src/cat.s:462
    screen.o                  src/screen.s:365
    screen.o                  src/screen.s:365
    bootmenu.o                src/bootmenu.s:3408
    bootmenu.o                src/bootmenu.s:3408
    bootmenu.o                src/bootmenu.s:3408
    bootmenu.o                src/bootmenu.s:3408
    bootmenu.o                src/bootmenu.s:3408
    bootmenu.o                src/bootmenu.s:3408
    bootmenu.o                src/bootmenu.s:3408
    bootmenu.o                src/bootmenu.s:3408
    bootmenu.o                src/bootmenu.s:3408
    bootmenu.o                src/bootmenu.s:3408
    bootmenu.o                src/bootmenu.s:3408
    bootmenu.o                src/bootmenu.s:3408
    bootmenu.o                src/bootmenu.s:3408
    bootmenu.o                src/bootmenu.s:3408
    bootmenu.o                src/bootmenu.s:3408
    bootmenu.o                src/bootmenu.s:3408
    bootmenu.o                src/bootmenu.s:3408
    main.o                    src/main.s:1023
    main.o                    src/main.s:1023
    main.o                    src/main.s:1023
    main.o                    src/main.s:1023
    main.o                    src/main.s:1023
    main.o                    src/main.s:1023
    main.o                    src/main.s:1023
pusheax (lpush.o):
    _printf.o                 common/_printf.s:11
pushw (pushw.o):
    db.o                      src/db.s:1782
    ops.o                     src/ops.s:2709
    ops.o                     src/ops.s:2709
    ops.o                     src/ops.s:2709
    ops.o                     src/ops.s:2709
    ops.o                     src/ops.s:2709
pushw0sp (pushwsp.o):
    vsprintf.o                common/vsprintf.s:8
    ultimate_lib.o            src/ultimate_lib.s:3378
    ultimate_lib.o            src/ultimate_lib.s:3378
    ultimate_lib.o            src/ultimate_lib.s:3378
    ultimate_lib.o            src/ultimate_lib.s:3378
    ultimate_lib.o            src/ultimate_lib.s:3378
    ultimate_lib.o            src/ultimate_lib.s:3378
    ultimate_lib.o            src/ultimate_lib.s:3378
    ultimate_lib.o            src/ultimate_lib.s:3378
    ultimate_lib.o            src/ultimate_lib.s:3378
    ultimate_lib.o            src/ultimate_lib.s:3378
    ultimate_lib.o            src/ultimate_lib.s:3378
    ops.o                     src/ops.s:2709
    dir.o                     src/dir.s:1472
    bootmenu.o                src/bootmenu.s:3408
    bootmenu.o                src/bootmenu.s:3408
    main.o                    src/main.s:1023
pushwidx (pushw.o):
    db.o                      src/db.s:1782
    ops.o                     src/ops.s:2709
    ops.o                     src/ops.s:2709
    dir.o                     src/dir.s:1472
    dir.o                     src/dir.s:1472
pushwysp (pushwsp.o):
    fwrite.o                  common/fwrite.s:11
    vfprintf.o                common/vfprintf.s:9
    _afailed.o                ../libwrk/c128/_afailed.s:57
    ultimate_lib.o            src/ultimate_lib.s:3378
    ultimate_lib.o            src/ultimate_lib.s:3378
    ultimate_lib.o            src/ultimate_lib.s:3378
    ultimate_lib.o            src/ultimate_lib.s:3378
    ultimate_lib.o            src/ultimate_lib.s:3378
    ultimate_lib.o            src/ultimate_lib.s:3378
    ultimate_lib.o            src/ultimate_lib.s:3378
    ultimate_lib.o            src/ultimate_lib.s:3378
    ultimate_lib.o            src/ultimate_lib.s:3378
    ultimate_lib.o            src/ultimate_lib.s:3378
    ultimate_lib.o            src/ultimate_lib.s:3378
    ultimate_lib.o            src/ultimate_lib.s:3378
    ultimate_lib.o            src/ultimate_lib.s:3378
    ultimate_lib.o            src/ultimate_lib.s:3378
    ultimate_lib.o            src/ultimate_lib.s:3378
    db.o                      src/db.s:1782
    ops.o                     src/ops.s:2709
    ops.o                     src/ops.s:2709
    ops.o                     src/ops.s:2709
    ops.o                     src/ops.s:2709
    ops.o                     src/ops.s:2709
    ops.o                     src/ops.s:2709
    ops.o                     src/ops.s:2709
    ops.o                     src/ops.s:2709
    ops.o                     src/ops.s:2709
    dir.o                     src/dir.s:1472
    dir.o                     src/dir.s:1472
    bootmenu.o                src/bootmenu.s:3408
    bootmenu.o                src/bootmenu.s:3408
    bootmenu.o                src/bootmenu.s:3408
    bootmenu.o                src/bootmenu.s:3408
    bootmenu.o                src/bootmenu.s:3408
    main.o                    src/main.s:1023
    main.o                    src/main.s:1023
putchar (cputc.o):
    cvline.o                  cbm/cvline.s:9
regbank (zeropage.o):
    _printf.o                 /mnt/d/retro/cc65/asminc/zeropage.inc:14
    regswap2.o                runtime/regswap2.s:8
    cbm_dir.o                 ../libwrk/c128/cbm_dir.s:10
regsave (zeropage.o):
    bootmenu.o                src/bootmenu.s:10
regswap2 (regswap2.o):
    cbm_dir.o                 ../libwrk/c128/cbm_dir.s:374
return0 (return0.o):
    em-kernel.o               em/em-kernel.s:7
    color.o                   c128/color.s:10
rwcommon (rwcommon.o):
    write.o                   cbm/write.s:10
scratch (scratch.o):
    sysremove.o               cbm/sysremove.s:8
sigtable (sigtable.o):
    signal.o                  /mnt/d/retro/cc65/asminc/signal.inc:49
    raise.o                   /mnt/d/retro/cc65/asminc/signal.inc:49
sp (zeropage.o):
    vsnprintf.o               common/vsnprintf.s:11
    lpush.o                   runtime/lpush.s:13
    decsp6.o                  runtime/decsp6.s:8
    _printf.o                 /mnt/d/retro/cc65/asminc/zeropage.inc:11
    _heap.o                   common/_heap.s:9
    vfprintf.o                common/vfprintf.s:11
    vcprintf.o                conio/vcprintf.s:10
    subysp.o                  runtime/subysp.s:9
    subeqsp.o                 runtime/subeqsp.s:8
    sub.o                     runtime/sub.s:9
    staxspi.o                 runtime/staxspi.s:10
    staxsp.o                  runtime/staxsp.s:8
    staspidx.o                runtime/staspidx.s:9
    sprintf.o                 common/sprintf.s:9
    regswap2.o                runtime/regswap2.s:8
    pushwsp.o                 runtime/pushwsp.s:8
    pushax.o                  runtime/pushax.s:8
    pusha.o                   runtime/pusha.s:8
    printf.o                  common/printf.s:9
    popptr1.o                 runtime/popptr1.s:9
    popa.o                    runtime/popa.s:8
    or.o                      runtime/or.s:10
    memset.o                  common/memset.s:20
    memcpy.o                  common/memcpy.s:15
    leave.o                   runtime/leave.s:15
    leaaxsp.o                 runtime/leaaxsp.s:8
    ldaxsp.o                  runtime/ldaxsp.s:8
    incsp2.o                  runtime/incsp2.s:8
    incsp1.o                  runtime/incsp1.s:8
    icmp.o                    runtime/icmp.s:9
    fprintf.o                 common/fprintf.s:9
    enter.o                   runtime/enter.s:8
    decsp8.o                  runtime/decsp8.s:8
    decsp5.o                  runtime/decsp5.s:8
    decsp4.o                  runtime/decsp4.s:8
    decsp3.o                  runtime/decsp3.s:8
    decsp2.o                  runtime/decsp2.s:8
    decsp1.o                  runtime/decsp1.s:8
    crt0.o                    /mnt/d/retro/cc65/asminc/zeropage.inc:11
    cprintf.o                 conio/cprintf.s:9
    cbm_load.o                ../libwrk/c128/cbm_load.s:10
    cbm_dir.o                 ../libwrk/c128/cbm_dir.s:10
    addysp.o                  runtime/addysp.s:8
    addeqsp.o                 runtime/addeqsp.s:8
    add.o                     runtime/add.s:12
    ultimate_lib.o            src/ultimate_lib.s:10
    db.o                      src/db.s:10
    ops.o                     src/ops.s:10
    base.o                    src/base.s:10
    dir.o                     src/dir.s:10
    cat.o                     src/cat.s:10
    screen.o                  src/screen.s:10
    bootmenu.o                src/bootmenu.s:10
    main.o                    src/main.s:10
sreg (zeropage.o):
    ltoa.o                    common/ltoa.s:11
    lpush.o                   runtime/lpush.s:13
    axlong.o                  runtime/axlong.s:9
    _printf.o                 /mnt/d/retro/cc65/asminc/zeropage.inc:11
    udiv.o                    runtime/udiv.s:10
    lneg.o                    runtime/lneg.s:11
    icmp.o                    runtime/icmp.s:9
    atoi.o                    common/atoi.s:10
    ultimate_lib.o            src/ultimate_lib.s:10
    db.o                      src/db.s:10
    ops.o                     src/ops.s:10
    dir.o                     src/dir.s:10
    bootmenu.o                src/bootmenu.s:10
    main.o                    src/main.s:10
staspidx (staspidx.o):
    cbm_dir.o                 ../libwrk/c128/cbm_dir.s:374
stax0sp (staxsp.o):
    cbm_dir.o                 ../libwrk/c128/cbm_dir.s:374
    ultimate_lib.o            src/ultimate_lib.s:3378
    ultimate_lib.o            src/ultimate_lib.s:3378
    ops.o                     src/ops.s:2709
    ops.o                     src/ops.s:2709
    ops.o                     src/ops.s:2709
    ops.o                     src/ops.s:2709
    ops.o                     src/ops.s:2709
    ops.o                     src/ops.s:2709
    ops.o                     src/ops.s:2709
    dir.o                     src/dir.s:1472
    dir.o                     src/dir.s:1472
    bootmenu.o                src/bootmenu.s:3408
    bootmenu.o                src/bootmenu.s:3408
    bootmenu.o                src/bootmenu.s:3408
    bootmenu.o                src/bootmenu.s:3408
    bootmenu.o                src/bootmenu.s:3408
    bootmenu.o                src/bootmenu.s:3408
    main.o                    src/main.s:1023
    main.o                    src/main.s:1023
    main.o                    src/main.s:1023
    main.o                    src/main.s:1023
staxspidx (staxspi.o):
    cbm_dir.o                 ../libwrk/c128/cbm_dir.s:374
    db.o                      src/db.s:1782
    ops.o                     src/ops.s:2709
    dir.o                     src/dir.s:1472
staxysp (staxsp.o):
    vsprintf.o                common/vsprintf.s:8
    cbm_dir.o                 ../libwrk/c128/cbm_dir.s:374
    ultimate_lib.o            src/ultimate_lib.s:3378
    ultimate_lib.o            src/ultimate_lib.s:3378
    ultimate_lib.o            src/ultimate_lib.s:3378
    ultimate_lib.o            src/ultimate_lib.s:3378
    ultimate_lib.o            src/ultimate_lib.s:3378
    ultimate_lib.o            src/ultimate_lib.s:3378
    ultimate_lib.o            src/ultimate_lib.s:3378
    ultimate_lib.o            src/ultimate_lib.s:3378
    ultimate_lib.o            src/ultimate_lib.s:3378
    ultimate_lib.o            src/ultimate_lib.s:3378
    ultimate_lib.o            src/ultimate_lib.s:3378
    ultimate_lib.o            src/ultimate_lib.s:3378
    db.o                      src/db.s:1782
    ops.o                     src/ops.s:2709
    ops.o                     src/ops.s:2709
    ops.o                     src/ops.s:2709
    ops.o                     src/ops.s:2709
    dir.o                     src/dir.s:1472
    dir.o                     src/dir.s:1472
    cat.o                     src/cat.s:462
    cat.o                     src/cat.s:462
    bootmenu.o                src/bootmenu.s:3408
    bootmenu.o                src/bootmenu.s:3408
    bootmenu.o                src/bootmenu.s:3408
    bootmenu.o                src/bootmenu.s:3408
    bootmenu.o                src/bootmenu.s:3408
    bootmenu.o                src/bootmenu.s:3408
    bootmenu.o                src/bootmenu.s:3408
    bootmenu.o                src/bootmenu.s:3408
    bootmenu.o                src/bootmenu.s:3408
    main.o                    src/main.s:1023
subeqysp (subeqsp.o):
    cbm_dir.o                 ../libwrk/c128/cbm_dir.s:374
    ops.o                     src/ops.s:2709
    bootmenu.o                src/bootmenu.s:3408
subysp (subysp.o):
    ultimate_lib.o            src/ultimate_lib.s:3378
    cat.o                     src/cat.s:462
    cat.o                     src/cat.s:462
    bootmenu.o                src/bootmenu.s:3408
    bootmenu.o                src/bootmenu.s:3408
    main.o                    src/main.s:1023
tmp1 (zeropage.o):
    diskcmd.o                 cbm/diskcmd.s:15
    ltoa.o                    common/ltoa.s:11
    filename.o                cbm/filename.s:12
    _printf.o                 /mnt/d/retro/cc65/asminc/zeropage.inc:13
    vcprintf.o                conio/vcprintf.s:10
    strstr.o                  common/strstr.s:9
    strncpy.o                 common/strncpy.s:9
    staxspi.o                 runtime/staxspi.s:10
    staspidx.o                runtime/staspidx.s:9
    shelp.o                   runtime/shelp.s:12
    or.o                      runtime/or.s:10
    mul.o                     runtime/mul.s:10
    incaxy.o                  runtime/incaxy.s:8
    div.o                     runtime/div.s:12
    decaxy.o                  runtime/decaxy.s:8
    cvline.o                  cbm/cvline.s:10
    cputs.o                   conio/cputs.s:10
    chline.o                  cbm/chline.s:10
    cclear.o                  cbm/cclear.s:10
    cbm_read.o                cbm/cbm_read.s:42
    c_setlfs.o                cbm/c_setlfs.s:13
    c_save.o                  cbm/c_save.s:11
    atoi.o                    common/atoi.s:10
    aslax1.o                  runtime/aslax1.s:8
    add.o                     runtime/add.s:12
    ultimate_lib.o            src/ultimate_lib.s:11
    ops.o                     src/ops.s:11
    dir.o                     src/dir.s:11
tmp2 (zeropage.o):
    rwcommon.o                cbm/rwcommon.s:10
    strncpy.o                 common/strncpy.s:9
    shelp.o                   runtime/shelp.s:12
    div.o                     runtime/div.s:12
tmp3 (zeropage.o):
    strncpy.o                 common/strncpy.s:9
    strcat.o                  common/strcat.s:10
tosaddax (add.o):
    ultimate_lib.o            src/ultimate_lib.s:3378
    ultimate_lib.o            src/ultimate_lib.s:3378
    ultimate_lib.o            src/ultimate_lib.s:3378
    ultimate_lib.o            src/ultimate_lib.s:3378
    ops.o                     src/ops.s:2709
    screen.o                  src/screen.s:365
tosdiva0 (div.o):
    ops.o                     src/ops.s:2709
    ops.o                     src/ops.s:2709
    screen.o                  src/screen.s:365
tosicmp (icmp.o):
    ultimate_lib.o            src/ultimate_lib.s:3378
    ultimate_lib.o            src/ultimate_lib.s:3378
    ultimate_lib.o            src/ultimate_lib.s:3378
    ultimate_lib.o            src/ultimate_lib.s:3378
    ultimate_lib.o            src/ultimate_lib.s:3378
    ultimate_lib.o            src/ultimate_lib.s:3378
    ultimate_lib.o            src/ultimate_lib.s:3378
    ultimate_lib.o            src/ultimate_lib.s:3378
    ultimate_lib.o            src/ultimate_lib.s:3378
    ops.o                     src/ops.s:2709
    ops.o                     src/ops.s:2709
    ops.o                     src/ops.s:2709
    screen.o                  src/screen.s:365
tosicmp0 (icmp.o):
    ops.o                     src/ops.s:2709
tosmula0 (mul8.o):
    db.o                      src/db.s:1782
    ops.o                     src/ops.s:2709
    ops.o                     src/ops.s:2709
    ops.o                     src/ops.s:2709
    bootmenu.o                src/bootmenu.s:3408
    main.o                    src/main.s:1023
tosorax (or.o):
    cbm_dir.o                 ../libwrk/c128/cbm_dir.s:374
    dir.o                     src/dir.s:1472
tossubax (sub.o):
    ops.o                     src/ops.s:2709
    bootmenu.o                src/bootmenu.s:3408
tosudiva0 (udiv.o):
    db.o                      src/db.s:1782
tosudivax (udiv.o):
    fwrite.o                  common/fwrite.s:12
    ops.o                     src/ops.s:2709
tosumulax (mul.o):
    fwrite.o                  common/fwrite.s:12
    calloc.o                  common/calloc.s:11
udiv16 (udiv.o):
    shelp.o                   runtime/shelp.s:11
vsnprintf (vsnprintf.o):
    vsprintf.o                common/vsprintf.s:9
writefndiskcmd (diskcmd.o):
    scratch.o                 cbm/scratch.s:8
zerobss (zerobss.o):
    crt0.o                    c128/crt0.s:8

