Modules list:
-------------
geosramroutine.o:
    CODE              Offs=000000  Size=0000D3  Align=00001  Fill=0000
ultimate_lib.o:
    CODE              Offs=0000D3  Size=001475  Align=00001  Fill=0000
    RODATA            Offs=000000  Size=000137  Align=00001  Fill=0000
    BSS               Offs=000000  Size=000806  Align=00001  Fill=0000
    DATA              Offs=000000  Size=00000B  Align=00001  Fill=0000
configcommon.o:
    CODE              Offs=001548  Size=000537  Align=00001  Fill=0000
    RODATA            Offs=000137  Size=00005E  Align=00001  Fill=0000
    DATA              Offs=00000B  Size=000108  Align=00001  Fill=0000
geosramboot.o:
    CODE              Offs=001A7F  Size=00023E  Align=00001  Fill=0000
    RODATA            Offs=000195  Size=0001A4  Align=00001  Fill=0000
/home/xahmol/retro/cc65/lib/c128.lib(_directerrno.o):
    CODE              Offs=001CBD  Size=00000A  Align=00001  Fill=0000
/home/xahmol/retro/cc65/lib/c128.lib(_file.o):
    DATA              Offs=000113  Size=00001E  Align=00001  Fill=0000
/home/xahmol/retro/cc65/lib/c128.lib(_heap.o):
    DATA              Offs=000131  Size=00000A  Align=00001  Fill=0000
    ONCE              Offs=000000  Size=000010  Align=00001  Fill=0000
/home/xahmol/retro/cc65/lib/c128.lib(_hextab.o):
    RODATA            Offs=000339  Size=000010  Align=00001  Fill=0000
/home/xahmol/retro/cc65/lib/c128.lib(_longminstr.o):
    RODATA            Offs=000349  Size=00000C  Align=00001  Fill=0000
/home/xahmol/retro/cc65/lib/c128.lib(_mappederrno.o):
    CODE              Offs=001CC7  Size=000010  Align=00001  Fill=0000
/home/xahmol/retro/cc65/lib/c128.lib(_oserror.o):
    BSS               Offs=000806  Size=000001  Align=00001  Fill=0000
/home/xahmol/retro/cc65/lib/c128.lib(_printf.o):
    CODE              Offs=001CD7  Size=0003A5  Align=00001  Fill=0000
    BSS               Offs=000807  Size=00002B  Align=00001  Fill=0000
    DATA              Offs=00013B  Size=000003  Align=00001  Fill=0000
/home/xahmol/retro/cc65/lib/c128.lib(_seterrno.o):
    CODE              Offs=00207C  Size=000009  Align=00001  Fill=0000
/home/xahmol/retro/cc65/lib/c128.lib(add.o):
    CODE              Offs=002085  Size=00001C  Align=00001  Fill=0000
/home/xahmol/retro/cc65/lib/c128.lib(addeqsp.o):
    CODE              Offs=0020A1  Size=000011  Align=00001  Fill=0000
/home/xahmol/retro/cc65/lib/c128.lib(addysp.o):
    CODE              Offs=0020B2  Size=00000E  Align=00001  Fill=0000
/home/xahmol/retro/cc65/lib/c128.lib(axlong.o):
    CODE              Offs=0020C0  Size=00000D  Align=00001  Fill=0000
/home/xahmol/retro/cc65/lib/c128.lib(bneg.o):
    CODE              Offs=0020CD  Size=00000E  Align=00001  Fill=0000
/home/xahmol/retro/cc65/lib/c128.lib(c_close.o):
    CODE              Offs=0020DB  Size=000004  Align=00001  Fill=0000
/home/xahmol/retro/cc65/lib/c128.lib(c_open.o):
    CODE              Offs=0020DF  Size=000009  Align=00001  Fill=0000
/home/xahmol/retro/cc65/lib/c128.lib(c_setlfs.o):
    CODE              Offs=0020E8  Size=00000E  Align=00001  Fill=0000
/home/xahmol/retro/cc65/lib/c128.lib(c_setnam.o):
    CODE              Offs=0020F6  Size=000013  Align=00001  Fill=0000
/home/xahmol/retro/cc65/lib/c128.lib(callmain.o):
    CODE              Offs=002109  Size=000017  Align=00001  Fill=0000
    DATA              Offs=00013E  Size=000004  Align=00001  Fill=0000
/home/xahmol/retro/cc65/lib/c128.lib(cbm_close.o):
/home/xahmol/retro/cc65/lib/c128.lib(cbm_open.o):
    CODE              Offs=002120  Size=000016  Align=00001  Fill=0000
/home/xahmol/retro/cc65/lib/c128.lib(cbm_read.o):
    CODE              Offs=002136  Size=00005B  Align=00001  Fill=0000
/home/xahmol/retro/cc65/lib/c128.lib(color.o):
    CODE              Offs=002191  Size=000060  Align=00001  Fill=0000
/home/xahmol/retro/cc65/lib/c128.lib(condes.o):
    CODE              Offs=0021F1  Size=00000C  Align=00001  Fill=0000
    DATA              Offs=000142  Size=000025  Align=00001  Fill=0000
    ONCE              Offs=000010  Size=00000C  Align=00001  Fill=0000
/home/xahmol/retro/cc65/lib/c128.lib(crt0.o):
    BSS               Offs=000832  Size=000002  Align=00001  Fill=0000
    STARTUP           Offs=000000  Size=000051  Align=00001  Fill=0000
    INIT              Offs=000000  Size=00001A  Align=00001  Fill=0000
/home/xahmol/retro/cc65/lib/c128.lib(ctype.o):
    RODATA            Offs=000355  Size=00008B  Align=00001  Fill=0000
/home/xahmol/retro/cc65/lib/c128.lib(ctypemask.o):
    CODE              Offs=0021FD  Size=00001E  Align=00001  Fill=0000
/home/xahmol/retro/cc65/lib/c128.lib(decax1.o):
    CODE              Offs=00221B  Size=000007  Align=00001  Fill=0000
/home/xahmol/retro/cc65/lib/c128.lib(decaxy.o):
    CODE              Offs=002222  Size=000009  Align=00001  Fill=0000
/home/xahmol/retro/cc65/lib/c128.lib(decsp1.o):
    CODE              Offs=00222B  Size=000009  Align=00001  Fill=0000
/home/xahmol/retro/cc65/lib/c128.lib(decsp2.o):
    CODE              Offs=002234  Size=00000D  Align=00001  Fill=0000
/home/xahmol/retro/cc65/lib/c128.lib(decsp3.o):
    CODE              Offs=002241  Size=00000D  Align=00001  Fill=0000
/home/xahmol/retro/cc65/lib/c128.lib(decsp4.o):
    CODE              Offs=00224E  Size=00000D  Align=00001  Fill=0000
/home/xahmol/retro/cc65/lib/c128.lib(decsp5.o):
    CODE              Offs=00225B  Size=00000D  Align=00001  Fill=0000
/home/xahmol/retro/cc65/lib/c128.lib(decsp6.o):
    CODE              Offs=002268  Size=00000D  Align=00001  Fill=0000
/home/xahmol/retro/cc65/lib/c128.lib(decsp8.o):
    CODE              Offs=002275  Size=00000D  Align=00001  Fill=0000
/home/xahmol/retro/cc65/lib/c128.lib(errno.o):
    BSS               Offs=000834  Size=000002  Align=00001  Fill=0000
/home/xahmol/retro/cc65/lib/c128.lib(exehdr.o):
    EXEHDR            Offs=000000  Size=00000C  Align=00001  Fill=0000
/home/xahmol/retro/cc65/lib/c128.lib(filedes.o):
    CODE              Offs=002282  Size=00000E  Align=00001  Fill=0000
    DATA              Offs=000167  Size=000010  Align=00001  Fill=0000
/home/xahmol/retro/cc65/lib/c128.lib(free.o):
    CODE              Offs=002290  Size=0001D3  Align=00001  Fill=0000
/home/xahmol/retro/cc65/lib/c128.lib(fwrite.o):
    CODE              Offs=002463  Size=00007B  Align=00001  Fill=0000
    BSS               Offs=000836  Size=000002  Align=00001  Fill=0000
/home/xahmol/retro/cc65/lib/c128.lib(icmp.o):
    CODE              Offs=0024DE  Size=00002E  Align=00001  Fill=0000
/home/xahmol/retro/cc65/lib/c128.lib(incax1.o):
    CODE              Offs=00250C  Size=000007  Align=00001  Fill=0000
/home/xahmol/retro/cc65/lib/c128.lib(incax2.o):
    CODE              Offs=002513  Size=000007  Align=00001  Fill=0000
/home/xahmol/retro/cc65/lib/c128.lib(incax3.o):
    CODE              Offs=00251A  Size=000005  Align=00001  Fill=0000
/home/xahmol/retro/cc65/lib/c128.lib(incaxy.o):
    CODE              Offs=00251F  Size=00000B  Align=00001  Fill=0000
/home/xahmol/retro/cc65/lib/c128.lib(incsp1.o):
    CODE              Offs=00252A  Size=000007  Align=00001  Fill=0000
/home/xahmol/retro/cc65/lib/c128.lib(incsp2.o):
    CODE              Offs=002531  Size=000016  Align=00001  Fill=0000
/home/xahmol/retro/cc65/lib/c128.lib(incsp3.o):
    CODE              Offs=002547  Size=000005  Align=00001  Fill=0000
/home/xahmol/retro/cc65/lib/c128.lib(incsp4.o):
    CODE              Offs=00254C  Size=000005  Align=00001  Fill=0000
/home/xahmol/retro/cc65/lib/c128.lib(incsp5.o):
    CODE              Offs=002551  Size=000005  Align=00001  Fill=0000
/home/xahmol/retro/cc65/lib/c128.lib(incsp6.o):
    CODE              Offs=002556  Size=000005  Align=00001  Fill=0000
/home/xahmol/retro/cc65/lib/c128.lib(incsp7.o):
    CODE              Offs=00255B  Size=000005  Align=00001  Fill=0000
/home/xahmol/retro/cc65/lib/c128.lib(incsp8.o):
    CODE              Offs=002560  Size=000005  Align=00001  Fill=0000
/home/xahmol/retro/cc65/lib/c128.lib(kernal.o):
/home/xahmol/retro/cc65/lib/c128.lib(land.o):
    CODE              Offs=002565  Size=000024  Align=00001  Fill=0000
/home/xahmol/retro/cc65/lib/c128.lib(ldaxsp.o):
    CODE              Offs=002589  Size=000009  Align=00001  Fill=0000
/home/xahmol/retro/cc65/lib/c128.lib(leaaxsp.o):
    CODE              Offs=002592  Size=00000C  Align=00001  Fill=0000
/home/xahmol/retro/cc65/lib/c128.lib(lneg.o):
    CODE              Offs=00259E  Size=00001E  Align=00001  Fill=0000
/home/xahmol/retro/cc65/lib/c128.lib(loadaddr.o):
    LOADADDR          Offs=000000  Size=000002  Align=00001  Fill=0000
/home/xahmol/retro/cc65/lib/c128.lib(lor.o):
    CODE              Offs=0025BC  Size=000024  Align=00001  Fill=0000
/home/xahmol/retro/cc65/lib/c128.lib(lpush.o):
    CODE              Offs=0025E0  Size=000021  Align=00001  Fill=0000
/home/xahmol/retro/cc65/lib/c128.lib(ltoa.o):
    CODE              Offs=002601  Size=000095  Align=00001  Fill=0000
/home/xahmol/retro/cc65/lib/c128.lib(malloc.o):
    CODE              Offs=002696  Size=00010E  Align=00001  Fill=0000
/home/xahmol/retro/cc65/lib/c128.lib(memset.o):
    CODE              Offs=0027A4  Size=00005D  Align=00001  Fill=0000
/home/xahmol/retro/cc65/lib/c128.lib(mul.o):
    CODE              Offs=002801  Size=000045  Align=00001  Fill=0000
/home/xahmol/retro/cc65/lib/c128.lib(mul8.o):
    CODE              Offs=002846  Size=00003A  Align=00001  Fill=0000
/home/xahmol/retro/cc65/lib/c128.lib(mulax10.o):
    CODE              Offs=002880  Size=000019  Align=00001  Fill=0000
/home/xahmol/retro/cc65/lib/c128.lib(oserror.o):
    CODE              Offs=002899  Size=000016  Align=00001  Fill=0000
    RODATA            Offs=0003E0  Size=00005A  Align=00001  Fill=0000
/home/xahmol/retro/cc65/lib/c128.lib(popa.o):
    CODE              Offs=0028AF  Size=00000C  Align=00001  Fill=0000
/home/xahmol/retro/cc65/lib/c128.lib(popptr1.o):
    CODE              Offs=0028BB  Size=00000E  Align=00001  Fill=0000
/home/xahmol/retro/cc65/lib/c128.lib(printf.o):
    CODE              Offs=0028C9  Size=000033  Align=00001  Fill=0000
    BSS               Offs=000838  Size=000001  Align=00001  Fill=0000
/home/xahmol/retro/cc65/lib/c128.lib(push1.o):
    CODE              Offs=0028FC  Size=000005  Align=00001  Fill=0000
/home/xahmol/retro/cc65/lib/c128.lib(pusha.o):
    CODE              Offs=002901  Size=000016  Align=00001  Fill=0000
/home/xahmol/retro/cc65/lib/c128.lib(pushax.o):
    CODE              Offs=002917  Size=00001A  Align=00001  Fill=0000
/home/xahmol/retro/cc65/lib/c128.lib(pushwsp.o):
    CODE              Offs=002931  Size=00001C  Align=00001  Fill=0000
/home/xahmol/retro/cc65/lib/c128.lib(return0.o):
    CODE              Offs=00294D  Size=000004  Align=00001  Fill=0000
/home/xahmol/retro/cc65/lib/c128.lib(rwcommon.o):
    CODE              Offs=002951  Size=00001A  Align=00001  Fill=0000
/home/xahmol/retro/cc65/lib/c128.lib(staspidx.o):
    CODE              Offs=00296B  Size=000016  Align=00001  Fill=0000
/home/xahmol/retro/cc65/lib/c128.lib(status.o):
/home/xahmol/retro/cc65/lib/c128.lib(staxsp.o):
    CODE              Offs=002981  Size=00000B  Align=00001  Fill=0000
/home/xahmol/retro/cc65/lib/c128.lib(strcmp.o):
    CODE              Offs=00298C  Size=000021  Align=00001  Fill=0000
/home/xahmol/retro/cc65/lib/c128.lib(strlen.o):
    CODE              Offs=0029AD  Size=000016  Align=00001  Fill=0000
/home/xahmol/retro/cc65/lib/c128.lib(strlower.o):
    CODE              Offs=0029C3  Size=000027  Align=00001  Fill=0000
/home/xahmol/retro/cc65/lib/c128.lib(strncpy.o):
    CODE              Offs=0029EA  Size=000042  Align=00001  Fill=0000
/home/xahmol/retro/cc65/lib/c128.lib(subysp.o):
    CODE              Offs=002A2C  Size=00000D  Align=00001  Fill=0000
/home/xahmol/retro/cc65/lib/c128.lib(toslong.o):
    CODE              Offs=002A39  Size=000038  Align=00001  Fill=0000
/home/xahmol/retro/cc65/lib/c128.lib(udiv.o):
    CODE              Offs=002A71  Size=00004F  Align=00001  Fill=0000
/home/xahmol/retro/cc65/lib/c128.lib(vfprintf.o):
    CODE              Offs=002AC0  Size=000061  Align=00001  Fill=0000
    DATA              Offs=000177  Size=000008  Align=00001  Fill=0000
/home/xahmol/retro/cc65/lib/c128.lib(write.o):
    CODE              Offs=002B21  Size=000054  Align=00001  Fill=0000
    ONCE              Offs=00001C  Size=000011  Align=00001  Fill=0000
/home/xahmol/retro/cc65/lib/c128.lib(zerobss.o):
    CODE              Offs=002B75  Size=000023  Align=00001  Fill=0000
/home/xahmol/retro/cc65/lib/c128.lib(zeropage.o):
    ZEROPAGE          Offs=000000  Size=00001A  Align=00001  Fill=0000


Segment list:
-------------
Name                   Start     End    Size  Align
----------------------------------------------------
ZEROPAGE              000002  00001B  00001A  00001
LOADADDR              001BFF  001C00  000002  00001
EXEHDR                001C01  001C0C  00000C  00001
STARTUP               001C0D  001C5D  000051  00001
ONCE                  001C5E  001C8E  000031  00001
CODE                  001C8F  004826  002B98  00001
RODATA                004827  004C60  00043A  00001
DATA                  004C61  004DDF  00017F  00001
INIT                  004DE0  004DF9  00001A  00001
BSS                   004DFA  005632  000839  00001


Exports list by name:
---------------------
BASIN                     00FFCF RLA    BSOUT                     00FFD2 RLA    
CHKIN                     00FFC6 RLA    CKOUT                     00FFC9 RLA    
CLOSE                     00FFC3 RLA    CLRCH                     00FFCC RLA    
OPEN                      00FFC0 RLA    READST                    00FFB7 RLA    
SETLFS                    00FFBA RLA    SETNAM                    00FFBD RLA    
ST                        000090 RLZ    __BSS_RUN__               004DFA RLA    
__BSS_SIZE__              000839 REA    __CONSTRUCTOR_COUNT__     000002 REA    
__CONSTRUCTOR_TABLE__     001C8B RLA    __DESTRUCTOR_COUNT__      000000 REA    
__DESTRUCTOR_TABLE__      004C61 RLA    __EXEHDR__                000001 REA    
__LOADADDR__              000001 REA    __MAIN_SIZE__             009BF3 REA    
__MAIN_START__            001C0D RLA    __STACKSIZE__             000800 REA    
__STARTUP__               000001 REA    __bzero                   004433 RLA    
__ctype                   004B7C RLA    __ctypeidx                004B87 RLA    
__directerrno             00394C RLA    __errno                   00562E RLA    
__heapend                 004D96 RLA    __heapfirst               004D98 RLA    
__heaplast                004D9A RLA    __heapptr                 004D94 RLA    
__hextab                  004B60 RLA    __longminstr              004B70 RLA    
__mappederrno             003956 RLA    __oserror                 005600 RLA    
__osmaperrno              004528 RLA    __printf                  003A59 RLA    
__seterrno                003D0B RLA    _cbm_close                003D6A REA    
_cbm_k_close              003D6A RLA    _cbm_k_open               003D6E RLA    
_cbm_k_setlfs             003D77 RLA    _cbm_k_setnam             003D85 RLA    
_cbm_open                 003DAF RLA    _cbm_read                 003DC5 RLA    
_free                     003F1F RLA    _fwrite                   0040F2 RLA    
_imageaid                 004D11 RLA    _imageaname               004CC1 RLA    
_imageapath               004CD5 RLA    _imagebid                 004D62 RLA    
_imagebname               004D12 RLA    _imagebpath               004D26 RLA    
_ltoa                     0042A8 RLA    _main                     00370E RLA    
_malloc                   004325 RLA    _printf                   004558 RLA    
_readconfigfile           003501 RLA    _reufilename              004C71 RLA    
_reufilepath              004C85 RLA    _reusize                  004D63 RLA    
_startgeos                001C8F RLA    _stdout                   004D8E RLA    
_strcmp                   00461B RLA    _strlen                   00463C RLA    
_strlower                 004652 RLA    _strncpy                  004679 RLA    
_textcolor                003E20 RLA    _uii_accept               002AB2 RLA    
_uii_change_dir           001E43 RLA    _uii_close_file           0021B5 RLA    
_uii_data                 004EFA RLA    _uii_delete_file          0022DC RLA    
_uii_load_reu             002DF9 RLA    _uii_mount_disk           001FC9 RLA    
_uii_open_file            0020F5 RLA    _uii_read_file            0021E1 RLA    
_uii_readdata             002A02 RLA    _uii_status               004DFA RLA    
_uii_write_file           002217 RLA    _ultoa                    0042E9 RLA    
_vfprintf                 004787 RLA    _write                    0047B0 RLA    
addeq0sp                  003D30 RLA    addeqysp                  003D32 RLA    
addysp                    003D42 RLA    addysp1                   003D41 RLA    
axlong                    003D4F RLA    axulong                   003D55 RLA    
bnega                     003D60 RLA    callmain                  003D98 RLA    
ctypemaskdirect           003E90 RLA    decax1                    003EAA RLA    
decaxy                    003EB1 RLA    decsp1                    003EBA RLA    
decsp2                    003EC3 RLA    decsp3                    003ED0 RLA    
decsp4                    003EDD RLA    decsp5                    003EEA RLA    
decsp6                    003EF7 RLA    decsp8                    003F04 RLA    
donelib                   003E80 RLA    fdtab                     004DC8 RLA    
incax1                    00419B RLA    incax2                    0041A2 RLA    
incax3                    0041A9 RLA    incax4                    0041AE RLA    
incaxy                    0041B0 RLA    incsp1                    0041B9 RLA    
incsp2                    0041C8 RLA    incsp3                    0041D6 RLA    
incsp4                    0041DB RLA    incsp5                    0041E0 RLA    
incsp6                    0041E5 RLA    incsp7                    0041EA RLA    
incsp8                    0041EF RLA    initheap                  001C5E  LAI   
initlib                   001C6E RLA    initstdout                001C7A  LAI   
ldax0sp                   004218 RLA    ldaxysp                   00421A RLA    
leaa0sp                   004221 RLA    leaaxsp                   004223 RLA    
mul8x16                   0044D7 RLA    mul8x16a                  0044E1 RLA    
mulax10                   00450F RLA    negeax                    00422D RLA    
popa                      00453E RLA    popax                     0041C0 RLA    
popptr1                   00454A RLA    ptr1                      00000A RLZ    
ptr2                      00000C RLZ    ptr3                      00000E RLZ    
ptr4                      000010 RLZ    push0                     0045A6 RLA    
push1                     00458B RLA    pusha                     004594 RLA    
pusha0                    0045A8 RLA    pushax                    0045AA RLA    
pusheax                   004278 RLA    pushw0sp                  0045C0 RLA    
pushwysp                  0045C2 RLA    regbank                   000016 RLZ    
return0                   0045DC RLA    rwcommon                  0045E0 RLA    
sp                        000002 RLZ    sreg                      000004 RLZ    
staspidx                  0045FA RLA    stax0sp                   004610 RLA    
staxysp                   004612 RLA    subysp                    0046BB RLA    
tmp1                      000012 RLZ    tmp2                      000013 RLZ    
tmp3                      000014 RLZ    tosaddax                  003D16 RLA    
tosandeax                 0041FA RLA    tosicmp                   00416F RLA    
tosoreax                  004251 RLA    tosudivax                 004702 RLA    
tosulong                  0046C8 RLA    tosumulax                 004490 RLA    
zerobss                   004804 RLA    


Exports list by value:
----------------------
__DESTRUCTOR_COUNT__      000000 REA    __EXEHDR__                000001 REA    
__LOADADDR__              000001 REA    __STARTUP__               000001 REA    
__CONSTRUCTOR_COUNT__     000002 REA    sp                        000002 RLZ    
sreg                      000004 RLZ    ptr1                      00000A RLZ    
ptr2                      00000C RLZ    ptr3                      00000E RLZ    
ptr4                      000010 RLZ    tmp1                      000012 RLZ    
tmp2                      000013 RLZ    tmp3                      000014 RLZ    
regbank                   000016 RLZ    ST                        000090 RLZ    
__STACKSIZE__             000800 REA    __BSS_SIZE__              000839 REA    
__MAIN_START__            001C0D RLA    initheap                  001C5E  LAI   
initlib                   001C6E RLA    initstdout                001C7A  LAI   
__CONSTRUCTOR_TABLE__     001C8B RLA    _startgeos                001C8F RLA    
_uii_change_dir           001E43 RLA    _uii_mount_disk           001FC9 RLA    
_uii_open_file            0020F5 RLA    _uii_close_file           0021B5 RLA    
_uii_read_file            0021E1 RLA    _uii_write_file           002217 RLA    
_uii_delete_file          0022DC RLA    _uii_readdata             002A02 RLA    
_uii_accept               002AB2 RLA    _uii_load_reu             002DF9 RLA    
_readconfigfile           003501 RLA    _main                     00370E RLA    
__directerrno             00394C RLA    __mappederrno             003956 RLA    
__printf                  003A59 RLA    __seterrno                003D0B RLA    
tosaddax                  003D16 RLA    addeq0sp                  003D30 RLA    
addeqysp                  003D32 RLA    addysp1                   003D41 RLA    
addysp                    003D42 RLA    axlong                    003D4F RLA    
axulong                   003D55 RLA    bnega                     003D60 RLA    
_cbm_close                003D6A REA    _cbm_k_close              003D6A RLA    
_cbm_k_open               003D6E RLA    _cbm_k_setlfs             003D77 RLA    
_cbm_k_setnam             003D85 RLA    callmain                  003D98 RLA    
_cbm_open                 003DAF RLA    _cbm_read                 003DC5 RLA    
_textcolor                003E20 RLA    donelib                   003E80 RLA    
ctypemaskdirect           003E90 RLA    decax1                    003EAA RLA    
decaxy                    003EB1 RLA    decsp1                    003EBA RLA    
decsp2                    003EC3 RLA    decsp3                    003ED0 RLA    
decsp4                    003EDD RLA    decsp5                    003EEA RLA    
decsp6                    003EF7 RLA    decsp8                    003F04 RLA    
_free                     003F1F RLA    _fwrite                   0040F2 RLA    
tosicmp                   00416F RLA    incax1                    00419B RLA    
incax2                    0041A2 RLA    incax3                    0041A9 RLA    
incax4                    0041AE RLA    incaxy                    0041B0 RLA    
incsp1                    0041B9 RLA    popax                     0041C0 RLA    
incsp2                    0041C8 RLA    incsp3                    0041D6 RLA    
incsp4                    0041DB RLA    incsp5                    0041E0 RLA    
incsp6                    0041E5 RLA    incsp7                    0041EA RLA    
incsp8                    0041EF RLA    tosandeax                 0041FA RLA    
ldax0sp                   004218 RLA    ldaxysp                   00421A RLA    
leaa0sp                   004221 RLA    leaaxsp                   004223 RLA    
negeax                    00422D RLA    tosoreax                  004251 RLA    
pusheax                   004278 RLA    _ltoa                     0042A8 RLA    
_ultoa                    0042E9 RLA    _malloc                   004325 RLA    
__bzero                   004433 RLA    tosumulax                 004490 RLA    
mul8x16                   0044D7 RLA    mul8x16a                  0044E1 RLA    
mulax10                   00450F RLA    __osmaperrno              004528 RLA    
popa                      00453E RLA    popptr1                   00454A RLA    
_printf                   004558 RLA    push1                     00458B RLA    
pusha                     004594 RLA    push0                     0045A6 RLA    
pusha0                    0045A8 RLA    pushax                    0045AA RLA    
pushw0sp                  0045C0 RLA    pushwysp                  0045C2 RLA    
return0                   0045DC RLA    rwcommon                  0045E0 RLA    
staspidx                  0045FA RLA    stax0sp                   004610 RLA    
staxysp                   004612 RLA    _strcmp                   00461B RLA    
_strlen                   00463C RLA    _strlower                 004652 RLA    
_strncpy                  004679 RLA    subysp                    0046BB RLA    
tosulong                  0046C8 RLA    tosudivax                 004702 RLA    
_vfprintf                 004787 RLA    _write                    0047B0 RLA    
zerobss                   004804 RLA    __hextab                  004B60 RLA    
__longminstr              004B70 RLA    __ctype                   004B7C RLA    
__ctypeidx                004B87 RLA    __DESTRUCTOR_TABLE__      004C61 RLA    
_reufilename              004C71 RLA    _reufilepath              004C85 RLA    
_imageaname               004CC1 RLA    _imageapath               004CD5 RLA    
_imageaid                 004D11 RLA    _imagebname               004D12 RLA    
_imagebpath               004D26 RLA    _imagebid                 004D62 RLA    
_reusize                  004D63 RLA    _stdout                   004D8E RLA    
__heapptr                 004D94 RLA    __heapend                 004D96 RLA    
__heapfirst               004D98 RLA    __heaplast                004D9A RLA    
fdtab                     004DC8 RLA    __BSS_RUN__               004DFA RLA    
_uii_status               004DFA RLA    _uii_data                 004EFA RLA    
__oserror                 005600 RLA    __errno                   00562E RLA    
__MAIN_SIZE__             009BF3 REA    READST                    00FFB7 RLA    
SETLFS                    00FFBA RLA    SETNAM                    00FFBD RLA    
OPEN                      00FFC0 RLA    CLOSE                     00FFC3 RLA    
CHKIN                     00FFC6 RLA    CKOUT                     00FFC9 RLA    
CLRCH                     00FFCC RLA    BASIN                     00FFCF RLA    
BSOUT                     00FFD2 RLA    


Imports list:
-------------
BASIN (kernal.o):
    cbm_read.o                cbm/cbm.inc:47
BSOUT (kernal.o):
    write.o                   cbm/cbm.inc:49
    crt0.o                    c128/crt0.s:10
CHKIN (kernal.o):
    cbm_read.o                cbm/cbm.inc:44
CKOUT (kernal.o):
    write.o                   cbm/cbm.inc:45
CLOSE (kernal.o):
    c_close.o                 cbm/cbm.inc:36
CLRCH (kernal.o):
    write.o                   cbm/cbm.inc:46
    cbm_read.o                cbm/cbm.inc:46
OPEN (kernal.o):
    write.o                   cbm/cbm.inc:35
    c_open.o                  cbm/cbm.inc:35
READST (kernal.o):
    write.o                   cbm/cbm.inc:32
    cbm_read.o                cbm/cbm.inc:32
SETLFS (kernal.o):
    write.o                   cbm/cbm.inc:33
    c_setlfs.o                cbm/cbm.inc:33
SETNAM (kernal.o):
    c_setnam.o                cbm/cbm.inc:34
ST (status.o):
    crt0.o                    c128/crt0.s:12
__BSS_RUN__ ([linker generated]):
    _heap.o                   common/_heap.s:8
    zerobss.o                 common/zerobss.s:8
__BSS_SIZE__ ([linker generated]):
    _heap.o                   common/_heap.s:8
    zerobss.o                 common/zerobss.s:8
__CONSTRUCTOR_COUNT__ ([linker generated]):
    condes.o                  runtime/condes.s:18
__CONSTRUCTOR_TABLE__ ([linker generated]):
    condes.o                  runtime/condes.s:18
__DESTRUCTOR_COUNT__ ([linker generated]):
    condes.o                  runtime/condes.s:19
__DESTRUCTOR_TABLE__ ([linker generated]):
    condes.o                  runtime/condes.s:19
__EXEHDR__ (exehdr.o):
    [linker generated]        /home/xahmol/retro/cc65/cfg/c128.cfg:3
__LOADADDR__ (loadaddr.o):
    [linker generated]        /home/xahmol/retro/cc65/cfg/c128.cfg:2
__MAIN_SIZE__ ([linker generated]):
    crt0.o                    c128/crt0.s:11
__MAIN_START__ ([linker generated]):
    crt0.o                    c128/crt0.s:11
__STACKSIZE__ ([linker generated]):
    _heap.o                   common/_heap.s:8
    crt0.o                    c128/crt0.s:11
    [linker generated]        /home/xahmol/retro/cc65/cfg/c128.cfg:10
__STARTUP__ (crt0.o):
    geosramboot.o             src/geosramboot.s:13
__bzero (memset.o):
    ultimate_lib.o            src/ultimate_lib.s:3378
__ctype (ctype.o):
    ctypemask.o               common/ctypemask.s:23
__ctypeidx (ctype.o):
    ctypemask.o               common/ctypemask.s:24
__directerrno (_directerrno.o):
    write.o                   /home/xahmol/retro/cc65/asminc/errno.inc:10
__errno (errno.o):
    _seterrno.o               /home/xahmol/retro/cc65/asminc/errno.inc:7
__heapend (_heap.o):
    malloc.o                  /home/xahmol/retro/cc65/asminc/_heap.inc:33
__heapfirst (_heap.o):
    malloc.o                  /home/xahmol/retro/cc65/asminc/_heap.inc:34
    free.o                    /home/xahmol/retro/cc65/asminc/_heap.inc:34
__heaplast (_heap.o):
    malloc.o                  /home/xahmol/retro/cc65/asminc/_heap.inc:35
    free.o                    /home/xahmol/retro/cc65/asminc/_heap.inc:35
__heapptr (_heap.o):
    malloc.o                  /home/xahmol/retro/cc65/asminc/_heap.inc:32
    free.o                    /home/xahmol/retro/cc65/asminc/_heap.inc:32
__hextab (_hextab.o):
    ltoa.o                    common/ltoa.s:10
__longminstr (_longminstr.o):
    ltoa.o                    common/ltoa.s:10
__mappederrno (_mappederrno.o):
    write.o                   /home/xahmol/retro/cc65/asminc/errno.inc:10
__oserror (_oserror.o):
    _mappederrno.o            /home/xahmol/retro/cc65/asminc/errno.inc:7
    _directerrno.o            /home/xahmol/retro/cc65/asminc/errno.inc:7
    write.o                   /home/xahmol/retro/cc65/asminc/errno.inc:7
    cbm_read.o                cbm/cbm_read.s:44
    cbm_open.o                cbm/cbm_open.s:24
    configcommon.o            src/configcommon.s:20
__osmaperrno (oserror.o):
    _mappederrno.o            /home/xahmol/retro/cc65/asminc/errno.inc:8
__printf (_printf.o):
    vfprintf.o                common/vfprintf.s:10
__seterrno (_seterrno.o):
    _mappederrno.o            /home/xahmol/retro/cc65/asminc/errno.inc:9
    _directerrno.o            /home/xahmol/retro/cc65/asminc/errno.inc:9
    fwrite.o                  /home/xahmol/retro/cc65/asminc/errno.inc:9
_cbm_close (cbm_close.o):
    configcommon.o            src/configcommon.s:18
_cbm_k_close (c_close.o):
    cbm_close.o               cbm/cbm_close.s:7
_cbm_k_open (c_open.o):
    cbm_open.o                cbm/cbm_open.s:23
_cbm_k_setlfs (c_setlfs.o):
    cbm_open.o                cbm/cbm_open.s:23
_cbm_k_setnam (c_setnam.o):
    cbm_open.o                cbm/cbm_open.s:23
_cbm_open (cbm_open.o):
    configcommon.o            src/configcommon.s:17
_cbm_read (cbm_read.o):
    configcommon.o            src/configcommon.s:19
_free (free.o):
    ultimate_lib.o            src/ultimate_lib.s:16
_fwrite (fwrite.o):
    vfprintf.o                common/vfprintf.s:10
_imageaid (configcommon.o):
    geosramboot.o             src/geosramboot.s:29
_imageaname (configcommon.o):
    geosramboot.o             src/geosramboot.s:27
_imageapath (configcommon.o):
    geosramboot.o             src/geosramboot.s:28
_imagebid (configcommon.o):
    geosramboot.o             src/geosramboot.s:32
_imagebname (configcommon.o):
    geosramboot.o             src/geosramboot.s:30
_imagebpath (configcommon.o):
    geosramboot.o             src/geosramboot.s:31
_ltoa (ltoa.o):
    _printf.o                 common/_printf.s:12
_main (geosramboot.o):
    callmain.o                runtime/callmain.s:11
_malloc (malloc.o):
    ultimate_lib.o            src/ultimate_lib.s:15
_printf (printf.o):
    geosramboot.o             src/geosramboot.s:14
    configcommon.o            src/configcommon.s:13
_readconfigfile (configcommon.o):
    geosramboot.o             src/geosramboot.s:34
_reufilename (configcommon.o):
    geosramboot.o             src/geosramboot.s:25
_reufilepath (configcommon.o):
    geosramboot.o             src/geosramboot.s:26
_reusize (configcommon.o):
    geosramboot.o             src/geosramboot.s:33
_startgeos (geosramroutine.o):
    geosramboot.o             src/geosramboot.s:24
_stdout (_file.o):
    printf.o                  common/printf.s:8
_strcmp (strcmp.o):
    geosramboot.o             src/geosramboot.s:15
    configcommon.o            src/configcommon.s:14
_strlen (strlen.o):
    _printf.o                 common/_printf.s:13
    ultimate_lib.o            src/ultimate_lib.s:13
_strlower (strlower.o):
    _printf.o                 common/_printf.s:13
_strncpy (strncpy.o):
    configcommon.o            src/configcommon.s:15
_textcolor (color.o):
    geosramboot.o             src/geosramboot.s:16
_uii_accept (ultimate_lib.o):
    configcommon.o            src/configcommon.s:29
_uii_change_dir (ultimate_lib.o):
    geosramboot.o             src/geosramboot.s:19
_uii_close_file (ultimate_lib.o):
    geosramboot.o             src/geosramboot.s:22
    configcommon.o            src/configcommon.s:24
_uii_data (ultimate_lib.o):
    geosramboot.o             src/geosramboot.s:18
    configcommon.o            src/configcommon.s:22
_uii_delete_file (ultimate_lib.o):
    configcommon.o            src/configcommon.s:27
_uii_load_reu (ultimate_lib.o):
    geosramboot.o             src/geosramboot.s:23
_uii_mount_disk (ultimate_lib.o):
    geosramboot.o             src/geosramboot.s:20
_uii_open_file (ultimate_lib.o):
    geosramboot.o             src/geosramboot.s:21
    configcommon.o            src/configcommon.s:23
_uii_read_file (ultimate_lib.o):
    configcommon.o            src/configcommon.s:25
_uii_readdata (ultimate_lib.o):
    configcommon.o            src/configcommon.s:28
_uii_status (ultimate_lib.o):
    geosramboot.o             src/geosramboot.s:17
    configcommon.o            src/configcommon.s:21
_uii_write_file (ultimate_lib.o):
    configcommon.o            src/configcommon.s:26
_ultoa (ltoa.o):
    _printf.o                 common/_printf.s:12
_vfprintf (vfprintf.o):
    printf.o                  common/printf.s:8
_write (write.o):
    fwrite.o                  common/fwrite.s:10
addeq0sp (addeqsp.o):
    ultimate_lib.o            src/ultimate_lib.s:3378
    ultimate_lib.o            src/ultimate_lib.s:3378
    ultimate_lib.o            src/ultimate_lib.s:3378
addeqysp (addeqsp.o):
    ultimate_lib.o            src/ultimate_lib.s:3378
    ultimate_lib.o            src/ultimate_lib.s:3378
    ultimate_lib.o            src/ultimate_lib.s:3378
    ultimate_lib.o            src/ultimate_lib.s:3378
    ultimate_lib.o            src/ultimate_lib.s:3378
    ultimate_lib.o            src/ultimate_lib.s:3378
    ultimate_lib.o            src/ultimate_lib.s:3378
    ultimate_lib.o            src/ultimate_lib.s:3378
    ultimate_lib.o            src/ultimate_lib.s:3378
    ultimate_lib.o            src/ultimate_lib.s:3378
    ultimate_lib.o            src/ultimate_lib.s:3378
    ultimate_lib.o            src/ultimate_lib.s:3378
addysp (addysp.o):
    fwrite.o                  common/fwrite.s:11
    printf.o                  common/printf.s:8
    incsp8.o                  runtime/incsp8.s:8
    incsp7.o                  runtime/incsp7.s:8
    incsp6.o                  runtime/incsp6.s:8
    incsp5.o                  runtime/incsp5.s:8
    incsp4.o                  runtime/incsp4.s:8
    incsp3.o                  runtime/incsp3.s:8
    geosramboot.o             src/geosramboot.s:355
    configcommon.o            src/configcommon.s:798
    configcommon.o            src/configcommon.s:798
    configcommon.o            src/configcommon.s:798
    ultimate_lib.o            src/ultimate_lib.s:3378
    ultimate_lib.o            src/ultimate_lib.s:3378
    ultimate_lib.o            src/ultimate_lib.s:3378
    ultimate_lib.o            src/ultimate_lib.s:3378
    ultimate_lib.o            src/ultimate_lib.s:3378
    ultimate_lib.o            src/ultimate_lib.s:3378
    ultimate_lib.o            src/ultimate_lib.s:3378
addysp1 (addysp.o):
    lor.o                     runtime/lor.s:9
    land.o                    runtime/land.s:9
axlong (axlong.o):
    _printf.o                 common/_printf.s:11
axulong (axlong.o):
    _printf.o                 common/_printf.s:11
    configcommon.o            src/configcommon.s:798
bnega (bneg.o):
    ultimate_lib.o            src/ultimate_lib.s:3378
    ultimate_lib.o            src/ultimate_lib.s:3378
callmain (callmain.o):
    crt0.o                    c128/crt0.s:9
ctypemaskdirect (ctypemask.o):
    strlower.o                common/strlower.s:14
decax1 (decax1.o):
    configcommon.o            src/configcommon.s:798
decaxy (decaxy.o):
    configcommon.o            src/configcommon.s:798
decsp1 (decsp1.o):
    configcommon.o            src/configcommon.s:798
    ultimate_lib.o            src/ultimate_lib.s:3378
decsp2 (decsp2.o):
    toslong.o                 runtime/toslong.s:8
    ultimate_lib.o            src/ultimate_lib.s:3378
    ultimate_lib.o            src/ultimate_lib.s:3378
    ultimate_lib.o            src/ultimate_lib.s:3378
    ultimate_lib.o            src/ultimate_lib.s:3378
    ultimate_lib.o            src/ultimate_lib.s:3378
    ultimate_lib.o            src/ultimate_lib.s:3378
    ultimate_lib.o            src/ultimate_lib.s:3378
    ultimate_lib.o            src/ultimate_lib.s:3378
    ultimate_lib.o            src/ultimate_lib.s:3378
    ultimate_lib.o            src/ultimate_lib.s:3378
    ultimate_lib.o            src/ultimate_lib.s:3378
    ultimate_lib.o            src/ultimate_lib.s:3378
    ultimate_lib.o            src/ultimate_lib.s:3378
    ultimate_lib.o            src/ultimate_lib.s:3378
    ultimate_lib.o            src/ultimate_lib.s:3378
    ultimate_lib.o            src/ultimate_lib.s:3378
    ultimate_lib.o            src/ultimate_lib.s:3378
    ultimate_lib.o            src/ultimate_lib.s:3378
    ultimate_lib.o            src/ultimate_lib.s:3378
    ultimate_lib.o            src/ultimate_lib.s:3378
decsp3 (decsp3.o):
    ultimate_lib.o            src/ultimate_lib.s:3378
    ultimate_lib.o            src/ultimate_lib.s:3378
    ultimate_lib.o            src/ultimate_lib.s:3378
    ultimate_lib.o            src/ultimate_lib.s:3378
    ultimate_lib.o            src/ultimate_lib.s:3378
decsp4 (decsp4.o):
    lpush.o                   runtime/lpush.s:12
    ultimate_lib.o            src/ultimate_lib.s:3378
    ultimate_lib.o            src/ultimate_lib.s:3378
decsp5 (decsp5.o):
    ultimate_lib.o            src/ultimate_lib.s:3378
decsp6 (decsp6.o):
    _printf.o                 common/_printf.s:11
decsp8 (decsp8.o):
    ultimate_lib.o            src/ultimate_lib.s:3378
donelib (condes.o):
    crt0.o                    c128/crt0.s:7
fdtab (filedes.o):
    write.o                   cbm/filedes.inc:7
incax1 (incax1.o):
    configcommon.o            src/configcommon.s:798
    ultimate_lib.o            src/ultimate_lib.s:3378
    ultimate_lib.o            src/ultimate_lib.s:3378
    ultimate_lib.o            src/ultimate_lib.s:3378
    ultimate_lib.o            src/ultimate_lib.s:3378
    ultimate_lib.o            src/ultimate_lib.s:3378
    ultimate_lib.o            src/ultimate_lib.s:3378
    ultimate_lib.o            src/ultimate_lib.s:3378
    ultimate_lib.o            src/ultimate_lib.s:3378
    ultimate_lib.o            src/ultimate_lib.s:3378
    ultimate_lib.o            src/ultimate_lib.s:3378
    ultimate_lib.o            src/ultimate_lib.s:3378
incax2 (incax2.o):
    ultimate_lib.o            src/ultimate_lib.s:3378
    ultimate_lib.o            src/ultimate_lib.s:3378
    ultimate_lib.o            src/ultimate_lib.s:3378
    ultimate_lib.o            src/ultimate_lib.s:3378
    ultimate_lib.o            src/ultimate_lib.s:3378
    ultimate_lib.o            src/ultimate_lib.s:3378
    ultimate_lib.o            src/ultimate_lib.s:3378
    ultimate_lib.o            src/ultimate_lib.s:3378
    ultimate_lib.o            src/ultimate_lib.s:3378
    ultimate_lib.o            src/ultimate_lib.s:3378
    ultimate_lib.o            src/ultimate_lib.s:3378
    ultimate_lib.o            src/ultimate_lib.s:3378
incax3 (incax3.o):
    ultimate_lib.o            src/ultimate_lib.s:3378
    ultimate_lib.o            src/ultimate_lib.s:3378
    ultimate_lib.o            src/ultimate_lib.s:3378
    ultimate_lib.o            src/ultimate_lib.s:3378
    ultimate_lib.o            src/ultimate_lib.s:3378
    ultimate_lib.o            src/ultimate_lib.s:3378
    ultimate_lib.o            src/ultimate_lib.s:3378
incax4 (incaxy.o):
    ultimate_lib.o            src/ultimate_lib.s:3378
    ultimate_lib.o            src/ultimate_lib.s:3378
incaxy (incaxy.o):
    incax3.o                  runtime/incax3.s:8
    configcommon.o            src/configcommon.s:798
    configcommon.o            src/configcommon.s:798
incsp1 (incsp1.o):
    ultimate_lib.o            src/ultimate_lib.s:3378
incsp2 (incsp2.o):
    popptr1.o                 runtime/popptr1.s:8
    staspidx.o                runtime/staspidx.s:8
    ultimate_lib.o            src/ultimate_lib.s:3378
    ultimate_lib.o            src/ultimate_lib.s:3378
    ultimate_lib.o            src/ultimate_lib.s:3378
    ultimate_lib.o            src/ultimate_lib.s:3378
    ultimate_lib.o            src/ultimate_lib.s:3378
    ultimate_lib.o            src/ultimate_lib.s:3378
    ultimate_lib.o            src/ultimate_lib.s:3378
    ultimate_lib.o            src/ultimate_lib.s:3378
    ultimate_lib.o            src/ultimate_lib.s:3378
    ultimate_lib.o            src/ultimate_lib.s:3378
    ultimate_lib.o            src/ultimate_lib.s:3378
    ultimate_lib.o            src/ultimate_lib.s:3378
    ultimate_lib.o            src/ultimate_lib.s:3378
    ultimate_lib.o            src/ultimate_lib.s:3378
    ultimate_lib.o            src/ultimate_lib.s:3378
    ultimate_lib.o            src/ultimate_lib.s:3378
    ultimate_lib.o            src/ultimate_lib.s:3378
    ultimate_lib.o            src/ultimate_lib.s:3378
incsp3 (incsp3.o):
    configcommon.o            src/configcommon.s:798
    configcommon.o            src/configcommon.s:798
    ultimate_lib.o            src/ultimate_lib.s:3378
    ultimate_lib.o            src/ultimate_lib.s:3378
    ultimate_lib.o            src/ultimate_lib.s:3378
    ultimate_lib.o            src/ultimate_lib.s:3378
    ultimate_lib.o            src/ultimate_lib.s:3378
    ultimate_lib.o            src/ultimate_lib.s:3378
    ultimate_lib.o            src/ultimate_lib.s:3378
    ultimate_lib.o            src/ultimate_lib.s:3378
incsp4 (incsp4.o):
    ultimate_lib.o            src/ultimate_lib.s:3378
    ultimate_lib.o            src/ultimate_lib.s:3378
    ultimate_lib.o            src/ultimate_lib.s:3378
    ultimate_lib.o            src/ultimate_lib.s:3378
    ultimate_lib.o            src/ultimate_lib.s:3378
    ultimate_lib.o            src/ultimate_lib.s:3378
    ultimate_lib.o            src/ultimate_lib.s:3378
incsp5 (incsp5.o):
    ultimate_lib.o            src/ultimate_lib.s:3378
    ultimate_lib.o            src/ultimate_lib.s:3378
incsp6 (incsp6.o):
    fwrite.o                  common/fwrite.s:11
    vfprintf.o                common/vfprintf.s:9
    ultimate_lib.o            src/ultimate_lib.s:3378
    ultimate_lib.o            src/ultimate_lib.s:3378
    ultimate_lib.o            src/ultimate_lib.s:3378
    ultimate_lib.o            src/ultimate_lib.s:3378
incsp7 (incsp7.o):
    ultimate_lib.o            src/ultimate_lib.s:3378
    ultimate_lib.o            src/ultimate_lib.s:3378
    ultimate_lib.o            src/ultimate_lib.s:3378
incsp8 (incsp8.o):
    ultimate_lib.o            src/ultimate_lib.s:3378
    ultimate_lib.o            src/ultimate_lib.s:3378
initlib (condes.o):
    crt0.o                    c128/crt0.s:7
ldax0sp (ldaxsp.o):
    configcommon.o            src/configcommon.s:798
    ultimate_lib.o            src/ultimate_lib.s:3378
    ultimate_lib.o            src/ultimate_lib.s:3378
    ultimate_lib.o            src/ultimate_lib.s:3378
    ultimate_lib.o            src/ultimate_lib.s:3378
    ultimate_lib.o            src/ultimate_lib.s:3378
    ultimate_lib.o            src/ultimate_lib.s:3378
    ultimate_lib.o            src/ultimate_lib.s:3378
    ultimate_lib.o            src/ultimate_lib.s:3378
    ultimate_lib.o            src/ultimate_lib.s:3378
    ultimate_lib.o            src/ultimate_lib.s:3378
    ultimate_lib.o            src/ultimate_lib.s:3378
    ultimate_lib.o            src/ultimate_lib.s:3378
    ultimate_lib.o            src/ultimate_lib.s:3378
    ultimate_lib.o            src/ultimate_lib.s:3378
ldaxysp (ldaxsp.o):
    fwrite.o                  common/fwrite.s:11
    configcommon.o            src/configcommon.s:798
    configcommon.o            src/configcommon.s:798
    configcommon.o            src/configcommon.s:798
    configcommon.o            src/configcommon.s:798
    configcommon.o            src/configcommon.s:798
    ultimate_lib.o            src/ultimate_lib.s:3378
    ultimate_lib.o            src/ultimate_lib.s:3378
    ultimate_lib.o            src/ultimate_lib.s:3378
    ultimate_lib.o            src/ultimate_lib.s:3378
    ultimate_lib.o            src/ultimate_lib.s:3378
    ultimate_lib.o            src/ultimate_lib.s:3378
    ultimate_lib.o            src/ultimate_lib.s:3378
    ultimate_lib.o            src/ultimate_lib.s:3378
    ultimate_lib.o            src/ultimate_lib.s:3378
    ultimate_lib.o            src/ultimate_lib.s:3378
    ultimate_lib.o            src/ultimate_lib.s:3378
    ultimate_lib.o            src/ultimate_lib.s:3378
    ultimate_lib.o            src/ultimate_lib.s:3378
    ultimate_lib.o            src/ultimate_lib.s:3378
    ultimate_lib.o            src/ultimate_lib.s:3378
leaa0sp (leaaxsp.o):
    configcommon.o            src/configcommon.s:798
    configcommon.o            src/configcommon.s:798
    ultimate_lib.o            src/ultimate_lib.s:3378
    ultimate_lib.o            src/ultimate_lib.s:3378
    ultimate_lib.o            src/ultimate_lib.s:3378
leaaxsp (leaaxsp.o):
    configcommon.o            src/configcommon.s:798
mul8x16 (mul8.o):
    mul.o                     runtime/mul.s:8
mul8x16a (mul8.o):
    mul.o                     runtime/mul.s:8
mulax10 (mulax10.o):
    configcommon.o            src/configcommon.s:798
negeax (lneg.o):
    ltoa.o                    common/ltoa.s:9
popa (popa.o):
    c_setlfs.o                cbm/c_setlfs.s:12
    cbm_read.o                cbm/cbm_read.s:43
    cbm_open.o                cbm/cbm_open.s:22
popax (incsp2.o):
    rwcommon.o                cbm/rwcommon.s:9
    ltoa.o                    common/ltoa.s:9
    _printf.o                 common/_printf.s:11
    strncpy.o                 common/strncpy.s:8
    memset.o                  common/memset.s:19
    cbm_read.o                cbm/cbm_read.s:43
popptr1 (popptr1.o):
    rwcommon.o                cbm/rwcommon.s:9
    udiv.o                    runtime/udiv.s:9
    mul8.o                    runtime/mul8.s:9
    mul.o                     runtime/mul.s:9
    ltoa.o                    common/ltoa.s:9
    strncpy.o                 common/strncpy.s:8
    strcmp.o                  common/strcmp.s:8
ptr1 (zeropage.o):
    write.o                   cbm/write.s:11
    udiv.o                    runtime/udiv.s:10
    strlower.o                common/strlower.s:13
    popptr1.o                 runtime/popptr1.s:9
    mul8.o                    runtime/mul8.s:10
    mul.o                     runtime/mul.s:10
    ltoa.o                    common/ltoa.s:11
    fwrite.o                  common/fwrite.s:14
    c_setnam.o                cbm/c_setnam.s:10
    _printf.o                 /home/xahmol/retro/cc65/asminc/zeropage.inc:12
    zerobss.o                 common/zerobss.s:9
    vfprintf.o                common/vfprintf.s:11
    strncpy.o                 common/strncpy.s:9
    strcmp.o                  common/strcmp.s:9
    staspidx.o                runtime/staspidx.s:9
    printf.o                  common/printf.s:9
    mulax10.o                 runtime/mulax10.s:9
    memset.o                  common/memset.s:20
    malloc.o                  common/malloc.s:108
    free.o                    common/free.s:62
    cbm_read.o                cbm/cbm_read.s:42
    configcommon.o            src/configcommon.s:11
    ultimate_lib.o            src/ultimate_lib.s:11
ptr2 (zeropage.o):
    rwcommon.o                cbm/rwcommon.s:10
    write.o                   cbm/write.s:11
    strlower.o                common/strlower.s:13
    ltoa.o                    common/ltoa.s:11
    _printf.o                 /home/xahmol/retro/cc65/asminc/zeropage.inc:12
    strncpy.o                 common/strncpy.s:9
    strlen.o                  common/strlen.s:12
    strcmp.o                  common/strcmp.s:9
    memset.o                  common/memset.s:20
    malloc.o                  common/malloc.s:108
    free.o                    common/free.s:62
    cbm_read.o                cbm/cbm_read.s:42
ptr3 (zeropage.o):
    rwcommon.o                cbm/rwcommon.s:10
    write.o                   cbm/write.s:11
    ltoa.o                    common/ltoa.s:11
    memset.o                  common/memset.s:20
    malloc.o                  common/malloc.s:108
    free.o                    common/free.s:62
    cbm_read.o                cbm/cbm_read.s:42
ptr4 (zeropage.o):
    udiv.o                    runtime/udiv.s:10
    mul8.o                    runtime/mul8.s:10
    mul.o                     runtime/mul.s:10
    free.o                    common/free.s:62
push0 (pushax.o):
    ultimate_lib.o            src/ultimate_lib.s:3378
    ultimate_lib.o            src/ultimate_lib.s:3378
    ultimate_lib.o            src/ultimate_lib.s:3378
    ultimate_lib.o            src/ultimate_lib.s:3378
    ultimate_lib.o            src/ultimate_lib.s:3378
    ultimate_lib.o            src/ultimate_lib.s:3378
    ultimate_lib.o            src/ultimate_lib.s:3378
    ultimate_lib.o            src/ultimate_lib.s:3378
    ultimate_lib.o            src/ultimate_lib.s:3378
    ultimate_lib.o            src/ultimate_lib.s:3378
    ultimate_lib.o            src/ultimate_lib.s:3378
    ultimate_lib.o            src/ultimate_lib.s:3378
    ultimate_lib.o            src/ultimate_lib.s:3378
    ultimate_lib.o            src/ultimate_lib.s:3378
    ultimate_lib.o            src/ultimate_lib.s:3378
    ultimate_lib.o            src/ultimate_lib.s:3378
push1 (push1.o):
    _printf.o                 common/_printf.s:11
    vfprintf.o                common/vfprintf.s:9
pusha (pusha.o):
    geosramboot.o             src/geosramboot.s:355
    configcommon.o            src/configcommon.s:798
    configcommon.o            src/configcommon.s:798
    configcommon.o            src/configcommon.s:798
    configcommon.o            src/configcommon.s:798
    ultimate_lib.o            src/ultimate_lib.s:3378
    ultimate_lib.o            src/ultimate_lib.s:3378
    ultimate_lib.o            src/ultimate_lib.s:3378
    ultimate_lib.o            src/ultimate_lib.s:3378
    ultimate_lib.o            src/ultimate_lib.s:3378
    ultimate_lib.o            src/ultimate_lib.s:3378
    ultimate_lib.o            src/ultimate_lib.s:3378
    ultimate_lib.o            src/ultimate_lib.s:3378
    ultimate_lib.o            src/ultimate_lib.s:3378
    ultimate_lib.o            src/ultimate_lib.s:3378
    ultimate_lib.o            src/ultimate_lib.s:3378
    ultimate_lib.o            src/ultimate_lib.s:3378
    ultimate_lib.o            src/ultimate_lib.s:3378
    ultimate_lib.o            src/ultimate_lib.s:3378
    ultimate_lib.o            src/ultimate_lib.s:3378
    ultimate_lib.o            src/ultimate_lib.s:3378
    ultimate_lib.o            src/ultimate_lib.s:3378
    ultimate_lib.o            src/ultimate_lib.s:3378
    ultimate_lib.o            src/ultimate_lib.s:3378
    ultimate_lib.o            src/ultimate_lib.s:3378
    ultimate_lib.o            src/ultimate_lib.s:3378
pusha0 (pushax.o):
    push1.o                   runtime/push1.s:8
    configcommon.o            src/configcommon.s:798
pushax (pushax.o):
    fwrite.o                  common/fwrite.s:11
    callmain.o                runtime/callmain.s:11
    _printf.o                 common/_printf.s:11
    printf.o                  common/printf.s:8
    geosramboot.o             src/geosramboot.s:355
    configcommon.o            src/configcommon.s:798
    configcommon.o            src/configcommon.s:798
    configcommon.o            src/configcommon.s:798
    configcommon.o            src/configcommon.s:798
    configcommon.o            src/configcommon.s:798
    ultimate_lib.o            src/ultimate_lib.s:3378
    ultimate_lib.o            src/ultimate_lib.s:3378
    ultimate_lib.o            src/ultimate_lib.s:3378
    ultimate_lib.o            src/ultimate_lib.s:3378
    ultimate_lib.o            src/ultimate_lib.s:3378
    ultimate_lib.o            src/ultimate_lib.s:3378
    ultimate_lib.o            src/ultimate_lib.s:3378
    ultimate_lib.o            src/ultimate_lib.s:3378
    ultimate_lib.o            src/ultimate_lib.s:3378
    ultimate_lib.o            src/ultimate_lib.s:3378
    ultimate_lib.o            src/ultimate_lib.s:3378
    ultimate_lib.o            src/ultimate_lib.s:3378
    ultimate_lib.o            src/ultimate_lib.s:3378
    ultimate_lib.o            src/ultimate_lib.s:3378
    ultimate_lib.o            src/ultimate_lib.s:3378
    ultimate_lib.o            src/ultimate_lib.s:3378
    ultimate_lib.o            src/ultimate_lib.s:3378
    ultimate_lib.o            src/ultimate_lib.s:3378
    ultimate_lib.o            src/ultimate_lib.s:3378
    ultimate_lib.o            src/ultimate_lib.s:3378
    ultimate_lib.o            src/ultimate_lib.s:3378
    ultimate_lib.o            src/ultimate_lib.s:3378
    ultimate_lib.o            src/ultimate_lib.s:3378
    ultimate_lib.o            src/ultimate_lib.s:3378
    ultimate_lib.o            src/ultimate_lib.s:3378
    ultimate_lib.o            src/ultimate_lib.s:3378
    ultimate_lib.o            src/ultimate_lib.s:3378
    ultimate_lib.o            src/ultimate_lib.s:3378
    ultimate_lib.o            src/ultimate_lib.s:3378
    ultimate_lib.o            src/ultimate_lib.s:3378
    ultimate_lib.o            src/ultimate_lib.s:3378
    ultimate_lib.o            src/ultimate_lib.s:3378
    ultimate_lib.o            src/ultimate_lib.s:3378
    ultimate_lib.o            src/ultimate_lib.s:3378
    ultimate_lib.o            src/ultimate_lib.s:3378
    ultimate_lib.o            src/ultimate_lib.s:3378
    ultimate_lib.o            src/ultimate_lib.s:3378
    ultimate_lib.o            src/ultimate_lib.s:3378
    ultimate_lib.o            src/ultimate_lib.s:3378
    ultimate_lib.o            src/ultimate_lib.s:3378
    ultimate_lib.o            src/ultimate_lib.s:3378
    ultimate_lib.o            src/ultimate_lib.s:3378
    ultimate_lib.o            src/ultimate_lib.s:3378
    ultimate_lib.o            src/ultimate_lib.s:3378
    ultimate_lib.o            src/ultimate_lib.s:3378
    ultimate_lib.o            src/ultimate_lib.s:3378
    ultimate_lib.o            src/ultimate_lib.s:3378
    ultimate_lib.o            src/ultimate_lib.s:3378
pusheax (lpush.o):
    _printf.o                 common/_printf.s:11
    configcommon.o            src/configcommon.s:798
    configcommon.o            src/configcommon.s:798
pushw0sp (pushwsp.o):
    ultimate_lib.o            src/ultimate_lib.s:3378
    ultimate_lib.o            src/ultimate_lib.s:3378
    ultimate_lib.o            src/ultimate_lib.s:3378
    ultimate_lib.o            src/ultimate_lib.s:3378
    ultimate_lib.o            src/ultimate_lib.s:3378
    ultimate_lib.o            src/ultimate_lib.s:3378
    ultimate_lib.o            src/ultimate_lib.s:3378
    ultimate_lib.o            src/ultimate_lib.s:3378
    ultimate_lib.o            src/ultimate_lib.s:3378
    ultimate_lib.o            src/ultimate_lib.s:3378
    ultimate_lib.o            src/ultimate_lib.s:3378
pushwysp (pushwsp.o):
    fwrite.o                  common/fwrite.s:11
    vfprintf.o                common/vfprintf.s:9
    configcommon.o            src/configcommon.s:798
    ultimate_lib.o            src/ultimate_lib.s:3378
    ultimate_lib.o            src/ultimate_lib.s:3378
    ultimate_lib.o            src/ultimate_lib.s:3378
    ultimate_lib.o            src/ultimate_lib.s:3378
    ultimate_lib.o            src/ultimate_lib.s:3378
    ultimate_lib.o            src/ultimate_lib.s:3378
    ultimate_lib.o            src/ultimate_lib.s:3378
    ultimate_lib.o            src/ultimate_lib.s:3378
    ultimate_lib.o            src/ultimate_lib.s:3378
    ultimate_lib.o            src/ultimate_lib.s:3378
    ultimate_lib.o            src/ultimate_lib.s:3378
    ultimate_lib.o            src/ultimate_lib.s:3378
    ultimate_lib.o            src/ultimate_lib.s:3378
    ultimate_lib.o            src/ultimate_lib.s:3378
    ultimate_lib.o            src/ultimate_lib.s:3378
regbank (zeropage.o):
    _printf.o                 /home/xahmol/retro/cc65/asminc/zeropage.inc:14
return0 (return0.o):
    color.o                   c128/color.s:10
rwcommon (rwcommon.o):
    write.o                   cbm/write.s:10
sp (zeropage.o):
    popptr1.o                 runtime/popptr1.s:9
    decsp6.o                  runtime/decsp6.s:8
    _printf.o                 /home/xahmol/retro/cc65/asminc/zeropage.inc:11
    _heap.o                   common/_heap.s:9
    vfprintf.o                common/vfprintf.s:11
    toslong.o                 runtime/toslong.s:9
    subysp.o                  runtime/subysp.s:9
    staxsp.o                  runtime/staxsp.s:8
    staspidx.o                runtime/staspidx.s:9
    pushwsp.o                 runtime/pushwsp.s:8
    pushax.o                  runtime/pushax.s:8
    pusha.o                   runtime/pusha.s:8
    printf.o                  common/printf.s:9
    popa.o                    runtime/popa.s:8
    memset.o                  common/memset.s:20
    lpush.o                   runtime/lpush.s:13
    lor.o                     runtime/lor.s:10
    leaaxsp.o                 runtime/leaaxsp.s:8
    ldaxsp.o                  runtime/ldaxsp.s:8
    land.o                    runtime/land.s:10
    incsp2.o                  runtime/incsp2.s:8
    incsp1.o                  runtime/incsp1.s:8
    icmp.o                    runtime/icmp.s:9
    decsp8.o                  runtime/decsp8.s:8
    decsp5.o                  runtime/decsp5.s:8
    decsp4.o                  runtime/decsp4.s:8
    decsp3.o                  runtime/decsp3.s:8
    decsp2.o                  runtime/decsp2.s:8
    decsp1.o                  runtime/decsp1.s:8
    crt0.o                    /home/xahmol/retro/cc65/asminc/zeropage.inc:11
    addysp.o                  runtime/addysp.s:8
    addeqsp.o                 runtime/addeqsp.s:8
    add.o                     runtime/add.s:12
    geosramboot.o             src/geosramboot.s:10
    configcommon.o            src/configcommon.s:10
    ultimate_lib.o            src/ultimate_lib.s:10
sreg (zeropage.o):
    lneg.o                    runtime/lneg.s:11
    udiv.o                    runtime/udiv.s:10
    ltoa.o                    common/ltoa.s:11
    _printf.o                 /home/xahmol/retro/cc65/asminc/zeropage.inc:11
    lpush.o                   runtime/lpush.s:13
    lor.o                     runtime/lor.s:10
    land.o                    runtime/land.s:10
    icmp.o                    runtime/icmp.s:9
    axlong.o                  runtime/axlong.s:9
    configcommon.o            src/configcommon.s:10
    ultimate_lib.o            src/ultimate_lib.s:10
staspidx (staspidx.o):
    configcommon.o            src/configcommon.s:798
stax0sp (staxsp.o):
    ultimate_lib.o            src/ultimate_lib.s:3378
    ultimate_lib.o            src/ultimate_lib.s:3378
staxysp (staxsp.o):
    configcommon.o            src/configcommon.s:798
    ultimate_lib.o            src/ultimate_lib.s:3378
    ultimate_lib.o            src/ultimate_lib.s:3378
    ultimate_lib.o            src/ultimate_lib.s:3378
    ultimate_lib.o            src/ultimate_lib.s:3378
    ultimate_lib.o            src/ultimate_lib.s:3378
    ultimate_lib.o            src/ultimate_lib.s:3378
    ultimate_lib.o            src/ultimate_lib.s:3378
    ultimate_lib.o            src/ultimate_lib.s:3378
    ultimate_lib.o            src/ultimate_lib.s:3378
    ultimate_lib.o            src/ultimate_lib.s:3378
    ultimate_lib.o            src/ultimate_lib.s:3378
    ultimate_lib.o            src/ultimate_lib.s:3378
subysp (subysp.o):
    geosramboot.o             src/geosramboot.s:355
    configcommon.o            src/configcommon.s:798
    configcommon.o            src/configcommon.s:798
    ultimate_lib.o            src/ultimate_lib.s:3378
tmp1 (zeropage.o):
    mul.o                     runtime/mul.s:10
    ltoa.o                    common/ltoa.s:11
    c_setlfs.o                cbm/c_setlfs.s:13
    _printf.o                 /home/xahmol/retro/cc65/asminc/zeropage.inc:13
    strncpy.o                 common/strncpy.s:9
    staspidx.o                runtime/staspidx.s:9
    lor.o                     runtime/lor.s:10
    land.o                    runtime/land.s:10
    incaxy.o                  runtime/incaxy.s:8
    decaxy.o                  runtime/decaxy.s:8
    cbm_read.o                cbm/cbm_read.s:42
    add.o                     runtime/add.s:12
    ultimate_lib.o            src/ultimate_lib.s:11
tmp2 (zeropage.o):
    rwcommon.o                cbm/rwcommon.s:10
    strncpy.o                 common/strncpy.s:9
tmp3 (zeropage.o):
    strncpy.o                 common/strncpy.s:9
tosaddax (add.o):
    ultimate_lib.o            src/ultimate_lib.s:3378
    ultimate_lib.o            src/ultimate_lib.s:3378
    ultimate_lib.o            src/ultimate_lib.s:3378
    ultimate_lib.o            src/ultimate_lib.s:3378
tosandeax (land.o):
    configcommon.o            src/configcommon.s:798
tosicmp (icmp.o):
    ultimate_lib.o            src/ultimate_lib.s:3378
    ultimate_lib.o            src/ultimate_lib.s:3378
    ultimate_lib.o            src/ultimate_lib.s:3378
    ultimate_lib.o            src/ultimate_lib.s:3378
    ultimate_lib.o            src/ultimate_lib.s:3378
    ultimate_lib.o            src/ultimate_lib.s:3378
    ultimate_lib.o            src/ultimate_lib.s:3378
    ultimate_lib.o            src/ultimate_lib.s:3378
    ultimate_lib.o            src/ultimate_lib.s:3378
tosoreax (lor.o):
    configcommon.o            src/configcommon.s:798
tosudivax (udiv.o):
    fwrite.o                  common/fwrite.s:12
tosulong (toslong.o):
    configcommon.o            src/configcommon.s:798
tosumulax (mul.o):
    fwrite.o                  common/fwrite.s:12
zerobss (zerobss.o):
    crt0.o                    c128/crt0.s:8

